 
        ______________________________________
       |                                      |
       |          ===================         |
       |             xTB for sTDA             |
       |          ===================         |
       |               S. Grimme              |
       |        Universitaet Bonn, MCTC       |
       |         2015-19, Version 1.0         |
       |     Wed Apr  3 09:14:55 CEST 2019    |
       |______________________________________|
 
        This code comes without any warranty
        for non-commercial, academia use only.
        Preliminary test version.
        Cite this work as:
        S. Grimme  &  C. Bannwarth, JCP 145 (2016) 054103
        if GBSA is used additionally:
        P. Shushkov, F. März, C. Bannwarth, S. Grimme, unpublished.
 
        with help from
        P. Shushkov, G. Brandenburg, S. Dohm, J. Pisarek,
        F. März, M. Checinski, S. Ehrlich, S. Spicher, 
        P. Pracht, E. Caldeweyher, S. Ehlert, and C. Bannwarth.
 
        usage        :
        xtb4stda <coord_file> [options]
        where <coord_file> is a valid file of TM)
        (*coord, Bohr) or xmol (*xyz, Angstroem)
        format.

        options:
        -chrg <int>   : molecular charge
        -uhf  <int>   : # of unpaired electrons(=2*S)
        -nox          : skip second, extended part in sTDA-xTB
        -pop          : do population analysis
                      : (default for -nox)
        -mowr <real>  : cut MO write above (def.3 Eh)
        -molden       : write formatted molden file
        -parx <file>  : read parameters for sTDA-xTB
                        calc (def:~/.param_stda2.xtb)
        -parv <file>  : read parameters for vTB part in
                        sTDA-xTB (def: ~/.param_stda1.xtb)
        -xtemp <real> : el. temp for xTB (def. 0 K)
        -etemp <real> : el. temp for GFN (def. 300 K)
        -fod          : calculate the FOD and write
                        molden.input file with
                        appropriate occupations
                        for plotting. Def. T=12500 K
 
        -acc <real>   : xTB accuracy (def. 1.0)
        -gbsa [string1] [string2]
                        use GBSA implicit solvent
                        for solvent [string1] and
                        solvation state [string2]=
                        reference, bar1M (default=1M)
        additional GFN/opt/MD/siman options read from
        $XTB4STDAHOME/.xtb4stdarc or $set in input
 
       spin and charge state information can be on:
       <.CHRG> (charge) and <.UHF> (=nalpha-nbeta)
       -uhf and -chrg override the file info.
       useful machine settings:
       setenv MKL_NUM_THREADS <NCORE_ON_YOUR_MACHINE>
       setenv OMP_STACKSIZE 500m
       limit stacksize unlimited
 
       total energies in Eh, gaps/HL energies in eV
       please read REVISION and HOWTO files carefully
OMP: Warning #182: OMP_STACKSIZE: ignored because KMP_STACKSIZE has been defined
 =============================
  # OMP threads =           1
 =============================
 
 xtb4stdahome directory:
 /home/jovyan/cpu-only-1-datavol-1/software/xtb4stda_home/
 
 
 name of molecule           : energy: -113.942235498664 gnorm: 0.001914771233 xtb: 6.7.1 (edcfbbe)
 comment line               :
 number of atoms            :    54
 number of electrons        :   198
 charge                     :  0
 spin                       : 0.0
 first test random number   :  0.8131
 
 -----------------------------------------
      charge density (VTB) calculation
 -----------------------------------------
 
      method parameters     
 k(s)        :  1.8000
 k(p)        :  2.8350
 k(d)        :  2.0860
 k(f)        :  2.0000
 Tscal       :  0.3300
 Gscal       :  0.3910
 fpol        :  1.0000
 Zcnf        :  0.6500
 Zqf         :  0.0000
 kcn         :  0.3000
 kEN1        : -0.5900
 wllscal     :  2.6000
 
     -------------------------
     ! NO SOLVENT MODEL USED !
     -------------------------
 
 doing EN charges ...
 sum q :  0.1332268D-14
 point charge moment (au)
     X       Y       Z   
   0.2495   0.1222  -0.2152  total (Debye):    0.893
 
            Z      q(EN)   CN      Cart. coordinates
     1  H   1.0   0.075   1.004    -5.92372   -10.62064     1.83020
     2  C   4.0  -0.001   3.231     0.88987     2.01048    -1.24382
     3  N   5.0  -0.177   3.070    -3.87564    11.98408    -3.26393
     4  C   4.0   0.092   3.476    -1.33925    -4.24867     0.11149
     5  C   4.0   0.110   3.437     7.06965    -3.95935    -1.15349
     6  H   1.0   0.075   1.005    -0.97604     9.68825     4.60696
     7  C   4.0   0.008   3.262     1.19166    -0.60963    -1.43789
     8  C   4.0  -0.067   3.177    -1.46851     9.10640     2.71516
     9  N   5.0  -0.399   3.242    -0.25530    -4.48734     2.45816
    10  H   1.0   0.075   1.004     7.03866     3.92591    -0.66103
    11  O   6.0   0.045   1.081    -4.78384    11.19587    -5.19807
    12  F   7.0  -0.011   1.104     7.55323    -8.08859     0.40875
    13  N   5.0  -0.216   2.124    -2.23158    -9.46167     6.88465
    14  C   4.0   0.097   3.502     3.66172    -1.52784    -1.26517
    15  O   6.0   0.046   1.079    -4.82371    14.12268     2.41129
    16  C   4.0  -0.067   3.151    -4.51550    -6.32472    -2.46364
    17  C   4.0  -0.073   3.191     3.02640     3.59539    -0.98077
    18  C   4.0  -0.065   3.282     7.94781    -1.54107    -0.89932
    19  H   1.0   0.075   1.005    -0.45788     5.24115     3.29738
    20  H   1.0   0.075   1.004     0.42594    -6.69870     7.37919
    21  C   4.0   0.025   3.212    -3.94499   -10.52029     5.38515
    22  C   4.0  -0.072   3.190    -2.22648    -2.68133    -3.99866
    23  O   6.0   0.044   1.093    -3.54966    14.18013    -2.72801
    24  C   4.0  -0.002   3.215    -1.83360     5.85891    -0.46223
    25  C   4.0   0.001   3.370    -3.17285    -6.16542    -0.21373
    26  C   4.0   0.024   4.049     8.50396    -6.38066    -1.22209
    27  N   5.0  -0.406   3.280     4.49282    -3.96710    -1.36665
    28  O   6.0  -0.110   1.072    -3.57914     2.01501    -1.82302
    29  C   4.0   0.104   3.157    -1.66315     3.12693    -1.25988
    30  H   1.0   0.080   1.003     9.88119    -0.98322    -0.68786
    31  H   1.0   0.075   1.004    -5.91106    -7.78624    -2.73462
    32  H   1.0   0.076   1.008     2.73708     5.61249    -0.90971
    33  C   4.0  -0.072   3.181    -1.18202     6.61272     1.97250
    34  C   4.0   0.079   3.261    -3.03320    10.13177    -1.41956
    35  C   4.0  -0.072   3.146    -4.02020    -4.57295    -4.33428
    36  C   4.0  -0.066   3.144     5.44260     2.67396    -0.84943
    37  C   4.0   0.007   3.240    -0.85491    -2.47044    -1.77294
    38  C   4.0  -0.001   3.386    -3.17984    -7.60860     2.08682
    39  C   4.0  -0.003   3.399     5.79579     0.05688    -0.97151
    40  F   7.0  -0.012   1.104    10.93811    -6.07169    -0.64780
    41  C   4.0   0.097   3.421    -1.35645    -6.48800     3.69309
    42  H   1.0   0.075   1.004    -4.90989   -12.13034     6.19301
    43  O   6.0   0.046   1.078    -0.78405    14.66314     2.26257
    44  C   4.0   0.073   3.266    -2.38332    10.87991     1.01686
    45  H   1.0   0.076   1.006    -3.33499     7.08647    -4.04080
    46  H   1.0   0.177   1.010     3.40340    -5.50591    -1.63480
    47  H   1.0   0.074   1.005    -5.03763    -4.66195    -6.09890
    48  C   4.0  -0.062   3.143    -4.51229    -9.69184     2.96970
    49  C   4.0  -0.066   3.216    -2.79320     7.62391    -2.14767
    50  F   7.0  -0.011   1.102     8.41363    -7.48955    -3.51338
    51  N   5.0  -0.175   3.072    -2.69739    13.48508     1.92355
    52  H   1.0   0.178   1.010     1.02121    -3.30078     3.21480
    53  C   4.0   0.041   3.209    -0.94600    -7.48634     6.08322
    54  H   1.0   0.076   1.006    -1.87706    -1.34605    -5.49929
 
  Z AO/shell   Hii/eV     exponent
  1     Sat Feb 20 21:38:01 CET 2016    EN: 2.327 GAM: 0.473  GM3: 0.0000
     1s    -13.751157    1.051071
  6     Sat Feb 20 21:38:01 CET 2016    EN: 2.731 GAM: 0.422  GM3: 0.0000
     2s    -19.378245    2.021003
     2p    -11.993376    1.497917
  7     Sat Feb 20 21:38:01 CET 2016    EN: 3.573 GAM: 0.504  GM3: 0.0000
     2s    -21.576984    2.275442
     2p    -16.125120    2.056788
  8     Sat Feb 20 21:38:01 CET 2016    EN: 3.700 GAM: 0.587  GM3: 0.0000
     2s    -21.648843    2.110798
     2p    -17.239740    2.329048
  9     Sat Feb 20 21:51:24 CET 2016    EN: 3.394 GAM: 0.669  GM3: 0.0000
     2s    -19.384211    2.614957
     2p    -19.426034    2.777297
 
 dipole moment of classical point charges (au)
     X       Y       Z   
   0.2495   0.1222  -0.2152  total (Debye):    0.893

 
 Nbf   :          174
 T(el) :   300.0
 calculating S/T integrals ...
 cpu time for ints   1.227300000000000E-002
 Nao   :          174
 making H0...
 making H1...
 cpu time for H      1.273000000000003E-003
 solving ...
 cpu time for diag   4.375700000000000E-002
 
 gap (eV)           :   3.017
 Koopmans IP (eV)   :  13.494
 Eel (Eh)           :  -156.101314
 T,E(Fermi),NFOD :    300.000   -11.985  0.000000
 T,E(Fermi),NFOD :    300.000   -11.985  0.000000
 Nfod               :  0.0000
 Nfod/Nel           :  0.0000

          eigenvalues
 #    :          87         88         89         90         91         92         93         94
 occ. :        2.000      2.000      2.000      2.000      2.000      2.000      2.000      2.000
 eps  :       -16.922    -16.374    -16.352    -16.248    -16.099    -15.733    -15.670    -15.503
 #    :          95         96         97         98         99        100        101        102
 occ. :        2.000      2.000      2.000      2.000      2.000      0.000      0.000      0.000
 eps  :       -15.306    -14.627    -14.410    -13.897    -13.495    -10.478    -10.213     -8.864
 #    :         103        104        105        106        107        108        109        110
 occ. :        0.000      0.000      0.000      0.000      0.000      0.000      0.000      0.000
 eps  :        -8.148     -8.124     -6.940     -6.296     -5.806     -5.486     -5.340     -5.250
                            1  SCC done.
 making H1...
 cpu time for H      4.472299999999999E-002
 solving ...
 cpu time for diag   1.680000000000001E-003
 
 gap (eV)           :   2.744
 Koopmans IP (eV)   :  13.556
 Eel (Eh)           :  -155.484356
 T,E(Fermi),NFOD :    300.000   -12.184  0.000000
 T,E(Fermi),NFOD :    300.000   -12.184  0.000000
 Nfod               :  0.0000
 Nfod/Nel           :  0.0000

          eigenvalues
 #    :          87         88         89         90         91         92         93         94
 occ. :        2.000      2.000      2.000      2.000      2.000      2.000      2.000      2.000
 eps  :       -15.548    -15.444    -15.304    -15.102    -15.053    -15.009    -14.977    -14.859
 #    :          95         96         97         98         99        100        101        102
 occ. :        2.000      2.000      2.000      2.000      2.000      0.000      0.000      0.000
 eps  :       -14.672    -14.563    -14.351    -14.068    -13.557    -10.814    -10.660     -8.942
 #    :         103        104        105        106        107        108        109        110
 occ. :        0.000      0.000      0.000      0.000      0.000      0.000      0.000      0.000
 eps  :        -8.647     -7.857     -7.551     -6.675     -6.216     -5.871     -5.739     -5.473
                            2  SCC done.
 
 
 Mulliken/CM5 charges    n(s)   n(p)   n(d)   
    1 H   0.0415  0.0989   0.959  0.000  0.000
    2 C  -0.0222 -0.0243   1.179  2.843  0.000
    3 N   0.2369  0.0682   1.272  3.492  0.000
    4 C   0.0273  0.0921   1.190  2.782  0.000
    5 C   0.0471  0.1145   1.186  2.767  0.000
    6 H   0.0556  0.1174   0.944  0.000  0.000
    7 C  -0.0001  0.0037   1.181  2.819  0.000
    8 C  -0.0053 -0.0523   1.139  2.867  0.000
    9 N  -0.1088 -0.4619   1.195  3.914  0.000
   10 H   0.0482  0.1053   0.952  0.000  0.000
   11 O  -0.2049 -0.1640   1.696  4.509  0.000
   12 F  -0.1321 -0.1519   1.693  5.439  0.000
   13 N  -0.1828 -0.3820   1.475  3.707  0.000
   14 C   0.0271  0.0934   1.185  2.788  0.000
   15 O  -0.1906 -0.1443   1.697  4.494  0.000
   16 C  -0.0308 -0.0836   1.140  2.891  0.000
   17 C  -0.0522 -0.1052   1.142  2.910  0.000
   18 C  -0.0601 -0.1025   1.132  2.928  0.000
   19 H   0.0557  0.1142   0.944  0.000  0.000
   20 H   0.0499  0.1183   0.950  0.000  0.000
   21 C   0.0060  0.0306   1.151  2.843  0.000
   22 C  -0.0287 -0.0807   1.140  2.888  0.000
   23 O  -0.2175 -0.1704   1.698  4.519  0.000
   24 C   0.0100  0.0037   1.186  2.804  0.000
   25 C  -0.0285 -0.0255   1.166  2.862  0.000
   26 C   0.3052  0.3643   1.195  2.499  0.000
   27 N  -0.0733 -0.4294   1.200  3.874  0.000
   28 O  -0.2139 -0.2611   1.622  4.592  0.000
   29 C   0.1607  0.1945   1.180  2.659  0.000
   30 H   0.0574  0.1161   0.943  0.000  0.000
   31 H   0.0462  0.1035   0.954  0.000  0.000
   32 H   0.0475  0.1086   0.953  0.000  0.000
   33 C  -0.0159 -0.0692   1.145  2.871  0.000
   34 C   0.0778  0.1405   1.191  2.731  0.000
   35 C  -0.0389 -0.0949   1.131  2.908  0.000
   36 C  -0.0266 -0.0797   1.135  2.891  0.000
   37 C  -0.0083 -0.0071   1.164  2.844  0.000
   38 C  -0.0169 -0.0117   1.177  2.839  0.000
   39 C  -0.0195 -0.0182   1.166  2.854  0.000
   40 F  -0.1104 -0.1321   1.687  5.424  0.000
   41 C   0.0284  0.0959   1.189  2.782  0.000
   42 H   0.0508  0.1181   0.949  0.000  0.000
   43 O  -0.1960 -0.1507   1.697  4.499  0.000
   44 C   0.0666  0.1278   1.194  2.739  0.000
   45 H   0.0613  0.1283   0.939  0.000  0.000
   46 H   0.1636  0.3620   0.836  0.000  0.000
   47 H   0.0449  0.1017   0.955  0.000  0.000
   48 C  -0.0319 -0.0791   1.146  2.886  0.000
   49 C  -0.0132 -0.0562   1.147  2.867  0.000
   50 F  -0.1321 -0.1520   1.694  5.438  0.000
   51 N   0.2420  0.0732   1.268  3.489  0.000
   52 H   0.1482  0.3457   0.852  0.000  0.000
   53 C   0.0086  0.0423   1.154  2.837  0.000
   54 H   0.0473  0.1074   0.953  0.000  0.000
 
 Loewdin charges    n(s)   n(p)   n(d)
    1 H   0.0336   0.966  0.000  0.000
    2 C  -0.0263   1.140  2.887  0.000
    3 N   0.2935   1.227  3.479  0.000
    4 C   0.0209   1.156  2.823  0.000
    5 C   0.0354   1.154  2.810  0.000
    6 H   0.0450   0.955  0.000  0.000
    7 C   0.0013   1.140  2.859  0.000
    8 C  -0.0010   1.085  2.916  0.000
    9 N  -0.0626   1.141  3.921  0.000
   10 H   0.0394   0.961  0.000  0.000
   11 O  -0.2220   1.688  4.534  0.000
   12 F  -0.1192   1.680  5.439  0.000
   13 N  -0.1585   1.438  3.720  0.000
   14 C   0.0170   1.152  2.831  0.000
   15 O  -0.2080   1.690  4.518  0.000
   16 C  -0.0243   1.085  2.939  0.000
   17 C  -0.0459   1.089  2.957  0.000
   18 C  -0.0624   1.082  2.980  0.000
   19 H   0.0457   0.954  0.000  0.000
   20 H   0.0391   0.961  0.000  0.000
   21 C   0.0051   1.104  2.891  0.000
   22 C  -0.0230   1.087  2.936  0.000
   23 O  -0.2348   1.691  4.544  0.000
   24 C   0.0106   1.145  2.845  0.000
   25 C  -0.0296   1.125  2.904  0.000
   26 C   0.2729   1.175  2.552  0.000
   27 N  -0.0239   1.145  3.879  0.000
   28 O  -0.1983   1.591  4.608  0.000
   29 C   0.1527   1.145  2.703  0.000
   30 H   0.0482   0.952  0.000  0.000
   31 H   0.0377   0.962  0.000  0.000
   32 H   0.0394   0.961  0.000  0.000
   33 C  -0.0079   1.091  2.917  0.000
   34 C   0.0620   1.159  2.779  0.000
   35 C  -0.0328   1.077  2.956  0.000
   36 C  -0.0219   1.082  2.940  0.000
   37 C  -0.0085   1.122  2.886  0.000
   38 C  -0.0125   1.135  2.878  0.000
   39 C  -0.0147   1.123  2.892  0.000
   40 F  -0.0967   1.673  5.424  0.000
   41 C   0.0199   1.155  2.825  0.000
   42 H   0.0405   0.960  0.000  0.000
   43 O  -0.2132   1.690  4.524  0.000
   44 C   0.0532   1.161  2.786  0.000
   45 H   0.0493   0.951  0.000  0.000
   46 H   0.1404   0.860  0.000  0.000
   47 H   0.0371   0.963  0.000  0.000
   48 C  -0.0297   1.094  2.936  0.000
   49 C  -0.0095   1.094  2.916  0.000
   50 F  -0.1194   1.681  5.439  0.000
   51 N   0.2974   1.224  3.478  0.000
   52 H   0.1269   0.873  0.000  0.000
   53 C   0.0041   1.109  2.887  0.000
   54 H   0.0385   0.961  0.000  0.000
 
 Wiberg/Mayer (AO) data. WBOs > 0.1 written file <wbo>
 largest (>0.05) Wiberg bond orders for each atom
           total WBO             WBO to atom ...
     1  H   0.998    C   48 0.944
     2  C   3.938    C    7 1.337    C   17 1.285    C   29 1.016    C   39 0.067    O   28 0.065
     3  N   3.811    O   11 1.445    O   23 1.435    C   34 0.878
     4  C   3.928    C   37 1.313    C   25 1.256    N    9 1.097    C   35 0.084
     5  C   3.900    C   18 1.610    N   27 1.143    C   26 0.936
     6  H   0.992    C    8 0.941
     7  C   3.944    C    2 1.337    C   14 1.319    C   37 0.978    C   36 0.088
     8  C   3.968    C   33 1.425    C   44 1.404    H    6 0.941    C   49 0.105
     9  N   3.434    C    4 1.097    C   41 1.084    H   52 0.952
    10  H   0.992    C   36 0.941
    11  O   1.980    N    3 1.445    O   23 0.415    C   34 0.055
    12  F   1.082    C   26 0.948
    13  N   3.110    C   53 1.447    C   21 1.383    C   38 0.098
    14  C   3.923    C    7 1.319    C   39 1.234    N   27 1.115    C   17 0.070
    15  O   1.999    N   51 1.465    O   43 0.434    C   44 0.056
    16  C   3.954    C   35 1.459    C   25 1.348    H   31 0.944    C   37 0.101
    17  C   3.968    C   36 1.527    C    2 1.285    H   32 0.938    C   14 0.070
    18  C   3.955    C    5 1.610    C   39 1.186    H   30 0.944    N   27 0.088
    19  H   0.994    C   33 0.940
    20  H   0.996    C   53 0.947
    21  C   3.959    C   48 1.465    N   13 1.383    H   42 0.947    C   41 0.081
    22  C   3.947    C   37 1.405    C   35 1.398    H   54 0.943    C   25 0.086
    23  O   1.967    N    3 1.435    O   11 0.415    C   34 0.053
    24  C   3.946    C   49 1.393    C   33 1.379    C   29 0.907    C   44 0.104    O   28 0.062
    25  C   3.953    C   16 1.348    C    4 1.256    C   38 1.094    C   22 0.086
    26  C   3.859    F   40 0.972    F   12 0.948    F   50 0.945    C    5 0.936
    27  N   3.494    C    5 1.143    C   14 1.115    H   46 0.947    C   18 0.088    C   39 0.050
    28  O   2.163    C   29 1.848    C    2 0.065    C   24 0.062
    29  C   3.900    O   28 1.848    C    2 1.016    C   24 0.907
    30  H   0.995    C   18 0.944
    31  H   0.994    C   16 0.944
    32  H   0.994    C   17 0.938
    33  C   3.969    C    8 1.425    C   24 1.379    H   19 0.940    C   34 0.101
    34  C   3.908    C   49 1.379    C   44 1.352    N    3 0.878    C   33 0.101    O   11 0.055    O   23 0.053
    35  C   3.966    C   16 1.459    C   22 1.398    H   47 0.943    C    4 0.084
    36  C   3.966    C   17 1.527    C   39 1.288    H   10 0.941    C    7 0.088
    37  C   3.948    C   22 1.405    C    4 1.313    C    7 0.978    C   16 0.101
    38  C   3.955    C   48 1.340    C   41 1.246    C   25 1.094    N   13 0.098
    39  C   3.954    C   36 1.288    C   14 1.234    C   18 1.186    C    2 0.067    N   27 0.050
    40  F   1.101    C   26 0.972
    41  C   3.928    C   53 1.365    C   38 1.246    N    9 1.084    C   21 0.081
    42  H   0.996    C   21 0.947
    43  O   1.993    N   51 1.462    O   15 0.434    C   44 0.056
    44  C   3.911    C    8 1.404    C   34 1.352    N   51 0.833    C   24 0.104    O   15 0.056    O   43 0.056
    45  H   0.994    C   49 0.940
    46  H   0.972    N   27 0.947
    47  H   0.994    C   35 0.943
    48  C   3.958    C   21 1.465    C   38 1.340    H    1 0.944    C   53 0.092
    49  C   3.965    C   24 1.393    C   34 1.379    H   45 0.940    C    8 0.105
    50  F   1.081    C   26 0.945
    51  N   3.815    O   15 1.465    O   43 1.462    C   44 0.833
    52  H   0.977    N    9 0.952
    53  C   3.958    N   13 1.447    C   41 1.365    H   20 0.947    C   48 0.092
    54  H   0.997    C   22 0.943
 
 --------------------------------------------
          xTB calculation for sTDA...
 --------------------------------------------
 
 reading parameter file 
 /home/jovyan/cpu-only-1-datavol-1/software/xtb4stda_home/.param_stda2.xtb
 
      method parameters     
 k(s)        :  1.6000
 k(p)        :  2.1800
 k(d)        :  1.9500
 k(f)        :  2.0000
 k(R-V)      :  2.2750
 k(R-R)      :  1.7650
 Tscal       :  0.2580
 Gscal       :  1.0000
 fpol        :  1.0000
 Zcnf        :  0.3430
 Zqf         :  0.0000
 kcn         :  2.7000
 Ryd Hsplit  :  0.7000
 lshift(virt):  3.1000
 lshift(OS)  :  0.2000
 wllscaling  :  2.6000
 
 mowrcut     : 3.000
 
  Z AO/shell   Hii/eV     exponent
  1     Sun Feb 14 09:53:25 CET 2016    EN: 2.327 GAM: 0.473  GM3: 0.0000
     1s    -14.339618    1.220000
     2sp    -3.348946    0.600000
  6     Sun Feb 14 09:53:25 CET 2016    EN: 2.731 GAM: 0.422  GM3: 0.0000
     2s    -22.009312    1.565095
     2p    -13.020408    1.596905
     3sp    -3.914040    0.824500
  7     Sun Feb 14 09:53:25 CET 2016    EN: 3.573 GAM: 0.504  GM3: 0.0000
     2s    -25.722000    2.064844
     2p    -18.684912    1.801692
     3sp    -4.344791    0.921400
  8     Sun Feb 14 09:53:25 CET 2016    EN: 3.700 GAM: 0.587  GM3: 0.0000
     2s    -33.859000    2.418661
     2p    -22.175911    1.973969
     3sp    -4.259392    1.013700
  9     Sun Feb 21 12:20:01 CET 2016    EN: 3.394 GAM: 0.600  GM3: 0.0000
     2s    -26.548112    1.943768
     2p    -23.081168    2.552035
     3sp    -1.937199    1.103200
 
 Nbf   :          390
 T(el) :     0.0
 calculating S/T integrals ...
 cpu time for ints   0.180221000000000     
 Nao   :          390
 making H0...
 making H1...
 cpu time for H      2.477999999999980E-003
 solving ...
 cpu time for diag   1.344700000000004E-002
 
 gap (eV)           :   6.080
 Koopmans IP (eV)   :  14.821
 Eel (Eh)           :  -183.309047

          eigenvalues
 #    :          87         88         89         90         91         92         93         94
 occ. :        2.000      2.000      2.000      2.000      2.000      2.000      2.000      2.000
 eps  :       -18.477    -18.234    -17.996    -17.738    -17.638    -17.396    -17.188    -16.584
 #    :          95         96         97         98         99        100        101        102
 occ. :        2.000      2.000      2.000      2.000      2.000      0.000      0.000      0.000
 eps  :       -16.535    -16.282    -15.815    -15.568    -14.822     -8.742     -8.308     -7.812
 #    :         103        104        105        106        107        108        109        110
 occ. :        0.000      0.000      0.000      0.000      0.000      0.000      0.000      0.000
 eps  :        -7.147     -7.009     -6.575     -6.198     -6.141     -5.723     -5.533     -5.430
                            1  SCC done.
 writing mo output ...
 molden style : F
 
speedup  0.63
cpu  time for all    0.32 s
wall time for all    0.51 s
