 
        ______________________________________
       |                                      |
       |          ===================         |
       |             xTB for sTDA             |
       |          ===================         |
       |               S. Grimme              |
       |        Universitaet Bonn, MCTC       |
       |         2015-19, Version 1.0         |
       |     Wed Apr  3 09:14:55 CEST 2019    |
       |______________________________________|
 
        This code comes without any warranty
        for non-commercial, academia use only.
        Preliminary test version.
        Cite this work as:
        S. Grimme  &  C. Bannwarth, JCP 145 (2016) 054103
        if GBSA is used additionally:
        P. Shushkov, F. März, C. Bannwarth, S. Grimme, unpublished.
 
        with help from
        P. Shushkov, G. Brandenburg, S. Dohm, J. Pisarek,
        F. März, M. Checinski, S. Ehrlich, S. Spicher, 
        P. Pracht, E. Caldeweyher, S. Ehlert, and C. Bannwarth.
 
        usage        :
        xtb4stda <coord_file> [options]
        where <coord_file> is a valid file of TM)
        (*coord, Bohr) or xmol (*xyz, Angstroem)
        format.

        options:
        -chrg <int>   : molecular charge
        -uhf  <int>   : # of unpaired electrons(=2*S)
        -nox          : skip second, extended part in sTDA-xTB
        -pop          : do population analysis
                      : (default for -nox)
        -mowr <real>  : cut MO write above (def.3 Eh)
        -molden       : write formatted molden file
        -parx <file>  : read parameters for sTDA-xTB
                        calc (def:~/.param_stda2.xtb)
        -parv <file>  : read parameters for vTB part in
                        sTDA-xTB (def: ~/.param_stda1.xtb)
        -xtemp <real> : el. temp for xTB (def. 0 K)
        -etemp <real> : el. temp for GFN (def. 300 K)
        -fod          : calculate the FOD and write
                        molden.input file with
                        appropriate occupations
                        for plotting. Def. T=12500 K
 
        -acc <real>   : xTB accuracy (def. 1.0)
        -gbsa [string1] [string2]
                        use GBSA implicit solvent
                        for solvent [string1] and
                        solvation state [string2]=
                        reference, bar1M (default=1M)
        additional GFN/opt/MD/siman options read from
        $XTB4STDAHOME/.xtb4stdarc or $set in input
 
       spin and charge state information can be on:
       <.CHRG> (charge) and <.UHF> (=nalpha-nbeta)
       -uhf and -chrg override the file info.
       useful machine settings:
       setenv MKL_NUM_THREADS <NCORE_ON_YOUR_MACHINE>
       setenv OMP_STACKSIZE 500m
       limit stacksize unlimited
 
       total energies in Eh, gaps/HL energies in eV
       please read REVISION and HOWTO files carefully
OMP: Warning #182: OMP_STACKSIZE: ignored because KMP_STACKSIZE has been defined
 =============================
  # OMP threads =           1
 =============================
 
 xtb4stdahome directory:
 /home/jovyan/cpu-only-1-datavol-1/software/xtb4stda_home/
 
 
 name of molecule           : energy: -149.679483383762 gnorm: 0.002642686398 xtb: 6.7.1 (edcfbbe)
 comment line               :
 number of atoms            :    95
 number of electrons        :   280
 charge                     :  0
 spin                       : 0.0
 first test random number   :  0.2437
 
 -----------------------------------------
      charge density (VTB) calculation
 -----------------------------------------
 
      method parameters     
 k(s)        :  1.8000
 k(p)        :  2.8350
 k(d)        :  2.0860
 k(f)        :  2.0000
 Tscal       :  0.3300
 Gscal       :  0.3910
 fpol        :  1.0000
 Zcnf        :  0.6500
 Zqf         :  0.0000
 kcn         :  0.3000
 kEN1        : -0.5900
 wllscal     :  2.6000
 
     -------------------------
     ! NO SOLVENT MODEL USED !
     -------------------------
 
 doing EN charges ...
 sum q : -0.4107825D-14
 point charge moment (au)
     X       Y       Z   
  -0.1919   0.2282  -0.0965  total (Debye):    0.797
 
            Z      q(EN)   CN      Cart. coordinates
     1  C   4.0  -0.072   3.144    -5.85248   -17.45634    -1.49364
     2  C   4.0   0.000   3.180     0.14740     7.69723    -4.11904
     3  S   6.0   0.183   2.306    -8.22749    10.56092    -1.48721
     4  C   4.0  -0.067   3.150     3.46198     0.01172    -4.94787
     5  H   1.0   0.075   1.005     3.65681   -11.23253    -9.08486
     6  H   1.0   0.082   1.005     0.62455     8.02472     7.82630
     7  C   4.0   0.099   3.255     4.29006     9.58204     0.93277
     8  C   4.0  -0.070   3.147     2.00424     1.08300     2.74502
     9  C   4.0  -0.073   3.256    -5.67315    -1.65068     6.49801
    10  C   4.0  -0.068   3.086     8.29552    11.17886     2.86010
    11  C   4.0  -0.070   3.140     2.50011     3.08951     4.29270
    12  H   1.0   0.077   1.002     5.49098    -6.71949   -10.35305
    13  H   1.0   0.075   1.005     4.17214     1.78636    -5.66408
    14  H   1.0   0.075   1.010     3.57234     0.47016     1.58189
    15  H   1.0   0.073   1.001     3.92137     5.49759    -9.00152
    16  C   4.0  -0.067   3.162     2.46553   -11.16356    -7.43135
    17  C   4.0  -0.069   3.137    -2.30603     7.58574    -5.08695
    18  C   4.0  -0.003   3.336     3.89435    -2.24518    -6.23402
    19  H   1.0   0.074   1.013    -6.18129     8.38018    -5.38893
    20  C   4.0  -0.072   3.143    -4.73074   -16.66776     2.81909
    21  H   1.0   0.073   1.007    -2.23366     4.81483     8.36525
    22  C   4.0  -0.074   3.274     4.75077    -5.61645    -8.81444
    23  H   1.0   0.075   1.011    -4.28023    10.16635     2.08739
    24  C   4.0   0.091   3.340    -0.65196   -11.25181    -3.29360
    25  C   4.0  -0.000   3.258    -1.57622    -6.82607    -0.35432
    26  N   5.0  -0.456   3.114     7.24861     7.36502     8.55120
    27  H   1.0   0.075   1.007     1.69452     1.80696    -1.83587
    28  C   4.0  -0.075   3.278     5.15706    -3.05323    -8.47126
    29  C   4.0  -0.004   3.303    -0.33996    -2.37520     0.65082
    30  C   4.0  -0.008   3.370    -3.95142    -2.29469     4.50775
    31  C   4.0  -0.066   3.159    -1.35815     3.64150     6.92868
    32  H   1.0   0.074   1.007     9.88308    10.47456     6.40806
    33  H   1.0   0.080   1.011    -6.61952    13.84432     1.22265
    34  C   4.0   0.001   3.339     0.52383    -8.93614    -3.94575
    35  C   4.0  -0.010   3.430    -2.10856    -0.35584     4.36621
    36  C   4.0   0.002   3.252     2.12273    -8.88360    -6.13651
    37  H   1.0   0.074   1.010     4.39021     3.86184     4.09938
    38  C   4.0   0.003   3.344     1.25818    -4.46693    -3.10104
    39  H   1.0   0.072   1.007     9.93145    12.33632     2.44606
    40  C   4.0   0.003   3.219    -0.20239    -0.43879     2.53507
    41  H   1.0   0.076   1.007    -3.99847    -9.29008     1.82642
    42  H   1.0   0.077   1.006    -4.68482   -14.65860    -4.16779
    43  H   1.0   0.172   1.008     9.10961     7.53944     8.91743
    44  N   5.0  -0.216   2.170    -0.23716   -13.39135    -4.57503
    45  C   4.0  -0.083   3.238    -3.46954     9.59754     0.29782
    46  H   1.0   0.074   1.004    -6.74613   -18.63383    -2.90167
    47  C   4.0  -0.073   3.193    -4.69295   -15.22911    -2.21155
    48  C   4.0  -0.142   3.042     2.21476     6.09796    -8.06989
    49  C   4.0  -0.068   3.159     6.64220    10.78901     0.87740
    50  H   1.0   0.079   1.015    -9.97794    13.70807     1.11815
    51  C   4.0  -0.073   3.190    -3.57801   -14.43373     2.10912
    52  H   1.0   0.077   1.002    -7.26486    -2.77846     7.06323
    53  H   1.0   0.079   1.009    -8.30421    11.49294     2.99786
    54  C   4.0   0.001   3.252    -2.30754   -11.31001    -1.14858
    55  C   4.0  -0.073   3.123     2.25236     6.84289    -5.66445
    56  H   1.0   0.073   1.001     0.53687     6.05374    -9.22016
    57  H   1.0   0.076   1.006    -5.07165    -5.94319     3.25316
    58  C   4.0  -0.321   3.987    -8.25508    12.60542     1.27273
    59  C   4.0  -0.005   3.313    -2.67661     1.45188     6.30110
    60  H   1.0   0.074   1.004     1.54183   -15.11705    -7.50108
    61  C   4.0  -0.016   3.560     2.71686    -4.43160    -5.25023
    62  C   4.0  -0.187   4.166     2.13142     6.73177     7.25126
    63  C   4.0  -0.070   3.151     8.24941    10.10984     5.22944
    64  C   4.0   0.004   3.199    -0.86776     9.04480     0.41687
    65  C   4.0  -0.071   3.219    -2.73235    -9.15534     0.23225
    66  C   4.0  -0.086   3.238    -4.55802     8.47939    -4.14700
    67  C   4.0   0.099   3.136     6.44321     8.47240     6.32378
    68  H   1.0   0.084   1.006     3.05304     6.16769     9.00832
    69  C   4.0   0.033   3.199     1.27613   -13.32162    -6.55376
    70  C   4.0  -0.002   3.340     0.07351    -6.77297    -2.43794
    71  C   4.0  -0.002   3.363     3.21272    -6.54261    -6.83212
    72  C   4.0  -0.001   3.261     1.02990    -2.20399    -1.66220
    73  H   1.0   0.175   1.007     6.54525     5.66219     9.01569
    74  H   1.0   0.075   1.010     4.04099     6.87369    -4.67594
    75  H   1.0   0.078   1.003    -5.83699     1.58038     9.05009
    76  C   4.0  -0.079   3.097    -5.05823     9.50400    -1.75234
    77  C   4.0  -0.077   3.281    -4.92841     0.59262     7.52527
    78  H   1.0   0.078   1.008    -0.98152     8.89532     4.40231
    79  C   4.0  -0.067   3.195    -3.74544    -4.41516     2.99881
    80  H   1.0   0.074   1.004    -6.77013   -19.93396     1.57528
    81  C   4.0  -0.072   3.183     2.06925     0.00699    -2.72801
    82  C   4.0  -0.002   3.262    -1.90125    -4.55027     1.10719
    83  C   4.0   0.011   3.214     3.94972     8.12223     5.52915
    84  C   4.0  -0.004   3.233    -3.53681   -13.68899    -0.41687
    85  H   1.0   0.074   1.004    -4.73187   -17.23147     4.78214
    86  C   4.0   0.003   3.236     2.88996     8.90250     3.18683
    87  C   4.0  -0.074   3.144    -5.87232   -18.18653     1.01989
    88  H   1.0   0.077   1.002     6.24592    -1.86025    -9.70544
    89  C   4.0  -0.076   3.281     0.27628     8.92404     2.79812
    90  H   1.0   0.075   1.007     7.16905    11.51448    -0.95809
    91  H   1.0   0.075   1.005    -2.65374   -13.27476     3.51432
    92  C   4.0   0.100   3.290     0.82732     8.63661    -1.68431
    93  N   5.0  -0.229   2.276     3.24579     9.14854    -1.31015
    94  H   1.0   0.074   1.009    -2.44549     6.78128    -6.96062
    95  C   4.0   0.009   3.140     0.97756     4.40079     6.05506
 
  Z AO/shell   Hii/eV     exponent
  1     Sat Feb 20 21:38:01 CET 2016    EN: 2.327 GAM: 0.473  GM3: 0.0000
     1s    -13.751157    1.051071
  6     Sat Feb 20 21:38:01 CET 2016    EN: 2.731 GAM: 0.422  GM3: 0.0000
     2s    -19.378245    2.021003
     2p    -11.993376    1.497917
  7     Sat Feb 20 21:38:01 CET 2016    EN: 3.573 GAM: 0.504  GM3: 0.0000
     2s    -21.576984    2.275442
     2p    -16.125120    2.056788
 16     Sat Feb 20 23:13:41 CET 2016    EN: 1.915 GAM: 0.389  GM3: 0.0000
     3s    -22.000000    2.671470
     3p    -15.834192    1.836978
     3d     -2.593599    1.836978
 
 dipole moment of classical point charges (au)
     X       Y       Z   
  -0.1919   0.2282  -0.0965  total (Debye):    0.797

 
 Nbf   :          281
 T(el) :   300.0
 calculating S/T integrals ...
 cpu time for ints   2.225900000000000E-002
 Nao   :          280
 making H0...
 making H1...
 cpu time for H      3.001999999999991E-003
 solving ...
 cpu time for diag   5.442999999999999E-002
 
 gap (eV)           :   1.002
 Koopmans IP (eV)   :  11.661
 Eel (Eh)           :  -219.802360
 T,E(Fermi),NFOD :    300.000   -11.160  0.000000
 T,E(Fermi),NFOD :    300.000   -11.160  0.000000
 Nfod               :  0.0000
 Nfod/Nel           :  0.0000

          eigenvalues
 #    :         128        129        130        131        132        133        134        135
 occ. :        2.000      2.000      2.000      2.000      2.000      2.000      2.000      2.000
 eps  :       -15.718    -15.668    -15.630    -15.532    -15.360    -15.004    -14.664    -14.366
 #    :         136        137        138        139        140        141        142        143
 occ. :        2.000      2.000      2.000      2.000      2.000      0.000      0.000      0.000
 eps  :       -14.268    -13.704    -13.304    -12.536    -11.662    -10.660     -9.085     -8.811
 #    :         144        145        146        147        148        149        150        151
 occ. :        0.000      0.000      0.000      0.000      0.000      0.000      0.000      0.000
 eps  :        -8.664     -8.099     -7.384     -7.080     -7.023     -6.756     -6.682     -6.452
                            1  SCC done.
 making H1...
 cpu time for H      5.712299999999999E-002
 solving ...
 cpu time for diag   5.900000000000016E-003
 
 gap (eV)           :   0.491
 Koopmans IP (eV)   :  11.468
 Eel (Eh)           :  -218.675955
 T,E(Fermi),NFOD :    300.000   -11.222  0.000149
 T,E(Fermi),NFOD :    300.000   -11.222  0.000149
 Nfod               :  0.0003
 Nfod/Nel           :  0.0000

          eigenvalues
 #    :         128        129        130        131        132        133        134        135
 occ. :        2.000      2.000      2.000      2.000      2.000      2.000      2.000      2.000
 eps  :       -15.305    -15.216    -15.042    -14.962    -14.492    -14.470    -14.126    -14.055
 #    :         136        137        138        139        140        141        142        143
 occ. :        2.000      2.000      2.000      2.000      2.000      0.000      0.000      0.000
 eps  :       -13.881    -13.456    -12.849    -11.829    -11.469    -10.978     -9.222     -9.103
 #    :         144        145        146        147        148        149        150        151
 occ. :        0.000      0.000      0.000      0.000      0.000      0.000      0.000      0.000
 eps  :        -8.832     -7.913     -7.302     -7.066     -6.967     -6.812     -6.458     -6.419
                            2  SCC done.
 
 
 Mulliken/CM5 charges    n(s)   n(p)   n(d)   
    1 C  -0.0346 -0.0907   1.136  2.898  0.000
    2 C  -0.0036 -0.0061   1.159  2.845  0.000
    3 S  -0.0033 -0.0485   1.891  4.090  0.023
    4 C  -0.0063 -0.0597   1.143  2.863  0.000
    5 H   0.0344  0.0924   0.966  0.000  0.000
    6 H   0.0578  0.1159   0.942  0.000  0.000
    7 C   0.0703  0.1424   1.192  2.737  0.000
    8 C  -0.0194 -0.0740   1.159  2.860  0.000
    9 C  -0.0764 -0.1299   1.153  2.923  0.000
   10 C  -0.0038 -0.0598   1.142  2.861  0.000
   11 C   0.0001 -0.0534   1.144  2.856  0.000
   12 H   0.0345  0.0911   0.965  0.000  0.000
   13 H   0.0429  0.1010   0.957  0.000  0.000
   14 H   0.0723  0.1336   0.928  0.000  0.000
   15 H   0.0416  0.0952   0.958  0.000  0.000
   16 C   0.0058 -0.0414   1.140  2.854  0.000
   17 C  -0.0172 -0.0706   1.149  2.868  0.000
   18 C  -0.0594 -0.0661   1.162  2.897  0.000
   19 H   0.0484  0.1082   0.952  0.000  0.000
   20 C  -0.0409 -0.0971   1.136  2.905  0.000
   21 H   0.0529  0.1116   0.947  0.000  0.000
   22 C  -0.0894 -0.1425   1.141  2.948  0.000
   23 H   0.0427  0.1042   0.957  0.000  0.000
   24 C   0.0366  0.1106   1.188  2.775  0.000
   25 C   0.0332  0.0290   1.167  2.800  0.000
   26 N  -0.1657 -0.6309   1.203  3.962  0.000
   27 H   0.0370  0.0974   0.963  0.000  0.000
   28 C  -0.0094 -0.0625   1.135  2.874  0.000
   29 C  -0.0608 -0.0628   1.180  2.881  0.000
   30 C  -0.0551 -0.0619   1.161  2.894  0.000
   31 C   0.0014 -0.0498   1.147  2.851  0.000
   32 H   0.0437  0.1059   0.956  0.000  0.000
   33 H   0.0507  0.1048   0.949  0.000  0.000
   34 C  -0.0072 -0.0023   1.180  2.828  0.000
   35 C  -0.0242 -0.0251   1.176  2.848  0.000
   36 C   0.0137  0.0117   1.182  2.804  0.000
   37 H   0.0599  0.1222   0.940  0.000  0.000
   38 C   0.0251  0.0248   1.174  2.801  0.000
   39 H   0.0545  0.1116   0.945  0.000  0.000
   40 C   0.0404  0.0356   1.182  2.778  0.000
   41 H   0.0425  0.1030   0.958  0.000  0.000
   42 H   0.0436  0.1072   0.956  0.000  0.000
   43 H   0.1279  0.3192   0.872  0.000  0.000
   44 N  -0.1570 -0.3545   1.477  3.680  0.000
   45 C  -0.0804 -0.1302   1.139  2.942  0.000
   46 H   0.0379  0.0945   0.962  0.000  0.000
   47 C  -0.0209 -0.0723   1.140  2.881  0.000
   48 C  -0.0839 -0.1886   1.111  2.973  0.000
   49 C  -0.0571 -0.1034   1.130  2.927  0.000
   50 H   0.0569  0.1107   0.943  0.000  0.000
   51 C  -0.0423 -0.0959   1.142  2.900  0.000
   52 H   0.0549  0.1114   0.945  0.000  0.000
   53 H   0.0457  0.0990   0.954  0.000  0.000
   54 C   0.0493  0.0491   1.168  2.783  0.000
   55 C  -0.0352 -0.0907   1.139  2.896  0.000
   56 H   0.0302  0.0847   0.970  0.000  0.000
   57 H   0.0597  0.1189   0.940  0.000  0.000
   58 C  -0.0727 -0.2077   1.076  2.997  0.000
   59 C  -0.0517 -0.0589   1.186  2.866  0.000
   60 H   0.0464  0.1137   0.954  0.000  0.000
   61 C  -0.0603 -0.0609   1.168  2.892  0.000
   62 C  -0.0473 -0.1454   1.125  2.922  0.000
   63 C  -0.0798 -0.1283   1.135  2.945  0.000
   64 C   0.0179  0.0159   1.190  2.792  0.000
   65 C  -0.0647 -0.1153   1.147  2.917  0.000
   66 C  -0.0565 -0.1082   1.135  2.922  0.000
   67 C   0.0658  0.1180   1.191  2.743  0.000
   68 H   0.0566  0.1208   0.943  0.000  0.000
   69 C   0.0067  0.0334   1.158  2.835  0.000
   70 C  -0.0104 -0.0104   1.173  2.838  0.000
   71 C   0.0280  0.0242   1.161  2.811  0.000
   72 C   0.0092  0.0044   1.172  2.819  0.000
   73 H   0.1272  0.3200   0.873  0.000  0.000
   74 H   0.0433  0.1119   0.957  0.000  0.000
   75 H   0.0463  0.1031   0.954  0.000  0.000
   76 C   0.0206  0.0241   1.178  2.801  0.000
   77 C  -0.0767 -0.1304   1.137  2.940  0.000
   78 H   0.0275  0.0894   0.973  0.000  0.000
   79 C  -0.0036 -0.0541   1.158  2.846  0.000
   80 H   0.0356  0.0920   0.964  0.000  0.000
   81 C  -0.0922 -0.1464   1.138  2.954  0.000
   82 C  -0.0149 -0.0191   1.170  2.845  0.000
   83 C  -0.0583 -0.0639   1.186  2.872  0.000
   84 C   0.0093  0.0027   1.165  2.825  0.000
   85 H   0.0352  0.0916   0.965  0.000  0.000
   86 C   0.0116  0.0120   1.194  2.795  0.000
   87 C  -0.0373 -0.0937   1.136  2.901  0.000
   88 H   0.0293  0.0856   0.971  0.000  0.000
   89 C  -0.1155 -0.1644   1.132  2.983  0.000
   90 H   0.0489  0.1115   0.951  0.000  0.000
   91 H   0.0328  0.0909   0.967  0.000  0.000
   92 C   0.0635  0.1394   1.199  2.737  0.000
   93 N  -0.2524 -0.4548   1.436  3.817  0.000
   94 H   0.0585  0.1184   0.942  0.000  0.000
   95 C  -0.0209 -0.0369   1.205  2.816  0.000
 
 Loewdin charges    n(s)   n(p)   n(d)
    1 C  -0.0265   1.081  2.945  0.000
    2 C  -0.0047   1.118  2.887  0.000
    3 S  -0.0417   1.879  4.086  0.077
    4 C   0.0005   1.089  2.910  0.000
    5 H   0.0281   0.972  0.000  0.000
    6 H   0.0537   0.946  0.000  0.000
    7 C   0.0689   1.155  2.776  0.000
    8 C  -0.0100   1.105  2.905  0.000
    9 C  -0.0672   1.100  2.968  0.000
   10 C   0.0099   1.085  2.905  0.000
   11 C   0.0054   1.091  2.904  0.000
   12 H   0.0283   0.972  0.000  0.000
   13 H   0.0351   0.965  0.000  0.000
   14 H   0.0606   0.939  0.000  0.000
   15 H   0.0378   0.962  0.000  0.000
   16 C   0.0041   1.089  2.907  0.000
   17 C  -0.0083   1.095  2.914  0.000
   18 C  -0.0569   1.120  2.937  0.000
   19 H   0.0406   0.959  0.000  0.000
   20 C  -0.0330   1.082  2.951  0.000
   21 H   0.0434   0.957  0.000  0.000
   22 C  -0.0843   1.089  2.995  0.000
   23 H   0.0368   0.963  0.000  0.000
   24 C   0.0308   1.153  2.816  0.000
   25 C   0.0355   1.125  2.840  0.000
   26 N  -0.1307   1.144  3.987  0.000
   27 H   0.0312   0.969  0.000  0.000
   28 C  -0.0078   1.085  2.923  0.000
   29 C  -0.0600   1.139  2.921  0.000
   30 C  -0.0531   1.119  2.934  0.000
   31 C   0.0053   1.095  2.900  0.000
   32 H   0.0372   0.963  0.000  0.000
   33 H   0.0488   0.951  0.000  0.000
   34 C  -0.0108   1.140  2.871  0.000
   35 C  -0.0265   1.136  2.890  0.000
   36 C   0.0226   1.137  2.840  0.000
   37 H   0.0496   0.950  0.000  0.000
   38 C   0.0270   1.131  2.842  0.000
   39 H   0.0453   0.955  0.000  0.000
   40 C   0.0462   1.138  2.815  0.000
   41 H   0.0359   0.964  0.000  0.000
   42 H   0.0346   0.965  0.000  0.000
   43 H   0.1127   0.887  0.000  0.000
   44 N  -0.1389   1.443  3.696  0.000
   45 C  -0.0831   1.089  2.994  0.000
   46 H   0.0305   0.970  0.000  0.000
   47 C  -0.0169   1.087  2.930  0.000
   48 C  -0.0818   1.047  3.035  0.000
   49 C  -0.0579   1.079  2.979  0.000
   50 H   0.0548   0.945  0.000  0.000
   51 C  -0.0378   1.089  2.949  0.000
   52 H   0.0447   0.955  0.000  0.000
   53 H   0.0443   0.956  0.000  0.000
   54 C   0.0495   1.126  2.824  0.000
   55 C  -0.0249   1.084  2.941  0.000
   56 H   0.0282   0.972  0.000  0.000
   57 H   0.0498   0.950  0.000  0.000
   58 C  -0.0504   0.998  3.053  0.000
   59 C  -0.0413   1.141  2.900  0.000
   60 H   0.0366   0.963  0.000  0.000
   61 C  -0.0621   1.128  2.935  0.000
   62 C  -0.0455   1.065  2.980  0.000
   63 C  -0.0799   1.084  2.996  0.000
   64 C   0.0258   1.146  2.829  0.000
   65 C  -0.0612   1.095  2.966  0.000
   66 C  -0.0544   1.083  2.971  0.000
   67 C   0.0679   1.153  2.779  0.000
   68 H   0.0534   0.947  0.000  0.000
   69 C   0.0096   1.110  2.880  0.000
   70 C  -0.0102   1.131  2.879  0.000
   71 C   0.0239   1.122  2.854  0.000
   72 C   0.0124   1.129  2.858  0.000
   73 H   0.1134   0.887  0.000  0.000
   74 H   0.0342   0.966  0.000  0.000
   75 H   0.0379   0.962  0.000  0.000
   76 C   0.0529   1.128  2.819  0.000
   77 C  -0.0746   1.085  2.989  0.000
   78 H   0.0237   0.976  0.000  0.000
   79 C   0.0046   1.104  2.891  0.000
   80 H   0.0285   0.971  0.000  0.000
   81 C  -0.0897   1.087  3.003  0.000
   82 C  -0.0129   1.128  2.885  0.000
   83 C  -0.0594   1.147  2.912  0.000
   84 C   0.0144   1.121  2.864  0.000
   85 H   0.0281   0.972  0.000  0.000
   86 C   0.0178   1.150  2.832  0.000
   87 C  -0.0301   1.081  2.949  0.000
   88 H   0.0238   0.976  0.000  0.000
   89 C  -0.1220   1.085  3.037  0.000
   90 H   0.0401   0.960  0.000  0.000
   91 H   0.0261   0.974  0.000  0.000
   92 C   0.0606   1.163  2.776  0.000
   93 N  -0.2389   1.405  3.834  0.000
   94 H   0.0496   0.950  0.000  0.000
   95 C  -0.0079   1.161  2.847  0.000
 
 Wiberg/Mayer (AO) data. WBOs > 0.1 written file <wbo>
 largest (>0.05) Wiberg bond orders for each atom
           total WBO             WBO to atom ...
     1  C   3.973    C   47 1.444    C   87 1.424    H   46 0.947    C   51 0.107
     2  C   3.892    C   17 1.319    C   92 1.218    C   55 1.088
     3  S   2.231    C   76 1.051    C   58 0.995
     4  C   3.940    C   81 1.468    C   18 1.330    H   13 0.940
     5  H   0.997    C   16 0.945
     6  H   0.993    C   62 0.946
     7  C   3.932    C   49 1.328    N   93 1.294    C   86 1.073    C   63 0.054
     8  C   3.912    C   11 1.550    C   40 1.200    H   14 0.931    C   31 0.062
     9  C   3.871    C   77 1.613    C   30 1.149    H   52 0.944
    10  C   3.961    C   63 1.465    C   49 1.384    H   39 0.941
    11  C   3.944    C    8 1.550    C   95 1.245    H   37 0.935
    12  H   0.996    C   22 0.948
    13  H   0.993    C    4 0.940
    14  H   0.992    C    8 0.931
    15  H   0.995    C   48 0.962
    16  C   3.893    C   69 1.437    C   36 1.311    H    5 0.945    C   24 0.064
    17  C   3.958    C   66 1.474    C    2 1.319    H   94 0.937
    18  C   3.921    C    4 1.330    C   28 1.194    C   61 1.177    C   72 0.060
    19  H   0.995    C   66 0.941
    20  C   3.973    C   51 1.443    C   87 1.425    H   85 0.947    C   47 0.108
    21  H   0.994    C   31 0.937
    22  C   3.916    C   28 1.525    C   71 1.255    H   12 0.948
    23  H   0.997    C   45 0.935
    24  C   3.936    N   44 1.306    C   34 1.230    C   54 1.162    C   16 0.064
    25  C   3.905    C   65 1.262    C   70 1.257    C   82 1.135
    26  N   3.234    C   67 1.114    H   43 0.963    H   73 0.957    C   83 0.051
    27  H   0.996    C   81 0.940
    28  C   3.823    C   22 1.525    C   18 1.194    H   88 0.949
    29  C   3.906    C   72 1.202    C   40 1.195    C   82 1.194
    30  C   3.926    C   79 1.368    C   35 1.199    C    9 1.149
    31  C   3.939    C   95 1.446    C   59 1.309    H   21 0.937    C    8 0.062
    32  H   0.996    C   63 0.940
    33  H   0.997    C   58 0.986
    34  C   3.938    C   70 1.230    C   24 1.230    C   36 1.177    C   65 0.054
    35  C   3.941    C   40 1.259    C   30 1.199    C   59 1.140    C   82 0.051
    36  C   3.945    C   16 1.311    C   71 1.197    C   34 1.177    N   44 0.079
    37  H   0.993    C   11 0.935
    38  C   3.938    C   61 1.326    C   70 1.168    C   72 1.162
    39  H   0.995    C   10 0.941
    40  C   3.913    C   35 1.259    C    8 1.200    C   29 1.195
    41  H   0.994    C   65 0.939
    42  H   0.998    C   47 0.945
    43  H   0.982    N   26 0.963
    44  N   3.002    C   69 1.423    C   24 1.306    C   36 0.079
    45  C   3.908    C   76 1.432    C   64 1.254    H   23 0.935
    46  H   0.997    C    1 0.947
    47  C   3.964    C    1 1.444    C   84 1.371    H   42 0.945    C   20 0.108
    48  C   3.907    C   55 1.868    H   15 0.962    H   56 0.961
    49  C   3.895    C   10 1.384    C    7 1.328    H   90 0.941
    50  H   0.995    C   58 0.980
    51  C   3.964    C   20 1.443    C   84 1.370    H   91 0.947    C    1 0.107
    52  H   0.993    C    9 0.944
    53  H   0.997    C   58 0.989
    54  C   3.903    C   65 1.512    C   24 1.162    C   84 1.005    C   70 0.055
    55  C   3.970    C   48 1.868    C    2 1.088    H   74 0.939
    56  H   0.999    C   48 0.961
    57  H   0.992    C   79 0.937
    58  C   3.977    S    3 0.995    H   53 0.989    H   33 0.986    H   50 0.980
    59  C   3.826    C   31 1.309    C   77 1.186    C   35 1.140
    60  H   0.994    C   69 0.946
    61  C   3.932    C   38 1.326    C   18 1.177    C   71 1.147    C   81 0.055
    62  C   3.966    C   83 0.964    C   95 0.959    H    6 0.946    H   68 0.940
    63  C   3.874    C   10 1.465    C   67 1.244    H   32 0.940    C    7 0.054
    64  C   3.936    C   89 1.330    C   45 1.254    C   92 1.091
    65  C   3.959    C   54 1.512    C   25 1.262    H   41 0.939    C   34 0.054
    66  C   3.885    C   17 1.474    C   76 1.265    H   19 0.941
    67  C   3.919    C   83 1.367    C   63 1.244    N   26 1.114
    68  H   0.989    C   62 0.940
    69  C   3.944    C   16 1.437    N   44 1.423    H   60 0.946
    70  C   3.948    C   25 1.257    C   34 1.230    C   38 1.168    C   54 0.055
    71  C   3.839    C   22 1.255    C   36 1.197    C   61 1.147
    72  C   3.926    C   81 1.304    C   29 1.202    C   38 1.162    C   18 0.060
    73  H   0.983    N   26 0.957
    74  H   0.997    C   55 0.939
    75  H   0.995    C   77 0.945
    76  C   3.926    C   45 1.432    C   66 1.265    S    3 1.051
    77  C   3.934    C    9 1.613    C   59 1.186    H   75 0.945
    78  H   0.996    C   89 0.935
    79  C   3.882    C   30 1.368    C   82 1.347    H   57 0.937
    80  H   0.996    C   87 0.948
    81  C   3.936    C    4 1.468    C   72 1.304    H   27 0.940    C   61 0.055
    82  C   3.920    C   79 1.347    C   29 1.194    C   25 1.135    C   35 0.051
    83  C   3.860    C   67 1.367    C   86 1.219    C   62 0.964    N   26 0.051
    84  C   3.954    C   47 1.371    C   51 1.370    C   54 1.005    C   87 0.106
    85  H   0.997    C   20 0.947
    86  C   3.931    C   89 1.355    C   83 1.219    C    7 1.073
    87  C   3.966    C   20 1.425    C    1 1.424    H   80 0.948    C   84 0.106
    88  H   0.996    C   28 0.949
    89  C   3.944    C   86 1.355    C   64 1.330    H   78 0.935
    90  H   0.994    C   49 0.941
    91  H   0.999    C   51 0.947
    92  C   3.928    N   93 1.346    C    2 1.218    C   64 1.091
    93  N   3.112    C   92 1.346    C    7 1.294
    94  H   0.994    C   17 0.937
    95  C   3.826    C   31 1.446    C   11 1.245    C   62 0.959
 
 --------------------------------------------
          xTB calculation for sTDA...
 --------------------------------------------
 
 reading parameter file 
 /home/jovyan/cpu-only-1-datavol-1/software/xtb4stda_home/.param_stda2.xtb
 
      method parameters     
 k(s)        :  1.6000
 k(p)        :  2.1800
 k(d)        :  1.9500
 k(f)        :  2.0000
 k(R-V)      :  2.2750
 k(R-R)      :  1.7650
 Tscal       :  0.2580
 Gscal       :  1.0000
 fpol        :  1.0000
 Zcnf        :  0.3430
 Zqf         :  0.0000
 kcn         :  2.7000
 Ryd Hsplit  :  0.7000
 lshift(virt):  3.1000
 lshift(OS)  :  0.2000
 wllscaling  :  2.6000
 
 mowrcut     : 3.000
 
  Z AO/shell   Hii/eV     exponent
  1     Sun Feb 14 09:53:25 CET 2016    EN: 2.327 GAM: 0.473  GM3: 0.0000
     1s    -14.339618    1.220000
     2sp    -3.348946    0.600000
  6     Sun Feb 14 09:53:25 CET 2016    EN: 2.731 GAM: 0.422  GM3: 0.0000
     2s    -22.009312    1.565095
     2p    -13.020408    1.596905
     3sp    -3.914040    0.824500
  7     Sun Feb 14 09:53:25 CET 2016    EN: 3.573 GAM: 0.504  GM3: 0.0000
     2s    -25.722000    2.064844
     2p    -18.684912    1.801692
     3sp    -4.344791    0.921400
 16     Sun Feb 21 16:35:57 CET 2016    EN: 1.915 GAM: 0.200  GM3: 0.0000
     3s    -17.898811    2.619580
     3p    -15.317401    1.798798
     4sp    -4.455139    0.843200
 
 Nbf   :          655
 T(el) :     0.0
 calculating S/T integrals ...
 cpu time for ints   0.431487000000000     
 Nao   :          655
 making H0...
 making H1...
 cpu time for H      8.549000000000029E-003
 solving ...
 cpu time for diag   5.635200000000007E-002
 
 gap (eV)           :   3.590
 Koopmans IP (eV)   :  12.791
 Eel (Eh)           :  -239.468887

          eigenvalues
 #    :         128        129        130        131        132        133        134        135
 occ. :        2.000      2.000      2.000      2.000      2.000      2.000      2.000      2.000
 eps  :       -16.245    -16.118    -16.050    -16.026    -15.911    -15.724    -15.406    -15.094
 #    :         136        137        138        139        140        141        142        143
 occ. :        2.000      2.000      2.000      2.000      2.000      0.000      0.000      0.000
 eps  :       -15.065    -14.364    -14.177    -13.676    -12.792     -9.202     -8.065     -7.960
 #    :         144        145        146        147        148        149        150        151
 occ. :        0.000      0.000      0.000      0.000      0.000      0.000      0.000      0.000
 eps  :        -7.850     -7.406     -6.556     -6.469     -6.152     -6.069     -5.727     -5.707
                            1  SCC done.
 writing mo output ...
 molden style : F
 
speedup  0.83
cpu  time for all    0.68 s
wall time for all    0.82 s
