 
        ______________________________________
       |                                      |
       |          ===================         |
       |             xTB for sTDA             |
       |          ===================         |
       |               S. Grimme              |
       |        Universitaet Bonn, MCTC       |
       |         2015-19, Version 1.0         |
       |     Wed Apr  3 09:14:55 CEST 2019    |
       |______________________________________|
 
        This code comes without any warranty
        for non-commercial, academia use only.
        Preliminary test version.
        Cite this work as:
        S. Grimme  &  C. Bannwarth, JCP 145 (2016) 054103
        if GBSA is used additionally:
        P. Shushkov, F. März, C. Bannwarth, S. Grimme, unpublished.
 
        with help from
        P. Shushkov, G. Brandenburg, S. Dohm, J. Pisarek,
        F. März, M. Checinski, S. Ehrlich, S. Spicher, 
        P. Pracht, E. Caldeweyher, S. Ehlert, and C. Bannwarth.
 
        usage        :
        xtb4stda <coord_file> [options]
        where <coord_file> is a valid file of TM)
        (*coord, Bohr) or xmol (*xyz, Angstroem)
        format.

        options:
        -chrg <int>   : molecular charge
        -uhf  <int>   : # of unpaired electrons(=2*S)
        -nox          : skip second, extended part in sTDA-xTB
        -pop          : do population analysis
                      : (default for -nox)
        -mowr <real>  : cut MO write above (def.3 Eh)
        -molden       : write formatted molden file
        -parx <file>  : read parameters for sTDA-xTB
                        calc (def:~/.param_stda2.xtb)
        -parv <file>  : read parameters for vTB part in
                        sTDA-xTB (def: ~/.param_stda1.xtb)
        -xtemp <real> : el. temp for xTB (def. 0 K)
        -etemp <real> : el. temp for GFN (def. 300 K)
        -fod          : calculate the FOD and write
                        molden.input file with
                        appropriate occupations
                        for plotting. Def. T=12500 K
 
        -acc <real>   : xTB accuracy (def. 1.0)
        -gbsa [string1] [string2]
                        use GBSA implicit solvent
                        for solvent [string1] and
                        solvation state [string2]=
                        reference, bar1M (default=1M)
        additional GFN/opt/MD/siman options read from
        $XTB4STDAHOME/.xtb4stdarc or $set in input
 
       spin and charge state information can be on:
       <.CHRG> (charge) and <.UHF> (=nalpha-nbeta)
       -uhf and -chrg override the file info.
       useful machine settings:
       setenv MKL_NUM_THREADS <NCORE_ON_YOUR_MACHINE>
       setenv OMP_STACKSIZE 500m
       limit stacksize unlimited
 
       total energies in Eh, gaps/HL energies in eV
       please read REVISION and HOWTO files carefully
OMP: Warning #182: OMP_STACKSIZE: ignored because KMP_STACKSIZE has been defined
 =============================
  # OMP threads =           1
 =============================
 
 xtb4stdahome directory:
 /home/jovyan/cpu-only-1-datavol-1/software/xtb4stda_home/
 
 
 name of molecule           : energy: -102.581121503034 gnorm: 0.001876471988 xtb: 6.7.1 (edcfbbe)
 comment line               :
 number of atoms            :    62
 number of electrons        :   188
 charge                     :  0
 spin                       : 0.0
 first test random number   :  0.2222
 
 -----------------------------------------
      charge density (VTB) calculation
 -----------------------------------------
 
      method parameters     
 k(s)        :  1.8000
 k(p)        :  2.8350
 k(d)        :  2.0860
 k(f)        :  2.0000
 Tscal       :  0.3300
 Gscal       :  0.3910
 fpol        :  1.0000
 Zcnf        :  0.6500
 Zqf         :  0.0000
 kcn         :  0.3000
 kEN1        : -0.5900
 wllscal     :  2.6000
 
     -------------------------
     ! NO SOLVENT MODEL USED !
     -------------------------
 
 doing EN charges ...
 sum q : -0.1110223D-15
 point charge moment (au)
     X       Y       Z   
  -1.2389   0.4281   0.2016  total (Debye):    3.371
 
            Z      q(EN)   CN      Cart. coordinates
     1  H   1.0   0.073   1.001     3.53303    12.65228    10.16332
     2  C   4.0   0.096   3.478     1.15954    -0.78499    -0.13323
     3  H   1.0   0.082   1.000    -1.99083     8.71542     0.38928
     4  N   5.0  -0.212   2.209    -2.45948    -6.36781    -4.78838
     5  H   1.0   0.076   1.005    -7.04622    -6.63917    -6.65713
     6  C   4.0   0.002   3.376     3.07232     4.61906     6.32359
     7  C   4.0  -0.071   3.138    -6.78922   -10.30978    -8.35467
     8  C   4.0  -0.071   3.206     2.58571    -5.74741    -0.37568
     9  H   1.0   0.079   1.003    -5.73154     1.13043    -7.86183
    10  H   1.0   0.075   1.004     4.80425    -5.10415     2.94344
    11  C   4.0   0.040   4.074     0.05235     6.87860     3.34122
    12  N   5.0  -0.407   3.271     0.65366     1.68450     0.44314
    13  C   4.0  -0.071   3.084     2.72064     9.01097     8.80461
    14  H   1.0   0.082   0.999    -3.54097     5.51554     4.76476
    15  C   4.0  -0.071   3.317    -3.65303    -1.16218    -5.03650
    16  O   6.0  -0.157   2.109     5.75686     2.87749     9.24851
    17  C   4.0  -0.242   4.094    -2.17451     6.97630     5.24021
    18  H   1.0   0.081   1.001     5.96983     5.90124    11.70213
    19  C   4.0  -0.143   3.054     4.22373    10.78656     9.74248
    20  H   1.0   0.083   1.000    -2.61727     5.47038     0.48963
    21  H   1.0   0.084   1.000    -1.56129     6.63143     7.16622
    22  C   4.0   0.246   2.113    -1.25119   -14.61986    -8.54213
    23  N   5.0  -0.220   1.024    -0.10110   -16.40603    -8.96165
    24  H   1.0   0.084   1.000     0.32447     6.64390    -0.74720
    25  C   4.0  -0.074   3.188    -5.25741   -12.42230    -8.83957
    26  H   1.0   0.172   1.013     2.91925     9.14174     4.76438
    27  C   4.0  -0.240   4.114    -1.12741     6.87104     0.68559
    28  C   4.0  -0.002   3.406     3.19685     0.19181     3.51791
    29  H   1.0   0.178   1.010     1.55695     1.81470    -4.89893
    30  C   4.0   0.022   3.251     1.66485     4.59695     4.05422
    31  H   1.0   0.080   1.002    -1.43770     3.87942    -7.92797
    32  C   4.0   0.034   3.319    -1.89823     2.23592    -6.83627
    33  C   4.0  -0.054   3.150     4.59903     0.23470     5.71718
    34  H   1.0   0.183   1.014    -0.54934     2.75503    -0.55369
    35  C   4.0   0.056   3.538     4.51002     2.46912     7.04887
    36  H   1.0   0.077   1.007     3.10803    -7.71103    -0.54575
    37  C   4.0   0.005   3.270     0.89762    -4.76721    -2.17980
    38  H   1.0   0.074   1.006     0.76061     9.45392     8.45123
    39  H   1.0   0.076   1.004     5.68467    -1.35815     6.36781
    40  N   5.0  -0.102   2.195     0.67822   -10.29069    -6.03994
    41  C   4.0   0.001   3.370     2.76694    -1.79486     1.73099
    42  C   4.0  -0.066   3.148     3.53209    -4.30442     1.56696
    43  C   4.0   0.099   3.409    -1.25497    -0.88836    -4.07425
    44  C   4.0   0.004   3.268     3.57120     6.42866     8.32953
    45  C   4.0   0.016   3.240     0.19880    -2.21249    -2.13822
    46  N   5.0  -0.099   2.207     1.48589    -8.45501    -4.71902
    47  H   1.0   0.082   1.005    -4.97357    -2.59648    -4.50870
    48  C   4.0   0.093   3.334    -1.77218   -10.37044    -6.73366
    49  H   1.0   0.167   1.007     0.63892    10.70889     3.35937
    50  C   4.0  -0.007   3.437     5.17804     5.24399     9.95470
    51  H   1.0   0.073   1.002     6.19698    10.44659    10.10059
    52  C   4.0   0.094   3.323    -3.36050    -8.26887    -6.19830
    53  C   4.0  -0.018   3.185    -2.77412   -12.47862    -8.05741
    54  N   5.0  -0.415   3.310    -0.23451     1.23135    -5.16179
    55  N   5.0  -0.408   3.128     1.68148     9.10300     3.31174
    56  C   4.0  -0.068   3.167    -5.88102    -8.25810    -7.07287
    57  C   4.0  -0.070   3.283    -4.05006     0.80672    -6.77958
    58  H   1.0   0.074   1.004    -8.72543   -10.33680    -8.99869
    59  H   1.0   0.082   0.999    -3.11918     8.80234     5.14194
    60  C   4.0   0.192   3.340    -0.10564    -6.57303    -3.99904
    61  C   4.0   0.096   3.422     1.78900     2.34628     2.69135
    62  H   1.0   0.075   1.005    -6.03352   -14.02649    -9.83451
 
  Z AO/shell   Hii/eV     exponent
  1     Sat Feb 20 21:38:01 CET 2016    EN: 2.327 GAM: 0.473  GM3: 0.0000
     1s    -13.751157    1.051071
  6     Sat Feb 20 21:38:01 CET 2016    EN: 2.731 GAM: 0.422  GM3: 0.0000
     2s    -19.378245    2.021003
     2p    -11.993376    1.497917
  7     Sat Feb 20 21:38:01 CET 2016    EN: 3.573 GAM: 0.504  GM3: 0.0000
     2s    -21.576984    2.275442
     2p    -16.125120    2.056788
  8     Sat Feb 20 21:38:01 CET 2016    EN: 3.700 GAM: 0.587  GM3: 0.0000
     2s    -21.648843    2.110798
     2p    -17.239740    2.329048
 
 dipole moment of classical point charges (au)
     X       Y       Z   
  -1.2389   0.4281   0.2016  total (Debye):    3.371

 
 Nbf   :          179
 T(el) :   300.0
 calculating S/T integrals ...
 cpu time for ints   1.127700000000000E-002
 Nao   :          179
 making H0...
 making H1...
 cpu time for H      1.028000000000001E-003
 solving ...
 cpu time for diag   6.270299999999999E-002
 
 gap (eV)           :   1.666
 Koopmans IP (eV)   :  13.040
 Eel (Eh)           :  -148.139455
 T,E(Fermi),NFOD :    300.000   -12.207  0.000000
 T,E(Fermi),NFOD :    300.000   -12.207  0.000000
 Nfod               :  0.0000
 Nfod/Nel           :  0.0000

          eigenvalues
 #    :          82         83         84         85         86         87         88         89
 occ. :        2.000      2.000      2.000      2.000      2.000      2.000      2.000      2.000
 eps  :       -17.047    -16.851    -16.420    -15.954    -15.568    -15.429    -15.180    -15.104
 #    :          90         91         92         93         94         95         96         97
 occ. :        2.000      2.000      2.000      2.000      2.000      0.000      0.000      0.000
 eps  :       -14.943    -14.570    -13.846    -13.340    -13.041    -11.375     -8.505     -7.837
 #    :          98         99        100        101        102        103        104        105
 occ. :        0.000      0.000      0.000      0.000      0.000      0.000      0.000      0.000
 eps  :        -6.929     -6.817     -6.590     -6.121     -5.683     -5.183     -5.017     -4.687
                            1  SCC done.
 making H1...
 cpu time for H      6.413200000000001E-002
 solving ...
 cpu time for diag   2.293999999999990E-003
 
 gap (eV)           :   2.204
 Koopmans IP (eV)   :  12.875
 Eel (Eh)           :  -146.974521
 T,E(Fermi),NFOD :    300.000   -11.773  0.000000
 T,E(Fermi),NFOD :    300.000   -11.773  0.000000
 Nfod               :  0.0000
 Nfod/Nel           :  0.0000

          eigenvalues
 #    :          82         83         84         85         86         87         88         89
 occ. :        2.000      2.000      2.000      2.000      2.000      2.000      2.000      2.000
 eps  :       -16.769    -16.604    -16.370    -15.810    -15.456    -15.137    -14.827    -14.464
 #    :          90         91         92         93         94         95         96         97
 occ. :        2.000      2.000      2.000      2.000      2.000      0.000      0.000      0.000
 eps  :       -14.083    -14.069    -13.643    -13.207    -12.876    -10.672     -8.302     -7.709
 #    :          98         99        100        101        102        103        104        105
 occ. :        0.000      0.000      0.000      0.000      0.000      0.000      0.000      0.000
 eps  :        -6.902     -6.726     -6.467     -6.011     -5.592     -5.089     -4.890     -4.676
                            2  SCC done.
 
 
 Mulliken/CM5 charges    n(s)   n(p)   n(d)   
    1 H   0.0420  0.0957   0.958  0.000  0.000
    2 C   0.0306  0.0968   1.186  2.784  0.000
    3 H   0.0368  0.0941   0.963  0.000  0.000
    4 N  -0.1761 -0.3615   1.493  3.683  0.000
    5 H   0.0532  0.1134   0.947  0.000  0.000
    6 C  -0.0282 -0.0273   1.176  2.852  0.000
    7 C  -0.0167 -0.0722   1.142  2.875  0.000
    8 C  -0.0371 -0.0871   1.138  2.899  0.000
    9 H   0.0446  0.1017   0.955  0.000  0.000
   10 H   0.0491  0.1064   0.951  0.000  0.000
   11 C   0.0460  0.0736   1.256  2.698  0.000
   12 N  -0.1105 -0.4732   1.195  3.916  0.000
   13 C  -0.0186 -0.0793   1.137  2.881  0.000
   14 H   0.0349  0.0889   0.965  0.000  0.000
   15 C  -0.0923 -0.1356   1.134  2.958  0.000
   16 O  -0.0838 -0.1564   1.481  4.603  0.000
   17 C  -0.1133 -0.2582   1.116  2.997  0.000
   18 H   0.0570  0.1223   0.943  0.000  0.000
   19 C  -0.0806 -0.1846   1.114  2.967  0.000
   20 H   0.0421  0.0991   0.958  0.000  0.000
   21 H   0.0387  0.0955   0.961  0.000  0.000
   22 C   0.1113  0.2331   1.170  2.719  0.000
   23 N  -0.2026 -0.3285   1.642  3.561  0.000
   24 H   0.0394  0.0987   0.961  0.000  0.000
   25 C  -0.0149 -0.0668   1.149  2.866  0.000
   26 H   0.1045  0.3020   0.895  0.000  0.000
   27 C  -0.0920 -0.2342   1.104  2.988  0.000
   28 C  -0.0280 -0.0242   1.160  2.868  0.000
   29 H   0.1546  0.3514   0.845  0.000  0.000
   30 C  -0.0178 -0.0139   1.189  2.829  0.000
   31 H   0.0536  0.1186   0.946  0.000  0.000
   32 C  -0.0383 -0.0240   1.150  2.888  0.000
   33 C  -0.0396 -0.0872   1.134  2.906  0.000
   34 H   0.1543  0.3589   0.846  0.000  0.000
   35 C   0.0525  0.0742   1.160  2.787  0.000
   36 H   0.0530  0.1175   0.947  0.000  0.000
   37 C   0.0162  0.0240   1.157  2.827  0.000
   38 H   0.0509  0.1117   0.949  0.000  0.000
   39 H   0.0486  0.1082   0.951  0.000  0.000
   40 N  -0.1212 -0.2159   1.536  3.585  0.000
   41 C  -0.0232 -0.0199   1.165  2.858  0.000
   42 C  -0.0302 -0.0829   1.136  2.895  0.000
   43 C  -0.0096  0.0539   1.182  2.828  0.000
   44 C  -0.0349 -0.0413   1.166  2.869  0.000
   45 C   0.0013  0.0100   1.168  2.830  0.000
   46 N  -0.1082 -0.2045   1.535  3.573  0.000
   47 H   0.0480  0.1125   0.952  0.000  0.000
   48 C   0.0489  0.1354   1.188  2.763  0.000
   49 H   0.0932  0.2823   0.907  0.000  0.000
   50 C   0.0174 -0.0071   1.150  2.832  0.000
   51 H   0.0317  0.0867   0.968  0.000  0.000
   52 C   0.0576  0.1367   1.188  2.755  0.000
   53 C   0.0306  0.0362   1.140  2.829  0.000
   54 N  -0.0716 -0.4393   1.208  3.864  0.000
   55 N  -0.2411 -0.6974   1.307  3.934  0.000
   56 C  -0.0026 -0.0501   1.140  2.863  0.000
   57 C  -0.0952 -0.1424   1.129  2.966  0.000
   58 H   0.0551  0.1118   0.945  0.000  0.000
   59 H   0.0290  0.0837   0.971  0.000  0.000
   60 C   0.1215  0.2778   1.208  2.671  0.000
   61 C   0.0227  0.0862   1.186  2.791  0.000
   62 H   0.0578  0.1158   0.942  0.000  0.000
 
 Loewdin charges    n(s)   n(p)   n(d)
    1 H   0.0379   0.962  0.000  0.000
    2 C   0.0235   1.152  2.825  0.000
    3 H   0.0370   0.963  0.000  0.000
    4 N  -0.1571   1.460  3.697  0.000
    5 H   0.0429   0.957  0.000  0.000
    6 C  -0.0288   1.136  2.892  0.000
    7 C  -0.0052   1.086  2.920  0.000
    8 C  -0.0318   1.085  2.947  0.000
    9 H   0.0380   0.962  0.000  0.000
   10 H   0.0405   0.960  0.000  0.000
   11 C   0.0544   1.220  2.726  0.000
   12 N  -0.0690   1.144  3.925  0.000
   13 C  -0.0074   1.082  2.926  0.000
   14 H   0.0355   0.965  0.000  0.000
   15 C  -0.0918   1.083  3.009  0.000
   16 O  -0.0374   1.437  4.600  0.000
   17 C  -0.1203   1.047  3.074  0.000
   18 H   0.0462   0.954  0.000  0.000
   19 C  -0.0768   1.048  3.028  0.000
   20 H   0.0437   0.956  0.000  0.000
   21 H   0.0390   0.961  0.000  0.000
   22 C   0.1010   1.137  2.762  0.000
   23 N  -0.1894   1.603  3.586  0.000
   24 H   0.0389   0.961  0.000  0.000
   25 C  -0.0050   1.094  2.911  0.000
   26 H   0.0927   0.907  0.000  0.000
   27 C  -0.0966   1.033  3.064  0.000
   28 C  -0.0270   1.118  2.909  0.000
   29 H   0.1330   0.867  0.000  0.000
   30 C  -0.0231   1.151  2.872  0.000
   31 H   0.0445   0.955  0.000  0.000
   32 C  -0.0425   1.106  2.936  0.000
   33 C  -0.0389   1.082  2.957  0.000
   34 H   0.1342   0.866  0.000  0.000
   35 C   0.0385   1.128  2.834  0.000
   36 H   0.0435   0.957  0.000  0.000
   37 C   0.0147   1.116  2.870  0.000
   38 H   0.0437   0.956  0.000  0.000
   39 H   0.0397   0.960  0.000  0.000
   40 N  -0.1067   1.509  3.597  0.000
   41 C  -0.0223   1.123  2.899  0.000
   42 C  -0.0244   1.081  2.943  0.000
   43 C  -0.0184   1.148  2.870  0.000
   44 C  -0.0350   1.125  2.910  0.000
   45 C   0.0003   1.127  2.872  0.000
   46 N  -0.1005   1.511  3.590  0.000
   47 H   0.0407   0.959  0.000  0.000
   48 C   0.0373   1.155  2.808  0.000
   49 H   0.0829   0.917  0.000  0.000
   50 C   0.0054   1.108  2.887  0.000
   51 H   0.0278   0.972  0.000  0.000
   52 C   0.0536   1.152  2.795  0.000
   53 C   0.0283   1.097  2.875  0.000
   54 N  -0.0193   1.152  3.868  0.000
   55 N  -0.2183   1.256  3.963  0.000
   56 C   0.0010   1.087  2.912  0.000
   57 C  -0.0911   1.076  3.015  0.000
   58 H   0.0450   0.955  0.000  0.000
   59 H   0.0299   0.970  0.000  0.000
   60 C   0.1070   1.180  2.713  0.000
   61 C   0.0154   1.153  2.832  0.000
   62 H   0.0467   0.953  0.000  0.000
 
 Wiberg/Mayer (AO) data. WBOs > 0.1 written file <wbo>
 largest (>0.05) Wiberg bond orders for each atom
           total WBO             WBO to atom ...
     1  H   0.995    C   19 0.959
     2  C   3.923    C   45 1.314    C   41 1.259    N   12 1.100    C    8 0.077
     3  H   0.997    C   27 0.975
     4  N   3.091    C   60 1.429    C   52 1.273    N   40 0.122    N   46 0.066
     5  H   0.995    C   56 0.942
     6  C   3.930    C   30 1.311    C   35 1.244    C   44 1.089    C   28 0.070
     7  C   3.972    C   56 1.546    C   25 1.314    H   58 0.943    C   48 0.053
     8  C   3.961    C   42 1.488    C   37 1.317    H   36 0.939    C    2 0.077
     9  H   0.996    C   57 0.945
    10  H   0.992    C   42 0.942
    11  C   3.897    N   55 0.975    C   27 0.972    C   17 0.940    C   30 0.935
    12  N   3.421    C    2 1.100    C   61 1.086    H   34 0.934
    13  C   3.972    C   19 1.923    C   44 1.030    H   38 0.933
    14  H   0.999    C   17 0.975
    15  C   3.953    C   43 1.551    C   57 1.267    H   47 0.943    N   54 0.076
    16  O   2.398    C   50 1.102    C   35 1.046    C   44 0.081
    17  C   3.976    H   59 0.976    H   14 0.975    H   21 0.971    C   11 0.940
    18  H   0.994    C   50 0.947
    19  C   3.979    C   13 1.923    H   51 0.962    H    1 0.959    C   50 0.068
    20  H   0.998    C   27 0.969
    21  H   0.998    C   17 0.971
    22  C   3.941    N   23 2.828    C   53 1.055
    23  N   3.056    C   22 2.828    C   25 0.084    C   53 0.073
    24  H   0.998    C   27 0.975
    25  C   3.962    C   53 1.457    C    7 1.314    H   62 0.943    N   23 0.084    C   52 0.055
    26  H   0.989    N   55 0.949
    27  C   3.980    H    3 0.975    H   24 0.975    C   11 0.972    H   20 0.969
    28  C   3.949    C   33 1.371    C   61 1.217    C   41 1.100    C    6 0.070
    29  H   0.976    N   54 0.951
    30  C   3.934    C   61 1.376    C    6 1.311    C   11 0.935    C   33 0.094
    31  H   0.996    C   32 0.948
    32  C   3.928    C   57 1.616    N   54 1.195    H   31 0.948    C   43 0.108
    33  C   3.953    C   35 1.409    C   28 1.371    H   39 0.941    C   30 0.094
    34  H   0.975    N   12 0.934
    35  C   3.913    C   33 1.409    C    6 1.244    O   16 1.046    C   61 0.069
    36  H   0.993    C    8 0.939
    37  C   3.931    C   45 1.323    C    8 1.317    C   60 1.047    C   41 0.075
    38  H   0.997    C   13 0.933
    39  H   0.991    C   33 0.941
    40  N   3.084    N   46 1.506    C   48 1.295    N    4 0.122
    41  C   3.946    C   42 1.326    C    2 1.259    C   28 1.100    C   37 0.075
    42  C   3.946    C    8 1.488    C   41 1.326    H   10 0.942    C   45 0.086
    43  C   3.914    C   15 1.551    N   54 1.137    C   45 1.012    C   32 0.108
    44  C   3.948    C   50 1.639    C    6 1.089    C   13 1.030    O   16 0.081
    45  C   3.945    C   37 1.323    C    2 1.314    C   43 1.012    C   42 0.086
    46  N   3.075    N   40 1.506    C   60 1.256    C   52 0.073    N    4 0.066
    47  H   0.998    C   15 0.943
    48  C   3.938    N   40 1.295    C   53 1.184    C   52 1.183    C    7 0.053
    49  H   0.990    N   55 0.973
    50  C   3.915    C   44 1.639    O   16 1.102    H   18 0.947    C   19 0.068
    51  H   0.998    C   19 0.962
    52  C   3.941    N    4 1.273    C   56 1.250    C   48 1.183    N   46 0.073    C   25 0.055
    53  C   3.966    C   25 1.457    C   48 1.184    C   22 1.055    C   56 0.102    N   23 0.073
    54  N   3.534    C   32 1.195    C   43 1.137    H   29 0.951    C   57 0.078    C   15 0.076
    55  N   3.044    C   11 0.975    H   49 0.973    H   26 0.949
    56  C   3.940    C    7 1.546    C   52 1.250    H    5 0.942    C   53 0.102
    57  C   3.962    C   32 1.616    C   15 1.267    H    9 0.945    N   54 0.078
    58  H   0.993    C    7 0.943
    59  H   0.997    C   17 0.976
    60  C   3.912    N    4 1.429    N   46 1.256    C   37 1.047
    61  C   3.919    C   30 1.376    C   28 1.217    N   12 1.086    C   35 0.069
    62  H   0.995    C   25 0.943
 
 --------------------------------------------
          xTB calculation for sTDA...
 --------------------------------------------
 
 reading parameter file 
 /home/jovyan/cpu-only-1-datavol-1/software/xtb4stda_home/.param_stda2.xtb
 
      method parameters     
 k(s)        :  1.6000
 k(p)        :  2.1800
 k(d)        :  1.9500
 k(f)        :  2.0000
 k(R-V)      :  2.2750
 k(R-R)      :  1.7650
 Tscal       :  0.2580
 Gscal       :  1.0000
 fpol        :  1.0000
 Zcnf        :  0.3430
 Zqf         :  0.0000
 kcn         :  2.7000
 Ryd Hsplit  :  0.7000
 lshift(virt):  3.1000
 lshift(OS)  :  0.2000
 wllscaling  :  2.6000
 
 mowrcut     : 3.000
 
  Z AO/shell   Hii/eV     exponent
  1     Sun Feb 14 09:53:25 CET 2016    EN: 2.327 GAM: 0.473  GM3: 0.0000
     1s    -14.339618    1.220000
     2sp    -3.348946    0.600000
  6     Sun Feb 14 09:53:25 CET 2016    EN: 2.731 GAM: 0.422  GM3: 0.0000
     2s    -22.009312    1.565095
     2p    -13.020408    1.596905
     3sp    -3.914040    0.824500
  7     Sun Feb 14 09:53:25 CET 2016    EN: 3.573 GAM: 0.504  GM3: 0.0000
     2s    -25.722000    2.064844
     2p    -18.684912    1.801692
     3sp    -4.344791    0.921400
  8     Sun Feb 14 09:53:25 CET 2016    EN: 3.700 GAM: 0.587  GM3: 0.0000
     2s    -33.859000    2.418661
     2p    -22.175911    1.973969
     3sp    -4.259392    1.013700
 
 Nbf   :          427
 T(el) :     0.0
 calculating S/T integrals ...
 cpu time for ints   0.198850000000000     
 Nao   :          427
 making H0...
 making H1...
 cpu time for H      3.931000000000018E-003
 solving ...
 cpu time for diag   1.843100000000003E-002
 
 gap (eV)           :   5.167
 Koopmans IP (eV)   :  14.035
 Eel (Eh)           :  -165.363519

          eigenvalues
 #    :          82         83         84         85         86         87         88         89
 occ. :        2.000      2.000      2.000      2.000      2.000      2.000      2.000      2.000
 eps  :       -18.290    -17.921    -17.494    -16.970    -16.539    -16.372    -15.872    -15.764
 #    :          90         91         92         93         94         95         96         97
 occ. :        2.000      2.000      2.000      2.000      2.000      0.000      0.000      0.000
 eps  :       -15.692    -15.566    -14.893    -14.597    -14.036     -8.869     -7.603     -6.743
 #    :          98         99        100        101        102        103        104        105
 occ. :        0.000      0.000      0.000      0.000      0.000      0.000      0.000      0.000
 eps  :        -6.348     -6.140     -5.856     -5.351     -5.180     -5.145     -4.944     -4.830
                            1  SCC done.
 writing mo output ...
 molden style : F
 
speedup  0.78
cpu  time for all    0.39 s
wall time for all    0.50 s
