 
        ______________________________________
       |                                      |
       |          ===================         |
       |             xTB for sTDA             |
       |          ===================         |
       |               S. Grimme              |
       |        Universitaet Bonn, MCTC       |
       |         2015-19, Version 1.0         |
       |     Wed Apr  3 09:14:55 CEST 2019    |
       |______________________________________|
 
        This code comes without any warranty
        for non-commercial, academia use only.
        Preliminary test version.
        Cite this work as:
        S. Grimme  &  C. Bannwarth, JCP 145 (2016) 054103
        if GBSA is used additionally:
        P. Shushkov, F. März, C. Bannwarth, S. Grimme, unpublished.
 
        with help from
        P. Shushkov, G. Brandenburg, S. Dohm, J. Pisarek,
        F. März, M. Checinski, S. Ehrlich, S. Spicher, 
        P. Pracht, E. Caldeweyher, S. Ehlert, and C. Bannwarth.
 
        usage        :
        xtb4stda <coord_file> [options]
        where <coord_file> is a valid file of TM)
        (*coord, Bohr) or xmol (*xyz, Angstroem)
        format.

        options:
        -chrg <int>   : molecular charge
        -uhf  <int>   : # of unpaired electrons(=2*S)
        -nox          : skip second, extended part in sTDA-xTB
        -pop          : do population analysis
                      : (default for -nox)
        -mowr <real>  : cut MO write above (def.3 Eh)
        -molden       : write formatted molden file
        -parx <file>  : read parameters for sTDA-xTB
                        calc (def:~/.param_stda2.xtb)
        -parv <file>  : read parameters for vTB part in
                        sTDA-xTB (def: ~/.param_stda1.xtb)
        -xtemp <real> : el. temp for xTB (def. 0 K)
        -etemp <real> : el. temp for GFN (def. 300 K)
        -fod          : calculate the FOD and write
                        molden.input file with
                        appropriate occupations
                        for plotting. Def. T=12500 K
 
        -acc <real>   : xTB accuracy (def. 1.0)
        -gbsa [string1] [string2]
                        use GBSA implicit solvent
                        for solvent [string1] and
                        solvation state [string2]=
                        reference, bar1M (default=1M)
        additional GFN/opt/MD/siman options read from
        $XTB4STDAHOME/.xtb4stdarc or $set in input
 
       spin and charge state information can be on:
       <.CHRG> (charge) and <.UHF> (=nalpha-nbeta)
       -uhf and -chrg override the file info.
       useful machine settings:
       setenv MKL_NUM_THREADS <NCORE_ON_YOUR_MACHINE>
       setenv OMP_STACKSIZE 500m
       limit stacksize unlimited
 
       total energies in Eh, gaps/HL energies in eV
       please read REVISION and HOWTO files carefully
OMP: Warning #182: OMP_STACKSIZE: ignored because KMP_STACKSIZE has been defined
 =============================
  # OMP threads =           1
 =============================
 
 xtb4stdahome directory:
 /home/jovyan/cpu-only-1-datavol-1/software/xtb4stda_home/
 
 
 name of molecule           : energy: -140.456422791456 gnorm: 0.002519375124 xtb: 6.7.1 (edcfbbe)
 comment line               :
 number of atoms            :    82
 number of electrons        :   258
 charge                     :  0
 spin                       : 0.0
 first test random number   :  0.6364
 
 -----------------------------------------
      charge density (VTB) calculation
 -----------------------------------------
 
      method parameters     
 k(s)        :  1.8000
 k(p)        :  2.8350
 k(d)        :  2.0860
 k(f)        :  2.0000
 Tscal       :  0.3300
 Gscal       :  0.3910
 fpol        :  1.0000
 Zcnf        :  0.6500
 Zqf         :  0.0000
 kcn         :  0.3000
 kEN1        : -0.5900
 wllscal     :  2.6000
 
     -------------------------
     ! NO SOLVENT MODEL USED !
     -------------------------
 
 doing EN charges ...
 sum q : -0.7771561D-15
 point charge moment (au)
     X       Y       Z   
  -0.4840  -0.0997  -1.0938  total (Debye):    3.051
 
            Z      q(EN)   CN      Cart. coordinates
     1  C   4.0   0.110   3.301    -4.73112     4.37490   -16.79343
     2  C   4.0  -0.073   3.192     4.07576     0.02060    12.88585
     3  C   4.0   0.045   3.123    -7.11520     1.37062    -8.60732
     4  C   4.0  -0.068   3.086    -4.92104     9.54085   -19.55375
     5  C   4.0  -0.073   3.207    -3.78153     1.01025   -19.73214
     6  H   1.0   0.072   1.007    -5.24229    11.49464   -20.07494
     7  H   1.0   0.081   1.004    -5.16519    -3.87904     3.27508
     8  H   1.0   0.080   1.003    -3.72370    -6.43754     7.42436
     9  H   1.0   0.074   1.007    -4.08124    10.79468   -15.83401
    10  N   5.0  -0.230   2.258    -5.55485     2.65563   -15.21135
    11  C   4.0  -0.072   3.191     8.70691    -1.49402    17.89287
    12  C   4.0  -0.068   3.200     5.02346    -4.13283    14.52406
    13  C   4.0  -0.070   3.321    -3.40056    -3.73221     4.25207
    14  C   4.0  -0.067   3.143    -4.37094     9.14287   -17.00319
    15  C   4.0   0.085   3.475     1.64104    -7.57931     9.60094
    16  C   4.0  -0.003   3.220     5.20695    -1.51821    14.72456
    17  H   1.0   0.074   1.004    -3.01525    -1.98969   -22.31181
    18  H   1.0   0.075   1.004     4.80123   -10.18090    14.57243
    19  H   1.0   0.074   1.004     0.77611   -13.76344     8.54893
    20  H   1.0   0.074   1.004    -3.36296     0.77554   -26.07860
    21  H   1.0   0.072   1.006    -8.67894     0.37076    -7.72501
    22  C   4.0  -0.002   3.197    -4.44634     5.19618   -21.50697
    23  N   5.0  -0.391   3.201    -1.67279     3.54513    -5.32581
    24  C   4.0  -0.073   3.146     2.81777   -12.20857    11.67208
    25  C   4.0   0.001   3.252    -4.28136     3.59256   -19.36931
    26  H   1.0   0.076   1.006     5.83377    -5.34641    15.94910
    27  H   1.0   0.076   1.006     4.26851     2.04544    13.03722
    28  C   4.0  -0.073   3.153     1.40803   -12.04757     9.45449
    29  C   4.0   0.089   3.459     2.57229    -3.58594    10.68319
    30  C   4.0  -0.068   3.170     9.82846    -0.41593    19.98669
    31  C   4.0   0.100   3.421    -1.44413    -2.12254     3.57366
    32  C   4.0  -0.018   3.186     0.54160     1.25950     0.82052
    33  N   5.0  -0.216   1.028     4.27362     2.01520     3.79003
    34  C   4.0  -0.072   3.136    -3.61467     1.55524   -24.20928
    35  C   4.0   0.094   3.245    -4.20445     6.85706   -15.75105
    36  H   1.0   0.171   1.018    -0.16100     4.68331    -5.60474
    37  C   4.0  -0.063   3.135    -7.18247     1.55524   -11.22459
    38  C   4.0   0.242   2.121     2.60990     1.67468     2.43397
    39  C   4.0   0.001   3.374     3.70027    -5.16746    12.52038
    40  N   5.0  -0.223   2.188    -3.39981    -0.69485    -0.11943
    41  C   4.0   0.101   3.257    -5.54805     2.97726   -12.71823
    42  C   4.0   0.041   3.233    -3.54210     0.58846    -2.22534
    43  C   4.0   0.201   3.172    -3.31779     3.42853    -7.33837
    44  C   4.0   0.000   3.372     3.10860    -7.72388    11.82213
    45  H   1.0   0.075   1.005     9.52195    -3.14866    17.01660
    46  C   4.0  -0.071   3.248     0.39892     2.60763    -1.43714
    47  C   4.0  -0.000   3.220     6.52503    -0.40327    16.88565
    48  C   4.0   0.092   3.240     8.73904     1.74497    21.03643
    49  C   4.0  -0.075   3.203    -4.13283     4.07425   -23.90862
    50  H   1.0   0.075   1.005     1.91448     0.25814     9.48000
    51  C   4.0  -0.061   3.151     2.76958    -0.97604    10.86026
    52  H   1.0   0.076   1.005     3.90890     2.68946    17.41628
    53  C   4.0   0.049   3.079     9.82582     2.96800    23.28369
    54  H   1.0   0.065   0.999     8.73091     4.63021    23.91070
    55  C   4.0  -0.068   3.153     3.68969   -10.05958    12.86677
    56  C   4.0  -0.072   3.137    -3.42343    -0.00321   -22.09090
    57  H   1.0   0.073   1.007    -5.36399     8.61205   -23.34813
    58  O   6.0  -0.109   1.032    11.70194     2.27258    24.37217
    59  H   1.0   0.074   1.004     3.23994   -14.04501    12.45348
    60  H   1.0   0.075   1.007    -1.26574     6.38123    -9.13871
    61  C   4.0   0.111   3.245    -3.87961     4.97206   -11.77715
    62  N   5.0  -0.219   2.161     6.66355     2.80946    20.08004
    63  H   1.0   0.075   1.005     1.89256     3.92061    -1.91467
    64  H   1.0   0.075   1.005    11.51637    -1.18845    20.83083
    65  N   5.0  -0.408   3.307     0.47451    -2.47308     5.28386
    66  H   1.0   0.076   1.007    -3.68100    -0.17234   -18.07296
    67  H   1.0   0.178   1.014     2.15542    -1.57679     5.26799
    68  H   1.0   0.074   1.006    -8.63624     0.51703   -12.21689
    69  C   4.0  -0.072   3.143    -4.97829     7.83480   -21.49374
    70  C   4.0   0.034   3.250     5.61003     1.77464    18.08846
    71  C   4.0  -0.066   3.297    -2.64694    -5.06447     6.39823
    72  N   5.0  -0.220   2.251    -3.46122     6.87539   -13.31576
    73  H   1.0   0.079   1.009    -5.21791     0.30387    -3.34878
    74  N   5.0  -0.224   2.156    -5.39328     2.03750    -6.96591
    75  H   1.0   0.075   1.005    -0.27061    -9.63269     6.65524
    76  C   4.0  -0.060   3.195    -2.72139     4.96488    -9.38873
    77  C   4.0   0.098   3.286    -1.40803    -0.47621     1.41673
    78  C   4.0   0.203   3.436    -0.23659    -4.25264     6.99312
    79  N   5.0  -0.318   3.291     1.33056    -5.06598     8.92688
    80  C   4.0   0.107   3.180    -1.64576     2.25633    -3.05947
    81  C   4.0  -0.063   3.155     0.80276    -9.74324     8.38490
    82  H   1.0   0.075   1.005    -4.28382     5.27215   -25.55590
 
  Z AO/shell   Hii/eV     exponent
  1     Sat Feb 20 21:38:01 CET 2016    EN: 2.327 GAM: 0.473  GM3: 0.0000
     1s    -13.751157    1.051071
  6     Sat Feb 20 21:38:01 CET 2016    EN: 2.731 GAM: 0.422  GM3: 0.0000
     2s    -19.378245    2.021003
     2p    -11.993376    1.497917
  7     Sat Feb 20 21:38:01 CET 2016    EN: 3.573 GAM: 0.504  GM3: 0.0000
     2s    -21.576984    2.275442
     2p    -16.125120    2.056788
  8     Sat Feb 20 21:38:01 CET 2016    EN: 3.700 GAM: 0.587  GM3: 0.0000
     2s    -21.648843    2.110798
     2p    -17.239740    2.329048
 
 dipole moment of classical point charges (au)
     X       Y       Z   
  -0.4840  -0.0997  -1.0938  total (Debye):    3.051

 
 Nbf   :          247
 T(el) :   300.0
 calculating S/T integrals ...
 cpu time for ints   1.479500000000000E-002
 Nao   :          247
 making H0...
 making H1...
 cpu time for H      1.309999999999992E-003
 solving ...
 cpu time for diag   5.198899999999999E-002
 
 gap (eV)           :   2.638
 Koopmans IP (eV)   :  12.571
 Eel (Eh)           :  -204.464720
 T,E(Fermi),NFOD :    300.000   -11.252  0.000000
 T,E(Fermi),NFOD :    300.000   -11.252  0.000000
 Nfod               :  0.0000
 Nfod/Nel           :  0.0000

          eigenvalues
 #    :         117        118        119        120        121        122        123        124
 occ. :        2.000      2.000      2.000      2.000      2.000      2.000      2.000      2.000
 eps  :       -15.875    -15.822    -15.515    -15.223    -15.212    -15.168    -15.071    -15.009
 #    :         125        126        127        128        129        130        131        132
 occ. :        2.000      2.000      2.000      2.000      2.000      0.000      0.000      0.000
 eps  :       -14.468    -14.062    -13.674    -12.936    -12.572     -9.934     -9.460     -8.566
 #    :         133        134        135        136        137        138        139        140
 occ. :        0.000      0.000      0.000      0.000      0.000      0.000      0.000      0.000
 eps  :        -7.991     -7.864     -7.789     -7.123     -6.942     -6.804     -6.710     -6.268
                            1  SCC done.
 making H1...
 cpu time for H      5.394699999999999E-002
 solving ...
 cpu time for diag   4.732000000000000E-003
 
 gap (eV)           :   2.370
 Koopmans IP (eV)   :  12.139
 Eel (Eh)           :  -202.868197
 T,E(Fermi),NFOD :    300.000   -10.954  0.000000
 T,E(Fermi),NFOD :    300.000   -10.954  0.000000
 Nfod               :  0.0000
 Nfod/Nel           :  0.0000

          eigenvalues
 #    :         117        118        119        120        121        122        123        124
 occ. :        2.000      2.000      2.000      2.000      2.000      2.000      2.000      2.000
 eps  :       -15.145    -15.104    -15.063    -15.059    -15.046    -14.778    -14.336    -14.095
 #    :         125        126        127        128        129        130        131        132
 occ. :        2.000      2.000      2.000      2.000      2.000      0.000      0.000      0.000
 eps  :       -14.045    -13.711    -13.447    -12.580    -12.141     -9.770     -9.095     -8.556
 #    :         133        134        135        136        137        138        139        140
 occ. :        0.000      0.000      0.000      0.000      0.000      0.000      0.000      0.000
 eps  :        -7.847     -7.727     -7.343     -6.943     -6.878     -6.778     -6.720     -6.204
                            2  SCC done.
 
 
 Mulliken/CM5 charges    n(s)   n(p)   n(d)   
    1 C   0.0832  0.1680   1.216  2.701  0.000
    2 C  -0.0364 -0.0897   1.139  2.898  0.000
    3 C   0.0577  0.0872   1.163  2.779  0.000
    4 C  -0.0092 -0.0653   1.138  2.871  0.000
    5 C  -0.0173 -0.0677   1.144  2.873  0.000
    6 H   0.0503  0.1073   0.950  0.000  0.000
    7 H   0.0583  0.1196   0.942  0.000  0.000
    8 H   0.0526  0.1123   0.947  0.000  0.000
    9 H   0.0511  0.1129   0.949  0.000  0.000
   10 N  -0.2158 -0.4119   1.438  3.778  0.000
   11 C  -0.0130 -0.0641   1.151  2.862  0.000
   12 C  -0.0375 -0.0875   1.143  2.895  0.000
   13 C  -0.0661 -0.1090   1.136  2.930  0.000
   14 C  -0.0531 -0.0994   1.141  2.912  0.000
   15 C   0.0405  0.1032   1.182  2.778  0.000
   16 C  -0.0141 -0.0226   1.161  2.853  0.000
   17 H   0.0445  0.1011   0.955  0.000  0.000
   18 H   0.0430  0.1003   0.957  0.000  0.000
   19 H   0.0445  0.1011   0.956  0.000  0.000
   20 H   0.0443  0.1008   0.956  0.000  0.000
   21 H   0.0630  0.1317   0.937  0.000  0.000
   22 C   0.0179  0.0103   1.170  2.812  0.000
   23 N  -0.0985 -0.4448   1.191  3.907  0.000
   24 C  -0.0444 -0.1006   1.132  2.913  0.000
   25 C   0.0125  0.0146   1.168  2.819  0.000
   26 H   0.0446  0.1037   0.955  0.000  0.000
   27 H   0.0477  0.1063   0.952  0.000  0.000
   28 C  -0.0356 -0.0917   1.135  2.901  0.000
   29 C   0.0402  0.1045   1.182  2.777  0.000
   30 C  -0.0170 -0.0638   1.150  2.867  0.000
   31 C   0.0074  0.0761   1.162  2.831  0.000
   32 C  -0.0015  0.0050   1.145  2.857  0.000
   33 N  -0.2229 -0.3553   1.644  3.579  0.000
   34 C  -0.0204 -0.0768   1.139  2.881  0.000
   35 C   0.0606  0.1358   1.188  2.752  0.000
   36 H   0.1533  0.3500   0.847  0.000  0.000
   37 C  -0.0472 -0.0888   1.141  2.907  0.000
   38 C   0.1007  0.2187   1.177  2.722  0.000
   39 C  -0.0228 -0.0198   1.165  2.858  0.000
   40 N  -0.1759 -0.3731   1.464  3.711  0.000
   41 C   0.0776  0.1570   1.206  2.717  0.000
   42 C   0.0266  0.0647   1.160  2.813  0.000
   43 C   0.1279  0.2626   1.190  2.682  0.000
   44 C  -0.0254 -0.0225   1.165  2.860  0.000
   45 H   0.0418  0.0998   0.958  0.000  0.000
   46 C  -0.0343 -0.0763   1.155  2.879  0.000
   47 C   0.0122  0.0089   1.178  2.810  0.000
   48 C   0.0338  0.1044   1.193  2.773  0.000
   49 C  -0.0411 -0.0953   1.142  2.899  0.000
   50 H   0.0458  0.1077   0.954  0.000  0.000
   51 C  -0.0354 -0.0838   1.133  2.902  0.000
   52 H   0.0529  0.1218   0.947  0.000  0.000
   53 C   0.1516  0.1472   1.151  2.697  0.000
   54 H   0.0292  0.0957   0.971  0.000  0.000
   55 C  -0.0341 -0.0870   1.138  2.897  0.000
   56 C  -0.0314 -0.0876   1.137  2.894  0.000
   57 H   0.0467  0.1051   0.953  0.000  0.000
   58 O  -0.2115 -0.2657   1.619  4.593  0.000
   59 H   0.0412  0.0979   0.959  0.000  0.000
   60 H   0.0435  0.1094   0.957  0.000  0.000
   61 C   0.0721  0.1549   1.195  2.733  0.000
   62 N  -0.1888 -0.3845   1.482  3.707  0.000
   63 H   0.0430  0.1042   0.957  0.000  0.000
   64 H   0.0499  0.1104   0.950  0.000  0.000
   65 N  -0.0716 -0.4260   1.209  3.862  0.000
   66 H   0.0494  0.1143   0.951  0.000  0.000
   67 H   0.1667  0.3733   0.833  0.000  0.000
   68 H   0.0452  0.1067   0.955  0.000  0.000
   69 C  -0.0642 -0.1182   1.147  2.917  0.000
   70 C   0.0259  0.0563   1.163  2.811  0.000
   71 C  -0.0798 -0.1212   1.127  2.953  0.000
   72 N  -0.2668 -0.4550   1.446  3.820  0.000
   73 H   0.0652  0.1481   0.935  0.000  0.000
   74 N  -0.2191 -0.4207   1.427  3.792  0.000
   75 H   0.0425  0.1027   0.957  0.000  0.000
   76 C  -0.0646 -0.0976   1.133  2.931  0.000
   77 C   0.0535  0.1320   1.183  2.763  0.000
   78 C   0.0711  0.2011   1.179  2.750  0.000
   79 N  -0.0786 -0.3172   1.234  3.844  0.000
   80 C   0.0607  0.1241   1.175  2.764  0.000
   81 C  -0.0390 -0.0882   1.135  2.904  0.000
   82 H   0.0403  0.0981   0.960  0.000  0.000
 
 Loewdin charges    n(s)   n(p)   n(d)
    1 C   0.0798   1.180  2.740  0.000
    2 C  -0.0309   1.085  2.946  0.000
    3 C   0.0644   1.113  2.823  0.000
    4 C   0.0010   1.082  2.917  0.000
    5 C  -0.0114   1.090  2.921  0.000
    6 H   0.0416   0.958  0.000  0.000
    7 H   0.0490   0.951  0.000  0.000
    8 H   0.0448   0.955  0.000  0.000
    9 H   0.0415   0.959  0.000  0.000
   10 N  -0.1991   1.405  3.794  0.000
   11 C  -0.0043   1.096  2.908  0.000
   12 C  -0.0347   1.090  2.944  0.000
   13 C  -0.0618   1.084  2.978  0.000
   14 C  -0.0482   1.088  2.961  0.000
   15 C   0.0344   1.147  2.819  0.000
   16 C  -0.0098   1.118  2.892  0.000
   17 H   0.0362   0.964  0.000  0.000
   18 H   0.0349   0.965  0.000  0.000
   19 H   0.0366   0.963  0.000  0.000
   20 H   0.0359   0.964  0.000  0.000
   21 H   0.0507   0.949  0.000  0.000
   22 C   0.0246   1.126  2.849  0.000
   23 N  -0.0550   1.139  3.916  0.000
   24 C  -0.0382   1.078  2.961  0.000
   25 C   0.0128   1.127  2.861  0.000
   26 H   0.0364   0.964  0.000  0.000
   27 H   0.0395   0.960  0.000  0.000
   28 C  -0.0273   1.080  2.947  0.000
   29 C   0.0338   1.148  2.818  0.000
   30 C  -0.0119   1.097  2.915  0.000
   31 C  -0.0048   1.129  2.876  0.000
   32 C  -0.0069   1.103  2.904  0.000
   33 N  -0.2097   1.605  3.604  0.000
   34 C  -0.0113   1.084  2.928  0.000
   35 C   0.0542   1.152  2.794  0.000
   36 H   0.1326   0.867  0.000  0.000
   37 C  -0.0505   1.090  2.960  0.000
   38 C   0.0944   1.143  2.763  0.000
   39 C  -0.0224   1.123  2.899  0.000
   40 N  -0.1538   1.429  3.725  0.000
   41 C   0.0762   1.169  2.755  0.000
   42 C   0.0222   1.115  2.863  0.000
   43 C   0.1199   1.159  2.721  0.000
   44 C  -0.0252   1.124  2.902  0.000
   45 H   0.0327   0.967  0.000  0.000
   46 C  -0.0267   1.102  2.925  0.000
   47 C   0.0162   1.135  2.849  0.000
   48 C   0.0250   1.159  2.816  0.000
   49 C  -0.0367   1.090  2.947  0.000
   50 H   0.0375   0.963  0.000  0.000
   51 C  -0.0328   1.081  2.952  0.000
   52 H   0.0416   0.958  0.000  0.000
   53 C   0.1458   1.106  2.749  0.000
   54 H   0.0160   0.984  0.000  0.000
   55 C  -0.0284   1.084  2.945  0.000
   56 C  -0.0233   1.082  2.941  0.000
   57 H   0.0388   0.961  0.000  0.000
   58 O  -0.1917   1.584  4.608  0.000
   59 H   0.0339   0.966  0.000  0.000
   60 H   0.0365   0.964  0.000  0.000
   61 C   0.0701   1.158  2.772  0.000
   62 N  -0.1649   1.445  3.720  0.000
   63 H   0.0336   0.966  0.000  0.000
   64 H   0.0402   0.960  0.000  0.000
   65 N  -0.0223   1.155  3.868  0.000
   66 H   0.0394   0.961  0.000  0.000
   67 H   0.1434   0.857  0.000  0.000
   68 H   0.0371   0.963  0.000  0.000
   69 C  -0.0590   1.095  2.964  0.000
   70 C   0.0235   1.117  2.859  0.000
   71 C  -0.0814   1.077  3.005  0.000
   72 N  -0.2532   1.415  3.838  0.000
   73 H   0.0520   0.948  0.000  0.000
   74 N  -0.2012   1.393  3.808  0.000
   75 H   0.0344   0.966  0.000  0.000
   76 C  -0.0719   1.085  2.986  0.000
   77 C   0.0481   1.148  2.804  0.000
   78 C   0.0535   1.152  2.794  0.000
   79 N  -0.0349   1.191  3.844  0.000
   80 C   0.0531   1.140  2.807  0.000
   81 C  -0.0370   1.082  2.955  0.000
   82 H   0.0328   0.967  0.000  0.000
 
 Wiberg/Mayer (AO) data. WBOs > 0.1 written file <wbo>
 largest (>0.05) Wiberg bond orders for each atom
           total WBO             WBO to atom ...
     1  C   3.904    N   10 1.450    C   25 1.109    C   35 1.062    N   72 0.052
     2  C   3.948    C   51 1.465    C   16 1.334    H   27 0.943    C   39 0.084
     3  C   3.941    N   74 1.450    C   37 1.379    H   21 0.944
     4  C   3.967    C   69 1.540    C   14 1.312    H    6 0.942
     5  C   3.968    C   56 1.500    C   25 1.310    H   66 0.943    C   49 0.106
     6  H   0.994    C    4 0.942
     7  H   0.996    C   13 0.943
     8  H   0.996    C   71 0.944
     9  H   0.996    C   14 0.940
    10  N   3.147    C    1 1.450    C   41 1.277    C   14 0.055
    11  C   3.966    C   30 1.445    C   47 1.358    H   45 0.943    N   62 0.106
    12  C   3.955    C   16 1.386    C   39 1.374    H   26 0.943    C   51 0.095
    13  C   3.958    C   31 1.459    C   71 1.326    H    7 0.943    N   65 0.076
    14  C   3.930    C   35 1.411    C    4 1.312    H    9 0.940    N   10 0.055
    15  C   3.923    C   81 1.373    C   44 1.271    N   79 1.039    C   24 0.092
    16  C   3.950    C   12 1.386    C    2 1.334    C   47 1.017    C   29 0.084
    17  H   0.994    C   56 0.945
    18  H   0.997    C   55 0.945
    19  H   0.997    C   28 0.945
    20  H   0.994    C   34 0.945
    21  H   0.994    C    3 0.944
    22  C   3.952    C   49 1.282    C   25 1.239    C   69 1.194    C   56 0.072
    23  N   3.415    C   43 1.121    C   80 1.048    H   36 0.942
    24  C   3.968    C   55 1.460    C   28 1.396    H   59 0.945    C   15 0.092
    25  C   3.936    C    5 1.310    C   22 1.239    C    1 1.109    C   34 0.074
    26  H   0.997    C   12 0.943
    27  H   0.997    C    2 0.943
    28  C   3.953    C   81 1.450    C   24 1.396    H   19 0.945    C   44 0.091
    29  C   3.918    C   51 1.364    C   39 1.256    N   79 1.054    C   16 0.084
    30  C   3.968    C   11 1.445    C   48 1.352    H   64 0.945    C   70 0.085
    31  C   3.914    C   13 1.459    N   65 1.121    C   77 1.120    C   78 0.092
    32  C   3.957    C   46 1.357    C   77 1.232    C   38 1.075    C   42 0.081    N   33 0.076
    33  N   3.074    C   38 2.787    C   32 0.076    C   46 0.073    C   77 0.063
    34  C   3.960    C   49 1.516    C   56 1.342    H   20 0.945    C   25 0.074
    35  C   3.937    C   14 1.411    N   72 1.212    C    1 1.062    C   69 0.067
    36  H   0.976    N   23 0.942
    37  C   3.938    C    3 1.379    C   41 1.349    H   68 0.937    N   74 0.059    N   72 0.052
    38  C   3.939    N   33 2.787    C   32 1.075
    39  C   3.952    C   12 1.374    C   29 1.256    C   44 1.082    C    2 0.084
    40  N   3.132    C   42 1.477    C   77 1.317    C   46 0.096
    41  C   3.919    C   37 1.349    N   10 1.277    C   61 1.022    N   74 0.063    N   72 0.050
    42  C   3.953    N   40 1.477    C   80 1.308    H   73 0.936    C   32 0.081
    43  C   3.906    C   76 1.382    N   74 1.238    N   23 1.121    N   72 0.061
    44  C   3.951    C   55 1.354    C   15 1.271    C   39 1.082    C   28 0.091
    45  H   0.996    C   11 0.943
    46  C   3.961    C   80 1.367    C   32 1.357    H   63 0.941    N   40 0.096    N   33 0.073
    47  C   3.951    C   11 1.358    C   70 1.334    C   16 1.017    C   48 0.090
    48  C   3.934    C   30 1.352    N   62 1.330    C   53 1.025    C   47 0.090    O   58 0.067
    49  C   3.957    C   34 1.516    C   22 1.282    H   82 0.944    C    5 0.106
    50  H   0.995    C   51 0.943
    51  C   3.965    C    2 1.465    C   29 1.364    H   50 0.943    C   12 0.095
    52  H   0.996    C   70 0.947
    53  C   3.916    O   58 1.901    C   48 1.025    H   54 0.919
    54  H   0.997    C   53 0.919
    55  C   3.961    C   24 1.460    C   44 1.354    H   18 0.945    C   81 0.103
    56  C   3.951    C    5 1.500    C   34 1.342    H   17 0.945    C   22 0.072
    57  H   0.995    C   69 0.942
    58  O   2.147    C   53 1.901    C   48 0.067
    59  H   0.997    C   24 0.945
    60  H   0.998    C   76 0.936
    61  C   3.920    N   72 1.400    C   76 1.281    C   41 1.022
    62  N   3.106    C   70 1.478    C   48 1.330    C   11 0.106
    63  H   0.997    C   46 0.941
    64  H   0.996    C   30 0.945
    65  N   3.523    C   78 1.184    C   31 1.121    H   67 0.932    C   13 0.076    C   71 0.066
    66  H   0.996    C    5 0.943
    67  H   0.972    N   65 0.932
    68  H   0.997    C   37 0.937
    69  C   3.895    C    4 1.540    C   22 1.194    H   57 0.942    C   35 0.067
    70  C   3.955    N   62 1.478    C   47 1.334    H   52 0.947    C   30 0.085
    71  C   3.949    C   78 1.496    C   13 1.326    H    8 0.944    N   65 0.066
    72  N   3.085    C   61 1.400    C   35 1.212    C   43 0.061    C   37 0.052    C    1 0.052    C   41 0.050
    73  H   0.994    C   42 0.936
    74  N   3.057    C    3 1.450    C   43 1.238    C   41 0.063    C   37 0.059
    75  H   0.997    C   81 0.944
    76  C   3.919    C   43 1.382    C   61 1.281    H   60 0.936
    77  C   3.938    N   40 1.317    C   32 1.232    C   31 1.120    C   80 0.072    N   33 0.063
    78  C   3.890    C   71 1.496    N   65 1.184    N   79 1.002    C   31 0.092
    79  N   3.446    C   29 1.054    C   15 1.039    C   78 1.002
    80  C   3.916    C   46 1.367    C   42 1.308    N   23 1.048    C   77 0.072
    81  C   3.967    C   28 1.450    C   15 1.373    H   75 0.944    C   55 0.103
    82  H   0.997    C   49 0.944
 
 --------------------------------------------
          xTB calculation for sTDA...
 --------------------------------------------
 
 reading parameter file 
 /home/jovyan/cpu-only-1-datavol-1/software/xtb4stda_home/.param_stda2.xtb
 
      method parameters     
 k(s)        :  1.6000
 k(p)        :  2.1800
 k(d)        :  1.9500
 k(f)        :  2.0000
 k(R-V)      :  2.2750
 k(R-R)      :  1.7650
 Tscal       :  0.2580
 Gscal       :  1.0000
 fpol        :  1.0000
 Zcnf        :  0.3430
 Zqf         :  0.0000
 kcn         :  2.7000
 Ryd Hsplit  :  0.7000
 lshift(virt):  3.1000
 lshift(OS)  :  0.2000
 wllscaling  :  2.6000
 
 mowrcut     : 3.000
 
  Z AO/shell   Hii/eV     exponent
  1     Sun Feb 14 09:53:25 CET 2016    EN: 2.327 GAM: 0.473  GM3: 0.0000
     1s    -14.339618    1.220000
     2sp    -3.348946    0.600000
  6     Sun Feb 14 09:53:25 CET 2016    EN: 2.731 GAM: 0.422  GM3: 0.0000
     2s    -22.009312    1.565095
     2p    -13.020408    1.596905
     3sp    -3.914040    0.824500
  7     Sun Feb 14 09:53:25 CET 2016    EN: 3.573 GAM: 0.504  GM3: 0.0000
     2s    -25.722000    2.064844
     2p    -18.684912    1.801692
     3sp    -4.344791    0.921400
  8     Sun Feb 14 09:53:25 CET 2016    EN: 3.700 GAM: 0.587  GM3: 0.0000
     2s    -33.859000    2.418661
     2p    -22.175911    1.973969
     3sp    -4.259392    1.013700
 
 Nbf   :          575
 T(el) :     0.0
 calculating S/T integrals ...
 cpu time for ints   0.299465000000000     
 Nao   :          575
 making H0...
 making H1...
 cpu time for H      5.456999999999990E-003
 solving ...
 cpu time for diag   3.586499999999998E-002
 
 gap (eV)           :   4.803
 Koopmans IP (eV)   :  13.556
 Eel (Eh)           :  -227.362469

          eigenvalues
 #    :         117        118        119        120        121        122        123        124
 occ. :        2.000      2.000      2.000      2.000      2.000      2.000      2.000      2.000
 eps  :       -16.882    -16.542    -16.254    -16.230    -16.199    -16.146    -16.131    -15.726
 #    :         125        126        127        128        129        130        131        132
 occ. :        2.000      2.000      2.000      2.000      2.000      0.000      0.000      0.000
 eps  :       -15.545    -15.304    -14.825    -13.948    -13.557     -8.754     -8.058     -7.938
 #    :         133        134        135        136        137        138        139        140
 occ. :        0.000      0.000      0.000      0.000      0.000      0.000      0.000      0.000
 eps  :        -7.318     -6.927     -6.791     -6.554     -6.268     -6.199     -6.062     -5.440
                            1  SCC done.
 writing mo output ...
 molden style : F
 
speedup  0.75
cpu  time for all    0.50 s
wall time for all    0.67 s
