 
        ______________________________________
       |                                      |
       |          ===================         |
       |             xTB for sTDA             |
       |          ===================         |
       |               S. Grimme              |
       |        Universitaet Bonn, MCTC       |
       |         2015-19, Version 1.0         |
       |     Wed Apr  3 09:14:55 CEST 2019    |
       |______________________________________|
 
        This code comes without any warranty
        for non-commercial, academia use only.
        Preliminary test version.
        Cite this work as:
        S. Grimme  &  C. Bannwarth, JCP 145 (2016) 054103
        if GBSA is used additionally:
        P. Shushkov, F. März, C. Bannwarth, S. Grimme, unpublished.
 
        with help from
        P. Shushkov, G. Brandenburg, S. Dohm, J. Pisarek,
        F. März, M. Checinski, S. Ehrlich, S. Spicher, 
        P. Pracht, E. Caldeweyher, S. Ehlert, and C. Bannwarth.
 
        usage        :
        xtb4stda <coord_file> [options]
        where <coord_file> is a valid file of TM)
        (*coord, Bohr) or xmol (*xyz, Angstroem)
        format.

        options:
        -chrg <int>   : molecular charge
        -uhf  <int>   : # of unpaired electrons(=2*S)
        -nox          : skip second, extended part in sTDA-xTB
        -pop          : do population analysis
                      : (default for -nox)
        -mowr <real>  : cut MO write above (def.3 Eh)
        -molden       : write formatted molden file
        -parx <file>  : read parameters for sTDA-xTB
                        calc (def:~/.param_stda2.xtb)
        -parv <file>  : read parameters for vTB part in
                        sTDA-xTB (def: ~/.param_stda1.xtb)
        -xtemp <real> : el. temp for xTB (def. 0 K)
        -etemp <real> : el. temp for GFN (def. 300 K)
        -fod          : calculate the FOD and write
                        molden.input file with
                        appropriate occupations
                        for plotting. Def. T=12500 K
 
        -acc <real>   : xTB accuracy (def. 1.0)
        -gbsa [string1] [string2]
                        use GBSA implicit solvent
                        for solvent [string1] and
                        solvation state [string2]=
                        reference, bar1M (default=1M)
        additional GFN/opt/MD/siman options read from
        $XTB4STDAHOME/.xtb4stdarc or $set in input
 
       spin and charge state information can be on:
       <.CHRG> (charge) and <.UHF> (=nalpha-nbeta)
       -uhf and -chrg override the file info.
       useful machine settings:
       setenv MKL_NUM_THREADS <NCORE_ON_YOUR_MACHINE>
       setenv OMP_STACKSIZE 500m
       limit stacksize unlimited
 
       total energies in Eh, gaps/HL energies in eV
       please read REVISION and HOWTO files carefully
OMP: Warning #182: OMP_STACKSIZE: ignored because KMP_STACKSIZE has been defined
 =============================
  # OMP threads =           1
 =============================
 
 xtb4stdahome directory:
 /home/jovyan/cpu-only-1-datavol-1/software/xtb4stda_home/
 
 
 name of molecule           : energy: -175.100606944368 gnorm: 0.002670462776 xtb: 6.7.1 (edcfbbe)
 comment line               :
 number of atoms            :   111
 number of electrons        :   323
 charge                     :  0
 spin                       : 0.5
 first test random number   :  0.9307
 
 -----------------------------------------
      charge density (VTB) calculation
 -----------------------------------------
 
      method parameters     
 k(s)        :  1.8000
 k(p)        :  2.8350
 k(d)        :  2.0860
 k(f)        :  2.0000
 Tscal       :  0.3300
 Gscal       :  0.3910
 fpol        :  1.0000
 Zcnf        :  0.6500
 Zqf         :  0.0000
 kcn         :  0.3000
 kEN1        : -0.5900
 wllscal     :  2.6000
 
     -------------------------
     ! NO SOLVENT MODEL USED !
     -------------------------
 
 doing EN charges ...
 sum q : -0.4996004D-14
 point charge moment (au)
     X       Y       Z   
   0.7754   0.0292  -0.2507  total (Debye):    2.073
 
            Z      q(EN)   CN      Cart. coordinates
     1  C   4.0  -0.076   3.306     3.98260     3.09915   -19.65693
     2  H   1.0   0.086   1.002    -0.94411    -8.64833    12.16303
     3  H   1.0   0.073   1.004    13.11394     1.96513   -25.87073
     4  H   1.0   0.083   1.000    -1.25138    10.97893     3.19194
     5  N   5.0  -0.225   2.121    10.23835     2.31850   -17.44519
     6  N   5.0  -0.218   2.178     6.05771     3.12655   -24.52165
     7  C   4.0  -0.110   4.123     3.56724     5.18295     1.20924
     8  C   4.0   0.015   3.339     2.50408     2.91566    -2.98709
     9  H   1.0   0.078   1.012     1.25648     2.01653     4.78762
    10  C   4.0   0.037   3.361     0.50153     2.93777    -4.66403
    11  N   5.0  -0.415   3.285     1.43147     2.91226    -7.03999
    12  H   1.0   0.079   0.999    -9.61171   -10.82624    17.78912
    13  H   1.0   0.073   1.004     6.27918    -0.68748     2.82098
    14  C   4.0   0.077   3.418     8.48922     2.49803   -11.86294
    15  H   1.0   0.087   1.009     0.47432     2.33570     0.46638
    16  O   6.0  -0.148   2.140     4.30442     2.88977   -11.46875
    17  C   4.0  -0.059   3.111    10.92564     2.23139   -12.82292
    18  H   1.0   0.086   1.002    -0.08768   -12.26054    15.08568
    19  C   4.0  -0.240   4.067    -5.31202   -13.54593    11.29244
    20  H   1.0   0.075   1.004    -5.10509     6.93076    -2.94589
    21  C   4.0   0.007   3.260    -7.90189    -4.33843    10.19129
    22  H   1.0   0.082   1.005    -5.06579   -11.87258    16.63053
    23  H   1.0   0.087   1.005    -0.82789     5.54748     7.79361
    24  H   1.0   0.084   1.000     1.43468    10.08225     1.40066
    25  C   4.0  -0.068   3.155   -10.73005    -2.07927     5.15801
    26  H   1.0   0.080   0.999    -9.64403   -13.03344    15.30999
    27  C   4.0  -0.071   3.174    -9.86475     0.99041     1.80847
    28  C   4.0   0.023   3.196     4.49849     2.59970     1.41843
    29  C   4.0   0.093   3.351    -5.70225     3.38771     1.99423
    30  C   4.0  -0.072   3.150   -11.39278    -0.80729     2.94060
    31  N   5.0  -0.201   2.220     7.94025     2.55151    -9.33373
    32  C   4.0  -0.004   3.414    -4.63777     0.62682     6.42941
    33  C   4.0   0.055   3.414    -8.05741    -7.64205    12.90380
    34  C   4.0   0.007   3.214    -2.76902     2.15674     5.45205
    35  C   4.0   0.002   3.352     6.57284     2.80889   -20.10234
    36  C   4.0   0.105   3.354     7.80287     2.61047   -17.72657
    37  C   4.0  -0.069   3.135     9.44750     2.69343   -27.46093
    38  N   5.0  -0.233   2.094     0.67274     0.69164     8.24204
    39  C   4.0   0.173   3.573     5.50704     2.77166    -9.17708
    40  H   1.0   0.075   1.004   -11.94231    -3.55401     5.87799
    41  C   4.0  -0.170   4.041    -0.95601   -12.67968    13.28685
    42  H   1.0   0.082   1.000    -4.22618   -14.46623     9.81070
    43  C   4.0  -0.069   3.178    10.24798     2.32058   -23.03444
    44  H   1.0   0.079   1.004     2.60782     3.30060   -21.13715
    45  C   4.0  -0.074   3.291    -6.40995    -6.12252    11.48519
    46  C   4.0  -0.006   3.403   -10.36420    -4.85962    10.88425
    47  H   1.0   0.082   1.000    -6.82777   -12.46633    10.41522
    48  H   1.0   0.074   1.006    12.40926     2.07341   -11.42831
    49  C   4.0   0.031   3.114    -7.60048    -9.65744    14.49665
    50  C   4.0   0.150   3.301     2.71705     6.03219     3.78550
    51  H   1.0   0.073   1.006     7.66907     5.87138     7.30946
    52  C   4.0   0.009   3.268    -1.92034     5.91409     2.54074
    53  C   4.0  -0.011   4.049    -3.63130   -11.83819    12.84900
    54  H   1.0   0.073   1.005     9.01116     1.85533     5.69431
    55  C   4.0   0.056   3.183    -0.18463     1.63650     6.19207
    56  C   4.0  -0.001   3.336    -7.05850    -2.39409     8.47826
    57  C   4.0   0.023   3.127    -0.54632    -0.16195    10.30430
    58  C   4.0  -0.169   4.039    -1.49496   -10.51179    11.53867
    59  H   1.0   0.076   1.005   -10.41825     1.89823     0.07068
    60  H   1.0   0.082   1.004    -3.80969    -8.93330    15.66280
    61  C   4.0  -0.109   4.087     2.29318     2.99068    -0.21732
    62  C   4.0  -0.250   4.052    -9.73190   -11.01880    15.73707
    63  H   1.0   0.084   1.000     1.77804    10.89578     4.59052
    64  H   1.0   0.081   1.001   -12.10804    -3.93800    10.42184
    65  C   4.0   0.072   3.437     6.17921     2.72272   -13.21259
    66  H   1.0   0.083   1.000    -2.47592     8.34786     7.04206
    67  C   4.0  -0.066   3.092     6.00064     1.33112     2.97783
    68  C   4.0   0.035   3.122    11.59290     2.14276   -15.35081
    69  H   1.0   0.074   1.007    -3.37864    -2.19889    12.20083
    70  C   4.0  -0.069   3.194    -2.53072     6.95627     0.21146
    71  C   4.0   0.020   3.135     6.53864     4.94768     5.87138
    72  H   1.0   0.177   1.010     0.41876     2.90092    -8.65098
    73  C   4.0   0.111   3.394     4.01378     2.86161    -6.94814
    74  H   1.0   0.081   1.003    -1.49005     2.96120    -4.28741
    75  N   5.0  -0.222   2.174    -6.25594     4.51096    -0.18916
    76  C   4.0  -0.072   3.249     3.47955     3.08725   -17.07311
    77  C   4.0  -0.071   3.151    11.13275     2.29394   -25.48976
    78  H   1.0   0.086   1.002    -1.25912   -10.79676     9.53178
    79  C   4.0   0.038   3.206    -4.64211     6.14066    -1.11645
    80  H   1.0   0.074   1.004    10.06487     2.68908   -29.40489
    81  C   4.0  -0.004   3.339    -4.73546    -1.17484     8.53646
    82  N   5.0  -0.238   2.158     4.22921     6.03257     5.63951
    83  H   1.0   0.078   1.008    -1.41673     8.44821    -0.60150
    84  O   6.0  -0.156   2.126   -10.48779    -6.81246    12.49903
    85  H   1.0   0.081   1.004     6.63350     2.83553    -3.74676
    86  H   1.0   0.086   1.001    -0.34790   -14.45262    12.48202
    87  C   4.0   0.002   3.283    -3.41058     3.83463     3.37203
    88  C   4.0  -0.064   3.118    -2.88353    -1.23475    10.46719
    89  C   4.0  -0.246   4.140     0.53630     9.96679     3.24315
    90  H   1.0   0.074   1.004     5.52915     3.41719   -28.31452
    91  C   4.0  -0.069   3.332     4.72942     2.87333    -4.42990
    92  C   4.0  -0.029   4.138     0.12245     7.20590     4.11545
    93  H   1.0   0.078   1.003     1.65124     3.27357   -16.20780
    94  C   4.0  -0.173   4.124    -4.96866   -10.53484    15.05885
    95  H   1.0   0.082   1.005    -4.41327    -6.36686    11.33420
    96  H   1.0   0.081   0.999    -6.15011   -15.00386    12.47975
    97  H   1.0   0.077   1.007    11.48311     2.02163   -21.44329
    98  C   4.0  -0.004   3.366    -8.47977    -1.46000     6.33871
    99  C   4.0  -0.013   3.525    -6.98084     0.42802     5.18900
   100  C   4.0  -0.070   3.122     7.34177     2.71573     4.89269
   101  C   4.0   0.005   3.318     5.74609     2.80303   -15.78337
   102  H   1.0   0.084   1.001     0.74833     8.44367     7.93779
   103  H   1.0   0.072   1.006    13.59355     1.89728   -15.75068
   104  C   4.0   0.094   3.269     7.67153     2.74936   -22.61133
   105  H   1.0   0.083   1.001   -11.54131   -10.27916    15.11176
   106  C   4.0   0.007   3.273    -7.55871     1.62989     2.93361
   107  C   4.0   0.034   3.206     6.92981     3.09821   -26.85206
   108  H   1.0   0.073   1.006     0.67955    -0.21505    11.94666
   109  H   1.0   0.074   1.005   -13.16478    -1.28804     2.04487
   110  C   4.0  -0.246   4.115    -0.66670     7.38014     6.90033
   111  H   1.0   0.086   1.005     4.59336     6.56585     0.09959
 
  Z AO/shell   Hii/eV     exponent
  1     Sat Feb 20 21:38:01 CET 2016    EN: 2.327 GAM: 0.473  GM3: 0.0000
     1s    -13.751157    1.051071
  6     Sat Feb 20 21:38:01 CET 2016    EN: 2.731 GAM: 0.422  GM3: 0.0000
     2s    -19.378245    2.021003
     2p    -11.993376    1.497917
  7     Sat Feb 20 21:38:01 CET 2016    EN: 3.573 GAM: 0.504  GM3: 0.0000
     2s    -21.576984    2.275442
     2p    -16.125120    2.056788
  8     Sat Feb 20 21:38:01 CET 2016    EN: 3.700 GAM: 0.587  GM3: 0.0000
     2s    -21.648843    2.110798
     2p    -17.239740    2.329048
 
 dipole moment of classical point charges (au)
     X       Y       Z   
   0.7754   0.0292  -0.2507  total (Debye):    2.073

 
 Nbf   :          312
 T(el) :   300.0
 calculating S/T integrals ...
 cpu time for ints   2.259400000000000E-002
 Nao   :          312
 making H0...
=================================================
                     0   SCC step
=================================================
 making H1...
 cpu time for H      1.903000000000002E-003
 solving ...
 cpu time for diag   7.300999999999999E-002
 
 T,E(Fermi),NFOD :    300.000   -10.123  0.001676
 T,E(Fermi),NFOD :    300.000   -11.508  0.000000
 a/b gap (eV)           :   0.366  2.403
 Koopmans IP (eV)       :  10.307
 Eel (Eh)               :  -253.117835
 Nfod                   :  0.0017
 Nfod/Nel               :  0.0000

          eigenvalues
 #    :         150        151        152        153        154        155        156        157
 occ. :        1.000      1.000      1.000      1.000      1.000      1.000      1.000      1.000
 eps  :       -15.669    -15.517    -15.399    -15.207    -14.874    -14.794    -14.576    -14.488
 #    :         158        159        160        161        162        163        164        165
 occ. :        1.000      1.000      1.000      1.000      0.999      0.001      0.000      0.000
 eps  :       -14.076    -13.734    -12.921    -12.709    -10.307     -9.940     -9.652     -8.596
 #    :         166        167        168        169        170        171        172        173
 occ. :        0.000      0.000      0.000      0.000      0.000      0.000      0.000      0.000
 eps  :        -8.264     -8.100     -7.924     -7.918     -7.284     -7.032     -6.984     -6.414

          eigenvalues
 #    :         149        150        151        152        153        154        155        156
 occ. :        1.000      1.000      1.000      1.000      1.000      1.000      1.000      1.000
 eps  :       -15.866    -15.669    -15.517    -15.399    -15.207    -14.874    -14.794    -14.576
 #    :         157        158        159        160        161        162        163        164
 occ. :        1.000      1.000      1.000      1.000      1.000      0.000      0.000      0.000
 eps  :       -14.488    -14.076    -13.734    -12.921    -12.709    -10.307     -9.940     -9.652
 #    :         165        166        167        168        169        170        171        172
 occ. :        0.000      0.000      0.000      0.000      0.000      0.000      0.000      0.000
 eps  :        -8.596     -8.264     -8.100     -7.924     -7.918     -7.284     -7.032     -6.984
                            1  SCC done.
=================================================
                     1   SCC step
=================================================
 making H1...
 cpu time for H      7.668500000000000E-002
 solving ...
 cpu time for diag   1.139199999999999E-002
 
 T,E(Fermi),NFOD :    300.000   -10.358  0.000000
 T,E(Fermi),NFOD :    300.000   -11.293  0.000000
 a/b gap (eV)           :   0.834  2.706
 Koopmans IP (eV)       :  10.775
 Eel (Eh)               :  -253.137940
 Nfod                   :  0.0000
 Nfod/Nel               :  0.0000

          eigenvalues
 #    :         150        151        152        153        154        155        156        157
 occ. :        1.000      1.000      1.000      1.000      1.000      1.000      1.000      1.000
 eps  :       -15.670    -15.530    -15.412    -15.366    -14.879    -14.795    -14.577    -14.503
 #    :         158        159        160        161        162        163        164        165
 occ. :        1.000      1.000      1.000      1.000      1.000      0.000      0.000      0.000
 eps  :       -14.076    -13.734    -12.921    -12.775    -10.775     -9.941     -9.661     -8.613
 #    :         166        167        168        169        170        171        172        173
 occ. :        0.000      0.000      0.000      0.000      0.000      0.000      0.000      0.000
 eps  :        -8.265     -8.101     -7.925     -7.921     -7.292     -7.147     -7.032     -6.425

          eigenvalues
 #    :         149        150        151        152        153        154        155        156
 occ. :        1.000      1.000      1.000      1.000      1.000      1.000      1.000      1.000
 eps  :       -15.851    -15.669    -15.511    -15.395    -15.039    -14.865    -14.791    -14.576
 #    :         157        158        159        160        161        162        163        164
 occ. :        1.000      1.000      1.000      1.000      1.000      0.000      0.000      0.000
 eps  :       -14.470    -14.076    -13.734    -12.921    -12.646     -9.940     -9.843     -9.636
 #    :         165        166        167        168        169        170        171        172
 occ. :        0.000      0.000      0.000      0.000      0.000      0.000      0.000      0.000
 eps  :        -8.579     -8.264     -8.099     -7.924     -7.914     -7.279     -7.032     -6.830
                            2  SCC done.
 updating charges
=================================================
                     2   SCC step
=================================================
 making H1...
 cpu time for H      1.385400000000001E-002
 solving ...
 cpu time for diag   1.133600000000001E-002
 
 T,E(Fermi),NFOD :    300.000   -10.187  0.000000
 T,E(Fermi),NFOD :    300.000   -11.103  0.000000
 a/b gap (eV)           :   0.817  2.649
 Koopmans IP (eV)       :  10.595
 Eel (Eh)               :  -252.034815
 Nfod                   :  0.0000
 Nfod/Nel               :  0.0000
 writing <aospin>

          eigenvalues
 #    :         150        151        152        153        154        155        156        157
 occ. :        1.000      1.000      1.000      1.000      1.000      1.000      1.000      1.000
 eps  :       -15.248    -14.937    -14.838    -14.825    -14.712    -14.490    -14.412    -14.338
 #    :         158        159        160        161        162        163        164        165
 occ. :        1.000      1.000      1.000      1.000      1.000      0.000      0.000      0.000
 eps  :       -14.039    -13.643    -12.567    -12.523    -10.595     -9.779     -9.591     -8.576
 #    :         166        167        168        169        170        171        172        173
 occ. :        0.000      0.000      0.000      0.000      0.000      0.000      0.000      0.000
 eps  :        -8.365     -8.144     -7.898     -7.640     -7.491     -7.043     -6.616     -6.570

          eigenvalues
 #    :         149        150        151        152        153        154        155        156
 occ. :        1.000      1.000      1.000      1.000      1.000      1.000      1.000      1.000
 eps  :       -15.310    -14.945    -14.901    -14.827    -14.821    -14.674    -14.445    -14.410
 #    :         157        158        159        160        161        162        163        164
 occ. :        1.000      1.000      1.000      1.000      1.000      0.000      0.000      0.000
 eps  :       -14.338    -14.039    -13.643    -12.523    -12.427     -9.779     -9.588     -9.379
 #    :         165        166        167        168        169        170        171        172
 occ. :        0.000      0.000      0.000      0.000      0.000      0.000      0.000      0.000
 eps  :        -8.537     -8.365     -8.144     -7.895     -7.639     -7.485     -6.748     -6.608
                            3  SCC done.
 <S^2>           : 0.76543
 
 
 Mulliken/CM5 charges      n(s)   n(p)   n(d)   
    1 C  -0.0246 -0.0749   1.152  2.872  0.000
    2 H   0.0379  0.0939   0.962  0.000  0.000
    3 H   0.0375  0.0938   0.963  0.000  0.000
    4 H   0.0374  0.0916   0.963  0.000  0.000
    5 N  -0.1343 -0.3377   1.439  3.696  0.000
    6 N  -0.2122 -0.4082   1.476  3.737  0.000
    7 C  -0.0729 -0.1208   1.170  2.903  0.000
    8 C  -0.0391 -0.0410   1.172  2.867  0.000
    9 H   0.0715  0.1522   0.929  0.000  0.000
   10 C  -0.0156  0.0026   1.162  2.853  0.000
   11 N  -0.0546 -0.4182   1.205  3.850  0.000
   12 H   0.0419  0.0942   0.958  0.000  0.000
   13 H   0.0483  0.1049   0.952  0.000  0.000
   14 C   0.0193  0.0886   1.191  2.790  0.000
   15 H   0.0600  0.1240   0.940  0.000  0.000
   16 O  -0.1004 -0.1578   1.497  4.603  0.000
   17 C   0.0084 -0.0348   1.145  2.847  0.000
   18 H   0.0343  0.0900   0.966  0.000  0.000
   19 C  -0.0926 -0.2393   1.096  2.997  0.000
   20 H   0.0567  0.1240   0.943  0.000  0.000
   21 C  -0.0233 -0.0272   1.161  2.862  0.000
   22 H   0.0418  0.0993   0.958  0.000  0.000
   23 H   0.0456  0.1089   0.954  0.000  0.000
   24 H   0.0399  0.0951   0.960  0.000  0.000
   25 C  -0.0256 -0.0787   1.142  2.883  0.000
   26 H   0.0423  0.0952   0.958  0.000  0.000
   27 C  -0.0281 -0.0795   1.140  2.888  0.000
   28 C  -0.0130 -0.0234   1.172  2.841  0.000
   29 C   0.0525  0.1276   1.195  2.752  0.000
   30 C  -0.0245 -0.0802   1.137  2.887  0.000
   31 N  -0.2130 -0.3939   1.525  3.688  0.000
   32 C   0.0091  0.0099   1.189  2.802  0.000
   33 C   0.0416  0.0592   1.164  2.794  0.000
   34 C   0.0068  0.0059   1.202  2.792  0.000
   35 C  -0.0343 -0.0272   1.147  2.887  0.000
   36 C   0.0446  0.1249   1.191  2.764  0.000
   37 C  -0.0449 -0.0953   1.138  2.907  0.000
   38 N  -0.1368 -0.3463   1.428  3.708  0.000
   39 C   0.1387  0.2503   1.197  2.664  0.000
   40 H   0.0440  0.1017   0.956  0.000  0.000
   41 C  -0.0866 -0.1932   1.111  2.976  0.000
   42 H   0.0357  0.0892   0.964  0.000  0.000
   43 C  -0.0382 -0.0844   1.142  2.896  0.000
   44 H   0.0500  0.1111   0.950  0.000  0.000
   45 C  -0.0931 -0.1431   1.142  2.951  0.000
   46 C  -0.0015 -0.0261   1.148  2.854  0.000
   47 H   0.0378  0.0923   0.962  0.000  0.000
   48 H   0.0576  0.1184   0.942  0.000  0.000
   49 C  -0.0311 -0.0494   1.202  2.829  0.000
   50 C   0.0627  0.1424   1.269  2.669  0.000
   51 H   0.0489  0.1166   0.951  0.000  0.000
   52 C   0.0041 -0.0024   1.216  2.780  0.000
   53 C  -0.0103 -0.0397   1.220  2.790  0.000
   54 H   0.0429  0.1000   0.957  0.000  0.000
   55 C   0.0447  0.0806   1.181  2.774  0.000
   56 C  -0.0383 -0.0404   1.160  2.878  0.000
   57 C   0.0016  0.0226   1.148  2.850  0.000
   58 C  -0.0804 -0.1877   1.113  2.967  0.000
   59 H   0.0455  0.1064   0.954  0.000  0.000
   60 H   0.0467  0.1045   0.953  0.000  0.000
   61 C  -0.0206 -0.0733   1.149  2.871  0.000
   62 C  -0.0816 -0.2262   1.081  3.000  0.000
   63 H   0.0432  0.0989   0.957  0.000  0.000
   64 H   0.0536  0.1188   0.946  0.000  0.000
   65 C   0.1054  0.1388   1.191  2.704  0.000
   66 H   0.0353  0.0895   0.965  0.000  0.000
   67 C  -0.0415 -0.0939   1.138  2.903  0.000
   68 C   0.0146  0.0408   1.153  2.833  0.000
   69 H   0.0510  0.1105   0.949  0.000  0.000
   70 C  -0.0412 -0.0909   1.146  2.895  0.000
   71 C  -0.0032  0.0157   1.145  2.858  0.000
   72 H   0.1679  0.3655   0.832  0.000  0.000
   73 C   0.0342  0.1036   1.156  2.810  0.000
   74 H   0.0649  0.1317   0.935  0.000  0.000
   75 N  -0.1822 -0.3802   1.475  3.707  0.000
   76 C  -0.0901 -0.1419   1.128  2.962  0.000
   77 C  -0.0248 -0.0783   1.148  2.877  0.000
   78 H   0.0359  0.0916   0.964  0.000  0.000
   79 C   0.0286  0.0561   1.160  2.811  0.000
   80 H   0.0357  0.0924   0.964  0.000  0.000
   81 C  -0.0207 -0.0237   1.176  2.845  0.000
   82 N  -0.1425 -0.3552   1.417  3.726  0.000
   83 H   0.0477  0.1087   0.952  0.000  0.000
   84 O  -0.0908 -0.1673   1.480  4.610  0.000
   85 H   0.0617  0.1217   0.938  0.000  0.000
   86 H   0.0353  0.0910   0.965  0.000  0.000
   87 C  -0.0034 -0.0012   1.191  2.813  0.000
   88 C  -0.0149 -0.0632   1.148  2.867  0.000
   89 C  -0.0961 -0.2437   1.109  2.987  0.000
   90 H   0.0460  0.1129   0.954  0.000  0.000
   91 C  -0.0585 -0.1002   1.143  2.916  0.000
   92 C   0.0290  0.0128   1.231  2.740  0.000
   93 H   0.0324  0.0906   0.968  0.000  0.000
   94 C  -0.0452 -0.1449   1.135  2.910  0.000
   95 H   0.0527  0.1138   0.947  0.000  0.000
   96 H   0.0336  0.0867   0.966  0.000  0.000
   97 H   0.0414  0.1094   0.959  0.000  0.000
   98 C  -0.0094 -0.0133   1.175  2.834  0.000
   99 C  -0.0494 -0.0496   1.171  2.879  0.000
  100 C  -0.0465 -0.0978   1.142  2.904  0.000
  101 C  -0.0255 -0.0229   1.183  2.842  0.000
  102 H   0.0422  0.1003   0.958  0.000  0.000
  103 H   0.0597  0.1279   0.940  0.000  0.000
  104 C   0.0506  0.1221   1.187  2.763  0.000
  105 H   0.0420  0.1005   0.958  0.000  0.000
  106 C   0.0120  0.0143   1.165  2.823  0.000
  107 C   0.0114  0.0385   1.158  2.831  0.000
  108 H   0.0529  0.1208   0.947  0.000  0.000
  109 H   0.0443  0.1008   0.956  0.000  0.000
  110 C  -0.0975 -0.2425   1.104  2.994  0.000
  111 H   0.0512  0.1122   0.949  0.000  0.000
 
 Pa-Pb analysis  n(s)   n(p)   n(d)       HFC (Mhz)
    1 C   0.000  0.000  0.000  0.000      0.00
    2 H  -0.000 -0.000  0.000  0.000      0.00
    3 H  -0.000 -0.000  0.000  0.000      0.00
    4 H  -0.000 -0.000  0.000  0.000      0.00
    5 N   0.000  0.000  0.000  0.000      0.00
    6 N  -0.000 -0.000 -0.000  0.000      0.00
    7 C  -0.000 -0.000 -0.000  0.000      0.00
    8 C  -0.000 -0.000 -0.000  0.000      0.00
    9 H   0.000  0.000  0.000  0.000      0.00
   10 C   0.000  0.000  0.000  0.000      0.00
   11 N   0.000  0.000  0.000  0.000      0.00
   12 H   0.028  0.028  0.000  0.000      0.00
   13 H  -0.000 -0.000  0.000  0.000      0.00
   14 C   0.000  0.000  0.000  0.000      0.00
   15 H  -0.000 -0.000  0.000  0.000      0.00
   16 O  -0.000 -0.000 -0.000  0.000      0.00
   17 C   0.000  0.000  0.000  0.000      0.00
   18 H  -0.000 -0.000  0.000  0.000      0.00
   19 C   0.001 -0.000  0.001  0.000      0.00
   20 H  -0.000 -0.000  0.000  0.000      0.00
   21 C  -0.086 -0.017 -0.069  0.000      0.00
   22 H   0.002  0.002  0.000  0.000      0.00
   23 H  -0.000 -0.000  0.000  0.000      0.00
   24 H  -0.000 -0.000  0.000  0.000      0.00
   25 C   0.001  0.000  0.001  0.000      0.00
   26 H   0.026  0.026  0.000  0.000      0.00
   27 C   0.001  0.000  0.001  0.000      0.00
   28 C   0.000  0.000  0.000  0.000      0.00
   29 C  -0.000  0.000 -0.000  0.000      0.00
   30 C  -0.000 -0.000 -0.000  0.000      0.00
   31 N  -0.000 -0.000 -0.000  0.000      0.00
   32 C  -0.001 -0.000 -0.000  0.000      0.00
   33 C  -0.129 -0.030 -0.099  0.000      0.00
   34 C  -0.000  0.000 -0.000  0.000      0.00
   35 C  -0.000 -0.000 -0.000  0.000      0.00
   36 C  -0.000 -0.000 -0.000  0.000      0.00
   37 C  -0.000 -0.000 -0.000  0.000      0.00
   38 N  -0.000 -0.000 -0.000  0.000      0.00
   39 C   0.000  0.000  0.000  0.000      0.00
   40 H   0.000  0.000  0.000  0.000      0.00
   41 C  -0.001 -0.000 -0.001  0.000      0.00
   42 H   0.000  0.000  0.000  0.000      0.00
   43 C  -0.000 -0.000 -0.000  0.000      0.00
   44 H  -0.000 -0.000  0.000  0.000      0.00
   45 C   0.391  0.042  0.349  0.000      0.00
   46 C   0.334  0.037  0.297  0.000      0.00
   47 H  -0.000 -0.000  0.000  0.000      0.00
   48 H  -0.000 -0.000  0.000  0.000      0.00
   49 C   0.526  0.054  0.472  0.000      0.00
   50 C   0.000  0.000  0.000  0.000      0.00
   51 H  -0.000 -0.000  0.000  0.000      0.00
   52 C   0.000  0.000  0.000  0.000      0.00
   53 C   0.042  0.020  0.022  0.000      0.00
   54 H   0.000  0.000  0.000  0.000      0.00
   55 C  -0.001 -0.000 -0.001  0.000      0.00
   56 C   0.007  0.001  0.006  0.000      0.00
   57 C  -0.003  0.000 -0.003  0.000      0.00
   58 C  -0.001 -0.000 -0.001  0.000      0.00
   59 H  -0.000 -0.000  0.000  0.000      0.00
   60 H   0.015  0.015  0.000  0.000      0.00
   61 C   0.000  0.000  0.000  0.000      0.00
   62 C  -0.066 -0.017 -0.050  0.000      0.00
   63 H  -0.000 -0.000  0.000  0.000      0.00
   64 H  -0.034 -0.034  0.000  0.000      0.00
   65 C  -0.000 -0.000 -0.000  0.000      0.00
   66 H  -0.000 -0.000  0.000  0.000      0.00
   67 C  -0.000 -0.000 -0.000  0.000      0.00
   68 C  -0.000 -0.000 -0.000  0.000      0.00
   69 H  -0.000 -0.000  0.000  0.000      0.00
   70 C  -0.000 -0.000 -0.000  0.000      0.00
   71 C  -0.000  0.000 -0.000  0.000      0.00
   72 H  -0.000 -0.000  0.000  0.000      0.00
   73 C  -0.000 -0.000 -0.000  0.000      0.00
   74 H  -0.000 -0.000  0.000  0.000      0.00
   75 N  -0.000 -0.000 -0.000  0.000      0.00
   76 C  -0.000 -0.000 -0.000  0.000      0.00
   77 C   0.000  0.000  0.000  0.000      0.00
   78 H   0.001  0.001  0.000  0.000      0.00
   79 C   0.000  0.000  0.000  0.000      0.00
   80 H  -0.000 -0.000  0.000  0.000      0.00
   81 C  -0.006 -0.000 -0.006  0.000      0.00
   82 N   0.000 -0.000  0.000  0.000      0.00
   83 H   0.000  0.000  0.000  0.000      0.00
   84 O   0.048  0.001  0.047  0.000      0.00
   85 H  -0.000 -0.000  0.000  0.000      0.00
   86 H   0.001  0.001  0.000  0.000      0.00
   87 C  -0.000 -0.000 -0.000  0.000      0.00
   88 C   0.001  0.000  0.000  0.000      0.00
   89 C   0.000  0.000  0.000  0.000      0.00
   90 H   0.000  0.000  0.000  0.000      0.00
   91 C   0.000  0.000  0.000  0.000      0.00
   92 C  -0.000 -0.000 -0.000  0.000      0.00
   93 H   0.000  0.000  0.000  0.000      0.00
   94 C  -0.055 -0.013 -0.042  0.000      0.00
   95 H  -0.036 -0.036  0.000  0.000      0.00
   96 H  -0.000 -0.000  0.000  0.000      0.00
   97 H   0.000  0.000  0.000  0.000      0.00
   98 C  -0.002 -0.001 -0.002  0.000      0.00
   99 C  -0.000 -0.000 -0.000  0.000      0.00
  100 C   0.000  0.000  0.000  0.000      0.00
  101 C   0.000  0.000  0.000  0.000      0.00
  102 H  -0.000 -0.000  0.000  0.000      0.00
  103 H  -0.000 -0.000  0.000  0.000      0.00
  104 C   0.000  0.000  0.000  0.000      0.00
  105 H   0.002  0.002  0.000  0.000      0.00
  106 C  -0.000 -0.000 -0.000  0.000      0.00
  107 C   0.000 -0.000  0.000  0.000      0.00
  108 H  -0.000 -0.000  0.000  0.000      0.00
  109 H  -0.000 -0.000  0.000  0.000      0.00
  110 C   0.000  0.000  0.000  0.000      0.00
  111 H  -0.000 -0.000  0.000  0.000      0.00
 
 Loewdin charges    n(s)   n(p)   n(d)  
    1 C  -0.0144   1.098  2.916  0.000
    2 H   0.0350   0.965  0.000  0.000
    3 H   0.0290   0.971  0.000  0.000
    4 H   0.0368   0.963  0.000  0.000
    5 N  -0.1090   1.401  3.708  0.000
    6 N  -0.1928   1.441  3.752  0.000
    7 C  -0.0715   1.122  2.949  0.000
    8 C  -0.0384   1.131  2.907  0.000
    9 H   0.0589   0.941  0.000  0.000
   10 C  -0.0205   1.119  2.902  0.000
   11 N   0.0012   1.147  3.852  0.000
   12 H   0.0412   0.959  0.000  0.000
   13 H   0.0403   0.960  0.000  0.000
   14 C   0.0161   1.155  2.829  0.000
   15 H   0.0509   0.949  0.000  0.000
   16 O  -0.0584   1.457  4.602  0.000
   17 C   0.0101   1.093  2.897  0.000
   18 H   0.0308   0.969  0.000  0.000
   19 C  -0.0966   1.024  3.073  0.000
   20 H   0.0455   0.955  0.000  0.000
   21 C  -0.0190   1.118  2.901  0.000
   22 H   0.0383   0.962  0.000  0.000
   23 H   0.0445   0.956  0.000  0.000
   24 H   0.0403   0.960  0.000  0.000
   25 C  -0.0205   1.089  2.931  0.000
   26 H   0.0417   0.958  0.000  0.000
   27 C  -0.0233   1.087  2.936  0.000
   28 C  -0.0053   1.131  2.874  0.000
   29 C   0.0465   1.161  2.793  0.000
   30 C  -0.0156   1.083  2.933  0.000
   31 N  -0.2011   1.494  3.707  0.000
   32 C   0.0113   1.148  2.841  0.000
   33 C   0.0296   1.130  2.840  0.000
   34 C   0.0086   1.160  2.831  0.000
   35 C  -0.0428   1.109  2.934  0.000
   36 C   0.0380   1.158  2.804  0.000
   37 C  -0.0426   1.085  2.958  0.000
   38 N  -0.1104   1.390  3.720  0.000
   39 C   0.1204   1.170  2.710  0.000
   40 H   0.0358   0.964  0.000  0.000
   41 C  -0.0815   1.051  3.031  0.000
   42 H   0.0357   0.964  0.000  0.000
   43 C  -0.0384   1.091  2.948  0.000
   44 H   0.0403   0.960  0.000  0.000
   45 C  -0.0966   1.094  3.003  0.000
   46 C  -0.0163   1.107  2.909  0.000
   47 H   0.0370   0.963  0.000  0.000
   48 H   0.0479   0.952  0.000  0.000
   49 C  -0.0284   1.164  2.865  0.000
   50 C   0.0593   1.236  2.704  0.000
   51 H   0.0394   0.961  0.000  0.000
   52 C   0.0125   1.175  2.813  0.000
   53 C   0.0013   1.180  2.818  0.000
   54 H   0.0359   0.964  0.000  0.000
   55 C   0.0437   1.135  2.821  0.000
   56 C  -0.0421   1.121  2.921  0.000
   57 C  -0.0000   1.101  2.899  0.000
   58 C  -0.0761   1.053  3.023  0.000
   59 H   0.0365   0.963  0.000  0.000
   60 H   0.0428   0.957  0.000  0.000
   61 C  -0.0107   1.098  2.912  0.000
   62 C  -0.0827   1.007  3.076  0.000
   63 H   0.0421   0.958  0.000  0.000
   64 H   0.0436   0.956  0.000  0.000
   65 C   0.0919   1.158  2.750  0.000
   66 H   0.0352   0.965  0.000  0.000
   67 C  -0.0382   1.084  2.954  0.000
   68 C   0.0153   1.105  2.880  0.000
   69 H   0.0431   0.957  0.000  0.000
   70 C  -0.0417   1.095  2.946  0.000
   71 C  -0.0057   1.099  2.907  0.000
   72 H   0.1443   0.856  0.000  0.000
   73 C   0.0193   1.124  2.857  0.000
   74 H   0.0537   0.946  0.000  0.000
   75 N  -0.1609   1.439  3.721  0.000
   76 C  -0.0901   1.078  3.013  0.000
   77 C  -0.0111   1.091  2.920  0.000
   78 H   0.0321   0.968  0.000  0.000
   79 C   0.0308   1.112  2.857  0.000
   80 H   0.0291   0.971  0.000  0.000
   81 C  -0.0178   1.134  2.883  0.000
   82 N  -0.1177   1.379  3.738  0.000
   83 H   0.0408   0.959  0.000  0.000
   84 O  -0.0442   1.437  4.607  0.000
   85 H   0.0514   0.949  0.000  0.000
   86 H   0.0316   0.968  0.000  0.000
   87 C  -0.0057   1.151  2.854  0.000
   88 C  -0.0121   1.096  2.916  0.000
   89 C  -0.0996   1.038  3.062  0.000
   90 H   0.0358   0.964  0.000  0.000
   91 C  -0.0562   1.092  2.965  0.000
   92 C   0.0368   1.192  2.772  0.000
   93 H   0.0259   0.974  0.000  0.000
   94 C  -0.0425   1.075  2.968  0.000
   95 H   0.0461   0.954  0.000  0.000
   96 H   0.0338   0.966  0.000  0.000
   97 H   0.0333   0.967  0.000  0.000
   98 C  -0.0055   1.133  2.873  0.000
   99 C  -0.0513   1.130  2.922  0.000
  100 C  -0.0425   1.089  2.953  0.000
  101 C  -0.0264   1.143  2.883  0.000
  102 H   0.0412   0.959  0.000  0.000
  103 H   0.0483   0.952  0.000  0.000
  104 C   0.0494   1.150  2.801  0.000
  105 H   0.0404   0.960  0.000  0.000
  106 C   0.0134   1.123  2.864  0.000
  107 C   0.0131   1.111  2.876  0.000
  108 H   0.0428   0.957  0.000  0.000
  109 H   0.0362   0.964  0.000  0.000
  110 C  -0.1026   1.032  3.070  0.000
  111 H   0.0429   0.957  0.000  0.000
 
 Pa-Pb analysis  n(s)   n(p)   n(d)       HFC (Mhz)
    1 C   0.000  0.000  0.000  0.000      0.00
    2 H  -0.000 -0.000  0.000  0.000      0.00
    3 H  -0.000 -0.000  0.000  0.000      0.00
    4 H  -0.000 -0.000  0.000  0.000      0.00
    5 N   0.000  0.000  0.000  0.000      0.00
    6 N  -0.000 -0.000 -0.000  0.000      0.00
    7 C  -0.000 -0.000 -0.000  0.000      0.00
    8 C  -0.000 -0.000 -0.000  0.000      0.00
    9 H   0.000  0.000  0.000  0.000      0.00
   10 C   0.000  0.000  0.000  0.000      0.00
   11 N   0.000  0.000  0.000  0.000      0.00
   12 H   0.025  0.025  0.000  0.000      0.00
   13 H  -0.000 -0.000  0.000  0.000      0.00
   14 C   0.000  0.000  0.000  0.000      0.00
   15 H  -0.000 -0.000  0.000  0.000      0.00
   16 O  -0.000 -0.000 -0.000  0.000      0.00
   17 C   0.000  0.000  0.000  0.000      0.00
   18 H  -0.000 -0.000  0.000  0.000      0.00
   19 C   0.001 -0.000  0.001  0.000      0.00
   20 H  -0.000 -0.000  0.000  0.000      0.00
   21 C  -0.076 -0.014 -0.062  0.000      0.00
   22 H   0.001  0.001  0.000  0.000      0.00
   23 H  -0.000 -0.000  0.000  0.000      0.00
   24 H  -0.000 -0.000  0.000  0.000      0.00
   25 C   0.001  0.000  0.001  0.000      0.00
   26 H   0.023  0.023  0.000  0.000      0.00
   27 C   0.001  0.000  0.001  0.000      0.00
   28 C   0.000  0.000  0.000  0.000      0.00
   29 C  -0.000  0.000 -0.000  0.000      0.00
   30 C  -0.000 -0.000 -0.000  0.000      0.00
   31 N  -0.000 -0.000 -0.000  0.000      0.00
   32 C  -0.001 -0.000 -0.000  0.000      0.00
   33 C  -0.115 -0.026 -0.089  0.000      0.00
   34 C  -0.000  0.000 -0.000  0.000      0.00
   35 C  -0.000 -0.000 -0.000  0.000      0.00
   36 C  -0.000 -0.000 -0.000  0.000      0.00
   37 C  -0.000 -0.000 -0.000  0.000      0.00
   38 N  -0.000 -0.000 -0.000  0.000      0.00
   39 C   0.000  0.000  0.000  0.000      0.00
   40 H   0.000  0.000  0.000  0.000      0.00
   41 C  -0.001 -0.000 -0.000  0.000      0.00
   42 H   0.000  0.000  0.000  0.000      0.00
   43 C  -0.000 -0.000 -0.000  0.000      0.00
   44 H  -0.000 -0.000  0.000  0.000      0.00
   45 C   0.374  0.035  0.339  0.000      0.00
   46 C   0.321  0.032  0.289  0.000      0.00
   47 H  -0.000 -0.000  0.000  0.000      0.00
   48 H  -0.000 -0.000  0.000  0.000      0.00
   49 C   0.508  0.048  0.460  0.000      0.00
   50 C   0.000  0.000  0.000  0.000      0.00
   51 H  -0.000 -0.000  0.000  0.000      0.00
   52 C   0.000  0.000  0.000  0.000      0.00
   53 C   0.041  0.020  0.021  0.000      0.00
   54 H   0.000  0.000  0.000  0.000      0.00
   55 C  -0.001 -0.000 -0.001  0.000      0.00
   56 C   0.007  0.001  0.006  0.000      0.00
   57 C  -0.003  0.000 -0.003  0.000      0.00
   58 C  -0.001 -0.000 -0.001  0.000      0.00
   59 H  -0.000 -0.000  0.000  0.000      0.00
   60 H   0.014  0.014  0.000  0.000      0.00
   61 C   0.000  0.000  0.000  0.000      0.00
   62 C  -0.056 -0.014 -0.042  0.000      0.00
   63 H  -0.000 -0.000  0.000  0.000      0.00
   64 H  -0.028 -0.028  0.000  0.000      0.00
   65 C  -0.000 -0.000 -0.000  0.000      0.00
   66 H  -0.000 -0.000  0.000  0.000      0.00
   67 C  -0.000 -0.000 -0.000  0.000      0.00
   68 C  -0.000 -0.000 -0.000  0.000      0.00
   69 H  -0.000 -0.000  0.000  0.000      0.00
   70 C  -0.000 -0.000 -0.000  0.000      0.00
   71 C  -0.000  0.000 -0.000  0.000      0.00
   72 H  -0.000 -0.000  0.000  0.000      0.00
   73 C  -0.000 -0.000 -0.000  0.000      0.00
   74 H  -0.000 -0.000  0.000  0.000      0.00
   75 N  -0.000 -0.000 -0.000  0.000      0.00
   76 C  -0.000 -0.000 -0.000  0.000      0.00
   77 C   0.000  0.000  0.000  0.000      0.00
   78 H   0.001  0.001  0.000  0.000      0.00
   79 C   0.000  0.000  0.000  0.000      0.00
   80 H  -0.000 -0.000  0.000  0.000      0.00
   81 C  -0.006 -0.000 -0.006  0.000      0.00
   82 N   0.000 -0.000  0.000  0.000      0.00
   83 H   0.000  0.000  0.000  0.000      0.00
   84 O   0.049  0.001  0.048  0.000      0.00
   85 H  -0.000 -0.000  0.000  0.000      0.00
   86 H   0.001  0.001  0.000  0.000      0.00
   87 C  -0.000 -0.000 -0.000  0.000      0.00
   88 C   0.001  0.000  0.000  0.000      0.00
   89 C   0.000  0.000  0.000  0.000      0.00
   90 H   0.000  0.000  0.000  0.000      0.00
   91 C   0.000  0.000  0.000  0.000      0.00
   92 C  -0.000 -0.000 -0.000  0.000      0.00
   93 H   0.000  0.000  0.000  0.000      0.00
   94 C  -0.048 -0.011 -0.037  0.000      0.00
   95 H  -0.029 -0.029  0.000  0.000      0.00
   96 H  -0.000 -0.000  0.000  0.000      0.00
   97 H   0.000  0.000  0.000  0.000      0.00
   98 C  -0.002 -0.001 -0.002  0.000      0.00
   99 C  -0.000 -0.000 -0.000  0.000      0.00
  100 C   0.000  0.000  0.000  0.000      0.00
  101 C   0.000  0.000  0.000  0.000      0.00
  102 H  -0.000 -0.000  0.000  0.000      0.00
  103 H  -0.000 -0.000  0.000  0.000      0.00
  104 C   0.000  0.000  0.000  0.000      0.00
  105 H   0.002  0.002  0.000  0.000      0.00
  106 C  -0.000 -0.000 -0.000  0.000      0.00
  107 C   0.000 -0.000  0.000  0.000      0.00
  108 H  -0.000 -0.000  0.000  0.000      0.00
  109 H  -0.000 -0.000  0.000  0.000      0.00
  110 C   0.000  0.000  0.000  0.000      0.00
  111 H  -0.000 -0.000  0.000  0.000      0.00
 
 Wiberg/Mayer (AO) data. WBOs > 0.1 written file <wbo>
 largest (>0.05) Wiberg bond orders for each atom
           total WBO             WBO to atom ...
     1  C   3.960    C   76 1.413    C   35 1.330    H   44 0.946    C   65 0.082    N    5 0.064
     2  H   0.999    C   58 0.964
     3  H   0.997    C   77 0.945
     4  H   0.997    C   89 0.975
     5  N   3.171    C   36 1.434    C   68 1.382    C  101 0.071    C    1 0.064    C   14 0.057
     6  N   3.068    C  107 1.433    C  104 1.326    C   77 0.106
     7  C   3.925    C   28 0.977    H  111 0.926    C   61 0.886    C   50 0.885    N   82 0.067
     8  C   3.941    C   10 1.489    C   91 1.281    C   61 0.990    N   11 0.063
     9  H   0.992    C   55 0.925
    10  C   3.905    C    8 1.489    N   11 1.233    H   74 0.946    C   73 0.085
    11  N   3.546    C   10 1.233    C   73 1.122    H   72 0.947    C   91 0.086    C    8 0.063
    12  H   0.984    C   62 0.964
    13  H   0.996    C   67 0.932
    14  C   3.928    C   17 1.329    C   65 1.187    N   31 1.150    C   76 0.065    N    5 0.057
    15  H   0.995    C   61 0.931
    16  O   2.411    C   65 1.066    C   39 1.031    N   31 0.112
    17  C   3.951    C   68 1.422    C   14 1.329    H   48 0.940    C   36 0.058
    18  H   0.999    C   41 0.968
    19  C   3.981    H   42 0.977    H   96 0.976    H   47 0.975    C   53 0.974
    20  H   0.993    C   79 0.944
    21  C   3.944    C   46 1.457    C   45 1.268    C   56 1.055    O   84 0.063
    22  H   0.998    C   94 0.959
    23  H   0.998    C  110 0.963
    24  H   0.998    C   89 0.975
    25  C   3.944    C   98 1.396    C   30 1.388    H   40 0.943    C  106 0.074
    26  H   0.985    C   62 0.964
    27  C   3.947    C   30 1.465    C  106 1.315    H   59 0.945    C   98 0.088
    28  C   3.933    C   67 1.735    C    7 0.977    C   61 0.954    C   71 0.095    C   50 0.057
    29  C   3.930    N   75 1.329    C   87 1.235    C  106 1.114    C   70 0.072
    30  C   3.950    C   27 1.465    C   25 1.388    H  109 0.944    C   99 0.064
    31  N   3.072    C   39 1.538    C   14 1.150    O   16 0.112    C   91 0.058
    32  C   3.944    C   34 1.412    C   99 1.182    C   81 1.022    N   38 0.057
    33  C   3.908    C   49 1.436    C   45 1.298    O   84 1.016
    34  C   3.928    C   32 1.412    C   87 1.110    C   55 1.082    N   38 0.056
    35  C   3.936    C    1 1.330    C   36 1.258    C  104 1.081    C   68 0.055
    36  C   3.937    N    5 1.434    C   35 1.258    C  101 0.947    C   17 0.058
    37  C   3.956    C  107 1.432    C   77 1.397    H   80 0.948    C  104 0.089
    38  N   3.186    C   55 1.693    C   57 1.199    C   32 0.057    C   34 0.056
    39  C   3.892    N   31 1.538    C   73 1.146    O   16 1.031
    40  H   0.994    C   25 0.943
    41  C   3.956    C   58 0.985    H   18 0.968    H   86 0.966    C   53 0.962
    42  H   0.998    C   19 0.977
    43  C   3.964    C   77 1.458    C  104 1.336    H   97 0.941    C  107 0.101
    44  H   0.995    C    1 0.946
    45  C   3.680    C   33 1.298    C   21 1.268    H   95 0.942
    46  C   3.671    C   21 1.457    O   84 1.120    H   64 0.949
    47  H   0.998    C   19 0.975
    48  H   0.995    C   17 0.940
    49  C   3.549    C   33 1.436    C   62 1.007    C   94 0.996
    50  C   3.875    N   82 1.788    C   92 0.922    C    7 0.885    C  100 0.077    C   28 0.057
    51  H   0.996    C   71 0.944
    52  C   3.919    C   70 1.430    C   87 1.277    C   92 0.929    N   75 0.115
    53  C   3.878    C   19 0.974    C   58 0.963    C   41 0.962    C   94 0.921
    54  H   0.994    C  100 0.939
    55  C   3.924    N   38 1.693    C   34 1.082    H    9 0.925    C   88 0.078
    56  C   3.933    C   81 1.453    C   98 1.096    C   21 1.055    C   57 0.097
    57  C   3.913    C   88 1.602    N   38 1.199    H  108 0.945    C   56 0.097
    58  C   3.960    C   41 0.985    H   78 0.966    H    2 0.964    C   53 0.963
    59  H   0.994    C   27 0.945
    60  H   0.991    C   94 0.952
    61  C   3.946    C    8 0.990    C   28 0.954    H   15 0.931    C    7 0.886
    62  C   3.981    C   49 1.007    H  105 0.974    H   26 0.964    H   12 0.964
    63  H   0.997    C   89 0.976
    64  H   0.995    C   46 0.949
    65  C   3.905    C  101 1.348    C   14 1.187    O   16 1.066    C    1 0.082
    66  H   0.997    C  110 0.978
    67  C   3.967    C   28 1.735    C  100 1.134    H   13 0.932
    68  C   3.949    C   17 1.422    N    5 1.382    H  103 0.945    C   35 0.055
    69  H   0.994    C   88 0.933
    70  C   3.958    C   52 1.430    C   79 1.379    H   83 0.940    C   29 0.072
    71  C   3.957    C  100 1.684    N   82 1.155    H   51 0.944    C   28 0.095
    72  H   0.971    N   11 0.947
    73  C   3.916    C   91 1.447    C   39 1.146    N   11 1.122    C   10 0.085
    74  H   0.995    C   10 0.946
    75  N   3.123    C   79 1.463    C   29 1.329    C   52 0.115
    76  C   3.950    C    1 1.413    C  101 1.347    H   93 0.945    C   14 0.065
    77  C   3.968    C   43 1.458    C   37 1.397    H    3 0.945    N    6 0.106
    78  H   0.998    C   58 0.966
    79  C   3.945    N   75 1.463    C   70 1.379    H   20 0.944    C   87 0.077
    80  H   0.998    C   37 0.948
    81  C   3.939    C   56 1.453    C   88 1.188    C   32 1.022
    82  N   3.250    C   50 1.788    C   71 1.155    C    7 0.067    C  100 0.056
    83  H   0.996    C   70 0.940
    84  O   2.347    C   46 1.120    C   33 1.016    C   21 0.063
    85  H   0.996    C   91 0.945
    86  H   0.997    C   41 0.966
    87  C   3.941    C   52 1.277    C   29 1.235    C   34 1.110    C   79 0.077
    88  C   3.957    C   57 1.602    C   81 1.188    H   69 0.933    C   55 0.078
    89  C   3.974    H   63 0.976    H    4 0.975    H   24 0.975    C   92 0.947
    90  H   0.996    C  107 0.948
    91  C   3.939    C   73 1.447    C    8 1.281    H   85 0.945    N   11 0.086    N   31 0.058
    92  C   3.918    C  110 0.965    C   89 0.947    C   52 0.929    C   50 0.922
    93  H   0.998    C   76 0.945
    94  C   3.968    C   49 0.996    H   22 0.959    H   60 0.952    C   53 0.921
    95  H   0.996    C   45 0.942
    96  H   0.999    C   19 0.976
    97  H   0.998    C   43 0.941
    98  C   3.944    C   25 1.396    C   99 1.191    C   56 1.096    C   27 0.088
    99  C   3.953    C  106 1.275    C   98 1.191    C   32 1.182    C   30 0.064
   100  C   3.958    C   71 1.684    C   67 1.134    H   54 0.939    C   50 0.077    N   82 0.056
   101  C   3.939    C   65 1.348    C   76 1.347    C   36 0.947    N    5 0.071
   102  H   0.996    C  110 0.976
   103  H   0.994    C   68 0.945
   104  C   3.942    C   43 1.336    N    6 1.326    C   35 1.081    C   37 0.089
   105  H   0.997    C   62 0.974
   106  C   3.954    C   27 1.315    C   99 1.275    C   29 1.114    C   25 0.074
   107  C   3.961    N    6 1.433    C   37 1.432    H   90 0.948    C   43 0.101
   108  H   0.994    C   57 0.945
   109  H   0.994    C   30 0.944
   110  C   3.979    H   66 0.978    H  102 0.976    C   92 0.965    H   23 0.963
   111  H   0.997    C    7 0.926
 
 --------------------------------------------
          xTB calculation for sTDA...
 --------------------------------------------
 
 reading parameter file 
 /home/jovyan/cpu-only-1-datavol-1/software/xtb4stda_home/.param_stda2.xtb
 
      method parameters     
 k(s)        :  1.6000
 k(p)        :  2.1800
 k(d)        :  1.9500
 k(f)        :  2.0000
 k(R-V)      :  2.2750
 k(R-R)      :  1.7650
 Tscal       :  0.2580
 Gscal       :  1.0000
 fpol        :  1.0000
 Zcnf        :  0.3430
 Zqf         :  0.0000
 kcn         :  2.7000
 Ryd Hsplit  :  0.7000
 lshift(virt):  3.1000
 lshift(OS)  :  0.2000
 wllscaling  :  2.6000
 
 mowrcut     : 3.000
 
  Z AO/shell   Hii/eV     exponent
  1     Sun Feb 14 09:53:25 CET 2016    EN: 2.327 GAM: 0.473  GM3: 0.0000
     1s    -14.339618    1.220000
     2sp    -3.348946    0.600000
  6     Sun Feb 14 09:53:25 CET 2016    EN: 2.731 GAM: 0.422  GM3: 0.0000
     2s    -22.009312    1.565095
     2p    -13.020408    1.596905
     3sp    -3.914040    0.824500
  7     Sun Feb 14 09:53:25 CET 2016    EN: 3.573 GAM: 0.504  GM3: 0.0000
     2s    -25.722000    2.064844
     2p    -18.684912    1.801692
     3sp    -4.344791    0.921400
  8     Sun Feb 14 09:53:25 CET 2016    EN: 3.700 GAM: 0.587  GM3: 0.0000
     2s    -33.859000    2.418661
     2p    -22.175911    1.973969
     3sp    -4.259392    1.013700
 
 Nbf   :          756
 T(el) :     0.0
 calculating S/T integrals ...
 cpu time for ints   0.427111000000000     
 Nao   :          756
 making H0...
 reading <aospin>
 value    1-   10:    0.00  0.00  0.00  0.00  0.00  0.00  0.00  0.00 -0.00  0.00
 value   11-   20:    0.00  0.00  0.00 -0.00  0.00  0.00  0.00  0.00 -0.00  0.00
 value   21-   30:    0.00  0.00  0.00  0.00  0.00  0.00  0.00  0.00  0.00  0.00
 value   31-   40:    0.00 -0.00 -0.00 -0.00  0.00  0.00  0.00  0.00  0.00 -0.00
 value   41-   50:   -0.00 -0.00 -0.00  0.00  0.00  0.00  0.00 -0.00 -0.00 -0.00
 value   51-   60:   -0.00  0.00  0.00  0.00  0.00  0.00  0.00  0.00  0.00  0.00
 value   61-   70:    0.00  0.00  0.00  0.00  0.00  0.00  0.00  0.00  0.00  0.00
 value   71-   80:    0.00 -0.00  0.00  0.00  0.00  0.00  0.03  0.00  0.00  0.00
 value   81-   90:    0.00 -0.00  0.00  0.00  0.00  0.00  0.00  0.00  0.00  0.00
 value   91-  100:    0.00  0.00  0.00  0.00 -0.00  0.00  0.00  0.00  0.00 -0.00
 value  101-  110:   -0.00 -0.00 -0.00  0.00  0.00  0.00  0.00  0.00  0.00  0.00
 value  111-  120:    0.00  0.00  0.00  0.00  0.00 -0.00  0.00  0.00  0.00  0.00
 value  121-  130:   -0.00  0.00 -0.00  0.00  0.00  0.00  0.00  0.00 -0.00  0.00
 value  131-  140:    0.00  0.00  0.00 -0.02 -0.02 -0.02 -0.03  0.00  0.00  0.00
 value  141-  150:    0.00  0.00  0.00  0.00  0.00  0.00 -0.00  0.00  0.00  0.00
 value  151-  160:    0.00 -0.00  0.00  0.00  0.00  0.00  0.00  0.00  0.00  0.00
 value  161-  170:    0.00  0.00  0.00  0.00  0.03  0.00  0.00  0.00  0.00  0.00
 value  171-  180:    0.00  0.00  0.00  0.00  0.00  0.00  0.00  0.00  0.00  0.00
 value  181-  190:    0.00  0.00  0.00  0.00  0.00  0.00 -0.00 -0.00  0.00  0.00
 value  191-  200:    0.00  0.00  0.00 -0.00 -0.00 -0.00 -0.00  0.00  0.00  0.00
 value  201-  210:    0.00 -0.00 -0.00 -0.00 -0.00  0.00  0.00  0.00  0.00 -0.00
 value  211-  220:   -0.00 -0.00 -0.00  0.00  0.00  0.00  0.00 -0.03 -0.01 -0.04
 value  221-  230:   -0.05  0.00  0.00  0.00  0.00  0.00  0.00 -0.00 -0.00  0.00
 value  231-  240:    0.00  0.00  0.00 -0.00 -0.00 -0.00 -0.00  0.00  0.00  0.00
 value  241-  250:    0.00 -0.00 -0.00 -0.00 -0.00  0.00  0.00  0.00  0.00 -0.00
 value  251-  260:   -0.00 -0.00  0.00  0.00  0.00  0.00  0.00 -0.00 -0.00 -0.00
 value  261-  270:   -0.00  0.00  0.00  0.00  0.00  0.00  0.00  0.00  0.00  0.00
 value  271-  280:    0.00  0.00  0.00 -0.00  0.00  0.00  0.00  0.00 -0.00 -0.00
 value  281-  290:    0.00  0.00  0.00  0.00  0.00  0.00  0.00  0.00  0.00  0.00
 value  291-  300:    0.00 -0.00 -0.00 -0.00 -0.00  0.00  0.00  0.00  0.00 -0.00
 value  301-  310:    0.00  0.00  0.00  0.00  0.05  0.03  0.14  0.20  0.00  0.00
 value  311-  320:    0.00  0.00  0.04  0.02  0.12  0.17  0.00  0.00  0.00  0.00
 value  321-  330:    0.00  0.00  0.00  0.00  0.00 -0.00  0.00  0.00  0.00  0.00
 value  331-  340:    0.06  0.03  0.19  0.28  0.00  0.00  0.00  0.00  0.00  0.00
 value  341-  350:    0.00  0.00  0.00  0.00  0.00  0.00 -0.00  0.00  0.00  0.00
 value  351-  360:    0.00  0.00  0.00  0.00  0.00  0.00  0.00  0.00  0.00  0.03
 value  361-  370:    0.01  0.01  0.01  0.00  0.00  0.00  0.00  0.00  0.00  0.00
 value  371-  380:    0.00  0.00 -0.00 -0.00 -0.00 -0.00  0.00  0.00  0.00  0.00
 value  381-  390:    0.00  0.00  0.00  0.00  0.00  0.00  0.00  0.00  0.00 -0.00
 value  391-  400:   -0.00 -0.00  0.00  0.00  0.00  0.00 -0.00 -0.00 -0.00 -0.00
 value  401-  410:    0.00  0.00  0.00  0.00 -0.00  0.00  0.00  0.00  0.00  0.02
 value  411-  420:    0.00  0.00  0.00  0.00  0.00 -0.00  0.00  0.00  0.00  0.00
 value  421-  430:    0.00  0.00 -0.02 -0.02 -0.01 -0.02  0.00  0.00  0.00  0.00
 value  431-  440:   -0.00  0.00  0.00  0.00  0.00 -0.03  0.00  0.00  0.00  0.00
 value  441-  450:   -0.00 -0.00 -0.00 -0.00  0.00  0.00  0.00  0.00 -0.00  0.00
 value  451-  460:    0.00  0.00  0.00  0.00  0.00 -0.00 -0.00  0.00  0.00  0.00
 value  461-  470:    0.00 -0.00 -0.00 -0.00 -0.00  0.00  0.00  0.00  0.00 -0.00
 value  471-  480:    0.00  0.00  0.00  0.00 -0.00 -0.00 -0.00 -0.00  0.00  0.00
 value  481-  490:    0.00  0.00  0.00 -0.00 -0.00 -0.00  0.00  0.00  0.00  0.00
 value  491-  500:   -0.00  0.00  0.00  0.00  0.00 -0.00 -0.00 -0.00 -0.00  0.00
 value  501-  510:    0.00  0.00  0.00 -0.00  0.00  0.00  0.00  0.00 -0.00 -0.00
 value  511-  520:   -0.00 -0.00  0.00  0.00  0.00  0.00 -0.00 -0.00 -0.00 -0.00
 value  521-  530:    0.00  0.00  0.00  0.00  0.00  0.00  0.00  0.00  0.00  0.00
 value  531-  540:    0.00  0.00  0.00  0.00  0.00  0.00  0.00  0.00  0.00  0.00
 value  541-  550:    0.00  0.00  0.00  0.00  0.00 -0.00  0.00  0.00  0.00  0.00
 value  551-  560:   -0.00 -0.00 -0.00 -0.00  0.00  0.00  0.00  0.00 -0.00 -0.00
 value  561-  570:    0.00 -0.00  0.00  0.00  0.00  0.00  0.00  0.00  0.00  0.00
 value  571-  580:    0.00  0.00  0.01  0.02  0.03  0.00  0.00  0.00  0.00 -0.00
 value  581-  590:    0.00  0.00  0.00  0.00  0.00  0.00  0.00  0.00  0.00 -0.00
 value  591-  600:   -0.00 -0.00 -0.00  0.00  0.00  0.00  0.00  0.00  0.00  0.00
 value  601-  610:    0.00  0.00  0.00  0.00  0.00  0.00  0.00  0.00  0.00  0.00
 value  611-  620:    0.00  0.00  0.00  0.00  0.00  0.00  0.00  0.00  0.00  0.00
 value  621-  630:    0.00  0.00  0.00  0.00  0.00  0.00 -0.00 -0.00 -0.00 -0.00
 value  631-  640:    0.00  0.00  0.00  0.00  0.00  0.00  0.00  0.00  0.00 -0.01
 value  641-  650:   -0.03 -0.01 -0.01  0.00  0.00  0.00  0.00 -0.03  0.00  0.00
 value  651-  660:    0.00  0.00 -0.00  0.00  0.00  0.00  0.00  0.00  0.00  0.00
 value  661-  670:    0.00  0.00 -0.00 -0.00 -0.00 -0.00  0.00  0.00  0.00  0.00
 value  671-  680:   -0.00  0.00 -0.00 -0.00  0.00  0.00  0.00  0.00  0.00  0.00
 value  681-  690:    0.00  0.00  0.00  0.00  0.00  0.00  0.00  0.00  0.00  0.00
 value  691-  700:    0.00  0.00  0.00  0.00 -0.00  0.00  0.00  0.00  0.00 -0.00
 value  701-  710:    0.00  0.00  0.00  0.00  0.00  0.00  0.00  0.00  0.00  0.00
 value  711-  720:    0.00  0.00  0.00  0.00  0.00  0.00  0.00 -0.00 -0.00 -0.00
 value  721-  730:   -0.00  0.00  0.00  0.00  0.00 -0.00  0.00  0.00  0.00  0.00
 value  731-  740:    0.00  0.00  0.00 -0.00  0.00  0.00  0.00  0.00 -0.00  0.00
 value  741-  750:    0.00  0.00  0.00  0.00  0.00  0.00  0.00  0.00  0.00  0.00
 value  751-  756:    0.00 -0.00  0.00  0.00  0.00  0.00
=================================================
                     0   SCC step
=================================================
 making H1...
 cpu time for H      1.066300000000009E-002
 solving ...
 cpu time for diag   0.118197000000000     
 
 a/b gap (eV)           :   4.128  5.443
 Koopmans IP (eV)       :  12.785
 Eel (Eh)               :  -282.665029

          eigenvalues
 #    :         150        151        152        153        154        155        156        157
 occ. :        1.000      1.000      1.000      1.000      1.000      1.000      1.000      1.000
 eps  :       -16.325    -16.244    -16.188    -16.080    -15.951    -15.910    -15.689    -15.644
 #    :         158        159        160        161        162        163        164        165
 occ. :        1.000      1.000      1.000      1.000      1.000      0.000      0.000      0.000
 eps  :       -15.298    -14.851    -14.056    -14.011    -12.785     -8.657     -8.498     -7.998
 #    :         166        167        168        169        170        171        172        173
 occ. :        0.000      0.000      0.000      0.000      0.000      0.000      0.000      0.000
 eps  :        -7.509     -7.380     -6.975     -6.572     -6.285     -5.668     -5.566     -5.517

          eigenvalues
 #    :         149        150        151        152        153        154        155        156
 occ. :        1.000      1.000      1.000      1.000      1.000      1.000      1.000      1.000
 eps  :       -16.457    -16.247    -16.188    -16.082    -16.035    -15.910    -15.852    -15.661
 #    :         157        158        159        160        161        162        163        164
 occ. :        1.000      1.000      1.000      1.000      1.000      0.000      0.000      0.000
 eps  :       -15.617    -15.298    -14.851    -14.011    -13.900     -8.457     -8.503     -8.182
 #    :         165        166        167        168        169        170        171        172
 occ. :        0.000      0.000      0.000      0.000      0.000      0.000      0.000      0.000
 eps  :        -7.946     -7.509     -7.380     -6.964     -6.572     -6.262     -5.668     -5.565
                            1  SCC done.
 <S^2>           : 0.77057
 writing mo output ...
 molden style : F
 
speedup  0.89
cpu  time for all    0.82 s
wall time for all    0.92 s
