 
        ______________________________________
       |                                      |
       |          ===================         |
       |             xTB for sTDA             |
       |          ===================         |
       |               S. Grimme              |
       |        Universitaet Bonn, MCTC       |
       |         2015-19, Version 1.0         |
       |     Wed Apr  3 09:14:55 CEST 2019    |
       |______________________________________|
 
        This code comes without any warranty
        for non-commercial, academia use only.
        Preliminary test version.
        Cite this work as:
        S. Grimme  &  C. Bannwarth, JCP 145 (2016) 054103
        if GBSA is used additionally:
        P. Shushkov, F. März, C. Bannwarth, S. Grimme, unpublished.
 
        with help from
        P. Shushkov, G. Brandenburg, S. Dohm, J. Pisarek,
        F. März, M. Checinski, S. Ehrlich, S. Spicher, 
        P. Pracht, E. Caldeweyher, S. Ehlert, and C. Bannwarth.
 
        usage        :
        xtb4stda <coord_file> [options]
        where <coord_file> is a valid file of TM)
        (*coord, Bohr) or xmol (*xyz, Angstroem)
        format.

        options:
        -chrg <int>   : molecular charge
        -uhf  <int>   : # of unpaired electrons(=2*S)
        -nox          : skip second, extended part in sTDA-xTB
        -pop          : do population analysis
                      : (default for -nox)
        -mowr <real>  : cut MO write above (def.3 Eh)
        -molden       : write formatted molden file
        -parx <file>  : read parameters for sTDA-xTB
                        calc (def:~/.param_stda2.xtb)
        -parv <file>  : read parameters for vTB part in
                        sTDA-xTB (def: ~/.param_stda1.xtb)
        -xtemp <real> : el. temp for xTB (def. 0 K)
        -etemp <real> : el. temp for GFN (def. 300 K)
        -fod          : calculate the FOD and write
                        molden.input file with
                        appropriate occupations
                        for plotting. Def. T=12500 K
 
        -acc <real>   : xTB accuracy (def. 1.0)
        -gbsa [string1] [string2]
                        use GBSA implicit solvent
                        for solvent [string1] and
                        solvation state [string2]=
                        reference, bar1M (default=1M)
        additional GFN/opt/MD/siman options read from
        $XTB4STDAHOME/.xtb4stdarc or $set in input
 
       spin and charge state information can be on:
       <.CHRG> (charge) and <.UHF> (=nalpha-nbeta)
       -uhf and -chrg override the file info.
       useful machine settings:
       setenv MKL_NUM_THREADS <NCORE_ON_YOUR_MACHINE>
       setenv OMP_STACKSIZE 500m
       limit stacksize unlimited
 
       total energies in Eh, gaps/HL energies in eV
       please read REVISION and HOWTO files carefully
OMP: Warning #182: OMP_STACKSIZE: ignored because KMP_STACKSIZE has been defined
 =============================
  # OMP threads =           1
 =============================
 
 xtb4stdahome directory:
 /home/jovyan/cpu-only-1-datavol-1/software/xtb4stda_home/
 
 
 name of molecule           : energy: -118.105538219540 gnorm: 0.001393701868 xtb: 6.7.1 (edcfbbe)
 comment line               :
 number of atoms            :    70
 number of electrons        :   219
 charge                     :  0
 spin                       : 0.5
 first test random number   :  0.4078
 
 -----------------------------------------
      charge density (VTB) calculation
 -----------------------------------------
 
      method parameters     
 k(s)        :  1.8000
 k(p)        :  2.8350
 k(d)        :  2.0860
 k(f)        :  2.0000
 Tscal       :  0.3300
 Gscal       :  0.3910
 fpol        :  1.0000
 Zcnf        :  0.6500
 Zqf         :  0.0000
 kcn         :  0.3000
 kEN1        : -0.5900
 wllscal     :  2.6000
 
     -------------------------
     ! NO SOLVENT MODEL USED !
     -------------------------
 
 doing EN charges ...
 sum q : -0.7771561D-15
 point charge moment (au)
     X       Y       Z   
   0.1756  -0.2872   1.0689  total (Debye):    2.849
 
            Z      q(EN)   CN      Cart. coordinates
     1  H   1.0   0.075   1.004    22.11131     2.31756    -1.06637
     2  C   4.0   0.187   3.448    -9.85662     0.08976     2.47932
     3  H   1.0   0.075   1.005    15.16902    -6.16183    -1.10662
     4  H   1.0   0.074   1.018   -11.81551    -1.76444     9.77121
     5  C   4.0   0.003   3.393    -4.54460    -1.00892    -1.55335
     6  N   5.0  -0.372   3.283   -11.91056     1.73911     2.21325
     7  C   4.0  -0.072   3.141   -20.13768     5.50005     6.21550
     8  H   1.0   0.082   1.004   -10.64653    -0.47186    -2.61311
     9  C   4.0   0.024   3.373    -8.72883    -0.56635    -1.96569
    10  C   4.0  -0.161   3.093   -12.81348    -0.48471     8.55101
    11  C   4.0   0.386   2.146   -12.19440     3.22765     0.22998
    12  N   5.0  -0.215   2.152    20.00105    -2.09854    -0.78820
    13  H   1.0   0.076   1.008   -19.74027     3.75394     9.85076
    14  C   4.0  -0.086   3.270   -18.94469     3.99299     7.98749
    15  C   4.0  -0.067   3.270    -6.57171    -1.03085    -3.29871
    16  C   4.0  -0.012   3.396   -12.05116     0.03798     6.13197
    17  S   6.0   0.208   2.356   -15.44908     0.89630     9.88119
    18  H   1.0   0.075   1.005     7.82195    -5.85040    -5.59945
    19  C   4.0   0.088   3.321    18.76025     0.04913    -1.36514
    20  C   4.0  -0.001   3.374    -1.88462    -1.33301    -1.76935
    21  H   1.0   0.080   1.004    -8.61677    -2.34232     5.54313
    22  C   4.0  -0.067   3.176    16.10670    -4.35374    -1.22700
    23  C   4.0  -0.072   3.188    11.07020    -4.25018    -3.83425
    24  C   4.0  -0.067   3.130    18.84586     4.51796    -2.07303
    25  C   4.0   0.059   3.199     3.59993    -2.96366    -6.94777
    26  H   1.0   0.075   1.005    12.32177    -5.70093    -4.53950
    27  N   5.0  -0.330   3.316    -8.14925    -0.26154     0.54878
    28  N   5.0  -0.214   1.030   -12.34029     4.48791    -1.52992
    29  C   4.0  -0.062   3.144    -4.07916    -0.26173     3.03906
    30  H   1.0   0.079   1.003     3.72295    -1.47077     1.19922
    31  C   4.0   0.005   3.215     4.24300    -2.44625    -4.33617
    32  C   4.0   0.088   3.482    -5.56600    -0.53215     0.83148
    33  C   4.0   0.088   3.350    16.12390     0.11792    -1.89048
    34  C   4.0   0.001   3.255    14.75611    -2.20040    -1.80582
    35  C   4.0  -0.084   3.207   -16.70877     2.75692     7.40829
    36  H   1.0   0.076   1.006     6.61801     0.96735    -1.44281
    37  H   1.0   0.079   1.003    -1.63235    -0.64723    -7.35179
    38  C   4.0  -0.074   3.190   -16.85050     4.54800     3.23672
    39  H   1.0   0.075   1.004    15.19000     6.04901    -3.09821
    40  C   4.0  -0.070   3.253     2.14843    -1.47210    -0.07805
    41  H   1.0   0.077   1.007    11.12595     1.08980    -0.34166
    42  C   4.0  -0.064   3.289    -9.90727    -0.96282     4.81880
    43  H   1.0   0.075   1.005    -4.96960     0.20371     4.81502
    44  H   1.0   0.074   1.004    19.80244     6.31622    -2.17432
    45  C   4.0   0.040   3.204    18.70526    -4.19462    -0.73284
    46  C   4.0  -0.010   3.373    -0.35602    -1.10209     0.53290
    47  C   4.0  -0.073   3.139   -19.07452     5.76404     3.83406
    48  C   4.0  -0.067   3.146    -1.52747    -0.54972     2.88013
    49  C   4.0  -0.003   3.259   -15.58476     3.00996     4.99681
    50  N   5.0  -0.192   2.094     1.40841    -2.91226    -7.93704
    51  C   4.0  -0.115   4.128    -0.76213    -2.30943    -6.45606
    52  C   4.0  -0.004   3.221     6.89769    -2.44134    -3.60201
    53  C   4.0  -0.009   3.402     2.27939    -1.93168    -2.72139
    54  C   4.0   0.083   3.450   -13.30103     1.71285     4.45843
    55  C   4.0  -0.072   3.185     8.54383    -4.31443    -4.46391
    56  H   1.0   0.074   1.004   -21.87792     6.44926     6.68944
    57  C   4.0   0.013   3.337    -0.30632    -1.85760    -3.73448
    58  H   1.0   0.075   1.004    19.76691    -5.88045    -0.26362
    59  H   1.0   0.075   1.006     5.14081    -3.39565    -8.22881
    60  H   1.0   0.074   1.005    -0.35924    -0.34204     4.54082
    61  H   1.0   0.080   1.003    -6.45606    -1.35323    -5.29388
    62  N   5.0  -0.219   2.163    14.93734     2.28336    -2.50861
    63  C   4.0  -0.073   3.189     7.86693    -0.51041    -2.08815
    64  C   4.0   0.040   3.206    16.24257     4.36886    -2.58987
    65  H   1.0   0.078   1.009   -16.06399     4.77742     1.37345
    66  H   1.0   0.080   1.003    -2.12084    -3.85391    -6.74481
    67  C   4.0  -0.068   3.185    20.11103     2.34798    -1.46548
    68  H   1.0   0.074   1.005   -19.98669     6.92660     2.42886
    69  C   4.0  -0.072   3.189    10.40162    -0.42613    -1.49175
    70  C   4.0  -0.003   3.225    12.04681    -2.28865    -2.36707
 
  Z AO/shell   Hii/eV     exponent
  1     Sat Feb 20 21:38:01 CET 2016    EN: 2.327 GAM: 0.473  GM3: 0.0000
     1s    -13.751157    1.051071
  6     Sat Feb 20 21:38:01 CET 2016    EN: 2.731 GAM: 0.422  GM3: 0.0000
     2s    -19.378245    2.021003
     2p    -11.993376    1.497917
  7     Sat Feb 20 21:38:01 CET 2016    EN: 3.573 GAM: 0.504  GM3: 0.0000
     2s    -21.576984    2.275442
     2p    -16.125120    2.056788
 16     Sat Feb 20 23:13:41 CET 2016    EN: 1.915 GAM: 0.389  GM3: 0.0000
     3s    -22.000000    2.671470
     3p    -15.834192    1.836978
     3d     -2.593599    1.836978
 
 dipole moment of classical point charges (au)
     X       Y       Z   
   0.1756  -0.2872   1.0689  total (Debye):    2.849

 
 Nbf   :          217
 T(el) :   300.0
 calculating S/T integrals ...
 cpu time for ints   1.403499999999999E-002
 Nao   :          216
 making H0...
=================================================
                     0   SCC step
=================================================
 making H1...
 cpu time for H      2.333999999999989E-003
 solving ...
 cpu time for diag   6.591000000000001E-002
 
 T,E(Fermi),NFOD :    300.000   -10.141  0.000000
 T,E(Fermi),NFOD :    300.000   -11.556  0.000000
 a/b gap (eV)           :   1.227  1.603
 Koopmans IP (eV)       :  10.754
 Eel (Eh)               :  -172.924956
 Nfod                   :  0.0000
 Nfod/Nel               :  0.0000

          eigenvalues
 #    :          98         99        100        101        102        103        104        105
 occ. :        1.000      1.000      1.000      1.000      1.000      1.000      1.000      1.000
 eps  :       -16.002    -15.933    -15.615    -15.611    -15.399    -15.294    -15.153    -14.675
 #    :         106        107        108        109        110        111        112        113
 occ. :        1.000      1.000      1.000      1.000      1.000      0.000      0.000      0.000
 eps  :       -14.627    -14.255    -13.307    -12.357    -10.754     -9.527     -9.447     -7.492
 #    :         114        115        116        117        118        119        120        121
 occ. :        0.000      0.000      0.000      0.000      0.000      0.000      0.000      0.000
 eps  :        -7.085     -6.790     -6.700     -6.613     -6.376     -5.870     -5.754     -5.530

          eigenvalues
 #    :          97         98         99        100        101        102        103        104
 occ. :        1.000      1.000      1.000      1.000      1.000      1.000      1.000      1.000
 eps  :       -16.237    -16.002    -15.933    -15.615    -15.611    -15.399    -15.294    -15.153
 #    :         105        106        107        108        109        110        111        112
 occ. :        1.000      1.000      1.000      1.000      1.000      0.000      0.000      0.000
 eps  :       -14.675    -14.627    -14.255    -13.307    -12.357    -10.754     -9.527     -9.447
 #    :         113        114        115        116        117        118        119        120
 occ. :        0.000      0.000      0.000      0.000      0.000      0.000      0.000      0.000
 eps  :        -7.492     -7.085     -6.790     -6.700     -6.613     -6.376     -5.870     -5.754
                            1  SCC done.
=================================================
                     1   SCC step
=================================================
 making H1...
 cpu time for H      6.771200000000001E-002
 solving ...
 cpu time for diag   5.046000000000023E-003
 
 T,E(Fermi),NFOD :    300.000   -10.234  0.000000
 T,E(Fermi),NFOD :    300.000   -11.428  0.000000
 a/b gap (eV)           :   1.409  1.714
 Koopmans IP (eV)       :  10.937
 Eel (Eh)               :  -172.932437
 Nfod                   :  0.0000
 Nfod/Nel               :  0.0000

          eigenvalues
 #    :          98         99        100        101        102        103        104        105
 occ. :        1.000      1.000      1.000      1.000      1.000      1.000      1.000      1.000
 eps  :       -16.094    -15.959    -15.642    -15.629    -15.409    -15.301    -15.207    -14.699
 #    :         106        107        108        109        110        111        112        113
 occ. :        1.000      1.000      1.000      1.000      1.000      0.000      0.000      0.000
 eps  :       -14.646    -14.307    -13.336    -12.429    -10.937     -9.528     -9.462     -7.509
 #    :         114        115        116        117        118        119        120        121
 occ. :        0.000      0.000      0.000      0.000      0.000      0.000      0.000      0.000
 eps  :        -7.124     -6.854     -6.702     -6.643     -6.425     -5.889     -5.823     -5.573

          eigenvalues
 #    :          97         98         99        100        101        102        103        104
 occ. :        1.000      1.000      1.000      1.000      1.000      1.000      1.000      1.000
 eps  :       -16.156    -15.953    -15.794    -15.593    -15.588    -15.389    -15.289    -15.096
 #    :         105        106        107        108        109        110        111        112
 occ. :        1.000      1.000      1.000      1.000      1.000      0.000      0.000      0.000
 eps  :       -14.665    -14.594    -14.201    -13.276    -12.285    -10.571     -9.526     -9.430
 #    :         113        114        115        116        117        118        119        120
 occ. :        0.000      0.000      0.000      0.000      0.000      0.000      0.000      0.000
 eps  :        -7.476     -7.054     -6.734     -6.699     -6.580     -6.324     -5.860     -5.682
                            2  SCC done.
 updating charges
=================================================
                     2   SCC step
=================================================
 making H1...
 cpu time for H      6.065000000000015E-003
 solving ...
 cpu time for diag   5.049999999999999E-003
 
 T,E(Fermi),NFOD :    300.000   -10.359  0.000000
 T,E(Fermi),NFOD :    300.000   -11.106  0.273418
 a/b gap (eV)           :   1.403  0.095
 Koopmans IP (eV)       :  11.060
 Eel (Eh)               :  -171.553266
 Nfod                   :  0.2734
 Nfod/Nel               :  0.0012
 !!!!!!!!!!!!!!!!!!!!!!!!!!!!!!!!!!!!!!!!!!!!!!!!!
 !!!!!!!! WARNING: small HL-gap detected !!!!!!!!!
 !!!!!!!!!!!!!!!!!!!!!!!!!!!!!!!!!!!!!!!!!!!!!!!!!
 writing <aospin>

          eigenvalues
 #    :          98         99        100        101        102        103        104        105
 occ. :        1.000      1.000      1.000      1.000      1.000      1.000      1.000      1.000
 eps  :       -15.738    -15.559    -15.345    -15.056    -14.984    -14.603    -14.376    -14.092
 #    :         106        107        108        109        110        111        112        113
 occ. :        1.000      1.000      1.000      1.000      1.000      0.000      0.000      0.000
 eps  :       -14.042    -13.811    -13.152    -11.322    -11.060     -9.657     -8.781     -8.494
 #    :         114        115        116        117        118        119        120        121
 occ. :        0.000      0.000      0.000      0.000      0.000      0.000      0.000      0.000
 eps  :        -8.073     -7.889     -7.297     -6.586     -6.421     -6.058     -5.990     -5.632

          eigenvalues
 #    :          97         98         99        100        101        102        103        104
 occ. :        1.000      1.000      1.000      1.000      1.000      1.000      1.000      1.000
 eps  :       -15.752    -15.671    -15.543    -15.291    -15.049    -14.950    -14.540    -14.284
 #    :         105        106        107        108        109        110        111        112
 occ. :        1.000      1.000      1.000      1.000      0.863      0.137      0.000      0.000
 eps  :       -14.058    -13.920    -13.397    -12.943    -11.153    -11.058     -9.295     -8.706
 #    :         113        114        115        116        117        118        119        120
 occ. :        0.000      0.000      0.000      0.000      0.000      0.000      0.000      0.000
 eps  :        -8.481     -8.062     -7.887     -7.269     -6.581     -6.411     -6.023     -5.876
                            3  SCC done.
 <S^2>           : 0.75613
 
 
 Mulliken/CM5 charges      n(s)   n(p)   n(d)   
    1 H   0.0433  0.1034   0.957  0.000  0.000
    2 C   0.1466  0.2750   1.175  2.679  0.000
    3 H   0.0429  0.1014   0.957  0.000  0.000
    4 H   0.0931  0.1521   0.907  0.000  0.000
    5 C  -0.0119 -0.0074   1.165  2.846  0.000
    6 N  -0.0811 -0.3164   1.234  3.847  0.000
    7 C  -0.0556 -0.1119   1.141  2.914  0.000
    8 H   0.0562  0.1268   0.944  0.000  0.000
    9 C  -0.0305 -0.0134   1.157  2.874  0.000
   10 C  -0.2497 -0.2857   1.157  3.093  0.000
   11 C   0.1651  0.3621   1.139  2.696  0.000
   12 N  -0.2018 -0.3947   1.484  3.718  0.000
   13 H   0.0494  0.1081   0.951  0.000  0.000
   14 C  -0.0347 -0.0862   1.133  2.901  0.000
   15 C  -0.0526 -0.0979   1.133  2.920  0.000
   16 C   0.0282  0.0310   1.145  2.826  0.000
   17 S   0.0474  0.0097   1.872  3.995  0.086
   18 H   0.0397  0.0979   0.960  0.000  0.000
   19 C   0.0400  0.1145   1.184  2.776  0.000
   20 C  -0.0617 -0.0629   1.166  2.895  0.000
   21 H   0.0740  0.1344   0.926  0.000  0.000
   22 C  -0.0343 -0.0817   1.149  2.886  0.000
   23 C  -0.0451 -0.0985   1.143  2.902  0.000
   24 C  -0.0272 -0.0773   1.144  2.884  0.000
   25 C   0.0224  0.0609   1.169  2.808  0.000
   26 H   0.0361  0.0944   0.964  0.000  0.000
   27 N  -0.0573 -0.3053   1.235  3.822  0.000
   28 N  -0.1823 -0.3113   1.646  3.536  0.000
   29 C  -0.0515 -0.1007   1.134  2.917  0.000
   30 H   0.0237  0.0818   0.976  0.000  0.000
   31 C   0.1509  0.1502   1.183  2.666  0.000
   32 C   0.0014  0.0647   1.176  2.822  0.000
   33 C   0.0396  0.1168   1.190  2.770  0.000
   34 C   0.0316  0.0333   1.184  2.784  0.000
   35 C  -0.0229 -0.0143   1.173  2.850  0.000
   36 H   0.0437  0.1027   0.956  0.000  0.000
   37 H   0.0617  0.1280   0.938  0.000  0.000
   38 C  -0.0857 -0.1374   1.146  2.940  0.000
   39 H   0.0537  0.1212   0.946  0.000  0.000
   40 C  -0.0765 -0.1277   1.126  2.950  0.000
   41 H   0.0414  0.1059   0.959  0.000  0.000
   42 C  -0.0803 -0.1196   1.132  2.948  0.000
   43 H   0.0288  0.0890   0.971  0.000  0.000
   44 H   0.0424  0.0992   0.958  0.000  0.000
   45 C   0.0326  0.0623   1.161  2.806  0.000
   46 C  -0.0139 -0.0205   1.170  2.844  0.000
   47 C  -0.0069 -0.0633   1.133  2.874  0.000
   48 C  -0.0276 -0.0806   1.131  2.896  0.000
   49 C   0.0304  0.0315   1.157  2.813  0.000
   50 N  -0.0477 -0.2539   1.495  3.552  0.000
   51 C  -0.0125 -0.0460   1.133  2.880  0.000
   52 C   0.0054 -0.0031   1.170  2.825  0.000
   53 C   0.0085  0.0061   1.177  2.815  0.000
   54 C  -0.1611 -0.0964   1.207  2.954  0.000
   55 C  -0.0213 -0.0749   1.140  2.882  0.000
   56 H   0.0540  0.1106   0.946  0.000  0.000
   57 C   0.0366  0.0337   1.192  2.772  0.000
   58 H   0.0536  0.1210   0.946  0.000  0.000
   59 H   0.0442  0.1141   0.956  0.000  0.000
   60 H   0.0388  0.0959   0.961  0.000  0.000
   61 H   0.0563  0.1143   0.944  0.000  0.000
   62 N  -0.1833 -0.3828   1.479  3.705  0.000
   63 C  -0.0148 -0.0682   1.141  2.873  0.000
   64 C   0.0319  0.0617   1.161  2.807  0.000
   65 H   0.0574  0.1246   0.943  0.000  0.000
   66 H   0.0596  0.1259   0.940  0.000  0.000
   67 C  -0.0062 -0.0512   1.150  2.856  0.000
   68 H   0.0529  0.1096   0.947  0.000  0.000
   69 C  -0.0356 -0.0870   1.142  2.893  0.000
   70 C   0.0083  0.0019   1.165  2.827  0.000
 
 Pa-Pb analysis  n(s)   n(p)   n(d)       HFC (Mhz)
    1 H  -0.000 -0.000  0.000  0.000      0.00
    2 C  -0.003 -0.001 -0.002  0.000      0.00
    3 H  -0.001 -0.001  0.000  0.000      0.00
    4 H  -0.000 -0.000  0.000  0.000      0.00
    5 C   0.021  0.003  0.018  0.000      0.00
    6 N   0.041  0.000  0.041  0.000      0.00
    7 C   0.051  0.000  0.051  0.000      0.00
    8 H  -0.002 -0.002  0.000  0.000      0.00
    9 C   0.014  0.002  0.012  0.000      0.00
   10 C   0.235  0.000  0.235  0.000      0.00
   11 C   0.002  0.000  0.002  0.000      0.00
   12 N   0.002  0.000  0.002  0.000      0.00
   13 H  -0.000 -0.000  0.000  0.000      0.00
   14 C   0.015  0.000  0.015  0.000      0.00
   15 C  -0.006 -0.000 -0.006  0.000      0.00
   16 C  -0.001 -0.000 -0.001  0.000      0.00
   17 S   0.177  0.000  0.144  0.033      0.00
   18 H  -0.003 -0.003  0.000  0.000      0.00
   19 C  -0.001 -0.000 -0.001  0.000      0.00
   20 C  -0.027 -0.006 -0.020  0.000      0.00
   21 H  -0.000 -0.000  0.000  0.000      0.00
   22 C   0.002  0.001  0.002  0.000      0.00
   23 C  -0.010 -0.002 -0.008  0.000      0.00
   24 C  -0.001 -0.000 -0.001  0.000      0.00
   25 C  -0.025 -0.001 -0.024  0.000      0.00
   26 H   0.000  0.000  0.000  0.000      0.00
   27 N   0.007  0.003  0.004  0.000      0.00
   28 N   0.012  0.000  0.012  0.000      0.00
   29 C   0.036  0.010  0.026  0.000      0.00
   30 H  -0.003 -0.003  0.000  0.000      0.00
   31 C   0.065  0.020  0.045  0.000      0.00
   32 C  -0.009 -0.004 -0.005  0.000      0.00
   33 C   0.000  0.000  0.000  0.000      0.00
   34 C  -0.003 -0.001 -0.002  0.000      0.00
   35 C   0.045  0.000  0.044  0.000      0.00
   36 H  -0.003 -0.003  0.000  0.000      0.00
   37 H   0.022  0.022  0.000  0.000      0.00
   38 C   0.052  0.000  0.052  0.000      0.00
   39 H  -0.000 -0.000  0.000  0.000      0.00
   40 C   0.016 -0.001  0.017  0.000      0.00
   41 H   0.000  0.000  0.000  0.000      0.00
   42 C   0.011  0.001  0.011  0.000      0.00
   43 H  -0.009 -0.009  0.000  0.000      0.00
   44 H  -0.000 -0.000  0.000  0.000      0.00
   45 C  -0.001 -0.000 -0.001  0.000      0.00
   46 C   0.030  0.009  0.021  0.000      0.00
   47 C   0.009 -0.000  0.009  0.000      0.00
   48 C  -0.017 -0.005 -0.013  0.000      0.00
   49 C   0.003  0.000  0.003  0.000      0.00
   50 N   0.043  0.007  0.036  0.000      0.00
   51 C  -0.062 -0.017 -0.045  0.000      0.00
   52 C  -0.030 -0.008 -0.022  0.000      0.00
   53 C  -0.023 -0.001 -0.022  0.000      0.00
   54 C   0.209  0.000  0.209  0.000      0.00
   55 C   0.013  0.004  0.009  0.000      0.00
   56 H  -0.000 -0.000  0.000  0.000      0.00
   57 C   0.085  0.014  0.071  0.000      0.00
   58 H  -0.000 -0.000  0.000  0.000      0.00
   59 H  -0.008 -0.008  0.000  0.000      0.00
   60 H   0.000  0.000  0.000  0.000      0.00
   61 H  -0.001 -0.001  0.000  0.000      0.00
   62 N  -0.001 -0.000 -0.001  0.000      0.00
   63 C   0.012  0.003  0.009  0.000      0.00
   64 C   0.001  0.000  0.001  0.000      0.00
   65 H  -0.000 -0.000  0.000  0.000      0.00
   66 H   0.021  0.021  0.000  0.000      0.00
   67 C   0.001  0.000  0.001  0.000      0.00
   68 H   0.000  0.000  0.000  0.000      0.00
   69 C  -0.010 -0.002 -0.008  0.000      0.00
   70 C   0.010  0.003  0.007  0.000      0.00
 
 Loewdin charges    n(s)   n(p)   n(d)  
    1 H   0.0332   0.967  0.000  0.000
    2 C   0.1288   1.148  2.723  0.000
    3 H   0.0352   0.965  0.000  0.000
    4 H   0.0769   0.923  0.000  0.000
    5 C  -0.0125   1.124  2.888  0.000
    6 N  -0.0317   1.187  3.845  0.000
    7 C  -0.0465   1.086  2.961  0.000
    8 H   0.0465   0.953  0.000  0.000
    9 C  -0.0337   1.112  2.921  0.000
   10 C  -0.2098   1.097  3.113  0.000
   11 C   0.1404   1.116  2.743  0.000
   12 N  -0.1807   1.448  3.733  0.000
   13 H   0.0402   0.960  0.000  0.000
   14 C  -0.0312   1.081  2.951  0.000
   15 C  -0.0520   1.082  2.970  0.000
   16 C   0.0298   1.103  2.867  0.000
   17 S   0.0073   1.857  3.992  0.144
   18 H   0.0322   0.968  0.000  0.000
   19 C   0.0325   1.149  2.818  0.000
   20 C  -0.0632   1.126  2.937  0.000
   21 H   0.0633   0.937  0.000  0.000
   22 C  -0.0331   1.097  2.936  0.000
   23 C  -0.0392   1.089  2.950  0.000
   24 C  -0.0221   1.090  2.932  0.000
   25 C   0.0224   1.124  2.854  0.000
   26 H   0.0290   0.971  0.000  0.000
   27 N  -0.0081   1.190  3.819  0.000
   28 N  -0.1756   1.608  3.567  0.000
   29 C  -0.0474   1.082  2.966  0.000
   30 H   0.0200   0.980  0.000  0.000
   31 C   0.1487   1.143  2.708  0.000
   32 C  -0.0080   1.143  2.866  0.000
   33 C   0.0295   1.157  2.814  0.000
   34 C   0.0383   1.141  2.821  0.000
   35 C   0.0038   1.126  2.870  0.000
   36 H   0.0355   0.965  0.000  0.000
   37 H   0.0567   0.943  0.000  0.000
   38 C  -0.0805   1.092  2.988  0.000
   39 H   0.0423   0.958  0.000  0.000
   40 C  -0.0835   1.079  3.005  0.000
   41 H   0.0329   0.967  0.000  0.000
   42 C  -0.0859   1.083  3.003  0.000
   43 H   0.0237   0.976  0.000  0.000
   44 H   0.0345   0.965  0.000  0.000
   45 C   0.0352   1.114  2.851  0.000
   46 C  -0.0075   1.127  2.881  0.000
   47 C   0.0000   1.078  2.922  0.000
   48 C  -0.0239   1.079  2.945  0.000
   49 C   0.0294   1.115  2.856  0.000
   50 N  -0.0288   1.462  3.567  0.000
   51 C  -0.0115   1.076  2.936  0.000
   52 C   0.0121   1.125  2.863  0.000
   53 C   0.0130   1.134  2.853  0.000
   54 C  -0.1660   1.173  2.993  0.000
   55 C  -0.0167   1.087  2.930  0.000
   56 H   0.0442   0.956  0.000  0.000
   57 C   0.0329   1.154  2.813  0.000
   58 H   0.0423   0.958  0.000  0.000
   59 H   0.0349   0.965  0.000  0.000
   60 H   0.0322   0.968  0.000  0.000
   61 H   0.0480   0.952  0.000  0.000
   62 N  -0.1619   1.443  3.719  0.000
   63 C  -0.0103   1.088  2.922  0.000
   64 C   0.0338   1.113  2.853  0.000
   65 H   0.0468   0.953  0.000  0.000
   66 H   0.0548   0.945  0.000  0.000
   67 C   0.0028   1.095  2.902  0.000
   68 H   0.0434   0.957  0.000  0.000
   69 C  -0.0298   1.089  2.941  0.000
   70 C   0.0116   1.121  2.867  0.000
 
 Pa-Pb analysis  n(s)   n(p)   n(d)       HFC (Mhz)
    1 H  -0.000 -0.000  0.000  0.000      0.00
    2 C  -0.003 -0.001 -0.002  0.000      0.00
    3 H  -0.001 -0.001  0.000  0.000      0.00
    4 H  -0.000 -0.000  0.000  0.000      0.00
    5 C   0.020  0.002  0.018  0.000      0.00
    6 N   0.041  0.000  0.041  0.000      0.00
    7 C   0.051  0.000  0.051  0.000      0.00
    8 H  -0.002 -0.002  0.000  0.000      0.00
    9 C   0.013  0.002  0.012  0.000      0.00
   10 C   0.233  0.000  0.232  0.000      0.00
   11 C   0.002  0.000  0.002  0.000      0.00
   12 N   0.002  0.000  0.002  0.000      0.00
   13 H  -0.000 -0.000  0.000  0.000      0.00
   14 C   0.015  0.000  0.015  0.000      0.00
   15 C  -0.006 -0.000 -0.005  0.000      0.00
   16 C  -0.001 -0.000 -0.001  0.000      0.00
   17 S   0.180  0.000  0.145  0.035      0.00
   18 H  -0.002 -0.002  0.000  0.000      0.00
   19 C  -0.001 -0.000 -0.001  0.000      0.00
   20 C  -0.023 -0.005 -0.018  0.000      0.00
   21 H  -0.000 -0.000  0.000  0.000      0.00
   22 C   0.002  0.001  0.001  0.000      0.00
   23 C  -0.009 -0.002 -0.008  0.000      0.00
   24 C  -0.001 -0.000 -0.001  0.000      0.00
   25 C  -0.023 -0.001 -0.022  0.000      0.00
   26 H   0.000  0.000  0.000  0.000      0.00
   27 N   0.007  0.002  0.004  0.000      0.00
   28 N   0.012  0.000  0.012  0.000      0.00
   29 C   0.032  0.008  0.024  0.000      0.00
   30 H  -0.003 -0.003  0.000  0.000      0.00
   31 C   0.058  0.017  0.041  0.000      0.00
   32 C  -0.007 -0.004 -0.003  0.000      0.00
   33 C   0.000  0.000  0.000  0.000      0.00
   34 C  -0.003 -0.001 -0.002  0.000      0.00
   35 C   0.044  0.000  0.044  0.000      0.00
   36 H  -0.002 -0.002  0.000  0.000      0.00
   37 H   0.019  0.019  0.000  0.000      0.00
   38 C   0.052  0.000  0.052  0.000      0.00
   39 H  -0.000 -0.000  0.000  0.000      0.00
   40 C   0.017 -0.001  0.018  0.000      0.00
   41 H   0.000  0.000  0.000  0.000      0.00
   42 C   0.011  0.001  0.010  0.000      0.00
   43 H  -0.007 -0.007  0.000  0.000      0.00
   44 H  -0.000 -0.000  0.000  0.000      0.00
   45 C  -0.001 -0.000 -0.001  0.000      0.00
   46 C   0.026  0.008  0.018  0.000      0.00
   47 C   0.009 -0.000  0.009  0.000      0.00
   48 C  -0.014 -0.004 -0.011  0.000      0.00
   49 C   0.003  0.000  0.003  0.000      0.00
   50 N   0.040  0.006  0.034  0.000      0.00
   51 C  -0.053 -0.015 -0.039  0.000      0.00
   52 C  -0.026 -0.007 -0.019  0.000      0.00
   53 C  -0.021 -0.001 -0.020  0.000      0.00
   54 C   0.209  0.000  0.208  0.000      0.00
   55 C   0.011  0.003  0.008  0.000      0.00
   56 H  -0.000 -0.000  0.000  0.000      0.00
   57 C   0.081  0.012  0.069  0.000      0.00
   58 H  -0.000 -0.000  0.000  0.000      0.00
   59 H  -0.006 -0.006  0.000  0.000      0.00
   60 H  -0.000 -0.000  0.000  0.000      0.00
   61 H  -0.001 -0.001  0.000  0.000      0.00
   62 N  -0.001 -0.000 -0.001  0.000      0.00
   63 C   0.011  0.003  0.008  0.000      0.00
   64 C   0.001  0.000  0.001  0.000      0.00
   65 H  -0.000 -0.000  0.000  0.000      0.00
   66 H   0.018  0.018  0.000  0.000      0.00
   67 C   0.001  0.000  0.001  0.000      0.00
   68 H   0.000  0.000  0.000  0.000      0.00
   69 C  -0.009 -0.002 -0.008  0.000      0.00
   70 C   0.009  0.002  0.007  0.000      0.00
 
 Wiberg/Mayer (AO) data. WBOs > 0.1 written file <wbo>
 largest (>0.05) Wiberg bond orders for each atom
           total WBO             WBO to atom ...
     1  H   0.996    C   67 0.943
     2  C   3.894    C   42 1.657    N   27 1.035    N    6 1.002
     3  H   0.997    C   22 0.944
     4  H   0.987    C   10 0.942
     5  C   3.930    C   32 1.361    C   15 1.191    C   20 1.127    C   48 0.074
     6  N   3.454    C   11 1.068    C   54 1.012    C    2 1.002    N   28 0.164
     7  C   3.906    C   14 1.417    C   47 1.396    H   56 0.944    C   49 0.075
     8  H   0.995    C    9 0.944
     9  C   3.892    C   15 1.663    N   27 1.099    H    8 0.944    C   32 0.075
    10  C   3.645    C   16 1.431    S   17 1.129    H    4 0.942
    11  C   3.945    N   28 2.835    N    6 1.068
    12  N   3.099    C   45 1.527    C   19 1.243    C   34 0.116
    13  H   0.995    C   14 0.943
    14  C   3.953    C    7 1.417    C   35 1.407    H   13 0.943    C   38 0.091
    15  C   3.957    C    9 1.663    C    5 1.191    H   61 0.941    N   27 0.065
    16  C   3.959    C   10 1.431    C   54 1.216    C   42 1.125
    17  S   2.369    C   10 1.129    C   35 1.028
    18  H   0.996    C   55 0.945
    19  C   3.944    C   67 1.261    N   12 1.243    C   33 1.213    C   64 0.063    C   22 0.056
    20  C   3.924    C   57 1.498    C    5 1.127    C   46 1.046
    21  H   0.991    C   42 0.937
    22  C   3.965    C   34 1.459    C   45 1.330    H    3 0.944    C   19 0.056
    23  C   3.966    C   55 1.465    C   70 1.353    H   26 0.945    C   63 0.098
    24  C   3.972    C   67 1.538    C   64 1.308    H   44 0.945    C   33 0.064
    25  C   3.950    N   50 1.808    C   31 1.093    H   59 0.942
    26  H   0.996    C   23 0.945
    27  N   3.490    C    9 1.099    C   32 1.044    C    2 1.035    C   15 0.065
    28  N   3.092    C   11 2.835    N    6 0.164
    29  C   3.913    C   48 1.599    C   32 1.217    H   43 0.943    C   40 0.066
    30  H   0.997    C   40 0.946
    31  C   3.876    C   53 1.443    C   25 1.093    C   52 1.027    C   46 0.073    N   50 0.054
    32  C   3.878    C    5 1.361    C   29 1.217    N   27 1.044    C    9 0.075
    33  C   3.940    N   62 1.256    C   19 1.213    C   34 1.204    C   24 0.064    C   45 0.056
    34  C   3.947    C   22 1.459    C   33 1.204    C   70 1.015    N   12 0.116
    35  C   3.892    C   14 1.407    C   49 1.249    S   17 1.028    C   47 0.085
    36  H   0.996    C   63 0.943
    37  H   0.990    C   51 0.925
    38  C   3.906    C   47 1.467    C   49 1.293    H   65 0.935    C   14 0.091
    39  H   0.996    C   64 0.948
    40  C   3.876    C   46 1.460    C   53 1.194    H   30 0.946    C   57 0.081    C   29 0.066
    41  H   0.996    C   69 0.943
    42  C   3.934    C    2 1.657    C   16 1.125    H   21 0.937
    43  H   0.996    C   29 0.943
    44  H   0.997    C   24 0.945
    45  C   3.954    N   12 1.527    C   22 1.330    H   58 0.946    C   33 0.056
    46  C   3.936    C   40 1.460    C   48 1.198    C   20 1.046    C   31 0.073
    47  C   3.959    C   38 1.467    C    7 1.396    H   68 0.943    C   35 0.085
    48  C   3.947    C   29 1.599    C   46 1.198    H   60 0.940    C    5 0.074
    49  C   3.952    C   38 1.293    C   35 1.249    C   54 1.183    C    7 0.075
    50  N   3.158    C   25 1.808    C   51 1.029    C   53 0.083    C   57 0.059    C   31 0.054
    51  C   3.965    N   50 1.029    C   57 0.980    H   66 0.928    H   37 0.925
    52  C   3.947    C   55 1.349    C   63 1.349    C   31 1.027    C   70 0.095
    53  C   3.945    C   31 1.443    C   40 1.194    C   57 1.040    N   50 0.083
    54  C   3.634    C   16 1.216    C   49 1.183    N    6 1.012
    55  C   3.958    C   23 1.465    C   52 1.349    H   18 0.945    C   69 0.098
    56  H   0.994    C    7 0.944
    57  C   3.872    C   20 1.498    C   53 1.040    C   51 0.980    C   40 0.081    N   50 0.059
    58  H   0.994    C   45 0.946
    59  H   0.997    C   25 0.942
    60  H   0.994    C   48 0.940
    61  H   0.994    C   15 0.941
    62  N   3.115    C   64 1.543    C   33 1.256    C   67 0.124
    63  C   3.964    C   69 1.462    C   52 1.349    H   36 0.943    C   23 0.098
    64  C   3.954    N   62 1.543    C   24 1.308    H   39 0.948    C   19 0.063
    65  H   0.997    C   38 0.935
    66  H   0.991    C   51 0.928
    67  C   3.966    C   24 1.538    C   19 1.261    H    1 0.943    N   62 0.124
    68  H   0.993    C   47 0.943
    69  C   3.968    C   63 1.462    C   70 1.357    H   41 0.943    C   55 0.098
    70  C   3.944    C   69 1.357    C   23 1.353    C   34 1.015    C   52 0.095
 
 --------------------------------------------
          xTB calculation for sTDA...
 --------------------------------------------
 
 reading parameter file 
 /home/jovyan/cpu-only-1-datavol-1/software/xtb4stda_home/.param_stda2.xtb
 
      method parameters     
 k(s)        :  1.6000
 k(p)        :  2.1800
 k(d)        :  1.9500
 k(f)        :  2.0000
 k(R-V)      :  2.2750
 k(R-R)      :  1.7650
 Tscal       :  0.2580
 Gscal       :  1.0000
 fpol        :  1.0000
 Zcnf        :  0.3430
 Zqf         :  0.0000
 kcn         :  2.7000
 Ryd Hsplit  :  0.7000
 lshift(virt):  3.1000
 lshift(OS)  :  0.2000
 wllscaling  :  2.6000
 
 mowrcut     : 3.000
 
  Z AO/shell   Hii/eV     exponent
  1     Sun Feb 14 09:53:25 CET 2016    EN: 2.327 GAM: 0.473  GM3: 0.0000
     1s    -14.339618    1.220000
     2sp    -3.348946    0.600000
  6     Sun Feb 14 09:53:25 CET 2016    EN: 2.731 GAM: 0.422  GM3: 0.0000
     2s    -22.009312    1.565095
     2p    -13.020408    1.596905
     3sp    -3.914040    0.824500
  7     Sun Feb 14 09:53:25 CET 2016    EN: 3.573 GAM: 0.504  GM3: 0.0000
     2s    -25.722000    2.064844
     2p    -18.684912    1.801692
     3sp    -4.344791    0.921400
 16     Sun Feb 21 16:35:57 CET 2016    EN: 1.915 GAM: 0.200  GM3: 0.0000
     3s    -17.898811    2.619580
     3p    -15.317401    1.798798
     4sp    -4.455139    0.843200
 
 Nbf   :          491
 T(el) :     0.0
 calculating S/T integrals ...
 cpu time for ints   0.237267000000000     
 Nao   :          491
 making H0...
 reading <aospin>
 value    1-   10:   -0.00  0.00  0.00  0.00  0.00 -0.00 -0.00 -0.00 -0.00  0.00
 value   11-   20:    0.00  0.00  0.00 -0.00  0.00  0.00  0.00  0.00 -0.00  0.00
 value   21-   30:    0.00  0.00  0.00  0.00  0.00  0.02  0.00  0.00  0.00  0.00
 value   31-   40:    0.00  0.00  0.02  0.03  0.01  0.00  0.00  0.00  0.00  0.00
 value   41-   50:    0.01  0.03  0.01  0.00  0.00  0.00  0.00 -0.00  0.00  0.00
 value   51-   60:    0.00  0.00  0.00  0.00  0.01 -0.00  0.00  0.00  0.00  0.00
 value   61-   70:    0.00  0.08  0.14  0.03  0.00  0.00  0.00  0.00  0.00  0.00
 value   71-   80:    0.00  0.00  0.00  0.00  0.00  0.00  0.00  0.00  0.00  0.00
 value   81-   90:    0.00  0.00  0.00  0.00 -0.00  0.00  0.00  0.00  0.00  0.00
 value   91-  100:    0.00  0.01  0.00  0.00  0.00  0.00  0.00 -0.00 -0.00 -0.00
 value  101-  110:   -0.00  0.00  0.00  0.00  0.00 -0.00 -0.00 -0.00 -0.00  0.00
 value  111-  120:    0.00  0.00  0.00  0.00  0.05  0.11  0.02  0.00  0.00  0.00
 value  121-  130:    0.00 -0.00  0.00  0.00  0.00  0.00 -0.00 -0.00 -0.00 -0.00
 value  131-  140:    0.00  0.00  0.00  0.00 -0.01 -0.00 -0.01 -0.01  0.00  0.00
 value  141-  150:    0.00  0.00 -0.00  0.00  0.00  0.00  0.00  0.00  0.00  0.00
 value  151-  160:    0.00  0.00  0.00  0.00  0.00 -0.00 -0.00 -0.00 -0.00  0.00
 value  161-  170:    0.00  0.00  0.00 -0.00 -0.00 -0.00 -0.00  0.00  0.00  0.00
 value  171-  180:    0.00 -0.00 -0.00 -0.02 -0.01  0.00  0.00  0.00  0.00  0.00
 value  181-  190:    0.00  0.00  0.00  0.00  0.00  0.00  0.00  0.00  0.00  0.00
 value  191-  200:    0.00  0.00  0.00  0.00  0.01  0.00  0.00  0.00  0.00  0.00
 value  201-  210:    0.01  0.00  0.02  0.01  0.00  0.00  0.00  0.00 -0.00  0.00
 value  211-  220:    0.00  0.00  0.00  0.02  0.01  0.02  0.01  0.00  0.00  0.00
 value  221-  230:    0.00 -0.00 -0.00  0.00 -0.00  0.00  0.00  0.00  0.00  0.00
 value  231-  240:   -0.00 -0.00  0.00  0.00  0.00  0.00  0.00 -0.00 -0.00 -0.00
 value  241-  250:   -0.00  0.00  0.00  0.00  0.00  0.00  0.01  0.03  0.01  0.00
 value  251-  260:    0.00  0.00  0.00 -0.00  0.00  0.00  0.00  0.00  0.02  0.00
 value  261-  270:    0.00  0.00  0.00  0.00  0.01  0.04  0.01  0.00  0.00  0.00
 value  271-  280:    0.00 -0.00  0.00  0.00  0.00  0.00 -0.00 -0.00  0.02 -0.00
 value  281-  290:    0.00  0.00  0.00  0.00  0.00  0.00  0.00  0.00  0.00  0.00
 value  291-  300:    0.00  0.01  0.00  0.00  0.00  0.00  0.00 -0.01  0.00  0.00
 value  301-  310:    0.00  0.00 -0.00  0.00  0.00  0.00  0.00 -0.00 -0.00 -0.00
 value  311-  320:   -0.00  0.00  0.00  0.00  0.00  0.01  0.00  0.01  0.01  0.00
 value  321-  330:    0.00  0.00  0.00  0.00  0.00  0.01  0.00  0.00  0.00  0.00
 value  331-  340:    0.00 -0.00 -0.00 -0.00 -0.00  0.00  0.00  0.00  0.00  0.00
 value  341-  350:    0.00  0.00  0.00  0.00  0.00  0.00  0.00  0.01  0.01  0.02
 value  351-  360:    0.01  0.00  0.00  0.00  0.00 -0.02 -0.01 -0.02 -0.01  0.00
 value  361-  370:    0.00  0.00  0.00 -0.01 -0.01 -0.00 -0.01  0.00  0.00  0.00
 value  371-  380:    0.00 -0.00 -0.01 -0.01 -0.00  0.00  0.00  0.00  0.00  0.00
 value  381-  390:    0.07  0.14  0.03  0.00  0.00  0.00  0.00  0.00  0.00  0.00
 value  391-  400:    0.00  0.00  0.00  0.00  0.00 -0.00  0.00  0.00  0.00  0.00
 value  401-  410:    0.02  0.01  0.06  0.01  0.00  0.00  0.00  0.00 -0.00  0.00
 value  411-  420:    0.00  0.00  0.00 -0.01  0.00  0.00  0.00  0.00 -0.00  0.00
 value  421-  430:    0.00  0.00  0.00 -0.00  0.00  0.00  0.00  0.00 -0.00 -0.00
 value  431-  440:   -0.00 -0.00  0.00  0.00  0.00  0.00  0.00  0.00  0.00  0.00
 value  441-  450:    0.00  0.00  0.00  0.00  0.00  0.00  0.00  0.00  0.00  0.00
 value  451-  460:    0.00  0.00 -0.00  0.00  0.00  0.00  0.00  0.02  0.00  0.00
 value  461-  470:    0.00  0.00  0.00  0.00  0.00  0.00  0.00  0.00  0.00  0.00
 value  471-  480:    0.00  0.00  0.00  0.00  0.00 -0.00 -0.00 -0.00 -0.00  0.00
 value  481-  490:    0.00  0.00  0.00  0.00  0.00  0.00  0.00  0.00  0.00  0.00
 value  491-  491:    0.00
=================================================
                     0   SCC step
=================================================
 making H1...
 cpu time for H      5.200999999999956E-003
 solving ...
 cpu time for diag   3.982900000000000E-002
 
 a/b gap (eV)           :   5.306  4.228
 Koopmans IP (eV)       :  13.407
 Eel (Eh)               :  -191.012703

          eigenvalues
 #    :          98         99        100        101        102        103        104        105
 occ. :        1.000      1.000      1.000      1.000      1.000      1.000      1.000      1.000
 eps  :       -17.157    -16.890    -16.581    -16.567    -16.391    -16.250    -16.048    -15.929
 #    :         106        107        108        109        110        111        112        113
 occ. :        1.000      1.000      1.000      1.000      1.000      0.000      0.000      0.000
 eps  :       -15.562    -15.045    -14.333    -14.107    -13.407     -8.101     -7.355     -6.798
 #    :         114        115        116        117        118        119        120        121
 occ. :        0.000      0.000      0.000      0.000      0.000      0.000      0.000      0.000
 eps  :        -6.603     -6.583     -6.411     -6.082     -5.823     -5.496     -5.292     -5.203

          eigenvalues
 #    :          97         98         99        100        101        102        103        104
 occ. :        1.000      1.000      1.000      1.000      1.000      1.000      1.000      1.000
 eps  :       -17.148    -16.884    -16.811    -16.577    -16.486    -16.304    -16.171    -16.045
 #    :         105        106        107        108        109        110        111        112
 occ. :        1.000      1.000      1.000      1.000      1.000      0.000      0.000      0.000
 eps  :       -15.897    -15.495    -14.850    -14.179    -14.029     -9.800     -8.105     -6.915
 #    :         113        114        115        116        117        118        119        120
 occ. :        0.000      0.000      0.000      0.000      0.000      0.000      0.000      0.000
 eps  :        -6.777     -6.602     -6.564     -6.408     -5.967     -5.831     -5.429     -5.293
                            1  SCC done.
 <S^2>           : 0.75453
 writing mo output ...
 molden style : F
 
speedup  0.77
cpu  time for all    0.47 s
wall time for all    0.62 s
