 
        ______________________________________
       |                                      |
       |          ===================         |
       |             xTB for sTDA             |
       |          ===================         |
       |               S. Grimme              |
       |        Universitaet Bonn, MCTC       |
       |         2015-19, Version 1.0         |
       |     Wed Apr  3 09:14:55 CEST 2019    |
       |______________________________________|
 
        This code comes without any warranty
        for non-commercial, academia use only.
        Preliminary test version.
        Cite this work as:
        S. Grimme  &  C. Bannwarth, JCP 145 (2016) 054103
        if GBSA is used additionally:
        P. Shushkov, F. März, C. Bannwarth, S. Grimme, unpublished.
 
        with help from
        P. Shushkov, G. Brandenburg, S. Dohm, J. Pisarek,
        F. März, M. Checinski, S. Ehrlich, S. Spicher, 
        P. Pracht, E. Caldeweyher, S. Ehlert, and C. Bannwarth.
 
        usage        :
        xtb4stda <coord_file> [options]
        where <coord_file> is a valid file of TM)
        (*coord, Bohr) or xmol (*xyz, Angstroem)
        format.

        options:
        -chrg <int>   : molecular charge
        -uhf  <int>   : # of unpaired electrons(=2*S)
        -nox          : skip second, extended part in sTDA-xTB
        -pop          : do population analysis
                      : (default for -nox)
        -mowr <real>  : cut MO write above (def.3 Eh)
        -molden       : write formatted molden file
        -parx <file>  : read parameters for sTDA-xTB
                        calc (def:~/.param_stda2.xtb)
        -parv <file>  : read parameters for vTB part in
                        sTDA-xTB (def: ~/.param_stda1.xtb)
        -xtemp <real> : el. temp for xTB (def. 0 K)
        -etemp <real> : el. temp for GFN (def. 300 K)
        -fod          : calculate the FOD and write
                        molden.input file with
                        appropriate occupations
                        for plotting. Def. T=12500 K
 
        -acc <real>   : xTB accuracy (def. 1.0)
        -gbsa [string1] [string2]
                        use GBSA implicit solvent
                        for solvent [string1] and
                        solvation state [string2]=
                        reference, bar1M (default=1M)
        additional GFN/opt/MD/siman options read from
        $XTB4STDAHOME/.xtb4stdarc or $set in input
 
       spin and charge state information can be on:
       <.CHRG> (charge) and <.UHF> (=nalpha-nbeta)
       -uhf and -chrg override the file info.
       useful machine settings:
       setenv MKL_NUM_THREADS <NCORE_ON_YOUR_MACHINE>
       setenv OMP_STACKSIZE 500m
       limit stacksize unlimited
 
       total energies in Eh, gaps/HL energies in eV
       please read REVISION and HOWTO files carefully
OMP: Warning #182: OMP_STACKSIZE: ignored because KMP_STACKSIZE has been defined
 =============================
  # OMP threads =           1
 =============================
 
 xtb4stdahome directory:
 /home/jovyan/cpu-only-1-datavol-1/software/xtb4stda_home/
 
 
 name of molecule           : energy: -138.931898100963 gnorm: 0.002389258619 xtb: 6.7.1 (edcfbbe)
 comment line               :
 number of atoms            :    83
 number of electrons        :   254
 charge                     :  0
 spin                       : 0.0
 first test random number   :  0.2284
 
 -----------------------------------------
      charge density (VTB) calculation
 -----------------------------------------
 
      method parameters     
 k(s)        :  1.8000
 k(p)        :  2.8350
 k(d)        :  2.0860
 k(f)        :  2.0000
 Tscal       :  0.3300
 Gscal       :  0.3910
 fpol        :  1.0000
 Zcnf        :  0.6500
 Zqf         :  0.0000
 kcn         :  0.3000
 kEN1        : -0.5900
 wllscal     :  2.6000
 
     -------------------------
     ! NO SOLVENT MODEL USED !
     -------------------------
 
 doing EN charges ...
 sum q :  0.1110223D-15
 point charge moment (au)
     X       Y       Z   
   0.0074   0.1950   0.2726  total (Debye):    0.852
 
            Z      q(EN)   CN      Cart. coordinates
     1  C   4.0  -0.073   3.297     5.89519    -5.23303     0.13058
     2  C   4.0   0.199   3.579    -0.85038    -3.17776    10.08414
     3  N   5.0  -0.397   3.279    -0.02665    -4.89930     8.33312
     4  H   1.0   0.074   1.001    13.48811    -9.76289    -9.27440
     5  H   1.0   0.082   1.005    11.44153    -5.39630   -11.62503
     6  H   1.0   0.074   1.004    -4.38360    -1.84853    17.94333
     7  H   1.0   0.075   1.006     0.52251     1.08281    -6.53089
     8  C   4.0  -0.068   3.293    -1.24571     2.84555    -1.80034
     9  C   4.0   0.010   3.240     5.34641    -3.11918    -6.39011
    10  H   1.0   0.080   1.004    -0.58468     4.33087    -3.00542
    11  N   5.0  -0.192   2.235    -0.40478    -0.83110     9.41707
    12  C   4.0   0.032   3.210    -3.60805    -7.27526    14.70018
    13  H   1.0   0.175   1.008    -3.75904     5.01817     6.91129
    14  H   1.0   0.077   1.006    -4.81011    10.75651    -4.14681
    15  C   4.0  -0.069   3.203     2.77336    -0.02759     3.27225
    16  C   4.0  -0.138   3.069    12.31383    -9.07106    -7.76507
    17  C   4.0   0.009   3.244    10.48250    -7.39998    -8.17401
    18  C   4.0   0.096   3.307    -5.94224     6.66015    -1.03633
    19  H   1.0   0.083   1.003    -1.77729    -2.75087     0.79917
    20  C   4.0  -0.072   3.152    -3.86165    -3.13354    16.44440
    21  C   4.0  -0.015   3.547     5.20166    -3.61429    -3.80194
    22  H   1.0   0.075   1.004     9.71810    -8.09748    -2.84479
    23  C   4.0  -0.068   3.179    -2.71535    -2.24556    14.27272
    24  C   4.0   0.032   3.242    -7.04187     9.57524     1.92563
    25  C   4.0   0.105   3.168    -6.35401     5.74155    -3.66229
    26  C   4.0  -0.001   3.342     8.76266    -6.27106    -6.35288
    27  H   1.0   0.076   1.005    -8.00148    11.34497     2.29148
    28  C   4.0   0.062   3.479    -3.12069     3.02621    -0.03685
    29  N   5.0  -0.466   3.100    -3.36655     4.67537     5.08582
    30  C   4.0  -0.072   3.198    -8.74886     6.99425    -7.48161
    31  C   4.0   0.096   3.299     2.88750    -2.63881     2.72763
    32  C   4.0   0.005   3.211     1.71039    -0.79274    -3.15471
    33  O   6.0  -0.162   2.138    -3.41398     0.77932     1.15935
    34  C   4.0  -0.035   4.199     9.79993    -6.30431   -10.73704
    35  C   4.0   0.206   3.528     1.02404    -3.55628     6.41146
    36  H   1.0   0.081   0.999    -3.98316     9.48813     7.23217
    37  C   4.0  -0.003   3.401     3.46973    -2.44360    -2.13804
    38  C   4.0  -0.073   3.190     1.88160    -0.23414    -5.76329
    39  H   1.0   0.079   1.003     6.69662    -6.29524     1.66409
    40  C   4.0   0.016   3.180    -5.88158     8.27492     3.87772
    41  N   5.0  -0.219   2.176    -7.11727     8.80197    -0.44295
    42  H   1.0   0.075   1.004    -3.92987    -9.29367    14.78503
    43  C   4.0   0.000   3.351     4.01661    -3.47502     0.36056
    44  H   1.0   0.076   1.005    -2.29658    -0.27420    13.98284
    45  H   1.0   0.175   1.010    -2.81701     2.90205     4.67254
    46  O   6.0  -0.107   1.072    -6.23496     3.52056    -4.23185
    47  H   1.0   0.178   1.010     6.86046    -3.58538   -11.46591
    48  C   4.0   0.013   3.252    -4.61377     5.21375     0.73548
    49  C   4.0   0.027   3.215    -8.42497    11.19001    -9.04291
    50  C   4.0   0.108   3.229    -4.63984     5.99723     3.28548
    51  C   4.0   0.108   3.380     7.23708    -4.52703    -7.66170
    52  C   4.0  -0.006   3.440    -1.74441    -0.83564     0.14286
    53  H   1.0   0.178   1.009    -0.21278    -6.78506     8.49148
    54  H   1.0   0.080   0.999    -6.91281     7.98258     7.78813
    55  H   1.0   0.074   1.004    -5.22377    -6.47174    18.33488
    56  N   5.0  -0.216   2.175    -2.50502    -6.45833    12.62072
    57  C   4.0  -0.238   4.051     8.73771    -8.31120   -12.52605
    58  C   4.0   0.004   3.210    -7.09687     7.67796    -5.54691
    59  N   5.0  -0.372   3.226     7.92192    -4.40514   -10.12232
    60  C   4.0  -0.069   3.162     3.62412    -1.32659    -7.34612
    61  C   4.0  -0.067   3.134    -9.43559     8.78175    -9.26060
    62  C   4.0  -0.069   3.137    -4.32842    -5.70452    16.67230
    63  H   1.0   0.075   1.005    -9.47698     5.08771    -7.54341
    64  H   1.0   0.074   1.004     3.64566    -0.82373    -9.32599
    65  H   1.0   0.082   0.999     7.06814    -9.17632   -11.69400
    66  H   1.0   0.076   1.006     3.56270     1.27708     1.91788
    67  C   4.0   0.103   3.283    -2.06698    -3.98468    12.39698
    68  H   1.0   0.081   0.998     8.22768    -7.47557   -14.33452
    69  N   5.0  -0.217   2.119    -6.80415    11.84424    -7.25315
    70  H   1.0   0.082   1.000    -6.83967    11.09477     6.59250
    71  H   1.0   0.075   1.004     1.67146     2.83270     5.95150
    72  H   1.0   0.074   1.002    12.70160    -9.79086    -5.90577
    73  C   4.0  -0.250   4.054    -5.90596     9.26665     6.52787
    74  C   4.0   0.003   3.313    -0.32201     0.32654    -1.67770
    75  N   5.0  -0.206   2.175     2.05564    -4.41005     4.30404
    76  C   4.0  -0.003   3.344     6.71495    -5.36512    -2.46137
    77  H   1.0   0.082   0.999    10.14197    -9.77291   -12.84673
    78  C   4.0  -0.063   3.166     8.52418    -6.72194    -3.76301
    79  H   1.0   0.075   1.004    -8.91629    12.67194   -10.36439
    80  H   1.0   0.074   1.004   -10.72722     8.32368   -10.77125
    81  C   4.0  -0.059   3.153     1.73231     0.84622     5.48965
    82  C   4.0   0.031   3.251    -6.15767    10.14235    -5.55296
    83  C   4.0   0.079   3.540     0.77233    -0.98058     7.12748
 
  Z AO/shell   Hii/eV     exponent
  1     Sat Feb 20 21:38:01 CET 2016    EN: 2.327 GAM: 0.473  GM3: 0.0000
     1s    -13.751157    1.051071
  6     Sat Feb 20 21:38:01 CET 2016    EN: 2.731 GAM: 0.422  GM3: 0.0000
     2s    -19.378245    2.021003
     2p    -11.993376    1.497917
  7     Sat Feb 20 21:38:01 CET 2016    EN: 3.573 GAM: 0.504  GM3: 0.0000
     2s    -21.576984    2.275442
     2p    -16.125120    2.056788
  8     Sat Feb 20 21:38:01 CET 2016    EN: 3.700 GAM: 0.587  GM3: 0.0000
     2s    -21.648843    2.110798
     2p    -17.239740    2.329048
 
 dipole moment of classical point charges (au)
     X       Y       Z   
   0.0074   0.1950   0.2726  total (Debye):    0.852

 
 Nbf   :          242
 T(el) :   300.0
 calculating S/T integrals ...
 cpu time for ints   1.803900000000000E-002
 Nao   :          242
 making H0...
 making H1...
 cpu time for H      1.314000000000010E-003
 solving ...
 cpu time for diag   6.603199999999999E-002
 
 gap (eV)           :   3.420
 Koopmans IP (eV)   :  12.845
 Eel (Eh)           :  -200.152193
 T,E(Fermi),NFOD :    300.000   -11.135  0.000000
 T,E(Fermi),NFOD :    300.000   -11.135  0.000000
 Nfod               :  0.0000
 Nfod/Nel           :  0.0000

          eigenvalues
 #    :         115        116        117        118        119        120        121        122
 occ. :        2.000      2.000      2.000      2.000      2.000      2.000      2.000      2.000
 eps  :       -15.955    -15.931    -15.714    -15.573    -15.484    -15.449    -15.372    -14.821
 #    :         123        124        125        126        127        128        129        130
 occ. :        2.000      2.000      2.000      2.000      2.000      0.000      0.000      0.000
 eps  :       -14.532    -14.203    -13.867    -13.278    -12.847     -9.426     -9.383     -8.989
 #    :         131        132        133        134        135        136        137        138
 occ. :        0.000      0.000      0.000      0.000      0.000      0.000      0.000      0.000
 eps  :        -7.560     -7.433     -7.013     -6.882     -6.680     -6.490     -6.239     -6.161
                            1  SCC done.
 making H1...
 cpu time for H      6.763699999999999E-002
 solving ...
 cpu time for diag   3.424000000000010E-003
 
 gap (eV)           :   3.388
 Koopmans IP (eV)   :  12.463
 Eel (Eh)           :  -197.532096
 T,E(Fermi),NFOD :    300.000   -10.769  0.000000
 T,E(Fermi),NFOD :    300.000   -10.769  0.000000
 Nfod               :  0.0000
 Nfod/Nel           :  0.0000

          eigenvalues
 #    :         115        116        117        118        119        120        121        122
 occ. :        2.000      2.000      2.000      2.000      2.000      2.000      2.000      2.000
 eps  :       -15.217    -15.105    -15.081    -14.960    -14.699    -14.596    -14.561    -14.277
 #    :         123        124        125        126        127        128        129        130
 occ. :        2.000      2.000      2.000      2.000      2.000      0.000      0.000      0.000
 eps  :       -14.063    -13.700    -13.567    -12.965    -12.464     -9.075     -8.929     -8.694
 #    :         131        132        133        134        135        136        137        138
 occ. :        0.000      0.000      0.000      0.000      0.000      0.000      0.000      0.000
 eps  :        -7.151     -7.072     -6.749     -6.659     -6.508     -6.271     -6.116     -5.978
                            2  SCC done.
 
 
 Mulliken/CM5 charges    n(s)   n(p)   n(d)   
    1 C  -0.0564 -0.1055   1.148  2.908  0.000
    2 C   0.0872  0.2383   1.213  2.700  0.000
    3 N  -0.0661 -0.4068   1.212  3.854  0.000
    4 H   0.0374  0.0920   0.963  0.000  0.000
    5 H   0.0533  0.1207   0.947  0.000  0.000
    6 H   0.0454  0.1018   0.955  0.000  0.000
    7 H   0.0452  0.1036   0.955  0.000  0.000
    8 C  -0.0728 -0.1205   1.140  2.932  0.000
    9 C  -0.0046 -0.0045   1.160  2.845  0.000
   10 H   0.0502  0.1100   0.950  0.000  0.000
   11 N  -0.2397 -0.4148   1.538  3.702  0.000
   12 C   0.0304  0.0570   1.157  2.813  0.000
   13 H   0.1307  0.3246   0.869  0.000  0.000
   14 H   0.0560  0.1292   0.944  0.000  0.000
   15 C  -0.0455 -0.0928   1.143  2.903  0.000
   16 C  -0.1059 -0.2064   1.107  2.999  0.000
   17 C  -0.0057 -0.0127   1.185  2.821  0.000
   18 C   0.0251  0.1028   1.203  2.772  0.000
   19 H   0.0618  0.1306   0.938  0.000  0.000
   20 C  -0.0038 -0.0575   1.146  2.858  0.000
   21 C  -0.0568 -0.0572   1.169  2.888  0.000
   22 H   0.0491  0.1068   0.951  0.000  0.000
   23 C  -0.0124 -0.0583   1.142  2.870  0.000
   24 C   0.0058  0.0344   1.159  2.836  0.000
   25 C   0.1626  0.2025   1.181  2.657  0.000
   26 C  -0.0377 -0.0352   1.157  2.880  0.000
   27 H   0.0515  0.1198   0.948  0.000  0.000
   28 C   0.0392  0.0623   1.168  2.792  0.000
   29 N  -0.1638 -0.6281   1.180  3.983  0.000
   30 C  -0.0085 -0.0583   1.156  2.852  0.000
   31 C   0.0557  0.1276   1.186  2.759  0.000
   32 C   0.0276  0.0227   1.173  2.799  0.000
   33 O  -0.0642 -0.1436   1.482  4.582  0.000
   34 C   0.0410  0.0367   1.195  2.763  0.000
   35 C   0.0796  0.2327   1.196  2.725  0.000
   36 H   0.0439  0.0983   0.956  0.000  0.000
   37 C  -0.0227 -0.0236   1.175  2.848  0.000
   38 C  -0.0314 -0.0843   1.137  2.895  0.000
   39 H   0.0439  0.1024   0.956  0.000  0.000
   40 C  -0.0159 -0.0206   1.188  2.828  0.000
   41 N  -0.2116 -0.4098   1.483  3.729  0.000
   42 H   0.0529  0.1201   0.947  0.000  0.000
   43 C  -0.0235 -0.0224   1.164  2.859  0.000
   44 H   0.0503  0.1117   0.950  0.000  0.000
   45 H   0.1347  0.3377   0.865  0.000  0.000
   46 O  -0.2314 -0.2783   1.625  4.606  0.000
   47 H   0.1343  0.3302   0.866  0.000  0.000
   48 C  -0.0154 -0.0044   1.181  2.834  0.000
   49 C   0.0259  0.0512   1.160  2.814  0.000
   50 C   0.0563  0.1191   1.196  2.748  0.000
   51 C   0.0542  0.1211   1.196  2.750  0.000
   52 C   0.0190 -0.0050   1.147  2.834  0.000
   53 H   0.1720  0.3734   0.828  0.000  0.000
   54 H   0.0427  0.0963   0.957  0.000  0.000
   55 H   0.0442  0.1010   0.956  0.000  0.000
   56 N  -0.2072 -0.4017   1.480  3.727  0.000
   57 C  -0.0878 -0.2320   1.103  2.985  0.000
   58 C   0.0027  0.0054   1.181  2.816  0.000
   59 N  -0.1269 -0.4869   1.219  3.907  0.000
   60 C  -0.0305 -0.0826   1.144  2.886  0.000
   61 C  -0.0208 -0.0710   1.140  2.881  0.000
   62 C  -0.0261 -0.0766   1.141  2.885  0.000
   63 H   0.0451  0.1055   0.955  0.000  0.000
   64 H   0.0443  0.1026   0.956  0.000  0.000
   65 H   0.0316  0.0872   0.968  0.000  0.000
   66 H   0.0450  0.1053   0.955  0.000  0.000
   67 C   0.0765  0.1569   1.173  2.751  0.000
   68 H   0.0332  0.0871   0.967  0.000  0.000
   69 N  -0.1788 -0.3790   1.479  3.700  0.000
   70 H   0.0415  0.0948   0.959  0.000  0.000
   71 H   0.0487  0.1089   0.951  0.000  0.000
   72 H   0.0447  0.0996   0.955  0.000  0.000
   73 C  -0.0863 -0.2303   1.081  3.006  0.000
   74 C  -0.0319 -0.0363   1.160  2.872  0.000
   75 N  -0.2178 -0.3987   1.494  3.724  0.000
   76 C  -0.0355 -0.0416   1.158  2.878  0.000
   77 H   0.0418  0.0952   0.958  0.000  0.000
   78 C  -0.0180 -0.0677   1.148  2.870  0.000
   79 H   0.0515  0.1185   0.948  0.000  0.000
   80 H   0.0409  0.0977   0.959  0.000  0.000
   81 C  -0.0150 -0.0621   1.148  2.867  0.000
   82 C   0.0298  0.0613   1.166  2.804  0.000
   83 C  -0.0078  0.0721   1.182  2.826  0.000
 
 Loewdin charges    n(s)   n(p)   n(d)
    1 C  -0.0529   1.097  2.956  0.000
    2 C   0.0722   1.186  2.742  0.000
    3 N  -0.0159   1.157  3.859  0.000
    4 H   0.0345   0.966  0.000  0.000
    5 H   0.0442   0.956  0.000  0.000
    6 H   0.0358   0.964  0.000  0.000
    7 H   0.0369   0.963  0.000  0.000
    8 C  -0.0743   1.090  2.984  0.000
    9 C  -0.0045   1.118  2.887  0.000
   10 H   0.0425   0.957  0.000  0.000
   11 N  -0.2253   1.507  3.719  0.000
   12 C   0.0316   1.109  2.859  0.000
   13 H   0.1150   0.885  0.000  0.000
   14 H   0.0436   0.956  0.000  0.000
   15 C  -0.0443   1.091  2.953  0.000
   16 C  -0.1074   1.044  3.064  0.000
   17 C   0.0035   1.141  2.855  0.000
   18 C   0.0135   1.170  2.817  0.000
   19 H   0.0502   0.950  0.000  0.000
   20 C   0.0092   1.089  2.902  0.000
   21 C  -0.0580   1.129  2.929  0.000
   22 H   0.0400   0.960  0.000  0.000
   23 C  -0.0094   1.089  2.920  0.000
   24 C   0.0034   1.113  2.884  0.000
   25 C   0.1538   1.146  2.700  0.000
   26 C  -0.0408   1.117  2.924  0.000
   27 H   0.0412   0.959  0.000  0.000
   28 C   0.0245   1.136  2.840  0.000
   29 N  -0.1261   1.119  4.007  0.000
   30 C   0.0036   1.101  2.896  0.000
   31 C   0.0537   1.149  2.797  0.000
   32 C   0.0344   1.129  2.837  0.000
   33 O  -0.0142   1.436  4.578  0.000
   34 C   0.0457   1.150  2.804  0.000
   35 C   0.0615   1.170  2.769  0.000
   36 H   0.0428   0.957  0.000  0.000
   37 C  -0.0240   1.135  2.889  0.000
   38 C  -0.0278   1.084  2.943  0.000
   39 H   0.0353   0.965  0.000  0.000
   40 C  -0.0143   1.147  2.867  0.000
   41 N  -0.1899   1.447  3.743  0.000
   42 H   0.0416   0.958  0.000  0.000
   43 C  -0.0244   1.124  2.900  0.000
   44 H   0.0404   0.960  0.000  0.000
   45 H   0.1176   0.882  0.000  0.000
   46 O  -0.2152   1.594  4.621  0.000
   47 H   0.1151   0.885  0.000  0.000
   48 C  -0.0199   1.141  2.878  0.000
   49 C   0.0279   1.113  2.860  0.000
   50 C   0.0553   1.159  2.786  0.000
   51 C   0.0509   1.160  2.789  0.000
   52 C   0.0046   1.106  2.889  0.000
   53 H   0.1477   0.852  0.000  0.000
   54 H   0.0420   0.958  0.000  0.000
   55 H   0.0361   0.964  0.000  0.000
   56 N  -0.1856   1.445  3.741  0.000
   57 C  -0.0910   1.031  3.060  0.000
   58 C  -0.0022   1.141  2.861  0.000
   59 N  -0.0880   1.171  3.917  0.000
   60 C  -0.0229   1.090  2.933  0.000
   61 C  -0.0172   1.086  2.931  0.000
   62 C  -0.0217   1.088  2.934  0.000
   63 H   0.0346   0.965  0.000  0.000
   64 H   0.0363   0.964  0.000  0.000
   65 H   0.0307   0.969  0.000  0.000
   66 H   0.0369   0.963  0.000  0.000
   67 C   0.0696   1.137  2.793  0.000
   68 H   0.0330   0.967  0.000  0.000
   69 N  -0.1554   1.442  3.714  0.000
   70 H   0.0405   0.959  0.000  0.000
   71 H   0.0392   0.961  0.000  0.000
   72 H   0.0409   0.959  0.000  0.000
   73 C  -0.0872   1.006  3.081  0.000
   74 C  -0.0310   1.118  2.913  0.000
   75 N  -0.2004   1.461  3.740  0.000
   76 C  -0.0338   1.116  2.918  0.000
   77 H   0.0413   0.959  0.000  0.000
   78 C  -0.0106   1.094  2.917  0.000
   79 H   0.0404   0.960  0.000  0.000
   80 H   0.0331   0.967  0.000  0.000
   81 C  -0.0057   1.093  2.913  0.000
   82 C   0.0299   1.119  2.851  0.000
   83 C  -0.0172   1.148  2.869  0.000
 
 Wiberg/Mayer (AO) data. WBOs > 0.1 written file <wbo>
 largest (>0.05) Wiberg bond orders for each atom
           total WBO             WBO to atom ...
     1  C   3.943    C   43 1.620    C   76 1.124    H   39 0.945    C   32 0.058
     2  C   3.907    N   11 1.528    N    3 1.140    C   67 1.065
     3  N   3.542    C    2 1.140    C   35 1.139    H   53 0.943    N   11 0.140
     4  H   0.996    C   16 0.962
     5  H   0.996    C   34 0.948
     6  H   0.996    C   20 0.944
     7  H   0.994    C   38 0.943
     8  C   3.956    C   28 1.617    C   74 1.175    H   10 0.946    O   33 0.073
     9  C   3.950    C   21 1.258    C   60 1.257    C   51 1.187    C   32 0.058
    10  H   0.997    C    8 0.946
    11  N   3.056    C    2 1.528    C   83 1.162    N    3 0.140
    12  C   3.959    N   56 1.437    C   62 1.424    H   42 0.948    C   23 0.096
    13  H   0.982    N   29 0.962
    14  H   0.997    C   82 0.947
    15  C   3.958    C   81 1.480    C   31 1.317    H   66 0.943    C   35 0.072
    16  C   3.966    C   17 1.854    H    4 0.962    H   72 0.956    C   51 0.051
    17  C   3.947    C   16 1.854    C   26 1.049    C   34 0.951
    18  C   3.934    N   41 1.341    C   48 1.336    C   25 0.975    C   40 0.075    O   46 0.063
    19  H   0.995    C   52 0.948
    20  C   3.969    C   23 1.442    C   62 1.408    H    6 0.944    N   56 0.111
    21  C   3.951    C    9 1.258    C   37 1.199    C   76 1.184    C   38 0.059    C   26 0.054
    22  H   0.993    C   78 0.942
    23  C   3.961    C   20 1.442    C   67 1.349    H   44 0.946    C   12 0.096
    24  C   3.959    C   40 1.424    N   41 1.406    H   27 0.943    C   48 0.067
    25  C   3.908    O   46 1.827    C   18 0.975    C   58 0.972
    26  C   3.946    C   78 1.335    C   51 1.304    C   17 1.049    C   21 0.054    N   59 0.052
    27  H   0.994    C   24 0.943
    28  C   3.908    C    8 1.617    O   33 1.072    C   48 1.009    C   52 0.105
    29  N   3.294    C   50 1.146    H   13 0.962    H   45 0.952    C   40 0.051
    30  C   3.965    C   61 1.432    C   58 1.359    H   63 0.945    N   69 0.116
    31  C   3.927    N   75 1.369    C   15 1.317    C   43 1.022    C   83 0.081
    32  C   3.940    C   37 1.383    C   38 1.274    C   74 1.023    C    9 0.058    C    1 0.058
    33  O   2.455    C   52 1.135    C   28 1.072    C    8 0.073    C   74 0.072
    34  C   3.924    C   57 0.973    N   59 0.961    C   17 0.951    H    5 0.948
    35  C   3.914    N   75 1.350    C   83 1.215    N    3 1.139    C   15 0.072
    36  H   0.997    C   73 0.972
    37  C   3.947    C   32 1.383    C   21 1.199    C   43 1.059    C   60 0.091
    38  C   3.967    C   60 1.543    C   32 1.274    H    7 0.943    C   21 0.059
    39  H   0.995    C    1 0.945
    40  C   3.943    C   24 1.424    C   50 1.283    C   73 0.991    C   18 0.075    N   29 0.051
    41  N   3.117    C   24 1.406    C   18 1.341    C   50 0.095
    42  H   0.996    C   12 0.948
    43  C   3.930    C    1 1.620    C   37 1.059    C   31 1.022    C   78 0.058
    44  H   0.997    C   23 0.946
    45  H   0.981    N   29 0.952
    46  O   2.161    C   25 1.827    C   18 0.063    C   58 0.057
    47  H   0.980    N   59 0.956
    48  C   3.943    C   18 1.336    C   50 1.271    C   28 1.009    C   24 0.067
    49  C   3.958    C   61 1.428    N   69 1.411    H   79 0.949    C   58 0.099
    50  C   3.932    C   40 1.283    C   48 1.271    N   29 1.146    N   41 0.095
    51  C   3.920    C   26 1.304    C    9 1.187    N   59 1.159    C   76 0.071    C   16 0.051
    52  C   3.909    C   74 1.577    O   33 1.135    H   19 0.948    C   28 0.105
    53  H   0.970    N    3 0.943
    54  H   0.997    C   73 0.970
    55  H   0.998    C   62 0.947
    56  N   3.078    C   12 1.437    C   67 1.335    C   20 0.111
    57  C   3.979    H   65 0.982    H   68 0.979    H   77 0.974    C   34 0.973
    58  C   3.950    C   82 1.364    C   30 1.359    C   25 0.972    C   49 0.099    O   46 0.057
    59  N   3.329    C   51 1.159    C   34 0.961    H   47 0.956    C   26 0.052
    60  C   3.964    C   38 1.543    C    9 1.257    H   64 0.943    C   37 0.091
    61  C   3.972    C   30 1.432    C   49 1.428    H   80 0.945    C   82 0.099
    62  C   3.962    C   12 1.424    C   20 1.408    H   55 0.947    C   67 0.092
    63  H   0.998    C   30 0.945
    64  H   0.993    C   60 0.943
    65  H   0.999    C   57 0.982
    66  H   0.997    C   15 0.943
    67  C   3.943    C   23 1.349    N   56 1.335    C    2 1.065    C   62 0.092
    68  H   0.998    C   57 0.979
    69  N   3.113    C   82 1.441    C   49 1.411    C   30 0.116
    70  H   0.997    C   73 0.978
    71  H   0.994    C   81 0.940
    72  H   0.997    C   16 0.956
    73  C   3.984    C   40 0.991    H   70 0.978    H   36 0.972    H   54 0.970
    74  C   3.948    C   52 1.577    C    8 1.175    C   32 1.023    O   33 0.072
    75  N   3.058    C   31 1.369    C   35 1.350    C   81 0.097
    76  C   3.951    C   78 1.411    C   21 1.184    C    1 1.124    C   51 0.071
    77  H   0.997    C   57 0.974
    78  C   3.956    C   76 1.411    C   26 1.335    H   22 0.942    C   43 0.058
    79  H   0.997    C   49 0.949
    80  H   0.997    C   61 0.945
    81  C   3.956    C   15 1.480    C   83 1.325    H   71 0.940    N   75 0.097
    82  C   3.956    N   69 1.441    C   58 1.364    H   14 0.947    C   61 0.099
    83  C   3.938    C   81 1.325    C   35 1.215    N   11 1.162    C   31 0.081
 
 --------------------------------------------
          xTB calculation for sTDA...
 --------------------------------------------
 
 reading parameter file 
 /home/jovyan/cpu-only-1-datavol-1/software/xtb4stda_home/.param_stda2.xtb
 
      method parameters     
 k(s)        :  1.6000
 k(p)        :  2.1800
 k(d)        :  1.9500
 k(f)        :  2.0000
 k(R-V)      :  2.2750
 k(R-R)      :  1.7650
 Tscal       :  0.2580
 Gscal       :  1.0000
 fpol        :  1.0000
 Zcnf        :  0.3430
 Zqf         :  0.0000
 kcn         :  2.7000
 Ryd Hsplit  :  0.7000
 lshift(virt):  3.1000
 lshift(OS)  :  0.2000
 wllscaling  :  2.6000
 
 mowrcut     : 3.000
 
  Z AO/shell   Hii/eV     exponent
  1     Sun Feb 14 09:53:25 CET 2016    EN: 2.327 GAM: 0.473  GM3: 0.0000
     1s    -14.339618    1.220000
     2sp    -3.348946    0.600000
  6     Sun Feb 14 09:53:25 CET 2016    EN: 2.731 GAM: 0.422  GM3: 0.0000
     2s    -22.009312    1.565095
     2p    -13.020408    1.596905
     3sp    -3.914040    0.824500
  7     Sun Feb 14 09:53:25 CET 2016    EN: 3.573 GAM: 0.504  GM3: 0.0000
     2s    -25.722000    2.064844
     2p    -18.684912    1.801692
     3sp    -4.344791    0.921400
  8     Sun Feb 14 09:53:25 CET 2016    EN: 3.700 GAM: 0.587  GM3: 0.0000
     2s    -33.859000    2.418661
     2p    -22.175911    1.973969
     3sp    -4.259392    1.013700
 
 Nbf   :          574
 T(el) :     0.0
 calculating S/T integrals ...
 cpu time for ints   0.298325000000000     
 Nao   :          574
 making H0...
 making H1...
 cpu time for H      5.223000000000033E-003
 solving ...
 cpu time for diag   2.801100000000001E-002
 
 gap (eV)           :   5.759
 Koopmans IP (eV)   :  13.661
 Eel (Eh)           :  -222.053487

          eigenvalues
 #    :         115        116        117        118        119        120        121        122
 occ. :        2.000      2.000      2.000      2.000      2.000      2.000      2.000      2.000
 eps  :       -16.629    -16.420    -16.355    -16.232    -16.140    -16.102    -16.006    -15.506
 #    :         123        124        125        126        127        128        129        130
 occ. :        2.000      2.000      2.000      2.000      2.000      0.000      0.000      0.000
 eps  :       -15.355    -15.012    -14.742    -14.243    -13.662     -7.903     -7.811     -7.509
 #    :         131        132        133        134        135        136        137        138
 occ. :        0.000      0.000      0.000      0.000      0.000      0.000      0.000      0.000
 eps  :        -6.565     -6.413     -6.243     -6.051     -5.890     -5.781     -5.500     -5.306
                            1  SCC done.
 writing mo output ...
 molden style : F
 
speedup  0.83
cpu  time for all    0.51 s
wall time for all    0.62 s
