Run directory: /home/jovyan/cpu-only-1-datavol-1/psg/generation/Excited_Guidance/runs/os_cfg_20260823_062111
Checkpoint: /home/jovyan/cpu-only-1-datavol-1/psg/generation/Excited_Guidance/runs/os_cfg_20260823_062111/checkpoints/epoch=260-step=453357.ckpt
Conditioning property: f_osc
Database-derived atom classes: ['H', 'B', 'C', 'N', 'O', 'F', 'S', 'Cl', 'Br']
Output directory: /home/jovyan/cpu-only-1-datavol-1/psg/generation/Excited_Guidance/generated/20260825_061939
[dataset] train_data_processed.pt: stored=80000, canonical_unique=80000, invalid_or_empty=0
[dataset] val_data_processed.pt: stored=10000, canonical_unique=10000, invalid_or_empty=0
[dataset] test_data_processed.pt: stored=10000, canonical_unique=10000, invalid_or_empty=0
[info] Reference dataset summary:
{
  "processed_dir": "/home/jovyan/cpu-only-1-datavol-1/psg/generation/STGG-AL/data/data_",
  "split_counts": {
    "train": 80000,
    "val": 10000,
    "test": 10000
  },
  "all_count": 99999,
  "missing_splits": []
}
Batch 1/7: generated 16/100
Batch 2/7: generated 32/100
Batch 3/7: generated 48/100
Batch 4/7: generated 64/100
Batch 5/7: generated 80/100
Batch 6/7: generated 96/100
Batch 7/7: generated 100/100
[06:23:03] Can't kekulize mol.  Unkekulized atoms: 0 13 24 45 50 51 71
[06:23:03] Explicit valence for atom # 92 H, 2, is greater than permitted
[06:23:03] Can't kekulize mol.  Unkekulized atoms: 11 30 38 55 61 63 65 66 68
[06:23:03] Can't kekulize mol.  Unkekulized atoms: 2 3 4 7 10 11 13 17 20 26 28 30 41 49 51 53 59 64 69 70 71 72 78 84 89 92 93
[06:23:03] non-ring atom 14 marked aromatic
[06:23:03] Explicit valence for atom # 30 C, 5, is greater than permitted
[06:23:03] Explicit valence for atom # 33 C, 5, is greater than permitted
[06:23:03] Can't kekulize mol.  Unkekulized atoms: 0 8 14 30 50 59 62 69 73
[06:23:03] Can't kekulize mol.  Unkekulized atoms: 11 12 14 16 17 18 27 30 31 35 36 38 44 47 48 50 52 53 55 57 58 62 63 66 72 74 78 79 80 81 83 84 86 87 94 96 104 106 108
[06:23:03] Can't kekulize mol.  Unkekulized atoms: 2 11 14 19 21 22 46 47 51 53 67 68 69
[06:23:03] Can't kekulize mol.  Unkekulized atoms: 3 8 14 18 20 39 43 46 47 49 51 54 59 60 66 70 76 77 80 86 90 93 95 96
[06:23:03] Explicit valence for atom # 6 H, 2, is greater than permitted
[06:23:03] Explicit valence for atom # 52 O, 3, is greater than permitted
[06:23:03] Can't kekulize mol.  Unkekulized atoms: 0 9 19 23 28 30 38 40 41 45 48 56 59 64 67 71 72
[06:23:03] Can't kekulize mol.  Unkekulized atoms: 1 3 15 18 41 61 74
[06:23:03] Explicit valence for atom # 2 H, 2, is greater than permitted
[06:23:03] Explicit valence for atom # 62 O, 3, is greater than permitted
[06:23:03] Explicit valence for atom # 85 C, 5, is greater than permitted
[06:23:03] Can't kekulize mol.  Unkekulized atoms: 9 36 81 93
[06:23:03] Can't kekulize mol.  Unkekulized atoms: 0 5 7 8 19 23 25 26 29 32 35 36 46 47 48 52 53 61 64 66 67 69
[06:23:03] Can't kekulize mol.  Unkekulized atoms: 19 22 23 25 33 44 53 59 66
[06:23:03] Explicit valence for atom # 23 H, 2, is greater than permitted
[06:23:03] Explicit valence for atom # 17 S, 7, is greater than permitted
[06:23:03] Can't kekulize mol.  Unkekulized atoms: 9 18 29 40 43 63 64 66 75
[06:23:03] Explicit valence for atom # 13 H, 2, is greater than permitted
[06:23:03] Explicit valence for atom # 103 C, 5, is greater than permitted
[06:23:03] Explicit valence for atom # 59 O, 2, is greater than permitted
[06:23:03] Explicit valence for atom # 3 C, 5, is greater than permitted
[06:23:03] non-ring atom 20 marked aromatic
[06:23:03] Can't kekulize mol.  Unkekulized atoms: 3 4 11 15 20 21 27 31 44 51 53 63 64 68 69 74 84 109
[06:23:03] Explicit valence for atom # 59 H, 3, is greater than permitted
[06:23:03] Can't kekulize mol.  Unkekulized atoms: 13 20 24 25 37 40 42 51 54 57 62 66 67 68 69 70 71
[06:23:03] Can't kekulize mol.  Unkekulized atoms: 5 9 12 13 16 17 18 21 27 29 32 35 39 42 43
[06:23:03] Can't kekulize mol.  Unkekulized atoms: 2 3 5 12 13 15 22 23 24 25 26 28 30 31 32 33 34 36 37 38 39 42 43 45 46 47 48 49 50 51 52 53 54 55 57 58 59 60 61 62 63 64 65 68 70 71 72 73 75 76 77 78 79 80 82
[06:23:03] Can't kekulize mol.  Unkekulized atoms: 1 18 30 51 70
[06:23:03] Explicit valence for atom # 50 H, 2, is greater than permitted
[06:23:03] Explicit valence for atom # 15 O, 3, is greater than permitted
[06:23:03] Explicit valence for atom # 6 C, 5, is greater than permitted
[06:23:03] Can't kekulize mol.  Unkekulized atoms: 0 5 7 12 14 21 24 30 34 35 37 55 60 74 81
[06:23:03] Explicit valence for atom # 5 C, 5, is greater than permitted
[06:23:03] Can't kekulize mol.  Unkekulized atoms: 5 6 13
[06:23:03] Explicit valence for atom # 19 H, 2, is greater than permitted
[06:23:03] Can't kekulize mol.  Unkekulized atoms: 0 8 9 16 20 21 25 27 30 31 33 36 37 42 50 51 58 59 74 75 77
[06:23:03] Explicit valence for atom # 90 C, 5, is greater than permitted
[06:23:03] Explicit valence for atom # 42 H, 2, is greater than permitted
[06:23:03] Can't kekulize mol.  Unkekulized atoms: 6 9 14 42 44 62 70 81 88 96
[06:23:03] Explicit valence for atom # 23 C, 5, is greater than permitted
[06:23:03] Explicit valence for atom # 57 H, 2, is greater than permitted
[06:23:03] Can't kekulize mol.  Unkekulized atoms: 5 12 29 38 48 55 59 67 68
[06:23:03] Explicit valence for atom # 91 H, 3, is greater than permitted
[06:23:03] Explicit valence for atom # 45 H, 2, is greater than permitted
[06:23:03] Can't kekulize mol.  Unkekulized atoms: 12 24 31 33 35 36 37 39 40 41 47 55 59 61 67
[06:23:03] Can't kekulize mol.  Unkekulized atoms: 0 1 7 14 20 22 23 24 27 28 29 32 33 37 43 45 53 56 62
[06:23:03] Explicit valence for atom # 57 H, 2, is greater than permitted
[06:23:03] Explicit valence for atom # 61 C, 5, is greater than permitted
[06:23:03] Explicit valence for atom # 46 C, 6, is greater than permitted
[06:23:03] Explicit valence for atom # 46 H, 2, is greater than permitted
[06:23:03] Explicit valence for atom # 28 N, 6, is greater than permitted
[06:23:03] Can't kekulize mol.  Unkekulized atoms: 6 13 16 18 22 23 24 60 63 69 77
[06:23:03] Explicit valence for atom # 21 C, 5, is greater than permitted
[06:23:03] Explicit valence for atom # 49 O, 3, is greater than permitted
[06:23:03] Can't kekulize mol.  Unkekulized atoms: 1 4 50 54 64 78 102
[06:23:03] Can't kekulize mol.  Unkekulized atoms: 5 10 20 21 22 23 32 36 37 38 41 42 52 55 58 59 62 63 67 69 71
[06:23:03] Can't kekulize mol.  Unkekulized atoms: 2 4 10 12 35 44 48 53 58 60 75 78 80 88 95 99 101
[06:23:03] Can't kekulize mol.  Unkekulized atoms: 11 28 52 60 61 65 80
[06:23:03] Explicit valence for atom # 2 C, 5, is greater than permitted
[06:23:03] Can't kekulize mol.  Unkekulized atoms: 3 19 30 36 37 40 43 57 70
[06:23:03] Explicit valence for atom # 34 S, 7, is greater than permitted
[06:23:03] non-ring atom 77 marked aromatic
[06:23:03] Can't kekulize mol.  Unkekulized atoms: 2 7 8 10 13 24 29 32 35 37 41 57 59 60 66 67 69 72 74
[06:23:03] Explicit valence for atom # 76 C, 5, is greater than permitted
[06:23:03] Explicit valence for atom # 25 C, 5, is greater than permitted
[06:23:03] Can't kekulize mol.  Unkekulized atoms: 5 11 16 17 34 44 52 56 57
[06:23:03] Explicit valence for atom # 17 C, 6, is greater than permitted
[06:23:03] Can't kekulize mol.  Unkekulized atoms: 7 9 13 16 17 19 24 26 30 41 46 58 63 78 95 97 98
[06:23:03] Explicit valence for atom # 56 H, 2, is greater than permitted
[06:23:03] Explicit valence for atom # 34 C, 6, is greater than permitted
[06:23:03] Can't kekulize mol.  Unkekulized atoms: 1 10 13 15 20 21 24 41 44 56 60 73 75 85 89
[06:23:03] Can't kekulize mol.  Unkekulized atoms: 2 7 17 26 27 37 39 57 64 65 72 83 99
[06:23:03] Can't kekulize mol.  Unkekulized atoms: 1 2 3 8 12 13 14 16 18 19 23 26 27 30 33 34 35 36 37 38 40 48 49 50 51 52 58 59 60 63 65 66 67 69 70 71 72 73 77 78 84 86 87 90 91
[06:23:03] Can't kekulize mol.  Unkekulized atoms: 0 7 8 9 11 14 15 18 19 21 23 24 29 31 33 34 37 38 41 44 45 46 51 52 58 59 67 73 74
[06:23:03] Can't kekulize mol.  Unkekulized atoms: 14 20 37 40 47 71 74
[06:23:03] Explicit valence for atom # 8 H, 2, is greater than permitted
[06:23:03] Explicit valence for atom # 32 S, 8, is greater than permitted
[06:23:03] Explicit valence for atom # 80 H, 2, is greater than permitted
[06:23:03] Can't kekulize mol.  Unkekulized atoms: 14 39 47 58 76
[06:23:03] Can't kekulize mol.  Unkekulized atoms: 2 5 8 11 23 24 29 39 40 42 44 46 47 56 65 67 83 87 91 95 101
[06:23:03] Can't kekulize mol.  Unkekulized atoms: 5 16 18 26 49 52 66 70 77 87 88
[06:23:03] Explicit valence for atom # 1 H, 2, is greater than permitted
[06:23:03] Can't kekulize mol.  Unkekulized atoms: 1 10 15 18 20 25 28 31 34 42 47 49 56 58 60 65 69 76 82 84 91 92 94 96 97
[06:23:03] Can't kekulize mol.  Unkekulized atoms: 0 4 5 24 31 41 50 61 64 68 70 71 81 85
[06:23:03] Can't kekulize mol.  Unkekulized atoms: 4 5 10 12 17 18 23 24 27 33 36 41 48 52 54 58 64 66 70 71 75 81 84 86 93 96 97 98 104 105 106 108 109
[06:23:03] Explicit valence for atom # 48 C, 5, is greater than permitted
[06:23:03] Explicit valence for atom # 16 H, 2, is greater than permitted
Saved molecule grid: /home/jovyan/cpu-only-1-datavol-1/psg/generation/Excited_Guidance/generated/20260825_061939/generated_grid20.png (5 molecules)
{
  "requested": 100,
  "generated": 100,
  "valid_written": 5,
  "valid_fraction": 0.05,
  "generated_unique_valid": 5,
  "generated_duplicate_valid": 0,
  "target_raw_property": 0.5,
  "property_name": "f_osc",
  "checkpoint": "/home/jovyan/cpu-only-1-datavol-1/psg/generation/Excited_Guidance/runs/os_cfg_20260823_062111/checkpoints/epoch=260-step=453357.ckpt",
  "output_sdf_dir": "/home/jovyan/cpu-only-1-datavol-1/psg/generation/Excited_Guidance/generated/20260825_061939/sdf",
  "sdf_files_written": 5,
  "sdf_filename_format": "str(generation_index).zfill(5) + '.sdf'",
  "output_csv": "/home/jovyan/cpu-only-1-datavol-1/psg/generation/Excited_Guidance/generated/20260825_061939/generated.csv",
  "grid_image": "/home/jovyan/cpu-only-1-datavol-1/psg/generation/Excited_Guidance/generated/20260825_061939/generated_grid20.png",
  "atom_count_source": "train_data_n_atoms_histogram.pt",
  "dataset_membership_check": {
    "enabled": true,
    "comparison_key": "canonical isomeric SMILES",
    "processed_dir": "/home/jovyan/cpu-only-1-datavol-1/psg/generation/STGG-AL/data/data_",
    "reference_split_counts": {
      "train": 80000,
      "val": 10000,
      "test": 10000
    },
    "reference_all_count": 99999,
    "missing_splits": [],
    "in_train_dataset": 0,
    "in_val_dataset": 0,
    "in_test_dataset": 0,
    "in_any_dataset": 0,
    "novel_valid": 5
  },
  "sampling": {
    "n_timesteps": 100,
    "guide_w": {
      "x": 2.0,
      "a": 1.0,
      "c": 1.0,
      "e": 1.0
    },
    "dfm_type": "campbell",
    "guidance_format": "linear",
    "where_to_apply_guide": "probabilities"
  }
}
