Run directory: /home/jovyan/cpu-only-1-datavol-1/psg/generation/MolGuidance_s1_simple_v7/runs/os_cfg_20260819_043704
Checkpoint: /home/jovyan/cpu-only-1-datavol-1/psg/generation/MolGuidance_s1_simple_v7/runs/os_cfg_20260819_043704/checkpoints/last.ckpt
Conditioning property: f_osc
Database-derived atom classes: ['H', 'B', 'C', 'N', 'O', 'F', 'S', 'Cl', 'Br']
Output directory: /home/jovyan/cpu-only-1-datavol-1/psg/generation/MolGuidance_s1_simple_v7/generated/20260820_061008
[dataset] train_data_processed.pt: stored=80000, canonical_unique=80000, invalid_or_empty=0
[dataset] val_data_processed.pt: stored=10000, canonical_unique=10000, invalid_or_empty=0
[dataset] test_data_processed.pt: stored=10000, canonical_unique=10000, invalid_or_empty=0
[info] Reference dataset summary:
{
  "processed_dir": "/home/jovyan/cpu-only-1-datavol-1/psg/generation/STGG-AL/data/data_",
  "split_counts": {
    "train": 80000,
    "val": 10000,
    "test": 10000
  },
  "all_count": 99999,
  "missing_splits": []
}
Batch 1/7: generated 16/100
Batch 2/7: generated 32/100
Batch 3/7: generated 48/100
Batch 4/7: generated 64/100
Batch 5/7: generated 80/100
Batch 6/7: generated 96/100
Batch 7/7: generated 100/100
[06:13:39] Explicit valence for atom # 50 O, 3, is greater than permitted
[06:13:39] non-ring atom 36 marked aromatic
[06:13:39] Can't kekulize mol.  Unkekulized atoms: 15 17 21 32 37 39 52 62 74 78 80 85 95
[06:13:39] Can't kekulize mol.  Unkekulized atoms: 23 24 50
[06:13:39] Can't kekulize mol.  Unkekulized atoms: 2 5 10 22 26 40 44 45 47 50 54 62 63 66
[06:13:39] Explicit valence for atom # 12 H, 3, is greater than permitted
[06:13:39] Can't kekulize mol.  Unkekulized atoms: 0 7 9 12 13 25 26 30 47 51 54 60 69 71 76 89 103
[06:13:39] Explicit valence for atom # 73 O, 3, is greater than permitted
[06:13:39] Explicit valence for atom # 2 H, 3, is greater than permitted
[06:13:39] Can't kekulize mol.  Unkekulized atoms: 0 2 11 16 19 21 47 51 56 67 68
[06:13:39] Can't kekulize mol.  Unkekulized atoms: 13 15 20 33 44 47 48 50 63 66 78 93 94
[06:13:39] Explicit valence for atom # 21 O, 3, is greater than permitted
[06:13:39] Can't kekulize mol.  Unkekulized atoms: 7 20 51 74 81 85 86
[06:13:39] Can't kekulize mol.  Unkekulized atoms: 21 22 23 24 43 47 50 52 55 62 63
[06:13:39] Can't kekulize mol.  Unkekulized atoms: 1 11 15 17 18 20 24 29 32 41 43 59 62 64 71 74 76
[06:13:39] Can't kekulize mol.  Unkekulized atoms: 8 32 34 39 52 56 64
[06:13:39] Explicit valence for atom # 1 H, 2, is greater than permitted
[06:13:39] Explicit valence for atom # 22 O, 3, is greater than permitted
[06:13:39] Explicit valence for atom # 56 H, 2, is greater than permitted
[06:13:39] Explicit valence for atom # 33 H, 2, is greater than permitted
[06:13:39] Can't kekulize mol.  Unkekulized atoms: 4 20 31 49 64 70 72 80 83
[06:13:39] Can't kekulize mol.  Unkekulized atoms: 5 9 40 73 78 82 88
[06:13:39] Explicit valence for atom # 50 C, 4, is greater than permitted
[06:13:39] Explicit valence for atom # 87 O, 3, is greater than permitted
[06:13:39] Explicit valence for atom # 37 O, 3, is greater than permitted
[06:13:39] Can't kekulize mol.  Unkekulized atoms: 11 15 44
[06:13:39] Explicit valence for atom # 47 O, 3, is greater than permitted
[06:13:39] Explicit valence for atom # 2 O, 3, is greater than permitted
[06:13:39] Explicit valence for atom # 15 N, 4, is greater than permitted
[06:13:39] Can't kekulize mol.  Unkekulized atoms: 12 13 20 37 40 42 50 51 62 66 67 69 71
[06:13:39] Explicit valence for atom # 5 N, 4, is greater than permitted
[06:13:39] Can't kekulize mol.  Unkekulized atoms: 15 23 38 49 50 51 53 55 63 69 71 80
[06:13:39] Can't kekulize mol.  Unkekulized atoms: 0 4 5 6 15 20 24 32 71
[06:13:39] Explicit valence for atom # 36 C, 5, is greater than permitted
[06:13:39] Explicit valence for atom # 2 H, 2, is greater than permitted
[06:13:39] Explicit valence for atom # 12 N, 4, is greater than permitted
[06:13:39] Explicit valence for atom # 18 N, 4, is greater than permitted
[06:13:39] Explicit valence for atom # 29 C, 5, is greater than permitted
[06:13:39] Can't kekulize mol.  Unkekulized atoms: 12 22 27 31 32 33 41 42 60 63 86 87 93
[06:13:39] Explicit valence for atom # 88 C, 5, is greater than permitted
[06:13:39] Can't kekulize mol.  Unkekulized atoms: 0 1 14 27 28 29 31 36 38 46 72 76 99
[06:13:39] Can't kekulize mol.  Unkekulized atoms: 8 12 20 37 43 59 61
[06:13:39] Explicit valence for atom # 20 C, 5, is greater than permitted
[06:13:39] Can't kekulize mol.  Unkekulized atoms: 8 10 14 19 25 35 38
[06:13:39] Can't kekulize mol.  Unkekulized atoms: 4 6 9 18 33 49 54 57 68 69 76 80 81
[06:13:39] Can't kekulize mol.  Unkekulized atoms: 3 7 37 40 51 57 58 62 64 78 84
[06:13:39] non-ring atom 75 marked aromatic
[06:13:39] Explicit valence for atom # 44 C, 5, is greater than permitted
[06:13:39] Can't kekulize mol.  Unkekulized atoms: 1 2 12 13 19 21 46 49 52 59 61 66 74
[06:13:39] Can't kekulize mol.  Unkekulized atoms: 0 4 5 8 10 13 14 20 21 25 30 45 46 53 54
[06:13:39] Can't kekulize mol.  Unkekulized atoms: 17 31 34 36 46 61
[06:13:39] Explicit valence for atom # 8 N, 4, is greater than permitted
[06:13:39] Can't kekulize mol.  Unkekulized atoms: 2 5 16 17 32 54 59 65 80 83 89 92 107
[06:13:39] Explicit valence for atom # 53 O, 3, is greater than permitted
[06:13:39] Explicit valence for atom # 14 C, 5, is greater than permitted
[06:13:39] Can't kekulize mol.  Unkekulized atoms: 13 69 74
[06:13:39] Can't kekulize mol.  Unkekulized atoms: 5 9 12 15 17 32 35 42 46 59 67 74 79
[06:13:39] Explicit valence for atom # 97 H, 2, is greater than permitted
[06:13:39] Can't kekulize mol.  Unkekulized atoms: 4 5 9 13 24 28 29 33 58 60 61 72 77 84 86
[06:13:39] Can't kekulize mol.  Unkekulized atoms: 0 11 19 25 32 34 35 62 65 66 73 74 85
[06:13:39] Explicit valence for atom # 51 H, 2, is greater than permitted
[06:13:39] Explicit valence for atom # 38 O, 3, is greater than permitted
[06:13:39] Explicit valence for atom # 81 Cl, 3, is greater than permitted
[06:13:39] Explicit valence for atom # 91 O, 3, is greater than permitted
[06:13:39] Can't kekulize mol.  Unkekulized atoms: 1 2 7 10 21 24 26 56 58
[06:13:39] Can't kekulize mol.  Unkekulized atoms: 0 3 16 24 27 28 31 46 55 65 66 77 79
[06:13:39] Can't kekulize mol.  Unkekulized atoms: 10 38 44 46 52 61 62 64 72
[06:13:39] Can't kekulize mol.  Unkekulized atoms: 0 2 3 8 15 20 24 27 32 34 35 37 44 57 60 65 66 68 69 72 74
[06:13:39] Can't kekulize mol.  Unkekulized atoms: 3 6 14 45 54 59 68
[06:13:39] Can't kekulize mol.  Unkekulized atoms: 10 11 12 17 25 37 47 51 52 53 56 67 68 70 71 73 82
[06:13:39] Can't kekulize mol.  Unkekulized atoms: 12 20 22 24 29 34 38 49 50
[06:13:39] Explicit valence for atom # 10 H, 2, is greater than permitted
[06:13:39] Explicit valence for atom # 40 O, 3, is greater than permitted
[06:13:39] Can't kekulize mol.  Unkekulized atoms: 3 17 30 32 35 37 41 61 73
[06:13:39] Explicit valence for atom # 31 H, 2, is greater than permitted
[06:13:39] Can't kekulize mol.  Unkekulized atoms: 24 29 31 35 38 70 75 76 82 91 93 95 96 97 101
[06:13:39] Explicit valence for atom # 68 C, 5, is greater than permitted
[06:13:39] Can't kekulize mol.  Unkekulized atoms: 7 29 34 54 58 67 69 70 74
[06:13:39] Can't kekulize mol.  Unkekulized atoms: 1 2 10 11 16 19 27 32 44 48 49 53 54 65 74
[06:13:39] Explicit valence for atom # 5 C, 5, is greater than permitted
[06:13:39] Can't kekulize mol.  Unkekulized atoms: 5 6 13 16 18 19 30 31 39 43 49 51 54 64 66 67 72
[06:13:39] Explicit valence for atom # 1 H, 2, is greater than permitted
[06:13:39] Can't kekulize mol.  Unkekulized atoms: 4 11 13 49 50
[06:13:39] Explicit valence for atom # 51 C, 5, is greater than permitted
[06:13:39] Explicit valence for atom # 15 O, 3, is greater than permitted
[06:13:39] Explicit valence for atom # 49 F, 2, is greater than permitted
[06:13:39] Can't kekulize mol.  Unkekulized atoms: 12 14 30 31 42 61 63
[06:13:39] Can't kekulize mol.  Unkekulized atoms: 6 12 32 34 37 39 49 53 55 70 74 78 82
[06:13:39] Explicit valence for atom # 107 C, 5, is greater than permitted
[06:13:39] Explicit valence for atom # 6 C, 5, is greater than permitted
[06:13:39] Explicit valence for atom # 10 C, 5, is greater than permitted
[06:13:39] Can't kekulize mol.  Unkekulized atoms: 2 6 18 22 41 57 86
Saved molecule grid: /home/jovyan/cpu-only-1-datavol-1/psg/generation/MolGuidance_s1_simple_v7/generated/20260820_061008/generated_grid20.png (7 molecules)
{
  "requested": 100,
  "generated": 100,
  "valid_written": 7,
  "valid_fraction": 0.07,
  "generated_unique_valid": 7,
  "generated_duplicate_valid": 0,
  "target_raw_property": 0.5,
  "property_name": "f_osc",
  "checkpoint": "/home/jovyan/cpu-only-1-datavol-1/psg/generation/MolGuidance_s1_simple_v7/runs/os_cfg_20260819_043704/checkpoints/last.ckpt",
  "output_sdf_dir": "/home/jovyan/cpu-only-1-datavol-1/psg/generation/MolGuidance_s1_simple_v7/generated/20260820_061008/sdf",
  "sdf_files_written": 7,
  "sdf_filename_format": "str(generation_index).zfill(5) + '.sdf'",
  "output_csv": "/home/jovyan/cpu-only-1-datavol-1/psg/generation/MolGuidance_s1_simple_v7/generated/20260820_061008/generated.csv",
  "grid_image": "/home/jovyan/cpu-only-1-datavol-1/psg/generation/MolGuidance_s1_simple_v7/generated/20260820_061008/generated_grid20.png",
  "atom_count_source": "train_data_n_atoms_histogram.pt",
  "dataset_membership_check": {
    "enabled": true,
    "comparison_key": "canonical isomeric SMILES",
    "processed_dir": "/home/jovyan/cpu-only-1-datavol-1/psg/generation/STGG-AL/data/data_",
    "reference_split_counts": {
      "train": 80000,
      "val": 10000,
      "test": 10000
    },
    "reference_all_count": 99999,
    "missing_splits": [],
    "in_train_dataset": 0,
    "in_val_dataset": 0,
    "in_test_dataset": 0,
    "in_any_dataset": 0,
    "novel_valid": 7
  },
  "sampling": {
    "n_timesteps": 100,
    "guide_w": {
      "x": 2.0,
      "a": 2.0,
      "c": 2.0,
      "e": 2.0
    },
    "dfm_type": "campbell",
    "guidance_format": "linear",
    "where_to_apply_guide": "probabilities"
  }
}
