 
        ______________________________________
       |                                      |
       |          ===================         |
       |             xTB for sTDA             |
       |          ===================         |
       |               S. Grimme              |
       |        Universitaet Bonn, MCTC       |
       |         2015-19, Version 1.0         |
       |     Wed Apr  3 09:14:55 CEST 2019    |
       |______________________________________|
 
        This code comes without any warranty
        for non-commercial, academia use only.
        Preliminary test version.
        Cite this work as:
        S. Grimme  &  C. Bannwarth, JCP 145 (2016) 054103
        if GBSA is used additionally:
        P. Shushkov, F. März, C. Bannwarth, S. Grimme, unpublished.
 
        with help from
        P. Shushkov, G. Brandenburg, S. Dohm, J. Pisarek,
        F. März, M. Checinski, S. Ehrlich, S. Spicher, 
        P. Pracht, E. Caldeweyher, S. Ehlert, and C. Bannwarth.
 
        usage        :
        xtb4stda <coord_file> [options]
        where <coord_file> is a valid file of TM)
        (*coord, Bohr) or xmol (*xyz, Angstroem)
        format.

        options:
        -chrg <int>   : molecular charge
        -uhf  <int>   : # of unpaired electrons(=2*S)
        -nox          : skip second, extended part in sTDA-xTB
        -pop          : do population analysis
                      : (default for -nox)
        -mowr <real>  : cut MO write above (def.3 Eh)
        -molden       : write formatted molden file
        -parx <file>  : read parameters for sTDA-xTB
                        calc (def:~/.param_stda2.xtb)
        -parv <file>  : read parameters for vTB part in
                        sTDA-xTB (def: ~/.param_stda1.xtb)
        -xtemp <real> : el. temp for xTB (def. 0 K)
        -etemp <real> : el. temp for GFN (def. 300 K)
        -fod          : calculate the FOD and write
                        molden.input file with
                        appropriate occupations
                        for plotting. Def. T=12500 K
 
        -acc <real>   : xTB accuracy (def. 1.0)
        -gbsa [string1] [string2]
                        use GBSA implicit solvent
                        for solvent [string1] and
                        solvation state [string2]=
                        reference, bar1M (default=1M)
        additional GFN/opt/MD/siman options read from
        $XTB4STDAHOME/.xtb4stdarc or $set in input
 
       spin and charge state information can be on:
       <.CHRG> (charge) and <.UHF> (=nalpha-nbeta)
       -uhf and -chrg override the file info.
       useful machine settings:
       setenv MKL_NUM_THREADS <NCORE_ON_YOUR_MACHINE>
       setenv OMP_STACKSIZE 500m
       limit stacksize unlimited
 
       total energies in Eh, gaps/HL energies in eV
       please read REVISION and HOWTO files carefully
OMP: Warning #182: OMP_STACKSIZE: ignored because KMP_STACKSIZE has been defined
 =============================
  # OMP threads =           1
 =============================
 
 xtb4stdahome directory:
 /home/jovyan/cpu-only-1-datavol-1/software/xtb4stda_home/
 
 
 name of molecule           : energy: -106.410895493454 gnorm: 0.002270087068 xtb: 6.7.1 (edcfbbe)
 comment line               :
 number of atoms            :    59
 number of electrons        :   196
 charge                     :  0
 spin                       : 0.0
 first test random number   :  0.2823
 
 -----------------------------------------
      charge density (VTB) calculation
 -----------------------------------------
 
      method parameters     
 k(s)        :  1.8000
 k(p)        :  2.8350
 k(d)        :  2.0860
 k(f)        :  2.0000
 Tscal       :  0.3300
 Gscal       :  0.3910
 fpol        :  1.0000
 Zcnf        :  0.6500
 Zqf         :  0.0000
 kcn         :  0.3000
 kEN1        : -0.5900
 wllscal     :  2.6000
 
     -------------------------
     ! NO SOLVENT MODEL USED !
     -------------------------
 
 doing EN charges ...
 sum q :  0.2220446D-15
 point charge moment (au)
     X       Y       Z   
  -0.5083  -0.0763   0.7908  total (Debye):    2.397
 
            Z      q(EN)   CN      Cart. coordinates
     1  H   1.0   0.075   1.005    -7.48823     7.34952    -5.75762
     2  C   4.0  -0.071   3.141    -2.55888    -7.03961     3.94386
     3  H   1.0   0.075   1.004     8.67214    -6.89674    -4.63285
     4  H   1.0   0.076   1.006    -4.04345     9.56541     4.57748
     5  C   4.0   0.063   3.572     2.94079     3.84295     5.52877
     6  H   1.0   0.076   1.004     2.82835     7.45402     7.36955
     7  C   4.0  -0.003   3.340     1.79618    -6.49593     1.04540
     8  N   5.0  -0.219   1.025     1.38460   -11.97803    -2.53941
     9  N   5.0  -0.119   2.161    -0.96981    -1.69886    -8.95730
    10  H   1.0   0.075   1.004     6.55697    -8.63737    -0.73076
    11  C   4.0   0.244   2.124     0.85756   -10.46303    -1.08281
    12  N   5.0  -0.216   2.170    -0.17197     7.01107     4.93861
    13  C   4.0   0.203   3.384     3.77492    -3.32441    -4.49018
    14  H   1.0   0.075   1.005    -1.45093    -3.55741     5.69299
    15  H   1.0   0.177   1.009     8.24846    -1.67581     6.73593
    16  C   4.0  -0.022   3.208     0.24699    -8.61961     0.75268
    17  C   4.0   0.191   3.761     5.09149     0.49379     5.60625
    18  H   1.0   0.077   1.005    -4.23677     0.18463    -8.38264
    19  C   4.0  -0.074   3.188    -1.91297    -8.90703     2.23555
    20  N   5.0  -0.180   2.177     5.15442     2.81758     6.44812
    21  C   4.0  -0.004   3.249    -5.76631     7.10424    -2.07870
    22  C   4.0  -0.002   3.234    -2.99370     3.02810    -4.16269
    23  C   4.0   0.006   3.489     2.86445    -0.17820     4.13585
    24  C   4.0   0.028   3.244     6.90695    -6.12763    -3.93932
    25  H   1.0   0.074   1.004    -7.48048    11.62937     2.13728
    26  C   4.0  -0.001   3.257    -2.72820     3.58859    -1.56356
    27  C   4.0  -0.071   3.170    -6.14312     6.33776    -4.60337
    28  H   1.0   0.075   1.005    -8.46446    10.13044    -2.16959
    29  C   4.0  -0.071   3.189    -4.58996     8.85960     2.74539
    30  C   4.0   0.110   3.313     2.03845    -1.67713    -5.91201
    31  H   1.0   0.078   1.007     1.89993     1.30372    -3.14734
    32  C   4.0   0.003   3.220    -1.48022     1.11777    -5.44940
    33  C   4.0  -0.061   3.154     5.78029    -7.05964    -1.75763
    34  C   4.0   0.036   3.206     1.94642     6.17392     6.04448
    35  N   5.0  -0.115   2.206     1.15481    -2.53979    -8.08746
    36  C   4.0  -0.071   3.133    -6.48724    10.02915     1.35267
    37  N   5.0  -0.211   2.140     5.88801    -4.32823    -5.34981
    38  C   4.0  -0.070   3.206    -1.27084     2.13652     0.16497
    39  C   4.0   0.001   3.287    -3.33574     6.75483     1.80450
    40  C   4.0  -0.067   3.241     0.91160     0.36925    -4.66441
    41  C   4.0  -0.072   3.189    -0.98870    -4.97773     4.30215
    42  C   4.0  -0.006   3.349    -3.96748     5.78710    -0.60226
    43  N   5.0  -0.224   2.313     2.67169    -3.90890    -2.31397
    44  H   1.0   0.081   1.003     6.21966    -5.39271     4.59657
    45  C   4.0   0.007   3.376     1.53654     2.08191     3.92250
    46  N   5.0  -0.392   3.199     6.61952    -1.55751     5.76707
    47  C   4.0   0.099   3.322     3.58613    -5.83396    -0.99135
    48  C   4.0   0.009   3.317     3.09291    -2.81324     3.63716
    49  H   1.0   0.076   1.006    -4.89401     4.03003    -7.60823
    50  C   4.0   0.006   3.227    -0.43407     3.13808     2.42849
    51  C   4.0   0.022   3.393     5.39744    -3.53643     4.60488
    52  C   4.0  -0.073   3.184    -4.72091     4.43613    -5.61759
    53  C   4.0  -0.073   3.178    -7.04962     9.18823    -1.03897
    54  C   4.0   0.001   3.252     1.22095    -4.70995     2.89865
    55  C   4.0   0.039   3.236    -2.35838    -0.12132    -7.64564
    56  C   4.0   0.101   3.341    -1.24854     5.64404     3.16869
    57  H   1.0   0.077   1.007    -0.69504     0.24132    -0.33410
    58  H   1.0   0.075   1.005    -3.08384   -10.55998     1.98913
    59  H   1.0   0.074   1.004    -4.27399    -7.21233     5.03461
 
  Z AO/shell   Hii/eV     exponent
  1     Sat Feb 20 21:38:01 CET 2016    EN: 2.327 GAM: 0.473  GM3: 0.0000
     1s    -13.751157    1.051071
  6     Sat Feb 20 21:38:01 CET 2016    EN: 2.731 GAM: 0.422  GM3: 0.0000
     2s    -19.378245    2.021003
     2p    -11.993376    1.497917
  7     Sat Feb 20 21:38:01 CET 2016    EN: 3.573 GAM: 0.504  GM3: 0.0000
     2s    -21.576984    2.275442
     2p    -16.125120    2.056788
 
 dipole moment of classical point charges (au)
     X       Y       Z   
  -0.5083  -0.0763   0.7908  total (Debye):    2.397

 
 Nbf   :          188
 T(el) :   300.0
 calculating S/T integrals ...
 cpu time for ints   1.429100000000000E-002
 Nao   :          188
 making H0...
 making H1...
 cpu time for H      1.545999999999999E-003
 solving ...
 cpu time for diag   5.379000000000000E-002
 
 gap (eV)           :   1.939
 Koopmans IP (eV)   :  12.943
 Eel (Eh)           :  -156.298820
 T,E(Fermi),NFOD :    300.000   -11.973  0.000000
 T,E(Fermi),NFOD :    300.000   -11.973  0.000000
 Nfod               :  0.0000
 Nfod/Nel           :  0.0000

          eigenvalues
 #    :          86         87         88         89         90         91         92         93
 occ. :        2.000      2.000      2.000      2.000      2.000      2.000      2.000      2.000
 eps  :       -16.716    -16.647    -16.169    -15.931    -15.809    -15.729    -15.676    -15.395
 #    :          94         95         96         97         98         99        100        101
 occ. :        2.000      2.000      2.000      2.000      2.000      0.000      0.000      0.000
 eps  :       -15.188    -15.061    -14.814    -13.773    -12.944    -11.005     -9.322     -8.481
 #    :         102        103        104        105        106        107        108        109
 occ. :        0.000      0.000      0.000      0.000      0.000      0.000      0.000      0.000
 eps  :        -8.248     -8.175     -7.554     -7.122     -6.701     -6.166     -5.940     -5.820
                            1  SCC done.
 making H1...
 cpu time for H      5.521400000000001E-002
 solving ...
 cpu time for diag   2.631000000000008E-003
 
 gap (eV)           :   1.262
 Koopmans IP (eV)   :  12.360
 Eel (Eh)           :  -155.146107
 T,E(Fermi),NFOD :    300.000   -11.729  0.000000
 T,E(Fermi),NFOD :    300.000   -11.729  0.000000
 Nfod               :  0.0000
 Nfod/Nel           :  0.0000

          eigenvalues
 #    :          86         87         88         89         90         91         92         93
 occ. :        2.000      2.000      2.000      2.000      2.000      2.000      2.000      2.000
 eps  :       -16.272    -15.786    -15.665    -15.492    -15.382    -15.282    -14.925    -14.851
 #    :          94         95         96         97         98         99        100        101
 occ. :        2.000      2.000      2.000      2.000      2.000      0.000      0.000      0.000
 eps  :       -14.714    -14.623    -14.518    -13.161    -12.361    -11.098     -8.919     -8.321
 #    :         102        103        104        105        106        107        108        109
 occ. :        0.000      0.000      0.000      0.000      0.000      0.000      0.000      0.000
 eps  :        -8.178     -7.688     -7.501     -7.028     -6.768     -6.441     -6.059     -5.939
                            2  SCC done.
 
 
 Mulliken/CM5 charges    n(s)   n(p)   n(d)   
    1 H   0.0543  0.1117   0.946  0.000  0.000
    2 C  -0.0215 -0.0775   1.136  2.885  0.000
    3 H   0.0612  0.1283   0.939  0.000  0.000
    4 H   0.0595  0.1224   0.940  0.000  0.000
    5 C   0.0216  0.0921   1.197  2.781  0.000
    6 H   0.0582  0.1271   0.942  0.000  0.000
    7 C   0.0099  0.0162   1.180  2.811  0.000
    8 N  -0.2147 -0.3415   1.643  3.572  0.000
    9 N  -0.1118 -0.2239   1.516  3.596  0.000
   10 H   0.0490  0.1076   0.951  0.000  0.000
   11 C   0.1034  0.2231   1.175  2.721  0.000
   12 N  -0.1728 -0.3679   1.474  3.698  0.000
   13 C   0.1210  0.2816   1.200  2.679  0.000
   14 H   0.0484  0.1066   0.952  0.000  0.000
   15 H   0.1582  0.3538   0.842  0.000  0.000
   16 C   0.0104  0.0108   1.144  2.846  0.000
   17 C   0.0757  0.2244   1.212  2.713  0.000
   18 H   0.0596  0.1297   0.940  0.000  0.000
   19 C  -0.0232 -0.0755   1.143  2.880  0.000
   20 N  -0.2546 -0.4253   1.549  3.705  0.000
   21 C   0.0123  0.0050   1.162  2.826  0.000
   22 C  -0.0272 -0.0327   1.188  2.840  0.000
   23 C  -0.0100  0.0025   1.178  2.832  0.000
   24 C   0.0573  0.0859   1.167  2.776  0.000
   25 H   0.0489  0.1055   0.951  0.000  0.000
   26 C   0.0214  0.0174   1.168  2.811  0.000
   27 C  -0.0469 -0.1007   1.152  2.895  0.000
   28 H   0.0487  0.1061   0.951  0.000  0.000
   29 C  -0.0133 -0.0641   1.151  2.862  0.000
   30 C   0.0891  0.1828   1.189  2.722  0.000
   31 H   0.0576  0.1210   0.942  0.000  0.000
   32 C   0.0232  0.0228   1.183  2.794  0.000
   33 C  -0.0134 -0.0542   1.143  2.871  0.000
   34 C   0.0347  0.0652   1.160  2.805  0.000
   35 N  -0.1280 -0.2285   1.523  3.605  0.000
   36 C  -0.0046 -0.0605   1.132  2.873  0.000
   37 N  -0.1711 -0.3554   1.490  3.681  0.000
   38 C  -0.0837 -0.1338   1.172  2.912  0.000
   39 C   0.0233  0.0253   1.162  2.815  0.000
   40 C  -0.0105 -0.0508   1.168  2.843  0.000
   41 C  -0.0230 -0.0758   1.147  2.876  0.000
   42 C  -0.0213 -0.0218   1.175  2.847  0.000
   43 N  -0.2150 -0.4034   1.488  3.727  0.000
   44 H   0.0536  0.1198   0.946  0.000  0.000
   45 C  -0.0884 -0.0813   1.191  2.898  0.000
   46 N  -0.0741 -0.4275   1.196  3.878  0.000
   47 C   0.0782  0.1544   1.200  2.722  0.000
   48 C  -0.0539 -0.0499   1.166  2.888  0.000
   49 H   0.0533  0.1126   0.947  0.000  0.000
   50 C   0.0346  0.0357   1.175  2.790  0.000
   51 C   0.0424  0.0578   1.166  2.792  0.000
   52 C  -0.0170 -0.0707   1.138  2.879  0.000
   53 C  -0.0358 -0.0894   1.150  2.886  0.000
   54 C   0.0239  0.0210   1.170  2.806  0.000
   55 C   0.0223  0.0599   1.172  2.805  0.000
   56 C   0.0580  0.1366   1.199  2.743  0.000
   57 H   0.0643  0.1272   0.936  0.000  0.000
   58 H   0.0509  0.1087   0.949  0.000  0.000
   59 H   0.0471  0.1038   0.953  0.000  0.000
 
 Loewdin charges    n(s)   n(p)   n(d)
    1 H   0.0443   0.956  0.000  0.000
    2 C  -0.0135   1.081  2.932  0.000
    3 H   0.0483   0.952  0.000  0.000
    4 H   0.0479   0.952  0.000  0.000
    5 C   0.0133   1.164  2.823  0.000
    6 H   0.0464   0.954  0.000  0.000
    7 C   0.0092   1.139  2.852  0.000
    8 N  -0.2018   1.604  3.598  0.000
    9 N  -0.0985   1.488  3.610  0.000
   10 H   0.0405   0.959  0.000  0.000
   11 C   0.0948   1.142  2.763  0.000
   12 N  -0.1527   1.440  3.713  0.000
   13 C   0.1069   1.172  2.721  0.000
   14 H   0.0389   0.961  0.000  0.000
   15 H   0.1355   0.864  0.000  0.000
   16 C   0.0093   1.101  2.890  0.000
   17 C   0.0626   1.186  2.752  0.000
   18 H   0.0482   0.952  0.000  0.000
   19 C  -0.0156   1.089  2.926  0.000
   20 N  -0.2446   1.520  3.725  0.000
   21 C   0.0161   1.118  2.866  0.000
   22 C  -0.0198   1.144  2.876  0.000
   23 C  -0.0169   1.141  2.876  0.000
   24 C   0.0631   1.118  2.819  0.000
   25 H   0.0399   0.960  0.000  0.000
   26 C   0.0225   1.126  2.852  0.000
   27 C  -0.0371   1.097  2.940  0.000
   28 H   0.0394   0.961  0.000  0.000
   29 C  -0.0038   1.096  2.907  0.000
   30 C   0.0802   1.155  2.765  0.000
   31 H   0.0471   0.953  0.000  0.000
   32 C   0.0288   1.139  2.832  0.000
   33 C  -0.0162   1.092  2.924  0.000
   34 C   0.0337   1.114  2.852  0.000
   35 N  -0.1189   1.498  3.621  0.000
   36 C   0.0022   1.077  2.921  0.000
   37 N  -0.1531   1.455  3.698  0.000
   38 C  -0.0730   1.118  2.955  0.000
   39 C   0.0226   1.120  2.857  0.000
   40 C  -0.0062   1.115  2.891  0.000
   41 C  -0.0171   1.093  2.924  0.000
   42 C  -0.0214   1.133  2.888  0.000
   43 N  -0.1984   1.456  3.742  0.000
   44 H   0.0439   0.956  0.000  0.000
   45 C  -0.0856   1.150  2.935  0.000
   46 N  -0.0235   1.140  3.883  0.000
   47 C   0.0794   1.163  2.758  0.000
   48 C  -0.0555   1.126  2.930  0.000
   49 H   0.0445   0.956  0.000  0.000
   50 C   0.0325   1.134  2.834  0.000
   51 C   0.0380   1.123  2.839  0.000
   52 C  -0.0137   1.085  2.929  0.000
   53 C  -0.0268   1.096  2.931  0.000
   54 C   0.0280   1.127  2.845  0.000
   55 C   0.0187   1.127  2.854  0.000
   56 C   0.0542   1.164  2.782  0.000
   57 H   0.0529   0.947  0.000  0.000
   58 H   0.0411   0.959  0.000  0.000
   59 H   0.0385   0.961  0.000  0.000
 
 Wiberg/Mayer (AO) data. WBOs > 0.1 written file <wbo>
 largest (>0.05) Wiberg bond orders for each atom
           total WBO             WBO to atom ...
     1  H   0.991    C   27 0.941
     2  C   3.967    C   19 1.440    C   41 1.427    H   59 0.942    C    7 0.098
     3  H   0.993    C   24 0.945
     4  H   0.994    C   29 0.942
     5  C   3.911    C   34 1.496    N   20 1.107    C   45 1.077    C   56 0.075
     6  H   0.993    C   34 0.944
     7  C   3.947    C   54 1.340    C   16 1.303    C   47 0.971    C    2 0.098    N    8 0.068
     8  N   3.053    C   11 2.825    C   16 0.075    C   19 0.068    C    7 0.068
     9  N   3.110    C   55 1.539    N   35 1.327    C   40 0.109
    10  H   0.997    C   33 0.945
    11  C   3.939    N    8 2.825    C   16 1.055
    12  N   3.085    C   56 1.478    C   34 1.281
    13  C   3.922    N   37 1.393    N   43 1.366    C   30 0.987    C   33 0.087
    14  H   0.995    C   41 0.943
    15  H   0.973    N   46 0.951
    16  C   3.962    C   19 1.343    C    7 1.303    C   11 1.055    C   41 0.094    N    8 0.075
    17  C   3.879    N   20 1.501    N   46 1.123    C   23 1.059    C   34 0.071
    18  H   0.996    C   55 0.944
    19  C   3.962    C    2 1.440    C   16 1.343    H   58 0.943    C   54 0.098    N    8 0.068
    20  N   2.970    C   17 1.501    C    5 1.107    C   45 0.119    N   46 0.071
    21  C   3.954    C   53 1.269    C   27 1.237    C   42 1.230    C   29 0.063
    22  C   3.859    C   52 1.292    C   26 1.283    C   32 1.048
    23  C   3.874    C   45 1.352    C   48 1.150    C   17 1.059    C   38 0.074
    24  C   3.946    C   33 1.427    N   37 1.402    H    3 0.945    N   43 0.109
    25  H   0.992    C   36 0.943
    26  C   3.951    C   22 1.283    C   38 1.217    C   42 1.185    C   27 0.071
    27  C   3.901    C   52 1.535    C   21 1.237    H    1 0.941    C   26 0.071
    28  H   0.994    C   53 0.943
    29  C   3.938    C   39 1.384    C   36 1.375    H    4 0.942    C   21 0.063
    30  C   3.931    N   35 1.442    C   40 1.314    C   13 0.987    C   55 0.071
    31  H   0.997    C   40 0.936
    32  C   3.944    C   40 1.395    C   55 1.266    C   22 1.048    N   35 0.100
    33  C   3.963    C   24 1.427    C   47 1.378    H   10 0.945    C   13 0.087
    34  C   3.928    C    5 1.496    N   12 1.281    H    6 0.944    C   17 0.071
    35  N   3.061    C   30 1.442    N    9 1.327    C   32 0.100
    36  C   3.966    C   53 1.497    C   29 1.375    H   25 0.943    C   42 0.063
    37  N   3.097    C   24 1.402    C   13 1.393    C   47 0.101    N   43 0.071
    38  C   3.960    C   50 1.454    C   26 1.217    H   57 0.931    C   23 0.074
    39  C   3.952    C   29 1.384    C   42 1.235    C   56 1.095    C   53 0.089
    40  C   3.942    C   32 1.395    C   30 1.314    H   31 0.936    N    9 0.109
    41  C   3.943    C    2 1.427    C   54 1.373    H   14 0.943    C   16 0.094
    42  C   3.941    C   39 1.235    C   21 1.230    C   26 1.185    C   36 0.063    C   52 0.053
    43  N   3.076    C   13 1.366    C   47 1.363    C   24 0.109    N   37 0.071
    44  H   0.995    C   51 0.945
    45  C   3.938    C   23 1.352    C   50 1.141    C    5 1.077    N   20 0.119    C   51 0.059
    46  N   3.470    C   51 1.136    C   17 1.123    H   15 0.951    C   48 0.081    N   20 0.071
    47  C   3.929    C   33 1.378    N   43 1.363    C    7 0.971    N   37 0.101
    48  C   3.925    C   51 1.564    C   23 1.150    C   54 0.993    N   46 0.081
    49  H   0.993    C   52 0.939
    50  C   3.941    C   38 1.454    C   45 1.141    C   56 1.092
    51  C   3.850    C   48 1.564    N   46 1.136    H   44 0.945    C   45 0.059
    52  C   3.967    C   27 1.535    C   22 1.292    H   49 0.939    C   42 0.053
    53  C   3.933    C   36 1.497    C   21 1.269    H   28 0.943    C   39 0.089
    54  C   3.952    C   41 1.373    C    7 1.340    C   48 0.993    C   19 0.098
    55  C   3.936    N    9 1.539    C   32 1.266    H   18 0.944    C   30 0.071
    56  C   3.924    N   12 1.478    C   39 1.095    C   50 1.092    C    5 0.075
    57  H   0.994    C   38 0.931
    58  H   0.993    C   19 0.943
    59  H   0.992    C    2 0.942
 
 --------------------------------------------
          xTB calculation for sTDA...
 --------------------------------------------
 
 reading parameter file 
 /home/jovyan/cpu-only-1-datavol-1/software/xtb4stda_home/.param_stda2.xtb
 
      method parameters     
 k(s)        :  1.6000
 k(p)        :  2.1800
 k(d)        :  1.9500
 k(f)        :  2.0000
 k(R-V)      :  2.2750
 k(R-R)      :  1.7650
 Tscal       :  0.2580
 Gscal       :  1.0000
 fpol        :  1.0000
 Zcnf        :  0.3430
 Zqf         :  0.0000
 kcn         :  2.7000
 Ryd Hsplit  :  0.7000
 lshift(virt):  3.1000
 lshift(OS)  :  0.2000
 wllscaling  :  2.6000
 
 mowrcut     : 3.000
 
  Z AO/shell   Hii/eV     exponent
  1     Sun Feb 14 09:53:25 CET 2016    EN: 2.327 GAM: 0.473  GM3: 0.0000
     1s    -14.339618    1.220000
     2sp    -3.348946    0.600000
  6     Sun Feb 14 09:53:25 CET 2016    EN: 2.731 GAM: 0.422  GM3: 0.0000
     2s    -22.009312    1.565095
     2p    -13.020408    1.596905
     3sp    -3.914040    0.824500
  7     Sun Feb 14 09:53:25 CET 2016    EN: 3.573 GAM: 0.504  GM3: 0.0000
     2s    -25.722000    2.064844
     2p    -18.684912    1.801692
     3sp    -4.344791    0.921400
 
 Nbf   :          424
 T(el) :     0.0
 calculating S/T integrals ...
 cpu time for ints   0.206373000000000     
 Nao   :          424
 making H0...
 making H1...
 cpu time for H      2.804000000000029E-003
 solving ...
 cpu time for diag   1.297399999999999E-002
 
 gap (eV)           :   4.302
 Koopmans IP (eV)   :  14.012
 Eel (Eh)           :  -173.363897

          eigenvalues
 #    :          86         87         88         89         90         91         92         93
 occ. :        2.000      2.000      2.000      2.000      2.000      2.000      2.000      2.000
 eps  :       -17.593    -17.192    -17.017    -16.862    -16.621    -16.577    -16.426    -16.360
 #    :          94         95         96         97         98         99        100        101
 occ. :        2.000      2.000      2.000      2.000      2.000      0.000      0.000      0.000
 eps  :       -16.321    -16.051    -15.866    -14.864    -14.014     -9.711     -7.526     -7.369
 #    :         102        103        104        105        106        107        108        109
 occ. :        0.000      0.000      0.000      0.000      0.000      0.000      0.000      0.000
 eps  :        -7.203     -7.114     -6.928     -6.606     -6.254     -6.132     -5.774     -5.500
                            1  SCC done.
 writing mo output ...
 molden style : F
 
speedup  0.69
cpu  time for all    0.36 s
wall time for all    0.53 s
