 
        ______________________________________
       |                                      |
       |          ===================         |
       |             xTB for sTDA             |
       |          ===================         |
       |               S. Grimme              |
       |        Universitaet Bonn, MCTC       |
       |         2015-19, Version 1.0         |
       |     Wed Apr  3 09:14:55 CEST 2019    |
       |______________________________________|
 
        This code comes without any warranty
        for non-commercial, academia use only.
        Preliminary test version.
        Cite this work as:
        S. Grimme  &  C. Bannwarth, JCP 145 (2016) 054103
        if GBSA is used additionally:
        P. Shushkov, F. März, C. Bannwarth, S. Grimme, unpublished.
 
        with help from
        P. Shushkov, G. Brandenburg, S. Dohm, J. Pisarek,
        F. März, M. Checinski, S. Ehrlich, S. Spicher, 
        P. Pracht, E. Caldeweyher, S. Ehlert, and C. Bannwarth.
 
        usage        :
        xtb4stda <coord_file> [options]
        where <coord_file> is a valid file of TM)
        (*coord, Bohr) or xmol (*xyz, Angstroem)
        format.

        options:
        -chrg <int>   : molecular charge
        -uhf  <int>   : # of unpaired electrons(=2*S)
        -nox          : skip second, extended part in sTDA-xTB
        -pop          : do population analysis
                      : (default for -nox)
        -mowr <real>  : cut MO write above (def.3 Eh)
        -molden       : write formatted molden file
        -parx <file>  : read parameters for sTDA-xTB
                        calc (def:~/.param_stda2.xtb)
        -parv <file>  : read parameters for vTB part in
                        sTDA-xTB (def: ~/.param_stda1.xtb)
        -xtemp <real> : el. temp for xTB (def. 0 K)
        -etemp <real> : el. temp for GFN (def. 300 K)
        -fod          : calculate the FOD and write
                        molden.input file with
                        appropriate occupations
                        for plotting. Def. T=12500 K
 
        -acc <real>   : xTB accuracy (def. 1.0)
        -gbsa [string1] [string2]
                        use GBSA implicit solvent
                        for solvent [string1] and
                        solvation state [string2]=
                        reference, bar1M (default=1M)
        additional GFN/opt/MD/siman options read from
        $XTB4STDAHOME/.xtb4stdarc or $set in input
 
       spin and charge state information can be on:
       <.CHRG> (charge) and <.UHF> (=nalpha-nbeta)
       -uhf and -chrg override the file info.
       useful machine settings:
       setenv MKL_NUM_THREADS <NCORE_ON_YOUR_MACHINE>
       setenv OMP_STACKSIZE 500m
       limit stacksize unlimited
 
       total energies in Eh, gaps/HL energies in eV
       please read REVISION and HOWTO files carefully
OMP: Warning #182: OMP_STACKSIZE: ignored because KMP_STACKSIZE has been defined
 =============================
  # OMP threads =           1
 =============================
 
 xtb4stdahome directory:
 /home/jovyan/cpu-only-1-datavol-1/software/xtb4stda_home/
 
 
 name of molecule           : energy: -110.804313652920 gnorm: 0.001983509256 xtb: 6.7.1 (edcfbbe)
 comment line               :
 number of atoms            :    61
 number of electrons        :   203
 charge                     :  0
 spin                       : 0.5
 first test random number   :  0.8937
 
 -----------------------------------------
      charge density (VTB) calculation
 -----------------------------------------
 
      method parameters     
 k(s)        :  1.8000
 k(p)        :  2.8350
 k(d)        :  2.0860
 k(f)        :  2.0000
 Tscal       :  0.3300
 Gscal       :  0.3910
 fpol        :  1.0000
 Zcnf        :  0.6500
 Zqf         :  0.0000
 kcn         :  0.3000
 kEN1        : -0.5900
 wllscal     :  2.6000
 
     -------------------------
     ! NO SOLVENT MODEL USED !
     -------------------------
 
 doing EN charges ...
 sum q : -0.2997602D-14
 point charge moment (au)
     X       Y       Z   
   0.4495   1.6049   0.9965  total (Debye):    4.936
 
            Z      q(EN)   CN      Cart. coordinates
     1  H   1.0   0.078   1.007     0.15458    -7.09649    -2.76731
     2  H   1.0   0.076   1.007     7.53131     4.54120     2.53620
     3  C   4.0   0.060   3.558    -2.56133    -3.75923     0.21581
     4  C   4.0  -0.160   3.074     7.87770    -2.73198    -1.16577
     5  H   1.0   0.073   1.018     8.89456    -3.62714    -2.67888
     6  C   4.0  -0.067   3.151    -2.88486     8.17930    -2.52845
     7  N   5.0  -0.235   2.287    -0.32806    -3.26885    -0.97623
     8  H   1.0   0.177   1.009     2.97518    12.70519     1.60929
     9  H   1.0   0.075   1.005    -8.70370    -4.45938     4.09844
    10  S   6.0   0.227   2.553    -0.70109     0.08277     2.60253
    11  N   5.0  -0.226   2.165     5.15650    -4.34542     4.89061
    12  C   4.0  -0.063   3.148    -1.78277    13.14399    -0.87929
    13  N   5.0  -0.228   2.219    -6.00914    -8.38679    -3.49259
    14  C   4.0   0.029   4.255     4.70995     0.89214     0.51552
    15  C   4.0   0.025   3.233     4.40306     0.77195     5.18390
    16  H   1.0   0.075   1.004    -3.31288     6.28806    -3.16170
    17  C   4.0  -0.074   3.151    -3.97390    12.60088    -2.19170
    18  N   5.0  -0.401   3.244     2.14030    11.17130     0.85964
    19  H   1.0   0.076   1.004     3.90625    -4.62359     8.52210
    20  C   4.0   0.179   3.332     5.68921    -2.93437     2.91245
    21  H   1.0   0.076   1.007     7.11217    -6.05676     0.89800
    22  C   4.0   0.036   3.246    -5.88385    -9.97926    -5.38345
    23  C   4.0   0.244   2.104    -3.54947   -12.39698    -8.54591
    24  C   4.0  -0.020   3.161    -3.59199   -10.68168    -6.50557
    25  H   1.0   0.076   1.005    -7.66492   -10.73062    -6.04712
    26  S   6.0   0.204   2.429     7.69685     0.52610    -1.40974
    27  C   4.0  -0.086   3.265    -3.10917    -2.11914     2.24934
    28  C   4.0   0.036   3.201     4.33068    -3.34198     6.99539
    29  C   4.0  -0.074   3.205    -6.98027    -4.22562     3.03301
    30  C   4.0  -0.074   3.216     6.90940    -4.03060     0.81939
    31  C   4.0  -0.067   3.175    -1.51499    -7.95272    -3.55533
    32  H   1.0   0.075   1.006    -5.67107    -1.05862     5.20525
    33  C   4.0  -0.021   3.218    -6.49178    -5.86080     1.01214
    34  C   4.0   0.094   3.298    -3.89586    -7.37503    -2.56644
    35  C   4.0  -0.074   3.208     5.79900     5.30370     1.77332
    36  H   1.0   0.074   1.004    -1.36948    15.03957    -0.24774
    37  C   4.0   0.008   3.292    -4.28042    -5.66011    -0.43653
    38  H   1.0   0.074   1.004    -6.24706     9.81240    -4.03362
    39  C   4.0  -0.062   3.149     5.32619     7.85956     1.94415
    40  C   4.0   0.002   3.312     4.08559     3.65492     0.60074
    41  C   4.0   0.243   2.153    -8.30005    -7.78662     0.55898
    42  H   1.0   0.074   1.004    -5.29747    14.10095    -2.59289
    43  N   5.0  -0.294   3.306     5.10037    -0.29045     2.90016
    44  C   4.0  -0.073   3.193    -1.36665    -9.62664    -5.54918
    45  C   4.0  -0.001   3.377    -0.67085     8.67743    -1.20753
    46  N   5.0  -0.215   1.028    -9.87136    -9.28063     0.51060
    47  H   1.0   0.075   1.004     0.43539   -10.12931    -6.36724
    48  H   1.0   0.075   1.004     3.54985     0.15798     9.03724
    49  H   1.0   0.078   1.008     4.11015     2.78848     5.17936
    50  H   1.0   0.075   1.004     6.65807     9.10753     2.85349
    51  C   4.0  -0.076   3.192    -5.29841    -2.33665     3.66304
    52  O   6.0  -0.160   2.211     2.97896    -0.55086    -0.97718
    53  C   4.0  -0.001   3.384     1.39575     7.13863    -0.35961
    54  N   5.0  -0.220   1.024    -3.52321   -13.79065   -10.20490
    55  C   4.0  -0.067   3.208     1.91467     4.57843    -0.53555
    56  C   4.0  -0.073   3.146    -4.51682    10.15633    -3.00901
    57  C   4.0   0.091   3.433    -0.13341    11.16658    -0.39760
    58  H   1.0   0.077   1.009     0.64421     3.35445    -1.55524
    59  C   4.0  -0.064   3.126     4.06140    -0.68106     7.25617
    60  C   4.0   0.095   3.427     3.09405     8.77135     0.90915
    61  C   4.0   0.142   3.329     0.84376    -1.39462    -0.01550
 
  Z AO/shell   Hii/eV     exponent
  1     Sat Feb 20 21:38:01 CET 2016    EN: 2.327 GAM: 0.473  GM3: 0.0000
     1s    -13.751157    1.051071
  6     Sat Feb 20 21:38:01 CET 2016    EN: 2.731 GAM: 0.422  GM3: 0.0000
     2s    -19.378245    2.021003
     2p    -11.993376    1.497917
  7     Sat Feb 20 21:38:01 CET 2016    EN: 3.573 GAM: 0.504  GM3: 0.0000
     2s    -21.576984    2.275442
     2p    -16.125120    2.056788
  8     Sat Feb 20 21:38:01 CET 2016    EN: 3.700 GAM: 0.587  GM3: 0.0000
     2s    -21.648843    2.110798
     2p    -17.239740    2.329048
 16     Sat Feb 20 23:13:41 CET 2016    EN: 1.915 GAM: 0.389  GM3: 0.0000
     3s    -22.000000    2.671470
     3p    -15.834192    1.836978
     3d     -2.593599    1.836978
 
 dipole moment of classical point charges (au)
     X       Y       Z   
   0.4495   1.6049   0.9965  total (Debye):    4.936

 
 Nbf   :          202
 T(el) :   300.0
 calculating S/T integrals ...
 cpu time for ints   1.623800000000000E-002
 Nao   :          200
 making H0...
=================================================
                     0   SCC step
=================================================
 making H1...
 cpu time for H      1.945999999999989E-003
 solving ...
 cpu time for diag   6.729700000000000E-002
 
 T,E(Fermi),NFOD :    300.000    -9.377  0.000026
 T,E(Fermi),NFOD :    300.000   -11.629  0.000000
 a/b gap (eV)           :   0.582  3.921
 Koopmans IP (eV)       :   9.668
 Eel (Eh)               :  -160.513344
 Nfod                   :  0.0000
 Nfod/Nel               :  0.0000

          eigenvalues
 #    :          90         91         92         93         94         95         96         97
 occ. :        1.000      1.000      1.000      1.000      1.000      1.000      1.000      1.000
 eps  :       -16.574    -16.478    -16.076    -16.037    -15.908    -15.818    -15.542    -14.434
 #    :          98         99        100        101        102        103        104        105
 occ. :        1.000      1.000      1.000      1.000      1.000      0.000      0.000      0.000
 eps  :       -14.225    -14.110    -14.073    -13.589     -9.668     -9.086     -8.768     -7.963
 #    :         106        107        108        109        110        111        112        113
 occ. :        0.000      0.000      0.000      0.000      0.000      0.000      0.000      0.000
 eps  :        -7.545     -7.042     -6.952     -6.899     -6.553     -6.475     -6.264     -5.908

          eigenvalues
 #    :          89         90         91         92         93         94         95         96
 occ. :        1.000      1.000      1.000      1.000      1.000      1.000      1.000      1.000
 eps  :       -16.683    -16.574    -16.478    -16.076    -16.037    -15.908    -15.818    -15.542
 #    :          97         98         99        100        101        102        103        104
 occ. :        1.000      1.000      1.000      1.000      1.000      0.000      0.000      0.000
 eps  :       -14.434    -14.225    -14.110    -14.073    -13.589     -9.668     -9.086     -8.768
 #    :         105        106        107        108        109        110        111        112
 occ. :        0.000      0.000      0.000      0.000      0.000      0.000      0.000      0.000
 eps  :        -7.963     -7.545     -7.042     -6.952     -6.899     -6.553     -6.475     -6.264
                            1  SCC done.
=================================================
                     1   SCC step
=================================================
 making H1...
 cpu time for H      6.880800000000001E-002
 solving ...
 cpu time for diag   4.289000000000015E-003
 
 T,E(Fermi),NFOD :    300.000    -9.579  0.000000
 T,E(Fermi),NFOD :    300.000   -11.476  0.000000
 a/b gap (eV)           :   0.800  4.218
 Koopmans IP (eV)       :   9.979
 Eel (Eh)               :  -160.526192
 Nfod                   :  0.0000
 Nfod/Nel               :  0.0000

          eigenvalues
 #    :          90         91         92         93         94         95         96         97
 occ. :        1.000      1.000      1.000      1.000      1.000      1.000      1.000      1.000
 eps  :       -16.579    -16.488    -16.221    -16.120    -15.911    -15.818    -15.547    -14.441
 #    :          98         99        100        101        102        103        104        105
 occ. :        1.000      1.000      1.000      1.000      1.000      0.000      0.000      0.000
 eps  :       -14.320    -14.113    -14.081    -13.593     -9.979     -9.179     -8.773     -8.146
 #    :         106        107        108        109        110        111        112        113
 occ. :        0.000      0.000      0.000      0.000      0.000      0.000      0.000      0.000
 eps  :        -7.572     -7.049     -6.952     -6.906     -6.652     -6.477     -6.273     -5.975

          eigenvalues
 #    :          89         90         91         92         93         94         95         96
 occ. :        1.000      1.000      1.000      1.000      1.000      1.000      1.000      1.000
 eps  :       -16.682    -16.570    -16.470    -16.013    -15.913    -15.864    -15.816    -15.536
 #    :          97         98         99        100        101        102        103        104
 occ. :        1.000      1.000      1.000      1.000      1.000      0.000      0.000      0.000
 eps  :       -14.430    -14.139    -14.107    -14.049    -13.584     -9.367     -8.993     -8.758
 #    :         105        106        107        108        109        110        111        112
 occ. :        0.000      0.000      0.000      0.000      0.000      0.000      0.000      0.000
 eps  :        -7.811     -7.490     -7.033     -6.951     -6.894     -6.476     -6.458     -6.254
                            2  SCC done.
 updating charges
=================================================
                     2   SCC step
=================================================
 making H1...
 cpu time for H      5.170000000000008E-003
 solving ...
 cpu time for diag   4.236999999999991E-003
 
 T,E(Fermi),NFOD :    300.000    -9.835  0.000000
 T,E(Fermi),NFOD :    300.000   -11.526  0.000000
 a/b gap (eV)           :   0.806  4.184
 Koopmans IP (eV)       :  10.238
 Eel (Eh)               :  -160.280571
 Nfod                   :  0.0000
 Nfod/Nel               :  0.0000
 writing <aospin>

          eigenvalues
 #    :          90         91         92         93         94         95         96         97
 occ. :        1.000      1.000      1.000      1.000      1.000      1.000      1.000      1.000
 eps  :       -16.406    -16.077    -15.773    -15.669    -15.594    -15.294    -14.871    -14.411
 #    :          98         99        100        101        102        103        104        105
 occ. :        1.000      1.000      1.000      1.000      1.000      0.000      0.000      0.000
 eps  :       -14.183    -14.150    -14.052    -13.625    -10.238     -9.432     -8.695     -8.041
 #    :         106        107        108        109        110        111        112        113
 occ. :        0.000      0.000      0.000      0.000      0.000      0.000      0.000      0.000
 eps  :        -7.416     -7.225     -6.945     -6.844     -6.410     -6.399     -6.212     -6.069

          eigenvalues
 #    :          89         90         91         92         93         94         95         96
 occ. :        1.000      1.000      1.000      1.000      1.000      1.000      1.000      1.000
 eps  :       -16.593    -16.405    -15.772    -15.700    -15.655    -15.551    -15.308    -14.871
 #    :          97         98         99        100        101        102        103        104
 occ. :        1.000      1.000      1.000      1.000      1.000      0.000      0.000      0.000
 eps  :       -14.402    -14.177    -14.147    -13.915    -13.618     -9.434     -9.261     -8.688
 #    :         105        106        107        108        109        110        111        112
 occ. :        0.000      0.000      0.000      0.000      0.000      0.000      0.000      0.000
 eps  :        -7.689     -7.341     -7.181     -6.937     -6.843     -6.399     -6.285     -6.076
                            3  SCC done.
 <S^2>           : 0.76001
 
 
 Mulliken/CM5 charges      n(s)   n(p)   n(d)   
    1 H   0.0511  0.1187   0.949  0.000  0.000
    2 H   0.0497  0.1109   0.950  0.000  0.000
    3 C   0.0096  0.0811   1.184  2.806  0.000
    4 C  -0.0691 -0.1063   1.136  2.933  0.000
    5 H   0.0628  0.1215   0.937  0.000  0.000
    6 C  -0.0354 -0.0883   1.138  2.897  0.000
    7 N  -0.2199 -0.4122   1.483  3.736  0.000
    8 H   0.1465  0.3413   0.854  0.000  0.000
    9 H   0.0548  0.1134   0.945  0.000  0.000
   10 S   0.0619  0.0385   1.899  4.008  0.031
   11 N  -0.1690 -0.3640   1.461  3.708  0.000
   12 C  -0.0453 -0.0945   1.133  2.912  0.000
   13 N  -0.1773 -0.3763   1.468  3.709  0.000
   14 C   0.1426  0.2321   1.255  2.602  0.000
   15 C   0.0120  0.0287   1.166  2.822  0.000
   16 H   0.0420  0.0992   0.958  0.000  0.000
   17 C  -0.0363 -0.0923   1.135  2.902  0.000
   18 N  -0.0958 -0.4490   1.189  3.907  0.000
   19 H   0.0530  0.1203   0.947  0.000  0.000
   20 C   0.0559  0.1915   1.199  2.745  0.000
   21 H   0.0560  0.1183   0.944  0.000  0.000
   22 C   0.0415  0.0736   1.165  2.794  0.000
   23 C   0.1007  0.2198   1.174  2.725  0.000
   24 C   0.0125  0.0151   1.142  2.846  0.000
   25 H   0.0629  0.1316   0.937  0.000  0.000
   26 S   0.0139 -0.0114   1.903  4.041  0.043
   27 C  -0.0142  0.0021   1.180  2.834  0.000
   28 C   0.0007  0.0313   1.152  2.848  0.000
   29 C  -0.0261 -0.0780   1.142  2.884  0.000
   30 C  -0.0427 -0.0829   1.118  2.925  0.000
   31 C  -0.0145 -0.0602   1.143  2.872  0.000
   32 H   0.0506  0.1082   0.949  0.000  0.000
   33 C   0.0111  0.0136   1.141  2.847  0.000
   34 C   0.0658  0.1395   1.187  2.748  0.000
   35 C  -0.0354 -0.0881   1.138  2.897  0.000
   36 H   0.0378  0.0962   0.962  0.000  0.000
   37 C   0.0243  0.0345   1.167  2.809  0.000
   38 H   0.0411  0.0978   0.959  0.000  0.000
   39 C  -0.0365 -0.0858   1.131  2.905  0.000
   40 C  -0.0084 -0.0094   1.172  2.836  0.000
   41 C   0.1026  0.2262   1.175  2.722  0.000
   42 H   0.0440  0.1007   0.956  0.000  0.000
   43 N  -0.1099 -0.3455   1.280  3.830  0.000
   44 C  -0.0031 -0.0530   1.154  2.850  0.000
   45 C  -0.0311 -0.0282   1.164  2.867  0.000
   46 N  -0.2201 -0.3464   1.642  3.578  0.000
   47 H   0.0494  0.1071   0.951  0.000  0.000
   48 H   0.0514  0.1090   0.949  0.000  0.000
   49 H   0.0564  0.1279   0.944  0.000  0.000
   50 H   0.0447  0.1032   0.955  0.000  0.000
   51 C  -0.0242 -0.0758   1.132  2.892  0.000
   52 O  -0.0974 -0.1543   1.457  4.640  0.000
   53 C  -0.0245 -0.0214   1.163  2.862  0.000
   54 N  -0.2161 -0.3420   1.643  3.574  0.000
   55 C  -0.0398 -0.0878   1.142  2.898  0.000
   56 C  -0.0474 -0.1036   1.131  2.916  0.000
   57 C   0.0335  0.0945   1.181  2.786  0.000
   58 H   0.0461  0.1119   0.954  0.000  0.000
   59 C  -0.0396 -0.0841   1.134  2.906  0.000
   60 C   0.0372  0.0996   1.179  2.784  0.000
   61 C   0.1529  0.2817   1.186  2.661  0.000
 
 Pa-Pb analysis  n(s)   n(p)   n(d)       HFC (Mhz)
    1 H  -0.000 -0.000  0.000  0.000      0.00
    2 H  -0.000 -0.000  0.000  0.000      0.00
    3 C  -0.000 -0.000 -0.000  0.000      0.00
    4 C   0.261  0.028  0.233  0.000      0.00
    5 H  -0.025 -0.025  0.000  0.000      0.00
    6 C  -0.000 -0.000 -0.000  0.000      0.00
    7 N  -0.000 -0.000 -0.000  0.000      0.00
    8 H  -0.000 -0.000  0.000  0.000      0.00
    9 H   0.000  0.000  0.000  0.000      0.00
   10 S   0.001  0.000  0.001  0.000      0.00
   11 N  -0.094 -0.010 -0.084  0.000      0.00
   12 C   0.000  0.000  0.000  0.000      0.00
   13 N   0.000  0.000  0.000  0.000      0.00
   14 C   0.002 -0.002  0.004  0.000      0.00
   15 C   0.164  0.016  0.148  0.000      0.00
   16 H   0.000  0.000  0.000  0.000      0.00
   17 C  -0.000 -0.000 -0.000  0.000      0.00
   18 N   0.000  0.000  0.000  0.000      0.00
   19 H  -0.034 -0.034  0.000  0.000      0.00
   20 C   0.295  0.032  0.263  0.000      0.00
   21 H   0.001  0.001  0.000  0.000      0.00
   22 C  -0.000 -0.000 -0.000  0.000      0.00
   23 C  -0.000 -0.000 -0.000  0.000      0.00
   24 C   0.000  0.000  0.000  0.000      0.00
   25 H   0.000  0.000  0.000  0.000      0.00
   26 S   0.060  0.001  0.039  0.020      0.00
   27 C   0.000  0.000  0.000  0.000      0.00
   28 C   0.320  0.037  0.284  0.000      0.00
   29 C  -0.000 -0.000 -0.000  0.000      0.00
   30 C  -0.076 -0.015 -0.062  0.000      0.00
   31 C   0.000 -0.000  0.000  0.000      0.00
   32 H  -0.000 -0.000  0.000  0.000      0.00
   33 C   0.000  0.000  0.000  0.000      0.00
   34 C   0.000  0.000  0.000  0.000      0.00
   35 C   0.002  0.000  0.002  0.000      0.00
   36 H  -0.000 -0.000  0.000  0.000      0.00
   37 C   0.000  0.000  0.000  0.000      0.00
   38 H  -0.000 -0.000  0.000  0.000      0.00
   39 C  -0.001 -0.000 -0.001  0.000      0.00
   40 C  -0.003 -0.001 -0.002  0.000      0.00
   41 C  -0.000 -0.000 -0.000  0.000      0.00
   42 H   0.000  0.000  0.000  0.000      0.00
   43 N   0.191  0.018  0.173  0.000      0.00
   44 C   0.000  0.000  0.000  0.000      0.00
   45 C   0.000  0.000  0.000  0.000      0.00
   46 N   0.000  0.000  0.000  0.000      0.00
   47 H  -0.000 -0.000  0.000  0.000      0.00
   48 H  -0.001 -0.001  0.000  0.000      0.00
   49 H  -0.018 -0.018  0.000  0.000      0.00
   50 H  -0.000 -0.000  0.000  0.000      0.00
   51 C   0.000  0.000  0.000  0.000      0.00
   52 O   0.001 -0.000  0.001  0.000      0.00
   53 C  -0.001 -0.000 -0.001  0.000      0.00
   54 N   0.000  0.000  0.000  0.000      0.00
   55 C   0.002  0.000  0.002  0.000      0.00
   56 C   0.000  0.000  0.000  0.000      0.00
   57 C  -0.000 -0.000 -0.000  0.000      0.00
   58 H  -0.000 -0.000  0.000  0.000      0.00
   59 C  -0.051 -0.010 -0.041  0.000      0.00
   60 C   0.002  0.000  0.002  0.000      0.00
   61 C   0.001  0.000  0.000  0.000      0.00
 
 Loewdin charges    n(s)   n(p)   n(d)  
    1 H   0.0415   0.959  0.000  0.000
    2 H   0.0413   0.959  0.000  0.000
    3 C   0.0027   1.150  2.847  0.000
    4 C  -0.0355   1.078  2.958  0.000
    5 H   0.0521   0.948  0.000  0.000
    6 C  -0.0296   1.084  2.945  0.000
    7 N  -0.2061   1.451  3.755  0.000
    8 H   0.1254   0.875  0.000  0.000
    9 H   0.0448   0.955  0.000  0.000
   10 S   0.0234   1.887  4.008  0.081
   11 N  -0.1449   1.423  3.721  0.000
   12 C  -0.0428   1.081  2.962  0.000
   13 N  -0.1562   1.433  3.724  0.000
   14 C   0.1421   1.226  2.632  0.000
   15 C   0.0127   1.119  2.868  0.000
   16 H   0.0339   0.966  0.000  0.000
   17 C  -0.0280   1.080  2.948  0.000
   18 N  -0.0501   1.136  3.914  0.000
   19 H   0.0424   0.958  0.000  0.000
   20 C   0.0403   1.171  2.789  0.000
   21 H   0.0471   0.953  0.000  0.000
   22 C   0.0423   1.118  2.840  0.000
   23 C   0.0930   1.141  2.766  0.000
   24 C   0.0086   1.099  2.893  0.000
   25 H   0.0496   0.950  0.000  0.000
   26 S  -0.0237   1.892  4.041  0.091
   27 C   0.0103   1.133  2.857  0.000
   28 C  -0.0020   1.106  2.896  0.000
   29 C  -0.0182   1.088  2.930  0.000
   30 C  -0.0436   1.066  2.977  0.000
   31 C  -0.0139   1.091  2.923  0.000
   32 H   0.0413   0.959  0.000  0.000
   33 C   0.0090   1.099  2.892  0.000
   34 C   0.0631   1.150  2.787  0.000
   35 C  -0.0292   1.085  2.944  0.000
   36 H   0.0302   0.970  0.000  0.000
   37 C   0.0217   1.127  2.852  0.000
   38 H   0.0338   0.966  0.000  0.000
   39 C  -0.0338   1.078  2.955  0.000
   40 C  -0.0067   1.132  2.875  0.000
   41 C   0.0938   1.142  2.764  0.000
   42 H   0.0362   0.964  0.000  0.000
   43 N  -0.0741   1.243  3.832  0.000
   44 C   0.0101   1.097  2.892  0.000
   45 C  -0.0312   1.123  2.909  0.000
   46 N  -0.2077   1.604  3.604  0.000
   47 H   0.0387   0.961  0.000  0.000
   48 H   0.0440   0.956  0.000  0.000
   49 H   0.0459   0.954  0.000  0.000
   50 H   0.0363   0.964  0.000  0.000
   51 C  -0.0203   1.079  2.942  0.000
   52 O  -0.0610   1.421  4.640  0.000
   53 C  -0.0246   1.121  2.903  0.000
   54 N  -0.2030   1.604  3.599  0.000
   55 C  -0.0369   1.090  2.947  0.000
   56 C  -0.0415   1.077  2.964  0.000
   57 C   0.0289   1.145  2.826  0.000
   58 H   0.0374   0.963  0.000  0.000
   59 C  -0.0384   1.081  2.957  0.000
   60 C   0.0321   1.144  2.824  0.000
   61 C   0.1467   1.158  2.696  0.000
 
 Pa-Pb analysis  n(s)   n(p)   n(d)       HFC (Mhz)
    1 H  -0.000 -0.000  0.000  0.000      0.00
    2 H  -0.000 -0.000  0.000  0.000      0.00
    3 C  -0.000 -0.000 -0.000  0.000      0.00
    4 C   0.248  0.024  0.224  0.000      0.00
    5 H  -0.020 -0.020  0.000  0.000      0.00
    6 C  -0.000 -0.000 -0.000  0.000      0.00
    7 N  -0.000 -0.000 -0.000  0.000      0.00
    8 H  -0.000 -0.000  0.000  0.000      0.00
    9 H   0.000  0.000  0.000  0.000      0.00
   10 S   0.001  0.000  0.001  0.000      0.00
   11 N  -0.087 -0.008 -0.080  0.000      0.00
   12 C   0.000  0.000  0.000  0.000      0.00
   13 N   0.000  0.000  0.000  0.000      0.00
   14 C   0.003 -0.002  0.004  0.000      0.00
   15 C   0.158  0.014  0.145  0.000      0.00
   16 H   0.000  0.000  0.000  0.000      0.00
   17 C  -0.000 -0.000 -0.000  0.000      0.00
   18 N   0.000  0.000  0.000  0.000      0.00
   19 H  -0.027 -0.027  0.000  0.000      0.00
   20 C   0.286  0.029  0.257  0.000      0.00
   21 H   0.000  0.000  0.000  0.000      0.00
   22 C  -0.000 -0.000 -0.000  0.000      0.00
   23 C  -0.000 -0.000 -0.000  0.000      0.00
   24 C   0.000  0.000  0.000  0.000      0.00
   25 H   0.000  0.000  0.000  0.000      0.00
   26 S   0.064  0.001  0.041  0.023      0.00
   27 C   0.000  0.000  0.000  0.000      0.00
   28 C   0.306  0.031  0.275  0.000      0.00
   29 C  -0.000  0.000 -0.000  0.000      0.00
   30 C  -0.067 -0.012 -0.055  0.000      0.00
   31 C   0.000 -0.000  0.000  0.000      0.00
   32 H  -0.000 -0.000  0.000  0.000      0.00
   33 C   0.000  0.000  0.000  0.000      0.00
   34 C   0.000  0.000  0.000  0.000      0.00
   35 C   0.002  0.000  0.002  0.000      0.00
   36 H  -0.000 -0.000  0.000  0.000      0.00
   37 C   0.000  0.000  0.000  0.000      0.00
   38 H  -0.000 -0.000  0.000  0.000      0.00
   39 C  -0.001 -0.000 -0.001  0.000      0.00
   40 C  -0.003 -0.001 -0.002  0.000      0.00
   41 C  -0.000 -0.000 -0.000  0.000      0.00
   42 H  -0.000 -0.000  0.000  0.000      0.00
   43 N   0.191  0.017  0.174  0.000      0.00
   44 C   0.000  0.000  0.000  0.000      0.00
   45 C   0.000  0.000  0.000  0.000      0.00
   46 N   0.000  0.000  0.000  0.000      0.00
   47 H  -0.000 -0.000  0.000  0.000      0.00
   48 H  -0.001 -0.001  0.000  0.000      0.00
   49 H  -0.015 -0.015  0.000  0.000      0.00
   50 H  -0.000 -0.000  0.000  0.000      0.00
   51 C   0.000  0.000  0.000  0.000      0.00
   52 O   0.001 -0.000  0.001  0.000      0.00
   53 C  -0.001 -0.000 -0.001  0.000      0.00
   54 N   0.000  0.000  0.000  0.000      0.00
   55 C   0.002  0.000  0.002  0.000      0.00
   56 C   0.000  0.000  0.000  0.000      0.00
   57 C  -0.000 -0.000 -0.000  0.000      0.00
   58 H  -0.000 -0.000  0.000  0.000      0.00
   59 C  -0.044 -0.008 -0.036  0.000      0.00
   60 C   0.002  0.000  0.001  0.000      0.00
   61 C   0.001  0.000  0.000  0.000      0.00
 
 Wiberg/Mayer (AO) data. WBOs > 0.1 written file <wbo>
 largest (>0.05) Wiberg bond orders for each atom
           total WBO             WBO to atom ...
     1  H   0.995    C   31 0.939
     2  H   0.997    C   35 0.942
     3  C   3.941    C   37 1.300    C   27 1.257    N    7 1.135    C   29 0.079
     4  C   3.790    C   30 1.613    S   26 1.120    H    5 0.946    N   11 0.062
     5  H   0.992    C    4 0.946
     6  C   3.962    C   56 1.463    C   45 1.352    H   16 0.945    C   12 0.103
     7  N   3.129    C   61 1.631    C    3 1.135    S   10 0.149    O   52 0.082
     8  H   0.977    N   18 0.954
     9  H   0.995    C   29 0.941
    10  S   2.471    C   27 1.086    C   61 1.018    N    7 0.149    O   52 0.063
    11  N   3.162    C   28 1.453    C   20 1.392    C   15 0.076    N   43 0.063    C    4 0.062
    12  C   3.968    C   17 1.454    C   57 1.366    H   36 0.946    C    6 0.103
    13  N   3.121    C   22 1.467    C   34 1.333    C   44 0.102
    14  C   3.842    C   40 0.944    N   43 0.943    O   52 0.926    S   26 0.901
    15  C   3.826    C   59 1.649    N   43 1.086    H   49 0.937    N   11 0.076
    16  H   0.998    C    6 0.945
    17  C   3.954    C   12 1.454    C   56 1.392    H   42 0.945    C   45 0.090
    18  N   3.437    C   60 1.107    C   57 1.087    H    8 0.954
    19  H   0.995    C   28 0.950
    20  C   3.706    N   11 1.392    C   30 1.244    N   43 0.936
    21  H   0.995    C   30 0.933
    22  C   3.954    N   13 1.467    C   24 1.327    H   25 0.947    C   31 0.091    N   54 0.071
    23  C   3.939    N   54 2.819    C   24 1.062
    24  C   3.958    C   22 1.327    C   44 1.324    C   23 1.062    C   34 0.086    N   54 0.074
    25  H   0.995    C   22 0.947
    26  S   2.263    C    4 1.120    C   14 0.901    C   30 0.066
    27  C   3.924    C   51 1.369    C    3 1.257    S   10 1.086    C   33 0.077
    28  C   3.745    N   11 1.453    C   59 1.228    H   19 0.950
    29  C   3.965    C   51 1.457    C   33 1.326    H    9 0.941    C    3 0.079    N   46 0.067
    30  C   3.962    C    4 1.613    C   20 1.244    H   21 0.933    S   26 0.066
    31  C   3.969    C   44 1.461    C   34 1.348    H    1 0.939    C   22 0.091
    32  H   0.992    C   51 0.942
    33  C   3.960    C   29 1.326    C   37 1.300    C   41 1.055    N   46 0.077    C   27 0.077
    34  C   3.940    C   31 1.348    N   13 1.333    C   37 1.044    C   24 0.086
    35  C   3.949    C   39 1.467    C   40 1.339    H    2 0.942    C   53 0.085
    36  H   0.997    C   12 0.946
    37  C   3.952    C   33 1.300    C    3 1.300    C   34 1.044    C   51 0.085    N   46 0.061
    38  H   0.997    C   56 0.945
    39  C   3.966    C   35 1.467    C   60 1.353    H   50 0.942    C   55 0.095
    40  C   3.939    C   55 1.420    C   35 1.339    C   14 0.944    C   60 0.085
    41  C   3.938    N   46 2.811    C   33 1.055
    42  H   0.997    C   17 0.945
    43  N   3.276    C   15 1.086    C   14 0.943    C   20 0.936    N   11 0.063
    44  C   3.964    C   31 1.461    C   24 1.324    H   47 0.944    N   13 0.102    N   54 0.066
    45  C   3.954    C    6 1.352    C   57 1.260    C   53 1.091    C   17 0.090
    46  N   3.051    C   41 2.811    C   33 0.077    C   29 0.067    C   37 0.061
    47  H   0.996    C   44 0.944
    48  H   0.996    C   59 0.939
    49  H   0.995    C   15 0.937
    50  H   0.995    C   39 0.942
    51  C   3.964    C   29 1.457    C   27 1.369    H   32 0.942    C   37 0.085
    52  O   2.345    C   61 1.140    C   14 0.926    N    7 0.082    S   10 0.063
    53  C   3.955    C   55 1.358    C   60 1.250    C   45 1.091    C   35 0.085
    54  N   3.072    C   23 2.819    C   24 0.074    C   22 0.071    C   44 0.066
    55  C   3.956    C   40 1.420    C   53 1.358    H   58 0.941    C   39 0.095
    56  C   3.970    C    6 1.463    C   17 1.392    H   38 0.945    C   57 0.089
    57  C   3.931    C   12 1.366    C   45 1.260    N   18 1.087    C   56 0.089
    58  H   0.997    C   55 0.941
    59  C   3.957    C   15 1.649    C   28 1.228    H   48 0.939
    60  C   3.932    C   39 1.353    C   53 1.250    N   18 1.107    C   40 0.085
    61  C   3.911    N    7 1.631    O   52 1.140    S   10 1.018
 
 --------------------------------------------
          xTB calculation for sTDA...
 --------------------------------------------
 
 reading parameter file 
 /home/jovyan/cpu-only-1-datavol-1/software/xtb4stda_home/.param_stda2.xtb
 
      method parameters     
 k(s)        :  1.6000
 k(p)        :  2.1800
 k(d)        :  1.9500
 k(f)        :  2.0000
 k(R-V)      :  2.2750
 k(R-R)      :  1.7650
 Tscal       :  0.2580
 Gscal       :  1.0000
 fpol        :  1.0000
 Zcnf        :  0.3430
 Zqf         :  0.0000
 kcn         :  2.7000
 Ryd Hsplit  :  0.7000
 lshift(virt):  3.1000
 lshift(OS)  :  0.2000
 wllscaling  :  2.6000
 
 mowrcut     : 3.000
 
  Z AO/shell   Hii/eV     exponent
  1     Sun Feb 14 09:53:25 CET 2016    EN: 2.327 GAM: 0.473  GM3: 0.0000
     1s    -14.339618    1.220000
     2sp    -3.348946    0.600000
  6     Sun Feb 14 09:53:25 CET 2016    EN: 2.731 GAM: 0.422  GM3: 0.0000
     2s    -22.009312    1.565095
     2p    -13.020408    1.596905
     3sp    -3.914040    0.824500
  7     Sun Feb 14 09:53:25 CET 2016    EN: 3.573 GAM: 0.504  GM3: 0.0000
     2s    -25.722000    2.064844
     2p    -18.684912    1.801692
     3sp    -4.344791    0.921400
  8     Sun Feb 14 09:53:25 CET 2016    EN: 3.700 GAM: 0.587  GM3: 0.0000
     2s    -33.859000    2.418661
     2p    -22.175911    1.973969
     3sp    -4.259392    1.013700
 16     Sun Feb 21 16:35:57 CET 2016    EN: 1.915 GAM: 0.200  GM3: 0.0000
     3s    -17.898811    2.619580
     3p    -15.317401    1.798798
     4sp    -4.455139    0.843200
 
 Nbf   :          434
 T(el) :     0.0
 calculating S/T integrals ...
 cpu time for ints   0.191238000000000     
 Nao   :          434
 making H0...
 reading <aospin>
 value    1-   10:   -0.00  0.00  0.00  0.00  0.00 -0.00  0.00  0.00  0.00  0.00
 value   11-   20:   -0.00  0.00 -0.00 -0.00  0.00  0.00  0.00  0.00  0.03  0.16
 value   21-   30:    0.02  0.07  0.00  0.00  0.00  0.00 -0.02  0.00  0.00  0.00
 value   31-   40:    0.00 -0.00 -0.00 -0.00 -0.00  0.00  0.00  0.00  0.00 -0.00
 value   41-   50:    0.00 -0.00  0.00  0.00  0.00  0.00  0.00 -0.00  0.00  0.00
 value   51-   60:    0.00  0.00  0.00  0.00  0.00  0.00  0.00  0.00  0.00  0.00
 value   61-   70:   -0.00  0.00  0.00  0.00  0.00 -0.01 -0.05 -0.02 -0.02  0.00
 value   71-   80:    0.00  0.00  0.00  0.00  0.00  0.00  0.00  0.00  0.00  0.00
 value   81-   90:    0.00  0.00  0.00  0.00  0.00  0.00  0.00  0.00  0.00 -0.00
 value   91-  100:    0.01 -0.00 -0.00  0.00  0.00  0.00  0.00  0.02  0.14  0.01
 value  101-  110:    0.01  0.00  0.00  0.00  0.00  0.00  0.00  0.00  0.00  0.00
 value  111-  120:   -0.00 -0.00 -0.00 -0.00  0.00  0.00  0.00  0.00  0.00  0.00
 value  121-  130:   -0.00  0.00  0.00  0.00  0.00  0.00 -0.03  0.00  0.00  0.00
 value  131-  140:    0.00  0.04  0.21  0.02  0.05  0.00  0.00  0.00  0.00  0.00
 value  141-  150:    0.00  0.00  0.00  0.00 -0.00 -0.00 -0.00 -0.00  0.00  0.00
 value  151-  160:    0.00  0.00 -0.00 -0.00  0.00 -0.00  0.00  0.00  0.00  0.00
 value  161-  170:    0.00  0.00  0.00  0.00  0.00  0.00  0.00  0.00  0.00  0.00
 value  171-  180:    0.00  0.00  0.00  0.00  0.00 -0.01  0.06  0.00  0.00  0.00
 value  181-  190:    0.00  0.00  0.00  0.00  0.00  0.00  0.00  0.00  0.00  0.04
 value  191-  200:    0.24  0.02  0.04  0.00  0.00  0.00  0.00  0.00 -0.00 -0.00
 value  201-  210:   -0.00  0.00  0.00  0.00  0.00 -0.02 -0.03 -0.01 -0.02  0.00
 value  211-  220:    0.00  0.00  0.00 -0.00 -0.00  0.00  0.00  0.00  0.00  0.00
 value  221-  230:    0.00 -0.00  0.00  0.00  0.00  0.00  0.00  0.00  0.00  0.00
 value  231-  240:    0.00  0.00  0.00  0.00  0.00  0.00  0.00  0.00  0.00  0.00
 value  241-  250:    0.00  0.00  0.00  0.00  0.00  0.00  0.00  0.00  0.00  0.00
 value  251-  260:   -0.00  0.00  0.00  0.00  0.00  0.00  0.00  0.00  0.00  0.00
 value  261-  270:    0.00  0.00  0.00 -0.00  0.00  0.00  0.00  0.00 -0.00 -0.00
 value  271-  280:   -0.00 -0.00  0.00  0.00  0.00  0.00 -0.00 -0.00 -0.00 -0.00
 value  281-  290:    0.00  0.00  0.00  0.00 -0.00 -0.00 -0.00 -0.00  0.00  0.00
 value  291-  300:    0.00  0.00 -0.00  0.00  0.00  0.00  0.00  0.02  0.17  0.02
 value  301-  310:    0.01  0.00  0.00  0.00  0.00  0.00  0.00  0.00  0.00  0.00
 value  311-  320:    0.00  0.00  0.00  0.00  0.00 -0.00  0.00  0.00  0.00  0.00
 value  321-  330:    0.00  0.00  0.00  0.00  0.00  0.00  0.00  0.00  0.00 -0.00
 value  331-  340:    0.00  0.00  0.00  0.00 -0.00  0.00  0.00  0.00  0.00 -0.02
 value  341-  350:    0.00  0.00  0.00  0.00 -0.00  0.00  0.00  0.00  0.00  0.00
 value  351-  360:    0.00  0.00  0.00  0.00  0.00  0.00  0.00 -0.00  0.00  0.00
 value  361-  370:    0.00  0.00  0.00  0.00  0.00 -0.00 -0.00 -0.00 -0.00  0.00
 value  371-  380:    0.00  0.00  0.00  0.00  0.00  0.00  0.00  0.00  0.00  0.00
 value  381-  390:    0.00  0.00  0.00  0.00  0.00  0.00  0.00  0.00  0.00  0.00
 value  391-  400:    0.00  0.00  0.00  0.00  0.00  0.00  0.00 -0.00 -0.00 -0.00
 value  401-  410:   -0.00  0.00  0.00  0.00  0.00 -0.00  0.00  0.00  0.00  0.00
 value  411-  420:   -0.01 -0.02 -0.02 -0.01  0.00  0.00  0.00  0.00  0.00  0.00
 value  421-  430:    0.00  0.00  0.00  0.00  0.00  0.00  0.00  0.00  0.00  0.00
 value  431-  434:    0.00  0.00  0.00  0.00
=================================================
                     0   SCC step
=================================================
 making H1...
 cpu time for H      4.078000000000026E-003
 solving ...
 cpu time for diag   2.862400000000004E-002
 
 a/b gap (eV)           :   3.973  7.162
 Koopmans IP (eV)       :  11.850
 Eel (Eh)               :  -178.024110

          eigenvalues
 #    :          90         91         92         93         94         95         96         97
 occ. :        1.000      1.000      1.000      1.000      1.000      1.000      1.000      1.000
 eps  :       -17.428    -17.066    -16.911    -16.766    -16.687    -16.557    -16.494    -15.521
 #    :          98         99        100        101        102        103        104        105
 occ. :        1.000      1.000      1.000      1.000      1.000      0.000      0.000      0.000
 eps  :       -15.488    -15.463    -15.052    -14.859    -11.850     -7.877     -6.997     -6.863
 #    :         106        107        108        109        110        111        112        113
 occ. :        0.000      0.000      0.000      0.000      0.000      0.000      0.000      0.000
 eps  :        -6.666     -6.324     -6.312     -6.046     -5.657     -5.406     -5.176     -5.100

          eigenvalues
 #    :          89         90         91         92         93         94         95         96
 occ. :        1.000      1.000      1.000      1.000      1.000      1.000      1.000      1.000
 eps  :       -17.614    -17.422    -17.064    -16.780    -16.757    -16.652    -16.494    -16.407
 #    :          97         98         99        100        101        102        103        104
 occ. :        1.000      1.000      1.000      1.000      1.000      0.000      0.000      0.000
 eps  :       -15.516    -15.481    -15.459    -14.988    -14.846     -7.684     -7.732     -6.990
 #    :         105        106        107        108        109        110        111        112
 occ. :        0.000      0.000      0.000      0.000      0.000      0.000      0.000      0.000
 eps  :        -6.673     -6.470     -6.312     -6.275     -6.044     -5.613     -5.389     -5.165
                            1  SCC done.
 <S^2>           : 0.76291
 writing mo output ...
 molden style : F
 
speedup  0.78
cpu  time for all    0.40 s
wall time for all    0.52 s
