 
        ______________________________________
       |                                      |
       |          ===================         |
       |             xTB for sTDA             |
       |          ===================         |
       |               S. Grimme              |
       |        Universitaet Bonn, MCTC       |
       |         2015-19, Version 1.0         |
       |     Wed Apr  3 09:14:55 CEST 2019    |
       |______________________________________|
 
        This code comes without any warranty
        for non-commercial, academia use only.
        Preliminary test version.
        Cite this work as:
        S. Grimme  &  C. Bannwarth, JCP 145 (2016) 054103
        if GBSA is used additionally:
        P. Shushkov, F. März, C. Bannwarth, S. Grimme, unpublished.
 
        with help from
        P. Shushkov, G. Brandenburg, S. Dohm, J. Pisarek,
        F. März, M. Checinski, S. Ehrlich, S. Spicher, 
        P. Pracht, E. Caldeweyher, S. Ehlert, and C. Bannwarth.
 
        usage        :
        xtb4stda <coord_file> [options]
        where <coord_file> is a valid file of TM)
        (*coord, Bohr) or xmol (*xyz, Angstroem)
        format.

        options:
        -chrg <int>   : molecular charge
        -uhf  <int>   : # of unpaired electrons(=2*S)
        -nox          : skip second, extended part in sTDA-xTB
        -pop          : do population analysis
                      : (default for -nox)
        -mowr <real>  : cut MO write above (def.3 Eh)
        -molden       : write formatted molden file
        -parx <file>  : read parameters for sTDA-xTB
                        calc (def:~/.param_stda2.xtb)
        -parv <file>  : read parameters for vTB part in
                        sTDA-xTB (def: ~/.param_stda1.xtb)
        -xtemp <real> : el. temp for xTB (def. 0 K)
        -etemp <real> : el. temp for GFN (def. 300 K)
        -fod          : calculate the FOD and write
                        molden.input file with
                        appropriate occupations
                        for plotting. Def. T=12500 K
 
        -acc <real>   : xTB accuracy (def. 1.0)
        -gbsa [string1] [string2]
                        use GBSA implicit solvent
                        for solvent [string1] and
                        solvation state [string2]=
                        reference, bar1M (default=1M)
        additional GFN/opt/MD/siman options read from
        $XTB4STDAHOME/.xtb4stdarc or $set in input
 
       spin and charge state information can be on:
       <.CHRG> (charge) and <.UHF> (=nalpha-nbeta)
       -uhf and -chrg override the file info.
       useful machine settings:
       setenv MKL_NUM_THREADS <NCORE_ON_YOUR_MACHINE>
       setenv OMP_STACKSIZE 500m
       limit stacksize unlimited
 
       total energies in Eh, gaps/HL energies in eV
       please read REVISION and HOWTO files carefully
OMP: Warning #182: OMP_STACKSIZE: ignored because KMP_STACKSIZE has been defined
 =============================
  # OMP threads =           1
 =============================
 
 xtb4stdahome directory:
 /home/jovyan/cpu-only-1-datavol-1/software/xtb4stda_home/
 
 
 name of molecule           : energy: -107.167588386808 gnorm: 0.001265390035 xtb: 6.7.1 (edcfbbe)
 comment line               :
 number of atoms            :    62
 number of electrons        :   198
 charge                     :  0
 spin                       : 0.0
 first test random number   :  0.8350
 
 -----------------------------------------
      charge density (VTB) calculation
 -----------------------------------------
 
      method parameters     
 k(s)        :  1.8000
 k(p)        :  2.8350
 k(d)        :  2.0860
 k(f)        :  2.0000
 Tscal       :  0.3300
 Gscal       :  0.3910
 fpol        :  1.0000
 Zcnf        :  0.6500
 Zqf         :  0.0000
 kcn         :  0.3000
 kEN1        : -0.5900
 wllscal     :  2.6000
 
     -------------------------
     ! NO SOLVENT MODEL USED !
     -------------------------
 
 doing EN charges ...
 sum q : -0.5551115D-15
 point charge moment (au)
     X       Y       Z   
  -0.5254  -0.2022  -0.0991  total (Debye):    1.453
 
            Z      q(EN)   CN      Cart. coordinates
     1  H   1.0   0.081   1.002     7.81628    11.78924     8.95655
     2  C   4.0   0.100   3.327     0.43067     0.16119    -1.68280
     3  H   1.0   0.074   1.004    -4.86132     9.26514     1.15784
     4  N   5.0  -0.217   2.218    -2.28903    -7.41358    -6.62784
     5  H   1.0   0.075   1.005    -6.14123    -8.48241    -9.45959
     6  C   4.0   0.109   3.233     2.50332     5.10396     6.71779
     7  C   4.0  -0.071   3.137    -5.77746   -12.52038    -9.57713
     8  H   1.0   0.075   1.006     1.11154    -6.15503    -0.48509
     9  H   1.0   0.075   1.004    -1.14555    -0.04573   -11.44380
    10  H   1.0   0.075   1.005     2.12651    -3.48390     3.29549
    11  C   4.0  -0.074   3.280    -0.77517     9.61455     8.45709
    12  N   5.0  -0.225   2.244     0.18122     2.36178    -0.52610
    13  C   4.0  -0.071   3.308     4.94428     9.27232     7.26165
    14  H   1.0   0.077   1.002    -2.90130    12.91155     9.82884
    15  C   4.0  -0.066   3.176    -0.55520    -2.37501    -8.17968
    16  H   1.0   0.082   1.003     5.97777     4.34354    10.93981
    17  C   4.0  -0.077   3.269    -2.56190    11.56663     8.34238
    18  N   5.0  -0.415   3.256     7.38127     8.07726    10.44300
    19  C   4.0   0.029   3.329     6.82966    10.02405     8.84316
    20  C   4.0  -0.074   3.257    -3.80534    11.49407     6.04599
    21  H   1.0   0.079   1.004     0.41479     9.20637    10.05089
    22  C   4.0   0.246   2.115    -0.80124   -16.46027    -6.58683
    23  N   5.0  -0.220   1.024     0.29744   -18.22433    -5.97853
    24  C   4.0  -0.073   3.212    -2.21911     6.22532     1.54504
    25  C   4.0  -0.074   3.187    -4.36848   -14.62421    -8.80442
    26  C   4.0   0.002   3.255    -0.42935     4.95543     3.01203
    27  C   4.0  -0.064   3.141    -3.43099     8.41174     2.34099
    28  C   4.0   0.005   3.203     1.42580     0.50134     3.39867
    29  C   4.0   0.037   3.252    -0.30198     2.18622    -5.84889
    30  C   4.0   0.006   3.251     0.38702     6.08378     5.34112
    31  H   1.0   0.077   1.006    -0.19294     4.02493    -4.96450
    32  N   5.0  -0.216   2.115    -0.69977     2.13822    -8.29079
    33  C   4.0   0.057   3.168     2.08645     0.67822     6.00649
    34  H   1.0   0.078   1.008    -2.69966     5.41444    -0.26135
    35  N   5.0  -0.247   2.173     2.77903     2.67642     7.19570
    36  H   1.0   0.076   1.005     2.97972    -9.01796    -3.50053
    37  C   4.0  -0.070   3.215     0.83828    -4.46353    -1.60060
    38  H   1.0   0.081   1.004     4.08804    10.36099     5.78729
    39  H   1.0   0.074   1.006     2.21929    -1.07015     7.07060
    40  N   5.0  -0.216   2.160     0.68748   -11.53961    -5.25665
    41  C   4.0  -0.071   3.231     1.56394    -1.84437     2.21060
    42  C   4.0   0.002   3.237     0.98190    -2.10213    -0.34110
    43  C   4.0  -0.003   3.285    -0.13644    -2.36669    -5.56316
    44  C   4.0   0.001   3.394     4.30990     6.74594     7.92721
    45  C   4.0   0.003   3.240     0.19653    -4.63380    -4.09201
    46  C   4.0   0.046   3.239     1.24306    -9.25191    -4.55329
    47  H   1.0   0.077   1.007    -0.67425    -4.13548    -9.19711
    48  C   4.0   0.085   3.361    -1.43241   -11.87183    -6.63313
    49  C   4.0  -0.011   3.384    -2.84366     9.41915     4.66592
    50  C   4.0   0.038   3.362     5.89576     6.07736     9.89876
    51  H   1.0   0.176   1.009     8.68707     8.13187    11.82553
    52  C   4.0   0.091   3.312    -2.90281    -9.75873    -7.39695
    53  C   4.0  -0.018   3.191    -2.21703   -14.32998    -7.35973
    54  C   4.0   0.004   3.286     0.01134     0.01191    -4.36035
    55  C   4.0  -0.008   3.405    -0.87967     8.25338     6.19018
    56  C   4.0  -0.068   3.173    -5.06900   -10.12477    -8.90363
    57  C   4.0   0.024   3.213    -0.82184    -0.10734    -9.42576
    58  H   1.0   0.074   1.004    -7.45024   -12.81423   -10.70757
    59  H   1.0   0.078   1.002    -5.26100    12.75867     5.41104
    60  C   4.0   0.107   3.282    -0.29914    -7.13485    -5.16708
    61  C   4.0   0.099   3.302     0.51665     2.60537     1.94793
    62  H   1.0   0.075   1.005    -4.96752   -16.50052    -9.33997
 
  Z AO/shell   Hii/eV     exponent
  1     Sat Feb 20 21:38:01 CET 2016    EN: 2.327 GAM: 0.473  GM3: 0.0000
     1s    -13.751157    1.051071
  6     Sat Feb 20 21:38:01 CET 2016    EN: 2.731 GAM: 0.422  GM3: 0.0000
     2s    -19.378245    2.021003
     2p    -11.993376    1.497917
  7     Sat Feb 20 21:38:01 CET 2016    EN: 3.573 GAM: 0.504  GM3: 0.0000
     2s    -21.576984    2.275442
     2p    -16.125120    2.056788
 
 dipole moment of classical point charges (au)
     X       Y       Z   
  -0.5254  -0.2022  -0.0991  total (Debye):    1.453

 
 Nbf   :          191
 T(el) :   300.0
 calculating S/T integrals ...
 cpu time for ints   1.222400000000000E-002
 Nao   :          191
 making H0...
 making H1...
 cpu time for H      1.157999999999999E-003
 solving ...
 cpu time for diag   4.420700000000000E-002
 
 gap (eV)           :   2.175
 Koopmans IP (eV)   :  12.603
 Eel (Eh)           :  -157.444442
 T,E(Fermi),NFOD :    300.000   -11.516  0.000000
 T,E(Fermi),NFOD :    300.000   -11.516  0.000000
 Nfod               :  0.0000
 Nfod/Nel           :  0.0000

          eigenvalues
 #    :          87         88         89         90         91         92         93         94
 occ. :        2.000      2.000      2.000      2.000      2.000      2.000      2.000      2.000
 eps  :       -16.400    -16.282    -16.031    -15.680    -15.597    -15.223    -15.157    -15.019
 #    :          95         96         97         98         99        100        101        102
 occ. :        2.000      2.000      2.000      2.000      2.000      0.000      0.000      0.000
 eps  :       -14.938    -14.477    -14.107    -13.745    -12.604    -10.429    -10.151     -8.988
 #    :         103        104        105        106        107        108        109        110
 occ. :        0.000      0.000      0.000      0.000      0.000      0.000      0.000      0.000
 eps  :        -8.445     -7.625     -6.889     -6.513     -6.407     -5.809     -5.596     -5.472
                            1  SCC done.
 making H1...
 cpu time for H      4.515199999999999E-002
 solving ...
 cpu time for diag   2.060999999999993E-003
 
 gap (eV)           :   1.362
 Koopmans IP (eV)   :  11.835
 Eel (Eh)           :  -156.551852
 T,E(Fermi),NFOD :    300.000   -11.155  0.000000
 T,E(Fermi),NFOD :    300.000   -11.155  0.000000
 Nfod               :  0.0000
 Nfod/Nel           :  0.0000

          eigenvalues
 #    :          87         88         89         90         91         92         93         94
 occ. :        2.000      2.000      2.000      2.000      2.000      2.000      2.000      2.000
 eps  :       -16.084    -15.768    -15.707    -15.314    -15.193    -15.124    -15.063    -14.787
 #    :          95         96         97         98         99        100        101        102
 occ. :        2.000      2.000      2.000      2.000      2.000      0.000      0.000      0.000
 eps  :       -14.548    -14.258    -14.079    -13.184    -11.836    -10.475    -10.071     -8.994
 #    :         103        104        105        106        107        108        109        110
 occ. :        0.000      0.000      0.000      0.000      0.000      0.000      0.000      0.000
 eps  :        -8.548     -7.463     -6.870     -6.566     -6.430     -5.882     -5.802     -5.347
                            2  SCC done.
 
 
 Mulliken/CM5 charges    n(s)   n(p)   n(d)   
    1 H   0.0612  0.1261   0.939  0.000  0.000
    2 C   0.0526  0.1296   1.193  2.755  0.000
    3 H   0.0426  0.0995   0.957  0.000  0.000
    4 N  -0.1779 -0.3686   1.483  3.695  0.000
    5 H   0.0502  0.1105   0.950  0.000  0.000
    6 C   0.0762  0.1540   1.203  2.721  0.000
    7 C  -0.0136 -0.0692   1.136  2.878  0.000
    8 H   0.0478  0.1073   0.952  0.000  0.000
    9 H   0.0536  0.1206   0.946  0.000  0.000
   10 H   0.0465  0.1048   0.954  0.000  0.000
   11 C  -0.0786 -0.1319   1.128  2.950  0.000
   12 N  -0.1760 -0.3763   1.458  3.718  0.000
   13 C  -0.0711 -0.1165   1.132  2.939  0.000
   14 H   0.0299  0.0861   0.970  0.000  0.000
   15 C  -0.0233 -0.0692   1.145  2.879  0.000
   16 H   0.0635  0.1316   0.936  0.000  0.000
   17 C  -0.0937 -0.1493   1.139  2.954  0.000
   18 N  -0.0407 -0.4108   1.202  3.838  0.000
   19 C  -0.0186 -0.0056   1.150  2.869  0.000
   20 C  -0.0795 -0.1331   1.125  2.954  0.000
   21 H   0.0202  0.0793   0.980  0.000  0.000
   22 C   0.1079  0.2298   1.173  2.719  0.000
   23 N  -0.2142 -0.3401   1.642  3.572  0.000
   24 C  -0.0556 -0.1054   1.135  2.920  0.000
   25 C  -0.0113 -0.0632   1.146  2.865  0.000
   26 C   0.0163  0.0196   1.171  2.813  0.000
   27 C   0.0031 -0.0498   1.144  2.853  0.000
   28 C   0.0034  0.0071   1.179  2.817  0.000
   29 C   0.0389  0.0723   1.167  2.794  0.000
   30 C   0.0181  0.0225   1.180  2.802  0.000
   31 H   0.0618  0.1343   0.938  0.000  0.000
   32 N  -0.1665 -0.3658   1.479  3.688  0.000
   33 C   0.0382  0.0749   1.176  2.786  0.000
   34 H   0.0422  0.1099   0.958  0.000  0.000
   35 N  -0.1285 -0.3340   1.393  3.736  0.000
   36 H   0.0595  0.1285   0.941  0.000  0.000
   37 C  -0.0450 -0.0946   1.155  2.890  0.000
   38 H   0.0592  0.1186   0.941  0.000  0.000
   39 H   0.0704  0.1394   0.930  0.000  0.000
   40 N  -0.1615 -0.3514   1.486  3.675  0.000
   41 C  -0.0323 -0.0804   1.166  2.866  0.000
   42 C   0.0126  0.0109   1.166  2.822  0.000
   43 C   0.0136  0.0133   1.182  2.805  0.000
   44 C  -0.0258 -0.0180   1.148  2.877  0.000
   45 C   0.0228  0.0235   1.166  2.811  0.000
   46 C   0.0378  0.0764   1.174  2.789  0.000
   47 H   0.0455  0.1111   0.954  0.000  0.000
   48 C   0.0496  0.1279   1.186  2.765  0.000
   49 C  -0.0457 -0.0527   1.165  2.881  0.000
   50 C  -0.0166  0.0038   1.164  2.853  0.000
   51 H   0.1648  0.3581   0.835  0.000  0.000
   52 C   0.0503  0.1254   1.181  2.769  0.000
   53 C   0.0211  0.0265   1.139  2.840  0.000
   54 C   0.0117  0.0191   1.170  2.818  0.000
   55 C  -0.0793 -0.0831   1.169  2.910  0.000
   56 C  -0.0109 -0.0580   1.141  2.870  0.000
   57 C   0.0263  0.0499   1.156  2.818  0.000
   58 H   0.0508  0.1074   0.949  0.000  0.000
   59 H   0.0245  0.0810   0.976  0.000  0.000
   60 C   0.0597  0.1397   1.199  2.741  0.000
   61 C   0.0571  0.1337   1.205  2.738  0.000
   62 H   0.0546  0.1126   0.945  0.000  0.000
 
 Loewdin charges    n(s)   n(p)   n(d)
    1 H   0.0509   0.949  0.000  0.000
    2 C   0.0488   1.157  2.794  0.000
    3 H   0.0346   0.965  0.000  0.000
    4 N  -0.1570   1.449  3.708  0.000
    5 H   0.0402   0.960  0.000  0.000
    6 C   0.0758   1.165  2.759  0.000
    7 C  -0.0049   1.080  2.924  0.000
    8 H   0.0386   0.961  0.000  0.000
    9 H   0.0426   0.957  0.000  0.000
   10 H   0.0365   0.963  0.000  0.000
   11 C  -0.0822   1.080  3.002  0.000
   12 N  -0.1586   1.425  3.733  0.000
   13 C  -0.0701   1.081  2.989  0.000
   14 H   0.0245   0.976  0.000  0.000
   15 C  -0.0226   1.093  2.930  0.000
   16 H   0.0521   0.948  0.000  0.000
   17 C  -0.0847   1.086  2.999  0.000
   18 N   0.0166   1.143  3.840  0.000
   19 C  -0.0220   1.105  2.917  0.000
   20 C  -0.0821   1.076  3.006  0.000
   21 H   0.0165   0.983  0.000  0.000
   22 C   0.0984   1.140  2.762  0.000
   23 N  -0.2009   1.603  3.598  0.000
   24 C  -0.0536   1.083  2.970  0.000
   25 C  -0.0018   1.092  2.910  0.000
   26 C   0.0178   1.130  2.852  0.000
   27 C   0.0117   1.089  2.899  0.000
   28 C  -0.0006   1.139  2.862  0.000
   29 C   0.0388   1.120  2.841  0.000
   30 C   0.0161   1.140  2.844  0.000
   31 H   0.0486   0.951  0.000  0.000
   32 N  -0.1433   1.442  3.702  0.000
   33 C   0.0408   1.128  2.831  0.000
   34 H   0.0343   0.966  0.000  0.000
   35 N  -0.1018   1.355  3.747  0.000
   36 H   0.0475   0.952  0.000  0.000
   37 C  -0.0382   1.102  2.936  0.000
   38 H   0.0501   0.950  0.000  0.000
   39 H   0.0566   0.943  0.000  0.000
   40 N  -0.1373   1.450  3.687  0.000
   41 C  -0.0210   1.111  2.910  0.000
   42 C   0.0126   1.123  2.864  0.000
   43 C   0.0210   1.138  2.841  0.000
   44 C  -0.0290   1.109  2.920  0.000
   45 C   0.0220   1.125  2.853  0.000
   46 C   0.0344   1.129  2.837  0.000
   47 H   0.0368   0.963  0.000  0.000
   48 C   0.0408   1.152  2.808  0.000
   49 C  -0.0426   1.122  2.920  0.000
   50 C  -0.0207   1.120  2.900  0.000
   51 H   0.1419   0.858  0.000  0.000
   52 C   0.0429   1.146  2.812  0.000
   53 C   0.0176   1.096  2.886  0.000
   54 C   0.0073   1.130  2.863  0.000
   55 C  -0.0778   1.128  2.950  0.000
   56 C  -0.0057   1.088  2.918  0.000
   57 C   0.0274   1.109  2.864  0.000
   58 H   0.0416   0.958  0.000  0.000
   59 H   0.0202   0.980  0.000  0.000
   60 C   0.0548   1.164  2.781  0.000
   61 C   0.0543   1.170  2.776  0.000
   62 H   0.0442   0.956  0.000  0.000
 
 Wiberg/Mayer (AO) data. WBOs > 0.1 written file <wbo>
 largest (>0.05) Wiberg bond orders for each atom
           total WBO             WBO to atom ...
     1  H   0.995    C   19 0.947
     2  C   3.923    N   12 1.359    C   42 1.182    C   54 1.129
     3  H   0.992    C   27 0.941
     4  N   3.086    C   60 1.477    C   52 1.247    N   40 0.121
     5  H   0.995    C   56 0.943
     6  C   3.916    N   35 1.316    C   30 1.151    C   44 1.115    C   11 0.062
     7  C   3.973    C   56 1.532    C   25 1.335    H   58 0.943    C   48 0.061
     8  H   0.993    C   37 0.938
     9  H   0.995    C   57 0.947
    10  H   0.994    C   41 0.937
    11  C   3.944    C   17 1.357    C   55 1.340    H   21 0.949    C    6 0.062
    12  N   3.120    C   61 1.380    C    2 1.359    C   41 0.096
    13  C   3.964    C   19 1.683    C   44 1.176    H   38 0.943    N   18 0.064
    14  H   0.996    C   17 0.947
    15  C   3.959    C   57 1.502    C   43 1.305    H   47 0.941    C   29 0.098
    16  H   0.995    C   50 0.947
    17  C   3.944    C   20 1.473    C   11 1.357    H   14 0.947    C   27 0.056
    18  N   3.557    C   50 1.250    C   19 1.149    H   51 0.950    C   44 0.066    C   13 0.064
    19  C   3.924    C   13 1.683    N   18 1.149    H    1 0.947    C   50 0.083
    20  C   3.871    C   17 1.473    C   49 1.244    H   59 0.950    C   55 0.055
    21  H   0.998    C   11 0.949
    22  C   3.940    N   23 2.824    C   53 1.056
    23  N   3.051    C   22 2.824    C   25 0.081    C   53 0.074    C   48 0.052
    24  C   3.951    C   27 1.407    C   26 1.364    H   34 0.940
    25  C   3.963    C   53 1.438    C    7 1.335    H   62 0.944    N   23 0.081    C   52 0.062
    26  C   3.940    C   24 1.364    C   30 1.177    C   61 1.109    C   49 0.066
    27  C   3.946    C   24 1.407    C   49 1.384    H    3 0.941    C   17 0.056
    28  C   3.935    C   41 1.360    C   61 1.157    C   33 1.155
    29  C   3.944    N   32 1.503    C   54 1.300    H   31 0.945    C   15 0.098
    30  C   3.943    C   55 1.261    C   26 1.177    C    6 1.151
    31  H   0.994    C   29 0.945
    32  N   3.116    C   29 1.503    C   57 1.342    C   43 0.087
    33  C   3.888    N   35 1.593    C   28 1.155    H   39 0.938
    34  H   0.995    C   24 0.940
    35  N   3.264    C   33 1.593    C    6 1.316    C   41 0.056
    36  H   0.995    C   46 0.945
    37  C   3.952    C   45 1.570    C   42 1.188    H    8 0.938
    38  H   0.996    C   13 0.943
    39  H   0.993    C   33 0.938
    40  N   3.116    C   46 1.577    C   48 1.238    N    4 0.121
    41  C   3.920    C   28 1.360    C   42 1.343    H   10 0.937    N   12 0.096    N   35 0.056
    42  C   3.940    C   41 1.343    C   37 1.188    C    2 1.182
    43  C   3.943    C   15 1.305    C   54 1.255    C   45 1.116    N   32 0.087
    44  C   3.948    C   50 1.460    C   13 1.176    C    6 1.115    N   18 0.066
    45  C   3.937    C   37 1.570    C   43 1.116    C   60 1.017
    46  C   3.944    N   40 1.577    C   60 1.215    H   36 0.945    C   52 0.058
    47  H   0.997    C   15 0.941
    48  C   3.938    N   40 1.238    C   52 1.209    C   53 1.204    C    7 0.061    C   60 0.058    N   23 0.052
    49  C   3.938    C   27 1.384    C   20 1.244    C   55 1.073    C   26 0.066
    50  C   3.902    C   44 1.460    N   18 1.250    H   16 0.947    C   19 0.083
    51  H   0.972    N   18 0.950
    52  C   3.943    C   56 1.265    N    4 1.247    C   48 1.209    C   25 0.062    C   46 0.058
    53  C   3.965    C   25 1.438    C   48 1.204    C   22 1.056    C   56 0.102    N   23 0.074
    54  C   3.948    C   29 1.300    C   43 1.255    C    2 1.129    C   57 0.075
    55  C   3.944    C   11 1.340    C   30 1.261    C   49 1.073    C   20 0.055
    56  C   3.939    C    7 1.532    C   52 1.265    H    5 0.943    C   53 0.102
    57  C   3.944    C   15 1.502    N   32 1.342    H    9 0.947    C   54 0.075
    58  H   0.994    C    7 0.943
    59  H   0.998    C   20 0.950
    60  C   3.929    N    4 1.477    C   46 1.215    C   45 1.017    C   48 0.058
    61  C   3.901    N   12 1.380    C   28 1.157    C   26 1.109
    62  H   0.996    C   25 0.944
 
 --------------------------------------------
          xTB calculation for sTDA...
 --------------------------------------------
 
 reading parameter file 
 /home/jovyan/cpu-only-1-datavol-1/software/xtb4stda_home/.param_stda2.xtb
 
      method parameters     
 k(s)        :  1.6000
 k(p)        :  2.1800
 k(d)        :  1.9500
 k(f)        :  2.0000
 k(R-V)      :  2.2750
 k(R-R)      :  1.7650
 Tscal       :  0.2580
 Gscal       :  1.0000
 fpol        :  1.0000
 Zcnf        :  0.3430
 Zqf         :  0.0000
 kcn         :  2.7000
 Ryd Hsplit  :  0.7000
 lshift(virt):  3.1000
 lshift(OS)  :  0.2000
 wllscaling  :  2.6000
 
 mowrcut     : 3.000
 
  Z AO/shell   Hii/eV     exponent
  1     Sun Feb 14 09:53:25 CET 2016    EN: 2.327 GAM: 0.473  GM3: 0.0000
     1s    -14.339618    1.220000
     2sp    -3.348946    0.600000
  6     Sun Feb 14 09:53:25 CET 2016    EN: 2.731 GAM: 0.422  GM3: 0.0000
     2s    -22.009312    1.565095
     2p    -13.020408    1.596905
     3sp    -3.914040    0.824500
  7     Sun Feb 14 09:53:25 CET 2016    EN: 3.573 GAM: 0.504  GM3: 0.0000
     2s    -25.722000    2.064844
     2p    -18.684912    1.801692
     3sp    -4.344791    0.921400
 
 Nbf   :          439
 T(el) :     0.0
 calculating S/T integrals ...
 cpu time for ints   0.193907000000000     
 Nao   :          439
 making H0...
 making H1...
 cpu time for H      3.010999999999986E-003
 solving ...
 cpu time for diag   1.711200000000002E-002
 
 gap (eV)           :   4.122
 Koopmans IP (eV)   :  13.291
 Eel (Eh)           :  -174.190214

          eigenvalues
 #    :          87         88         89         90         91         92         93         94
 occ. :        2.000      2.000      2.000      2.000      2.000      2.000      2.000      2.000
 eps  :       -17.136    -17.063    -16.980    -16.646    -16.612    -16.469    -16.345    -16.275
 #    :          95         96         97         98         99        100        101        102
 occ. :        2.000      2.000      2.000      2.000      2.000      0.000      0.000      0.000
 eps  :       -16.118    -15.729    -15.317    -14.321    -13.292     -9.169     -8.674     -8.086
 #    :         103        104        105        106        107        108        109        110
 occ. :        0.000      0.000      0.000      0.000      0.000      0.000      0.000      0.000
 eps  :        -7.522     -7.001     -6.729     -6.232     -5.905     -5.440     -5.429     -5.317
                            1  SCC done.
 writing mo output ...
 molden style : F
 
speedup  0.70
cpu  time for all    0.34 s
wall time for all    0.49 s
