 
        ______________________________________
       |                                      |
       |          ===================         |
       |             xTB for sTDA             |
       |          ===================         |
       |               S. Grimme              |
       |        Universitaet Bonn, MCTC       |
       |         2015-19, Version 1.0         |
       |     Wed Apr  3 09:14:55 CEST 2019    |
       |______________________________________|
 
        This code comes without any warranty
        for non-commercial, academia use only.
        Preliminary test version.
        Cite this work as:
        S. Grimme  &  C. Bannwarth, JCP 145 (2016) 054103
        if GBSA is used additionally:
        P. Shushkov, F. März, C. Bannwarth, S. Grimme, unpublished.
 
        with help from
        P. Shushkov, G. Brandenburg, S. Dohm, J. Pisarek,
        F. März, M. Checinski, S. Ehrlich, S. Spicher, 
        P. Pracht, E. Caldeweyher, S. Ehlert, and C. Bannwarth.
 
        usage        :
        xtb4stda <coord_file> [options]
        where <coord_file> is a valid file of TM)
        (*coord, Bohr) or xmol (*xyz, Angstroem)
        format.

        options:
        -chrg <int>   : molecular charge
        -uhf  <int>   : # of unpaired electrons(=2*S)
        -nox          : skip second, extended part in sTDA-xTB
        -pop          : do population analysis
                      : (default for -nox)
        -mowr <real>  : cut MO write above (def.3 Eh)
        -molden       : write formatted molden file
        -parx <file>  : read parameters for sTDA-xTB
                        calc (def:~/.param_stda2.xtb)
        -parv <file>  : read parameters for vTB part in
                        sTDA-xTB (def: ~/.param_stda1.xtb)
        -xtemp <real> : el. temp for xTB (def. 0 K)
        -etemp <real> : el. temp for GFN (def. 300 K)
        -fod          : calculate the FOD and write
                        molden.input file with
                        appropriate occupations
                        for plotting. Def. T=12500 K
 
        -acc <real>   : xTB accuracy (def. 1.0)
        -gbsa [string1] [string2]
                        use GBSA implicit solvent
                        for solvent [string1] and
                        solvation state [string2]=
                        reference, bar1M (default=1M)
        additional GFN/opt/MD/siman options read from
        $XTB4STDAHOME/.xtb4stdarc or $set in input
 
       spin and charge state information can be on:
       <.CHRG> (charge) and <.UHF> (=nalpha-nbeta)
       -uhf and -chrg override the file info.
       useful machine settings:
       setenv MKL_NUM_THREADS <NCORE_ON_YOUR_MACHINE>
       setenv OMP_STACKSIZE 500m
       limit stacksize unlimited
 
       total energies in Eh, gaps/HL energies in eV
       please read REVISION and HOWTO files carefully
OMP: Warning #182: OMP_STACKSIZE: ignored because KMP_STACKSIZE has been defined
 =============================
  # OMP threads =           1
 =============================
 
 xtb4stdahome directory:
 /home/jovyan/cpu-only-1-datavol-1/software/xtb4stda_home/
 
 
 name of molecule           : energy: -136.245382202883 gnorm: 0.003715036568 xtb: 6.7.1 (edcfbbe)
 comment line               :
 number of atoms            :    80
 number of electrons        :   250
 charge                     :  0
 spin                       : 0.0
 first test random number   :  0.8482
 
 -----------------------------------------
      charge density (VTB) calculation
 -----------------------------------------
 
      method parameters     
 k(s)        :  1.8000
 k(p)        :  2.8350
 k(d)        :  2.0860
 k(f)        :  2.0000
 Tscal       :  0.3300
 Gscal       :  0.3910
 fpol        :  1.0000
 Zcnf        :  0.6500
 Zqf         :  0.0000
 kcn         :  0.3000
 kEN1        : -0.5900
 wllscal     :  2.6000
 
     -------------------------
     ! NO SOLVENT MODEL USED !
     -------------------------
 
 doing EN charges ...
 sum q :  0.4440892D-15
 point charge moment (au)
     X       Y       Z   
   0.2284  -0.7927  -0.4317  total (Debye):    2.367
 
            Z      q(EN)   CN      Cart. coordinates
     1  O   6.0  -0.146   2.098     4.63323    19.61214    -3.40812
     2  C   4.0  -0.073   3.140     1.57395   -15.14067    -4.37320
     3  H   1.0   0.082   1.001     5.24021    20.81798    -7.10083
     4  N   5.0  -0.217   2.155     2.42868    -0.76723     0.71772
     5  H   1.0   0.076   1.006    -0.06822   -11.70156    -5.52310
     6  N   5.0  -0.386   3.209     3.53643    16.46310    -0.09845
     7  C   4.0   0.105   3.281    -2.42168    -2.45419     4.64721
     8  C   4.0  -0.072   3.135     2.33816   -16.69063    -2.36726
     9  H   1.0   0.173   1.016     1.90862    -4.99247    -0.72452
    10  C   4.0  -0.063   3.223     4.06858    16.81705    -6.62254
    11  C   4.0  -0.003   3.254    -1.28199    -8.79630     1.58151
    12  H   1.0   0.074   1.004     1.80639   -15.79641    -6.29184
    13  C   4.0   0.165   3.767     3.93403    17.38075    -2.45872
    14  C   4.0   0.182   3.402    -6.00271    -3.42664     2.43397
    15  C   4.0   0.223   3.246     0.68465    -1.36079    -0.91425
    16  C   4.0   0.022   3.383     1.31789     7.11633    -5.43258
    17  C   4.0   0.133   3.292    -9.63930    -4.32388     0.38588
    18  C   4.0  -0.063   3.156     1.68828     9.74740     0.82676
    19  C   4.0  -0.067   3.135    -1.36363     2.93096     9.08807
    20  C   4.0   0.115   3.200    -1.54787    -4.97376    -2.59573
    21  H   1.0   0.077   1.006     0.63003    -5.17993     4.58844
    22  C   4.0  -0.071   3.173     0.55388   -12.69272     3.09197
    23  C   4.0   0.029   3.215     1.23135     2.71497     9.40252
    24  N   5.0  -0.216   2.227    -4.70183    -1.82207     3.88603
    25  C   4.0   0.029   3.256     1.45414    -0.64459     6.74386
    26  H   1.0   0.077   1.005   -11.51297    -3.74506    -0.19540
    27  H   1.0   0.078   1.006     2.68832    -1.98157     5.82111
    28  H   1.0   0.081   1.004     0.99985     5.54616    -6.67546
    29  H   1.0   0.081   1.007     0.03439    -8.01924    -4.52646
    30  C   4.0  -0.063   3.206    -0.80238     2.81966    -2.66848
    31  C   4.0   0.010   3.231    -0.86493    -9.47716    -0.90234
    32  H   1.0   0.075   1.005     1.16275     8.39378     2.25784
    33  C   4.0   0.090   3.473     1.75839     9.06426    -1.72305
    34  N   5.0  -0.210   2.113    -8.93708    -6.65165    -0.33240
    35  H   1.0   0.076   1.008    -2.09986     3.56969    -4.05819
    36  C   4.0   0.009   3.382     2.85538    13.31066    -2.99144
    37  H   1.0   0.082   1.005    -3.23975    -8.31158    -3.97428
    38  H   1.0   0.076   1.008     3.90947     5.42143     0.88212
    39  H   1.0   0.178   1.008     3.68931    17.40268     1.54428
    40  H   1.0   0.077   1.005    -5.13665    -4.08502    -4.20596
    41  C   4.0   0.021   3.227    -3.41039    -3.39489    -3.36655
    42  C   4.0   0.096   3.185     1.00949     4.38757    -1.74119
    43  C   4.0   0.002   3.405     2.23970    10.83229    -3.66531
    44  C   4.0  -0.073   3.179     0.53385   -12.81707    -3.92647
    45  H   1.0   0.075   1.006    -0.87475    -9.80484     5.48928
    46  C   4.0  -0.065   3.256     1.95076     9.53820    -5.99912
    47  C   4.0   0.084   3.469     2.87068    13.93956    -0.38815
    48  C   4.0   0.024   3.127     3.22614     1.57357     1.33755
    49  N   5.0  -0.331   3.341     1.23059     6.77561    -2.85689
    50  H   1.0   0.074   1.005     2.55718   -17.06366     1.63480
    51  C   4.0  -0.000   3.272    -2.48745    -6.40787     2.36594
    52  C   4.0  -0.005   3.276     0.19578   -11.89677    -1.44111
    53  C   4.0  -0.180   4.130    -1.44904    -7.74958    -3.10803
    54  H   1.0   0.075   1.005     1.12647   -13.91556     4.62208
    55  C   4.0   0.115   3.249    -1.18580     0.16894    -2.21854
    56  H   1.0   0.076   1.005    -6.12309    -9.28139    -0.21373
    57  H   1.0   0.074   1.004    -2.40846     4.38738    10.05826
    58  C   4.0   0.008   3.293    -4.99303    -5.79844     1.64123
    59  C   4.0  -0.065   3.134     2.78281     3.84521     0.24510
    60  C   4.0  -0.062   3.153     2.25331    12.20177     1.49156
    61  C   4.0   0.005   3.232    -1.14782    -0.63589     6.30564
    62  H   1.0   0.076   1.006    -4.58202     1.28823     7.19929
    63  C   4.0  -0.072   3.190    -0.53687   -10.41428     3.57045
    64  N   5.0  -0.210   2.161    -8.35221    -2.73708     1.74630
    65  C   4.0  -0.006   3.257     0.92691   -13.50417     0.58185
    66  H   1.0   0.075   1.004     2.21419    12.77511     3.44837
    67  N   5.0  -0.214   2.180    -3.17172    -0.84622    -3.28000
    68  C   4.0   0.007   3.461     3.54475    15.55660    -4.30536
    69  H   1.0   0.074   1.004     3.16831   -18.51383    -2.75730
    70  C   4.0  -0.072   3.206    -2.56833     1.22908     7.51468
    71  C   4.0  -0.073   3.179     2.00538   -15.88447     0.06161
    72  C   4.0   0.039   3.259    -6.66298    -7.37371     0.30198
    73  H   1.0   0.075   1.004     2.26767     3.98449    10.62895
    74  N   5.0  -0.400   3.251     0.53914    -3.88036    -1.46473
    75  C   4.0  -0.019   3.427     4.70409    19.22097    -5.97834
    76  C   4.0  -0.067   3.226    -1.25383    -4.75134     3.93743
    77  H   1.0   0.074   1.007     4.56898     1.51329     2.88448
    78  N   5.0  -0.218   2.120     2.60385     0.97548     8.25168
    79  H   1.0   0.079   1.003     2.19170    10.32697    -7.84728
    80  H   1.0   0.079   1.003     3.99110    16.05643    -8.49564
 
  Z AO/shell   Hii/eV     exponent
  1     Sat Feb 20 21:38:01 CET 2016    EN: 2.327 GAM: 0.473  GM3: 0.0000
     1s    -13.751157    1.051071
  6     Sat Feb 20 21:38:01 CET 2016    EN: 2.731 GAM: 0.422  GM3: 0.0000
     2s    -19.378245    2.021003
     2p    -11.993376    1.497917
  7     Sat Feb 20 21:38:01 CET 2016    EN: 3.573 GAM: 0.504  GM3: 0.0000
     2s    -21.576984    2.275442
     2p    -16.125120    2.056788
  8     Sat Feb 20 21:38:01 CET 2016    EN: 3.700 GAM: 0.587  GM3: 0.0000
     2s    -21.648843    2.110798
     2p    -17.239740    2.329048
 
 dipole moment of classical point charges (au)
     X       Y       Z   
   0.2284  -0.7927  -0.4317  total (Debye):    2.367

 
 Nbf   :          239
 T(el) :   300.0
 calculating S/T integrals ...
 cpu time for ints   1.730100000000000E-002
 Nao   :          239
 making H0...
 making H1...
 cpu time for H      1.257000000000008E-003
 solving ...
 cpu time for diag   5.781600000000001E-002
 
 gap (eV)           :   2.681
 Koopmans IP (eV)   :  12.370
 Eel (Eh)           :  -197.553707
 T,E(Fermi),NFOD :    300.000   -11.029  0.000000
 T,E(Fermi),NFOD :    300.000   -11.029  0.000000
 Nfod               :  0.0000
 Nfod/Nel           :  0.0000

          eigenvalues
 #    :         113        114        115        116        117        118        119        120
 occ. :        2.000      2.000      2.000      2.000      2.000      2.000      2.000      2.000
 eps  :       -15.932    -15.882    -15.821    -15.478    -15.365    -15.210    -15.148    -14.829
 #    :         121        122        123        124        125        126        127        128
 occ. :        2.000      2.000      2.000      2.000      2.000      0.000      0.000      0.000
 eps  :       -14.252    -14.028    -13.452    -12.579    -12.371     -9.690     -9.017     -7.950
 #    :         129        130        131        132        133        134        135        136
 occ. :        0.000      0.000      0.000      0.000      0.000      0.000      0.000      0.000
 eps  :        -7.614     -7.498     -7.240     -6.929     -6.641     -6.616     -6.443     -5.947
                            1  SCC done.
 making H1...
 cpu time for H      5.924599999999999E-002
 solving ...
 cpu time for diag   3.596000000000016E-003
 
 gap (eV)           :   2.361
 Koopmans IP (eV)   :  11.893
 Eel (Eh)           :  -195.794037
 T,E(Fermi),NFOD :    300.000   -10.712  0.000000
 T,E(Fermi),NFOD :    300.000   -10.712  0.000000
 Nfod               :  0.0000
 Nfod/Nel           :  0.0000

          eigenvalues
 #    :         113        114        115        116        117        118        119        120
 occ. :        2.000      2.000      2.000      2.000      2.000      2.000      2.000      2.000
 eps  :       -15.484    -15.209    -15.069    -14.998    -14.958    -14.768    -14.141    -14.094
 #    :         121        122        123        124        125        126        127        128
 occ. :        2.000      2.000      2.000      2.000      2.000      0.000      0.000      0.000
 eps  :       -14.076    -13.986    -13.247    -12.320    -11.894     -9.533     -8.584     -7.960
 #    :         129        130        131        132        133        134        135        136
 occ. :        0.000      0.000      0.000      0.000      0.000      0.000      0.000      0.000
 eps  :        -7.599     -7.347     -7.011     -6.762     -6.512     -6.414     -6.333     -5.996
                            2  SCC done.
 
 
 Mulliken/CM5 charges    n(s)   n(p)   n(d)   
    1 O  -0.0779 -0.1447   1.493  4.585  0.000
    2 C  -0.0303 -0.0869   1.136  2.895  0.000
    3 H   0.0560  0.1200   0.944  0.000  0.000
    4 N  -0.2863 -0.4801   1.439  3.847  0.000
    5 H   0.0419  0.1008   0.958  0.000  0.000
    6 N  -0.0812 -0.4296   1.195  3.886  0.000
    7 C   0.0678  0.1434   1.196  2.736  0.000
    8 C  -0.0304 -0.0867   1.136  2.895  0.000
    9 H   0.1552  0.3570   0.845  0.000  0.000
   10 C  -0.0539 -0.1040   1.135  2.919  0.000
   11 C  -0.0187 -0.0243   1.170  2.848  0.000
   12 H   0.0415  0.0981   0.958  0.000  0.000
   13 C   0.0767  0.1711   1.166  2.758  0.000
   14 C   0.0993  0.2507   1.198  2.703  0.000
   15 C   0.1466  0.2989   1.219  2.634  0.000
   16 C  -0.0155 -0.0010   1.160  2.856  0.000
   17 C   0.0789  0.1876   1.180  2.741  0.000
   18 C  -0.0541 -0.1037   1.131  2.924  0.000
   19 C  -0.0192 -0.0695   1.140  2.880  0.000
   20 C   0.0263  0.0840   1.210  2.763  0.000
   21 H   0.0445  0.1065   0.955  0.000  0.000
   22 C  -0.0374 -0.0912   1.140  2.897  0.000
   23 C   0.0251  0.0509   1.160  2.815  0.000
   24 N  -0.1747 -0.3589   1.468  3.706  0.000
   25 C   0.0203  0.0489   1.165  2.815  0.000
   26 H   0.0673  0.1449   0.933  0.000  0.000
   27 H   0.0564  0.1286   0.944  0.000  0.000
   28 H   0.0619  0.1287   0.938  0.000  0.000
   29 H   0.0603  0.1210   0.940  0.000  0.000
   30 C  -0.0217 -0.0579   1.127  2.894  0.000
   31 C  -0.0127 -0.0214   1.201  2.812  0.000
   32 H   0.0478  0.1076   0.952  0.000  0.000
   33 C   0.0131  0.0758   1.177  2.810  0.000
   34 N  -0.1852 -0.3791   1.491  3.694  0.000
   35 H   0.0509  0.1187   0.949  0.000  0.000
   36 C  -0.0233 -0.0168   1.162  2.862  0.000
   37 H   0.0616  0.1203   0.938  0.000  0.000
   38 H   0.0483  0.1125   0.952  0.000  0.000
   39 H   0.1507  0.3464   0.849  0.000  0.000
   40 H   0.0572  0.1271   0.943  0.000  0.000
   41 C  -0.0315 -0.0034   1.140  2.891  0.000
   42 C   0.0776  0.1343   1.186  2.736  0.000
   43 C  -0.0329 -0.0282   1.161  2.872  0.000
   44 C  -0.0449 -0.0996   1.141  2.904  0.000
   45 H   0.0448  0.1034   0.955  0.000  0.000
   46 C  -0.0745 -0.1198   1.130  2.945  0.000
   47 C   0.0079  0.0671   1.177  2.816  0.000
   48 C   0.0263  0.0471   1.155  2.819  0.000
   49 N  -0.0681 -0.3241   1.236  3.832  0.000
   50 H   0.0392  0.0967   0.961  0.000  0.000
   51 C   0.0100  0.0078   1.192  2.798  0.000
   52 C  -0.0101 -0.0156   1.170  2.840  0.000
   53 C  -0.0415 -0.1345   1.121  2.920  0.000
   54 H   0.0428  0.1003   0.957  0.000  0.000
   55 C   0.0654  0.1526   1.192  2.742  0.000
   56 H   0.0547  0.1244   0.945  0.000  0.000
   57 H   0.0423  0.0992   0.958  0.000  0.000
   58 C  -0.0031  0.0096   1.180  2.823  0.000
   59 C  -0.0620 -0.1059   1.139  2.923  0.000
   60 C  -0.0525 -0.1014   1.130  2.923  0.000
   61 C   0.0240  0.0279   1.164  2.812  0.000
   62 H   0.0505  0.1141   0.950  0.000  0.000
   63 C  -0.0388 -0.0922   1.144  2.895  0.000
   64 N  -0.1657 -0.3462   1.485  3.680  0.000
   65 C  -0.0015 -0.0091   1.166  2.836  0.000
   66 H   0.0439  0.1027   0.956  0.000  0.000
   67 N  -0.2144 -0.4057   1.473  3.742  0.000
   68 C  -0.0840 -0.0774   1.159  2.925  0.000
   69 H   0.0417  0.0982   0.958  0.000  0.000
   70 C  -0.0018 -0.0502   1.155  2.847  0.000
   71 C  -0.0351 -0.0889   1.140  2.895  0.000
   72 C   0.0389  0.0733   1.178  2.783  0.000
   73 H   0.0515  0.1184   0.949  0.000  0.000
   74 N  -0.0854 -0.4327   1.212  3.873  0.000
   75 C  -0.0124 -0.0412   1.139  2.873  0.000
   76 C  -0.0254 -0.0692   1.149  2.876  0.000
   77 H   0.0625  0.1328   0.938  0.000  0.000
   78 N  -0.1817 -0.3841   1.479  3.703  0.000
   79 H   0.0511  0.1088   0.949  0.000  0.000
   80 H   0.0594  0.1166   0.941  0.000  0.000
 
 Loewdin charges    n(s)   n(p)   n(d)
    1 O  -0.0318   1.450  4.582  0.000
    2 C  -0.0227   1.081  2.942  0.000
    3 H   0.0460   0.954  0.000  0.000
    4 N  -0.2695   1.406  3.863  0.000
    5 H   0.0352   0.965  0.000  0.000
    6 N  -0.0342   1.141  3.893  0.000
    7 C   0.0687   1.159  2.773  0.000
    8 C  -0.0227   1.081  2.942  0.000
    9 H   0.1328   0.867  0.000  0.000
   10 C  -0.0498   1.083  2.967  0.000
   11 C  -0.0176   1.129  2.889  0.000
   12 H   0.0337   0.966  0.000  0.000
   13 C   0.0509   1.143  2.806  0.000
   14 C   0.0865   1.169  2.744  0.000
   15 C   0.1314   1.192  2.677  0.000
   16 C  -0.0182   1.115  2.903  0.000
   17 C   0.0740   1.139  2.787  0.000
   18 C  -0.0513   1.078  2.973  0.000
   19 C  -0.0153   1.086  2.929  0.000
   20 C   0.0227   1.175  2.802  0.000
   21 H   0.0373   0.963  0.000  0.000
   22 C  -0.0330   1.087  2.946  0.000
   23 C   0.0269   1.112  2.861  0.000
   24 N  -0.1598   1.436  3.724  0.000
   25 C   0.0194   1.119  2.862  0.000
   26 H   0.0526   0.947  0.000  0.000
   27 H   0.0455   0.955  0.000  0.000
   28 H   0.0516   0.948  0.000  0.000
   29 H   0.0557   0.944  0.000  0.000
   30 C  -0.0266   1.078  2.948  0.000
   31 C  -0.0088   1.160  2.848  0.000
   32 H   0.0402   0.960  0.000  0.000
   33 C   0.0045   1.143  2.853  0.000
   34 N  -0.1654   1.456  3.710  0.000
   35 H   0.0417   0.958  0.000  0.000
   36 C  -0.0244   1.121  2.903  0.000
   37 H   0.0564   0.944  0.000  0.000
   38 H   0.0413   0.959  0.000  0.000
   39 H   0.1288   0.871  0.000  0.000
   40 H   0.0481   0.952  0.000  0.000
   41 C  -0.0410   1.096  2.945  0.000
   42 C   0.0801   1.147  2.772  0.000
   43 C  -0.0329   1.120  2.913  0.000
   44 C  -0.0406   1.089  2.952  0.000
   45 H   0.0364   0.964  0.000  0.000
   46 C  -0.0739   1.079  2.995  0.000
   47 C   0.0013   1.142  2.856  0.000
   48 C   0.0305   1.106  2.864  0.000
   49 N  -0.0218   1.192  3.830  0.000
   50 H   0.0315   0.968  0.000  0.000
   51 C   0.0222   1.147  2.831  0.000
   52 C  -0.0079   1.128  2.880  0.000
   53 C  -0.0375   1.060  2.978  0.000
   54 H   0.0350   0.965  0.000  0.000
   55 C   0.0600   1.157  2.783  0.000
   56 H   0.0423   0.958  0.000  0.000
   57 H   0.0343   0.966  0.000  0.000
   58 C  -0.0108   1.142  2.869  0.000
   59 C  -0.0661   1.089  2.977  0.000
   60 C  -0.0489   1.077  2.972  0.000
   61 C   0.0222   1.122  2.855  0.000
   62 H   0.0391   0.961  0.000  0.000
   63 C  -0.0326   1.090  2.943  0.000
   64 N  -0.1487   1.452  3.697  0.000
   65 C   0.0035   1.122  2.874  0.000
   66 H   0.0363   0.964  0.000  0.000
   67 N  -0.1960   1.439  3.757  0.000
   68 C  -0.0908   1.121  2.970  0.000
   69 H   0.0338   0.966  0.000  0.000
   70 C   0.0093   1.099  2.891  0.000
   71 C  -0.0302   1.087  2.943  0.000
   72 C   0.0435   1.130  2.826  0.000
   73 H   0.0405   0.960  0.000  0.000
   74 N  -0.0371   1.158  3.879  0.000
   75 C  -0.0239   1.097  2.927  0.000
   76 C  -0.0293   1.100  2.930  0.000
   77 H   0.0513   0.949  0.000  0.000
   78 N  -0.1580   1.442  3.716  0.000
   79 H   0.0433   0.957  0.000  0.000
   80 H   0.0508   0.949  0.000  0.000
 
 Wiberg/Mayer (AO) data. WBOs > 0.1 written file <wbo>
 largest (>0.05) Wiberg bond orders for each atom
           total WBO             WBO to atom ...
     1  O   2.404    C   13 1.105    C   75 1.060    C   10 0.077    C   68 0.057
     2  C   3.973    C   44 1.552    C    8 1.310    H   12 0.946    C   65 0.065
     3  H   0.995    C   75 0.949
     4  N   3.078    C   15 1.450    C   48 1.199    N   74 0.124    N   67 0.093    C   59 0.059
     5  H   0.997    C   44 0.942
     6  N   3.449    C   13 1.141    C   47 1.071    H   39 0.954    C   68 0.061
     7  C   3.933    N   24 1.439    C   76 1.254    C   61 1.032
     8  C   3.970    C   71 1.552    C    2 1.310    H   69 0.946    C   52 0.066
     9  H   0.975    N   74 0.942
    10  C   3.962    C   75 1.721    C   68 1.153    H   80 0.943    O    1 0.077
    11  C   3.954    C   31 1.472    C   63 1.248    C   51 0.979    C   65 0.058
    12  H   0.996    C    2 0.946
    13  C   3.894    C   68 1.410    N    6 1.141    O    1 1.105    C   75 0.088
    14  C   3.927    N   24 1.288    N   64 1.244    C   58 1.184    N   34 0.069    C   76 0.054
    15  C   3.894    N    4 1.450    N   74 1.167    C   55 1.061
    16  C   3.917    C   46 1.693    N   49 1.105    H   28 0.943
    17  C   3.938    N   64 1.557    N   34 1.298    H   26 0.949    C   58 0.059
    18  C   3.958    C   60 1.471    C   33 1.333    H   32 0.940    C   36 0.079
    19  C   3.971    C   70 1.440    C   23 1.422    H   57 0.946    C   25 0.098
    20  C   3.897    C   41 1.650    N   74 1.052    C   53 0.980    C   55 0.073
    21  H   0.996    C   76 0.941
    22  C   3.970    C   63 1.572    C   65 1.245    H   54 0.941    C   31 0.108
    23  C   3.950    C   19 1.422    N   78 1.414    H   73 0.949    C   61 0.095
    24  N   3.109    C    7 1.439    C   14 1.288    C   51 0.103
    25  C   3.949    N   78 1.440    C   61 1.359    H   27 0.946    C   19 0.098
    26  H   0.994    C   17 0.949
    27  H   0.997    C   25 0.946
    28  H   0.994    C   16 0.943
    29  H   0.994    C   53 0.941
    30  C   3.964    C   42 1.589    C   55 1.142    H   35 0.938    C   48 0.075
    31  C   3.936    C   11 1.472    C   52 1.217    C   53 0.957    C   22 0.108
    32  H   0.994    C   18 0.940
    33  C   3.918    C   18 1.333    C   43 1.274    N   49 1.064    C   47 0.069
    34  N   3.092    C   72 1.515    C   17 1.298    N   64 0.079    C   14 0.069
    35  H   0.996    C   30 0.938
    36  C   3.950    C   47 1.271    C   43 1.249    C   68 1.127    C   18 0.079
    37  H   0.995    C   53 0.946
    38  H   0.996    C   59 0.939
    39  H   0.976    N    6 0.954
    40  H   0.995    C   41 0.943
    41  C   3.950    C   20 1.650    N   67 1.184    H   40 0.943
    42  C   3.922    C   30 1.589    C   59 1.132    N   49 0.995    N   67 0.078
    43  C   3.952    C   33 1.274    C   36 1.249    C   46 1.165    C   60 0.076
    44  C   3.968    C    2 1.552    C   52 1.260    H    5 0.942    C   71 0.116
    45  H   0.995    C   63 0.943
    46  C   3.959    C   16 1.693    C   43 1.165    H   79 0.943    N   49 0.072
    47  C   3.919    C   60 1.341    C   36 1.271    N    6 1.071    C   33 0.069
    48  C   3.957    C   59 1.636    N    4 1.199    H   77 0.941    C   30 0.075
    49  N   3.495    C   16 1.105    C   33 1.064    C   42 0.995    C   46 0.072
    50  H   0.996    C   71 0.944
    51  C   3.943    C   76 1.499    C   58 1.193    C   11 0.979    N   24 0.103
    52  C   3.952    C   44 1.260    C   65 1.226    C   31 1.217    C    8 0.066    C   63 0.060
    53  C   3.970    C   20 0.980    C   31 0.957    H   37 0.946    H   29 0.941
    54  H   0.992    C   22 0.941
    55  C   3.936    N   67 1.503    C   30 1.142    C   15 1.061    C   20 0.073
    56  H   0.997    C   72 0.942
    57  H   0.997    C   19 0.946
    58  C   3.947    C   72 1.273    C   51 1.193    C   14 1.184    C   17 0.059
    59  C   3.951    C   48 1.636    C   42 1.132    H   38 0.939    N    4 0.059
    60  C   3.966    C   18 1.471    C   47 1.341    H   66 0.942    C   43 0.076
    61  C   3.953    C   25 1.359    C   70 1.348    C    7 1.032    C   23 0.095
    62  H   0.997    C   70 0.943
    63  C   3.968    C   22 1.572    C   11 1.248    H   45 0.943    C   52 0.060
    64  N   3.099    C   17 1.557    C   14 1.244    C   72 0.101    N   34 0.079
    65  C   3.956    C   71 1.259    C   22 1.245    C   52 1.226    C    2 0.065    C   11 0.058
    66  H   0.995    C   60 0.942
    67  N   3.106    C   55 1.503    C   41 1.184    N    4 0.093    C   42 0.078
    68  C   3.934    C   13 1.410    C   10 1.153    C   36 1.127    N    6 0.061    O    1 0.057
    69  H   0.994    C    8 0.946
    70  C   3.961    C   19 1.440    C   61 1.348    H   62 0.943    N   78 0.115
    71  C   3.970    C    8 1.552    C   65 1.259    H   50 0.944    C   44 0.116
    72  C   3.941    N   34 1.515    C   58 1.273    H   56 0.942    N   64 0.101
    73  H   0.997    C   23 0.949
    74  N   3.509    C   15 1.167    C   20 1.052    H    9 0.942    N    4 0.124
    75  C   3.903    C   10 1.721    O    1 1.060    H    3 0.949    C   13 0.088
    76  C   3.963    C   51 1.499    C    7 1.254    H   21 0.941    C   14 0.054
    77  H   0.994    C   48 0.941
    78  N   3.111    C   25 1.440    C   23 1.414    C   70 0.115
    79  H   0.995    C   46 0.943
    80  H   0.996    C   10 0.943
 
 --------------------------------------------
          xTB calculation for sTDA...
 --------------------------------------------
 
 reading parameter file 
 /home/jovyan/cpu-only-1-datavol-1/software/xtb4stda_home/.param_stda2.xtb
 
      method parameters     
 k(s)        :  1.6000
 k(p)        :  2.1800
 k(d)        :  1.9500
 k(f)        :  2.0000
 k(R-V)      :  2.2750
 k(R-R)      :  1.7650
 Tscal       :  0.2580
 Gscal       :  1.0000
 fpol        :  1.0000
 Zcnf        :  0.3430
 Zqf         :  0.0000
 kcn         :  2.7000
 Ryd Hsplit  :  0.7000
 lshift(virt):  3.1000
 lshift(OS)  :  0.2000
 wllscaling  :  2.6000
 
 mowrcut     : 3.000
 
  Z AO/shell   Hii/eV     exponent
  1     Sun Feb 14 09:53:25 CET 2016    EN: 2.327 GAM: 0.473  GM3: 0.0000
     1s    -14.339618    1.220000
     2sp    -3.348946    0.600000
  6     Sun Feb 14 09:53:25 CET 2016    EN: 2.731 GAM: 0.422  GM3: 0.0000
     2s    -22.009312    1.565095
     2p    -13.020408    1.596905
     3sp    -3.914040    0.824500
  7     Sun Feb 14 09:53:25 CET 2016    EN: 3.573 GAM: 0.504  GM3: 0.0000
     2s    -25.722000    2.064844
     2p    -18.684912    1.801692
     3sp    -4.344791    0.921400
  8     Sun Feb 14 09:53:25 CET 2016    EN: 3.700 GAM: 0.587  GM3: 0.0000
     2s    -33.859000    2.418661
     2p    -22.175911    1.973969
     3sp    -4.259392    1.013700
 
 Nbf   :          559
 T(el) :     0.0
 calculating S/T integrals ...
 cpu time for ints   0.289314000000000     
 Nao   :          559
 making H0...
 making H1...
 cpu time for H      4.845000000000044E-003
 solving ...
 cpu time for diag   2.702500000000002E-002
 
 gap (eV)           :   4.745
 Koopmans IP (eV)   :  13.008
 Eel (Eh)           :  -219.525551

          eigenvalues
 #    :         113        114        115        116        117        118        119        120
 occ. :        2.000      2.000      2.000      2.000      2.000      2.000      2.000      2.000
 eps  :       -16.759    -16.690    -16.549    -16.192    -16.142    -16.029    -15.902    -15.553
 #    :         121        122        123        124        125        126        127        128
 occ. :        2.000      2.000      2.000      2.000      2.000      0.000      0.000      0.000
 eps  :       -15.318    -15.157    -14.182    -13.732    -13.009     -8.263     -7.694     -7.427
 #    :         129        130        131        132        133        134        135        136
 occ. :        0.000      0.000      0.000      0.000      0.000      0.000      0.000      0.000
 eps  :        -7.065     -6.613     -6.331     -6.229     -5.979     -5.837     -5.355     -5.213
                            1  SCC done.
 writing mo output ...
 molden style : F
 
speedup  0.81
cpu  time for all    0.49 s
wall time for all    0.60 s
