 
        ______________________________________
       |                                      |
       |          ===================         |
       |             xTB for sTDA             |
       |          ===================         |
       |               S. Grimme              |
       |        Universitaet Bonn, MCTC       |
       |         2015-19, Version 1.0         |
       |     Wed Apr  3 09:14:55 CEST 2019    |
       |______________________________________|
 
        This code comes without any warranty
        for non-commercial, academia use only.
        Preliminary test version.
        Cite this work as:
        S. Grimme  &  C. Bannwarth, JCP 145 (2016) 054103
        if GBSA is used additionally:
        P. Shushkov, F. März, C. Bannwarth, S. Grimme, unpublished.
 
        with help from
        P. Shushkov, G. Brandenburg, S. Dohm, J. Pisarek,
        F. März, M. Checinski, S. Ehrlich, S. Spicher, 
        P. Pracht, E. Caldeweyher, S. Ehlert, and C. Bannwarth.
 
        usage        :
        xtb4stda <coord_file> [options]
        where <coord_file> is a valid file of TM)
        (*coord, Bohr) or xmol (*xyz, Angstroem)
        format.

        options:
        -chrg <int>   : molecular charge
        -uhf  <int>   : # of unpaired electrons(=2*S)
        -nox          : skip second, extended part in sTDA-xTB
        -pop          : do population analysis
                      : (default for -nox)
        -mowr <real>  : cut MO write above (def.3 Eh)
        -molden       : write formatted molden file
        -parx <file>  : read parameters for sTDA-xTB
                        calc (def:~/.param_stda2.xtb)
        -parv <file>  : read parameters for vTB part in
                        sTDA-xTB (def: ~/.param_stda1.xtb)
        -xtemp <real> : el. temp for xTB (def. 0 K)
        -etemp <real> : el. temp for GFN (def. 300 K)
        -fod          : calculate the FOD and write
                        molden.input file with
                        appropriate occupations
                        for plotting. Def. T=12500 K
 
        -acc <real>   : xTB accuracy (def. 1.0)
        -gbsa [string1] [string2]
                        use GBSA implicit solvent
                        for solvent [string1] and
                        solvation state [string2]=
                        reference, bar1M (default=1M)
        additional GFN/opt/MD/siman options read from
        $XTB4STDAHOME/.xtb4stdarc or $set in input
 
       spin and charge state information can be on:
       <.CHRG> (charge) and <.UHF> (=nalpha-nbeta)
       -uhf and -chrg override the file info.
       useful machine settings:
       setenv MKL_NUM_THREADS <NCORE_ON_YOUR_MACHINE>
       setenv OMP_STACKSIZE 500m
       limit stacksize unlimited
 
       total energies in Eh, gaps/HL energies in eV
       please read REVISION and HOWTO files carefully
OMP: Warning #182: OMP_STACKSIZE: ignored because KMP_STACKSIZE has been defined
 =============================
  # OMP threads =           1
 =============================
 
 xtb4stdahome directory:
 /home/jovyan/cpu-only-1-datavol-1/software/xtb4stda_home/
 
 
 name of molecule           : energy: -113.534861692467 gnorm: 0.001996871624 xtb: 6.7.1 (edcfbbe)
 comment line               :
 number of atoms            :    62
 number of electrons        :   206
 charge                     :  0
 spin                       : 0.0
 first test random number   :  0.5801
 
 -----------------------------------------
      charge density (VTB) calculation
 -----------------------------------------
 
      method parameters     
 k(s)        :  1.8000
 k(p)        :  2.8350
 k(d)        :  2.0860
 k(f)        :  2.0000
 Tscal       :  0.3300
 Gscal       :  0.3910
 fpol        :  1.0000
 Zcnf        :  0.6500
 Zqf         :  0.0000
 kcn         :  0.3000
 kEN1        : -0.5900
 wllscal     :  2.6000
 
     -------------------------
     ! NO SOLVENT MODEL USED !
     -------------------------
 
 doing EN charges ...
 sum q :  0.2220446D-14
 point charge moment (au)
     X       Y       Z   
   0.7097  -1.0872  -0.1513  total (Debye):    3.322
 
            Z      q(EN)   CN      Cart. coordinates
     1  F   7.0  -0.012   1.104     7.02147     8.74527    13.00075
     2  C   4.0  -0.003   3.255    -0.23773     0.48585    -1.74535
     3  H   1.0   0.075   1.005    -3.36522     7.12294     0.66197
     4  N   5.0  -0.220   2.218    -2.59705    -7.71953    -5.95793
     5  H   1.0   0.075   1.005    -6.84912    -9.71640    -7.18342
     6  C   4.0  -0.015   3.522     2.61897     5.19127     5.58452
     7  C   4.0  -0.072   3.139    -5.60984   -13.44786    -8.15568
     8  H   1.0   0.076   1.007     2.55075    -5.35624    -1.59568
     9  H   1.0   0.075   1.004    -5.93090    -0.62342    -9.82431
    10  H   1.0   0.075   1.006     4.26681    -2.68511     1.59587
    11  C   4.0  -0.007   3.374     0.16800     8.75623     5.81658
    12  C   4.0  -0.073   3.210    -0.34658     2.63919    -0.27722
    13  C   4.0  -0.066   3.183     3.70027     7.84104     9.11925
    14  N   5.0  -0.219   1.023    -5.33696    15.90204     6.16863
    15  C   4.0  -0.003   3.286    -1.77351    -2.25482    -5.23019
    16  H   1.0   0.076   1.005     7.35198     2.49501     8.95069
    17  C   4.0   0.243   2.113    -4.29724    14.07846     5.63138
    18  F   7.0  -0.011   1.102     6.50557     4.82825    13.95166
    19  C   4.0   0.016   4.074     7.16036     6.40258    12.05494
    20  C   4.0  -0.075   3.191    -3.85258    10.40067     2.92284
    21  H   1.0   0.075   1.005    -0.40005    12.06892     8.08973
    22  H   1.0   0.074   1.004     0.45731   -15.52448    -7.98919
    23  H   1.0   0.074   1.004     3.31439   -11.96140    -6.63747
    24  C   4.0  -0.007   3.363    -0.62720     7.31721     3.68270
    25  C   4.0  -0.073   3.139    -3.53530   -15.09041    -8.37413
    26  C   4.0  -0.001   3.339     2.23781     7.41831     7.03469
    27  C   4.0  -0.068   3.152    -2.65847     8.16626     2.26219
    28  C   4.0  -0.003   3.244     2.91849     1.00817     2.56738
    29  C   4.0   0.034   3.252    -3.25354     2.03013    -5.04727
    30  C   4.0   0.001   3.352     0.96206     5.06428     3.52831
    31  H   1.0   0.077   1.006    -3.27735     3.90965    -4.24584
    32  N   5.0  -0.218   2.116    -4.68406     1.75499    -7.05170
    33  C   4.0  -0.071   3.211     4.53440     1.22889     4.65515
    34  H   1.0   0.078   1.008    -1.60816     4.14341    -0.79898
    35  C   4.0   0.004   3.224     4.43405     3.34954     6.20643
    36  H   1.0   0.075   1.005     3.68610    -7.51279    -5.19788
    37  C   4.0  -0.071   3.224     1.36627    -3.85655    -2.31737
    38  H   1.0   0.076   1.005     3.49240     9.50060    10.28521
    39  H   1.0   0.075   1.005     5.84700    -0.28233     5.05596
    40  C   4.0  -0.070   3.175     1.66296   -10.77389    -6.43017
    41  C   4.0  -0.072   3.225     2.97783    -1.18807     1.07525
    42  C   4.0  -0.003   3.238     1.41824    -1.51405    -0.98927
    43  C   4.0  -0.067   3.179    -3.29134    -2.51069    -7.38297
    44  C   4.0   0.010   3.236     5.55164     6.00876     9.74569
    45  C   4.0   0.002   3.240    -0.20711    -4.28949    -4.29799
    46  C   4.0  -0.068   3.171     1.86667    -8.33445    -5.61627
    47  H   1.0   0.078   1.008    -3.35464    -4.28533    -8.37678
    48  C   4.0  -0.002   3.250    -0.74191   -11.76940    -7.01277
    49  C   4.0  -0.024   3.169    -3.04019    11.80928     4.99908
    50  C   4.0  -0.070   3.209     5.92448     3.83671     8.37753
    51  F   7.0  -0.011   1.104     9.62248     5.95339    11.60311
    52  C   4.0   0.087   3.315    -2.84460   -10.11400    -6.76957
    53  C   4.0  -0.071   3.167    -1.14725   -14.27083    -7.82082
    54  C   4.0   0.001   3.264    -1.75518     0.11319    -3.98940
    55  C   4.0  -0.069   3.198    -1.00666    10.98139     6.47345
    56  C   4.0  -0.068   3.179    -5.28311   -11.00879    -7.37277
    57  C   4.0   0.026   3.212    -4.71487    -0.48604    -8.18686
    58  H   1.0   0.074   1.004    -7.47594   -14.13855    -8.61054
    59  H   1.0   0.075   1.005    -5.44147    11.06888     1.82944
    60  C   4.0   0.104   3.284    -0.35206    -6.85196    -5.36720
    61  C   4.0   0.000   3.247     1.12174     2.95837     1.90862
    62  H   1.0   0.074   1.004    -3.84389   -17.01264    -8.98602
 
  Z AO/shell   Hii/eV     exponent
  1     Sat Feb 20 21:38:01 CET 2016    EN: 2.327 GAM: 0.473  GM3: 0.0000
     1s    -13.751157    1.051071
  6     Sat Feb 20 21:38:01 CET 2016    EN: 2.731 GAM: 0.422  GM3: 0.0000
     2s    -19.378245    2.021003
     2p    -11.993376    1.497917
  7     Sat Feb 20 21:38:01 CET 2016    EN: 3.573 GAM: 0.504  GM3: 0.0000
     2s    -21.576984    2.275442
     2p    -16.125120    2.056788
  9     Sat Feb 20 21:51:24 CET 2016    EN: 3.394 GAM: 0.669  GM3: 0.0000
     2s    -19.384211    2.614957
     2p    -19.426034    2.777297
 
 dipole moment of classical point charges (au)
     X       Y       Z   
   0.7097  -1.0872  -0.1513  total (Debye):    3.322

 
 Nbf   :          194
 T(el) :   300.0
 calculating S/T integrals ...
 cpu time for ints   1.198200000000001E-002
 Nao   :          194
 making H0...
 making H1...
 cpu time for H      1.157999999999992E-003
 solving ...
 cpu time for diag   6.262300000000000E-002
 
 gap (eV)           :   3.094
 Koopmans IP (eV)   :  13.049
 Eel (Eh)           :  -162.994147
 T,E(Fermi),NFOD :    300.000   -11.502  0.000000
 T,E(Fermi),NFOD :    300.000   -11.502  0.000000
 Nfod               :  0.0000
 Nfod/Nel           :  0.0000

          eigenvalues
 #    :          91         92         93         94         95         96         97         98
 occ. :        2.000      2.000      2.000      2.000      2.000      2.000      2.000      2.000
 eps  :       -17.266    -17.138    -16.714    -16.152    -16.055    -15.831    -15.727    -15.414
 #    :          99        100        101        102        103        104        105        106
 occ. :        2.000      2.000      2.000      2.000      2.000      0.000      0.000      0.000
 eps  :       -14.953    -14.850    -14.386    -14.297    -13.050     -9.956     -8.971     -8.218
 #    :         107        108        109        110        111        112        113        114
 occ. :        0.000      0.000      0.000      0.000      0.000      0.000      0.000      0.000
 eps  :        -7.983     -6.937     -6.874     -6.533     -6.482     -5.705     -5.376     -5.013
                            1  SCC done.
 making H1...
 cpu time for H      6.369300000000001E-002
 solving ...
 cpu time for diag   2.123000000000014E-003
 
 gap (eV)           :   3.045
 Koopmans IP (eV)   :  13.114
 Eel (Eh)           :  -162.227121
 T,E(Fermi),NFOD :    300.000   -11.591  0.000000
 T,E(Fermi),NFOD :    300.000   -11.591  0.000000
 Nfod               :  0.0000
 Nfod/Nel           :  0.0000

          eigenvalues
 #    :          91         92         93         94         95         96         97         98
 occ. :        2.000      2.000      2.000      2.000      2.000      2.000      2.000      2.000
 eps  :       -16.967    -16.936    -16.738    -16.066    -15.926    -15.413    -15.053    -15.011
 #    :          99        100        101        102        103        104        105        106
 occ. :        2.000      2.000      2.000      2.000      2.000      0.000      0.000      0.000
 eps  :       -14.712    -14.649    -14.467    -14.256    -13.115    -10.070     -8.802     -8.294
 #    :         107        108        109        110        111        112        113        114
 occ. :        0.000      0.000      0.000      0.000      0.000      0.000      0.000      0.000
 eps  :        -8.018     -7.016     -6.836     -6.641     -6.424     -5.753     -5.512     -5.048
                            2  SCC done.
 
 
 Mulliken/CM5 charges    n(s)   n(p)   n(d)   
    1 F  -0.1267 -0.1494   1.690  5.436  0.000
    2 C   0.0009 -0.0037   1.173  2.826  0.000
    3 H   0.0486  0.1066   0.951  0.000  0.000
    4 N  -0.1950 -0.3910   1.473  3.722  0.000
    5 H   0.0422  0.1027   0.958  0.000  0.000
    6 C  -0.0397 -0.0402   1.172  2.868  0.000
    7 C  -0.0318 -0.0877   1.139  2.893  0.000
    8 H   0.0460  0.1058   0.954  0.000  0.000
    9 H   0.0516  0.1186   0.948  0.000  0.000
   10 H   0.0427  0.1012   0.957  0.000  0.000
   11 C  -0.0087 -0.0128   1.169  2.840  0.000
   12 C  -0.0364 -0.0874   1.140  2.896  0.000
   13 C  -0.0064 -0.0551   1.145  2.861  0.000
   14 N  -0.2206 -0.3466   1.642  3.578  0.000
   15 C   0.0163  0.0157   1.180  2.803  0.000
   16 H   0.0501  0.1097   0.950  0.000  0.000
   17 C   0.1020  0.2207   1.175  2.723  0.000
   18 F  -0.1401 -0.1609   1.695  5.445  0.000
   19 C   0.2857  0.3394   1.215  2.499  0.000
   20 C  -0.0230 -0.0755   1.143  2.880  0.000
   21 H   0.0489  0.1075   0.951  0.000  0.000
   22 H   0.0383  0.0955   0.962  0.000  0.000
   23 H   0.0416  0.0987   0.958  0.000  0.000
   24 C  -0.0082 -0.0124   1.177  2.831  0.000
   25 C  -0.0265 -0.0827   1.134  2.892  0.000
   26 C   0.0018 -0.0023   1.167  2.831  0.000
   27 C  -0.0239 -0.0776   1.139  2.885  0.000
   28 C   0.0151  0.0078   1.163  2.822  0.000
   29 C   0.0187  0.0489   1.164  2.817  0.000
   30 C  -0.0102 -0.0117   1.174  2.836  0.000
   31 H   0.0535  0.1232   0.946  0.000  0.000
   32 N  -0.1785 -0.3794   1.479  3.700  0.000
   33 C  -0.0295 -0.0802   1.152  2.878  0.000
   34 H   0.0507  0.1123   0.949  0.000  0.000
   35 C   0.0206  0.0137   1.157  2.822  0.000
   36 H   0.0410  0.0995   0.959  0.000  0.000
   37 C  -0.0445 -0.0948   1.154  2.890  0.000
   38 H   0.0534  0.1133   0.947  0.000  0.000
   39 H   0.0466  0.1047   0.953  0.000  0.000
   40 C  -0.0219 -0.0731   1.154  2.868  0.000
   41 C  -0.0452 -0.0962   1.150  2.895  0.000
   42 C   0.0117  0.0043   1.161  2.827  0.000
   43 C  -0.0246 -0.0702   1.146  2.879  0.000
   44 C   0.0398  0.0372   1.166  2.795  0.000
   45 C   0.0232  0.0234   1.167  2.810  0.000
   46 C  -0.0316 -0.0797   1.145  2.887  0.000
   47 H   0.0478  0.1157   0.952  0.000  0.000
   48 C  -0.0017 -0.0040   1.168  2.834  0.000
   49 C   0.0096  0.0061   1.136  2.855  0.000
   50 C  -0.0131 -0.0620   1.145  2.868  0.000
   51 F  -0.1360 -0.1577   1.694  5.442  0.000
   52 C   0.0389  0.1086   1.179  2.782  0.000
   53 C  -0.0435 -0.0968   1.143  2.901  0.000
   54 C  -0.0018 -0.0009   1.177  2.825  0.000
   55 C  -0.0205 -0.0696   1.146  2.875  0.000
   56 C  -0.0193 -0.0665   1.136  2.883  0.000
   57 C   0.0212  0.0455   1.155  2.824  0.000
   58 H   0.0440  0.1005   0.956  0.000  0.000
   59 H   0.0508  0.1087   0.949  0.000  0.000
   60 C   0.0521  0.1268   1.193  2.755  0.000
   61 C   0.0125  0.0083   1.172  2.815  0.000
   62 H   0.0410  0.0975   0.959  0.000  0.000
 
 Loewdin charges    n(s)   n(p)   n(d)
    1 F  -0.1130   1.677  5.436  0.000
    2 C   0.0055   1.130  2.865  0.000
    3 H   0.0411   0.959  0.000  0.000
    4 N  -0.1772   1.440  3.737  0.000
    5 H   0.0334   0.967  0.000  0.000
    6 C  -0.0401   1.131  2.909  0.000
    7 C  -0.0220   1.083  2.939  0.000
    8 H   0.0375   0.963  0.000  0.000
    9 H   0.0409   0.959  0.000  0.000
   10 H   0.0346   0.965  0.000  0.000
   11 C  -0.0071   1.127  2.880  0.000
   12 C  -0.0374   1.090  2.948  0.000
   13 C  -0.0011   1.092  2.910  0.000
   14 N  -0.2075   1.603  3.604  0.000
   15 C   0.0227   1.137  2.841  0.000
   16 H   0.0402   0.960  0.000  0.000
   17 C   0.0942   1.142  2.764  0.000
   18 F  -0.1272   1.682  5.445  0.000
   19 C   0.2545   1.194  2.551  0.000
   20 C  -0.0152   1.089  2.927  0.000
   21 H   0.0391   0.961  0.000  0.000
   22 H   0.0305   0.969  0.000  0.000
   23 H   0.0325   0.968  0.000  0.000
   24 C  -0.0047   1.136  2.869  0.000
   25 C  -0.0195   1.080  2.940  0.000
   26 C   0.0038   1.125  2.871  0.000
   27 C  -0.0205   1.086  2.934  0.000
   28 C   0.0196   1.119  2.861  0.000
   29 C   0.0166   1.118  2.865  0.000
   30 C  -0.0116   1.134  2.877  0.000
   31 H   0.0433   0.957  0.000  0.000
   32 N  -0.1549   1.442  3.713  0.000
   33 C  -0.0248   1.099  2.926  0.000
   34 H   0.0440   0.956  0.000  0.000
   35 C   0.0254   1.113  2.862  0.000
   36 H   0.0337   0.966  0.000  0.000
   37 C  -0.0385   1.101  2.937  0.000
   38 H   0.0430   0.957  0.000  0.000
   39 H   0.0378   0.962  0.000  0.000
   40 C  -0.0107   1.099  2.912  0.000
   41 C  -0.0415   1.098  2.943  0.000
   42 C   0.0157   1.117  2.867  0.000
   43 C  -0.0239   1.094  2.930  0.000
   44 C   0.0389   1.125  2.836  0.000
   45 C   0.0221   1.126  2.852  0.000
   46 C  -0.0309   1.093  2.938  0.000
   47 H   0.0388   0.961  0.000  0.000
   48 C  -0.0002   1.125  2.875  0.000
   49 C   0.0094   1.092  2.899  0.000
   50 C  -0.0086   1.093  2.916  0.000
   51 F  -0.1228   1.680  5.442  0.000
   52 C   0.0345   1.143  2.823  0.000
   53 C  -0.0372   1.089  2.948  0.000
   54 C  -0.0032   1.136  2.867  0.000
   55 C  -0.0151   1.092  2.923  0.000
   56 C  -0.0166   1.083  2.933  0.000
   57 C   0.0221   1.108  2.870  0.000
   58 H   0.0357   0.964  0.000  0.000
   59 H   0.0412   0.959  0.000  0.000
   60 C   0.0513   1.156  2.793  0.000
   61 C   0.0166   1.129  2.854  0.000
   62 H   0.0332   0.967  0.000  0.000
 
 Wiberg/Mayer (AO) data. WBOs > 0.1 written file <wbo>
 largest (>0.05) Wiberg bond orders for each atom
           total WBO             WBO to atom ...
     1  F   1.089    C   19 0.962
     2  C   3.936    C   12 1.451    C   42 1.150    C   54 1.093
     3  H   0.994    C   27 0.938
     4  N   3.093    C   60 1.477    C   52 1.251    C   40 0.113
     5  H   0.997    C   56 0.945
     6  C   3.942    C   30 1.296    C   35 1.191    C   26 1.161
     7  C   3.974    C   56 1.550    C   25 1.310    H   58 0.946    C   48 0.065
     8  H   0.992    C   37 0.939
     9  H   0.995    C   57 0.947
    10  H   0.994    C   41 0.940
    11  C   3.944    C   55 1.432    C   24 1.233    C   26 1.038    C   20 0.086
    12  C   3.962    C    2 1.451    C   61 1.293    H   34 0.934    C   41 0.112
    13  C   3.939    C   26 1.511    C   44 1.249    H   38 0.944
    14  N   3.041    C   17 2.818    C   49 0.076    C   20 0.068    C   55 0.065
    15  C   3.943    C   43 1.317    C   54 1.265    C   45 1.098    N   32 0.092
    16  H   0.994    C   50 0.943
    17  C   3.936    N   14 2.818    C   49 1.061
    18  F   1.075    C   19 0.943
    19  C   3.841    F    1 0.962    F   51 0.950    F   18 0.943    C   44 0.926
    20  C   3.942    C   27 1.436    C   49 1.341    H   59 0.944    C   11 0.086    N   14 0.068
    21  H   0.996    C   55 0.944
    22  H   0.998    C   53 0.943
    23  H   0.995    C   40 0.940
    24  C   3.925    C   27 1.384    C   11 1.233    C   30 1.058    C   49 0.084
    25  C   3.968    C   53 1.549    C    7 1.310    H   62 0.946    C   52 0.067
    26  C   3.947    C   13 1.511    C    6 1.161    C   11 1.038    C   50 0.102
    27  C   3.952    C   20 1.436    C   24 1.384    H    3 0.938    C   55 0.082
    28  C   3.950    C   33 1.327    C   41 1.278    C   61 1.134
    29  C   3.946    N   32 1.482    C   54 1.323    H   31 0.944    C   43 0.096
    30  C   3.937    C    6 1.296    C   61 1.260    C   24 1.058    C   33 0.116
    31  H   0.995    C   29 0.944
    32  N   3.111    C   29 1.482    C   57 1.357    C   15 0.092
    33  C   3.914    C   35 1.351    C   28 1.327    H   39 0.941    C   30 0.116
    34  H   0.994    C   12 0.934
    35  C   3.951    C   33 1.351    C   50 1.205    C    6 1.191
    36  H   0.996    C   46 0.944
    37  C   3.957    C   45 1.602    C   42 1.164    H    8 0.939
    38  H   0.994    C   13 0.944
    39  H   0.992    C   33 0.941
    40  C   3.967    C   46 1.564    C   48 1.244    H   23 0.940    N    4 0.113
    41  C   3.927    C   42 1.428    C   28 1.278    H   10 0.940    C   12 0.112    C   45 0.064
    42  C   3.948    C   41 1.428    C   37 1.164    C    2 1.150
    43  C   3.957    C   57 1.489    C   15 1.317    H   47 0.939    C   29 0.096
    44  C   3.926    C   50 1.550    C   13 1.249    C   19 0.926
    45  C   3.934    C   37 1.602    C   15 1.098    C   60 1.012    C   41 0.064
    46  C   3.967    C   40 1.564    C   60 1.243    H   36 0.944    C   52 0.056
    47  H   0.997    C   43 0.939
    48  C   3.956    C   53 1.264    C   40 1.244    C   52 1.210    C    7 0.065    C   60 0.055
    49  C   3.941    C   20 1.341    C   55 1.318    C   17 1.061    C   24 0.084    N   14 0.076
    50  C   3.937    C   44 1.550    C   35 1.205    H   16 0.943    C   26 0.102
    51  F   1.080    C   19 0.950
    52  C   3.946    C   56 1.267    N    4 1.251    C   48 1.210    C   25 0.067    C   46 0.056
    53  C   3.972    C   25 1.549    C   48 1.264    H   22 0.943    C   56 0.114
    54  C   3.947    C   29 1.323    C   15 1.265    C    2 1.093    C   57 0.080
    55  C   3.955    C   11 1.432    C   49 1.318    H   21 0.944    C   27 0.082    N   14 0.065
    56  C   3.968    C    7 1.550    C   52 1.267    H    5 0.945    C   53 0.114
    57  C   3.949    C   43 1.489    N   32 1.357    H    9 0.947    C   54 0.080
    58  H   0.997    C    7 0.946
    59  H   0.996    C   20 0.944
    60  C   3.935    N    4 1.477    C   46 1.243    C   45 1.012    C   48 0.055
    61  C   3.937    C   12 1.293    C   30 1.260    C   28 1.134
    62  H   0.997    C   25 0.946
 
 --------------------------------------------
          xTB calculation for sTDA...
 --------------------------------------------
 
 reading parameter file 
 /home/jovyan/cpu-only-1-datavol-1/software/xtb4stda_home/.param_stda2.xtb
 
      method parameters     
 k(s)        :  1.6000
 k(p)        :  2.1800
 k(d)        :  1.9500
 k(f)        :  2.0000
 k(R-V)      :  2.2750
 k(R-R)      :  1.7650
 Tscal       :  0.2580
 Gscal       :  1.0000
 fpol        :  1.0000
 Zcnf        :  0.3430
 Zqf         :  0.0000
 kcn         :  2.7000
 Ryd Hsplit  :  0.7000
 lshift(virt):  3.1000
 lshift(OS)  :  0.2000
 wllscaling  :  2.6000
 
 mowrcut     : 3.000
 
  Z AO/shell   Hii/eV     exponent
  1     Sun Feb 14 09:53:25 CET 2016    EN: 2.327 GAM: 0.473  GM3: 0.0000
     1s    -14.339618    1.220000
     2sp    -3.348946    0.600000
  6     Sun Feb 14 09:53:25 CET 2016    EN: 2.731 GAM: 0.422  GM3: 0.0000
     2s    -22.009312    1.565095
     2p    -13.020408    1.596905
     3sp    -3.914040    0.824500
  7     Sun Feb 14 09:53:25 CET 2016    EN: 3.573 GAM: 0.504  GM3: 0.0000
     2s    -25.722000    2.064844
     2p    -18.684912    1.801692
     3sp    -4.344791    0.921400
  9     Sun Feb 21 12:20:01 CET 2016    EN: 3.394 GAM: 0.600  GM3: 0.0000
     2s    -26.548112    1.943768
     2p    -23.081168    2.552035
     3sp    -1.937199    1.103200
 
 Nbf   :          442
 T(el) :     0.0
 calculating S/T integrals ...
 cpu time for ints   0.182217000000000     
 Nao   :          442
 making H0...
 making H1...
 cpu time for H      2.999000000000029E-003
 solving ...
 cpu time for diag   1.511499999999999E-002
 
 gap (eV)           :   5.396
 Koopmans IP (eV)   :  14.731
 Eel (Eh)           :  -182.877495

          eigenvalues
 #    :          91         92         93         94         95         96         97         98
 occ. :        2.000      2.000      2.000      2.000      2.000      2.000      2.000      2.000
 eps  :       -18.139    -18.018    -17.776    -17.205    -17.089    -16.741    -16.579    -16.364
 #    :          99        100        101        102        103        104        105        106
 occ. :        2.000      2.000      2.000      2.000      2.000      0.000      0.000      0.000
 eps  :       -16.267    -15.900    -15.884    -15.627    -14.732     -9.335     -8.021     -7.441
 #    :         107        108        109        110        111        112        113        114
 occ. :        0.000      0.000      0.000      0.000      0.000      0.000      0.000      0.000
 eps  :        -7.271     -6.969     -6.429     -6.371     -6.312     -5.466     -5.298     -5.238
                            1  SCC done.
 writing mo output ...
 molden style : F
 
speedup  0.77
cpu  time for all    0.36 s
wall time for all    0.46 s
