 
        ______________________________________
       |                                      |
       |          ===================         |
       |             xTB for sTDA             |
       |          ===================         |
       |               S. Grimme              |
       |        Universitaet Bonn, MCTC       |
       |         2015-19, Version 1.0         |
       |     Wed Apr  3 09:14:55 CEST 2019    |
       |______________________________________|
 
        This code comes without any warranty
        for non-commercial, academia use only.
        Preliminary test version.
        Cite this work as:
        S. Grimme  &  C. Bannwarth, JCP 145 (2016) 054103
        if GBSA is used additionally:
        P. Shushkov, F. März, C. Bannwarth, S. Grimme, unpublished.
 
        with help from
        P. Shushkov, G. Brandenburg, S. Dohm, J. Pisarek,
        F. März, M. Checinski, S. Ehrlich, S. Spicher, 
        P. Pracht, E. Caldeweyher, S. Ehlert, and C. Bannwarth.
 
        usage        :
        xtb4stda <coord_file> [options]
        where <coord_file> is a valid file of TM)
        (*coord, Bohr) or xmol (*xyz, Angstroem)
        format.

        options:
        -chrg <int>   : molecular charge
        -uhf  <int>   : # of unpaired electrons(=2*S)
        -nox          : skip second, extended part in sTDA-xTB
        -pop          : do population analysis
                      : (default for -nox)
        -mowr <real>  : cut MO write above (def.3 Eh)
        -molden       : write formatted molden file
        -parx <file>  : read parameters for sTDA-xTB
                        calc (def:~/.param_stda2.xtb)
        -parv <file>  : read parameters for vTB part in
                        sTDA-xTB (def: ~/.param_stda1.xtb)
        -xtemp <real> : el. temp for xTB (def. 0 K)
        -etemp <real> : el. temp for GFN (def. 300 K)
        -fod          : calculate the FOD and write
                        molden.input file with
                        appropriate occupations
                        for plotting. Def. T=12500 K
 
        -acc <real>   : xTB accuracy (def. 1.0)
        -gbsa [string1] [string2]
                        use GBSA implicit solvent
                        for solvent [string1] and
                        solvation state [string2]=
                        reference, bar1M (default=1M)
        additional GFN/opt/MD/siman options read from
        $XTB4STDAHOME/.xtb4stdarc or $set in input
 
       spin and charge state information can be on:
       <.CHRG> (charge) and <.UHF> (=nalpha-nbeta)
       -uhf and -chrg override the file info.
       useful machine settings:
       setenv MKL_NUM_THREADS <NCORE_ON_YOUR_MACHINE>
       setenv OMP_STACKSIZE 500m
       limit stacksize unlimited
 
       total energies in Eh, gaps/HL energies in eV
       please read REVISION and HOWTO files carefully
OMP: Warning #182: OMP_STACKSIZE: ignored because KMP_STACKSIZE has been defined
 =============================
  # OMP threads =           1
 =============================
 
 xtb4stdahome directory:
 /home/jovyan/cpu-only-1-datavol-1/software/xtb4stda_home/
 
 
 name of molecule           : energy: -138.719661595023 gnorm: 0.000655144097 xtb: 6.7.1 (edcfbbe)
 comment line               :
 number of atoms            :    76
 number of electrons        :   251
 charge                     :  0
 spin                       : 0.5
 first test random number   :  0.9919
 
 -----------------------------------------
      charge density (VTB) calculation
 -----------------------------------------
 
      method parameters     
 k(s)        :  1.8000
 k(p)        :  2.8350
 k(d)        :  2.0860
 k(f)        :  2.0000
 Tscal       :  0.3300
 Gscal       :  0.3910
 fpol        :  1.0000
 Zcnf        :  0.6500
 Zqf         :  0.0000
 kcn         :  0.3000
 kEN1        : -0.5900
 wllscal     :  2.6000
 
     -------------------------
     ! NO SOLVENT MODEL USED !
     -------------------------
 
 doing EN charges ...
 sum q :  0.6661338D-15
 point charge moment (au)
     X       Y       Z   
  -1.1458  -1.2311   1.2433  total (Debye):    5.316
 
            Z      q(EN)   CN      Cart. coordinates
     1  C   4.0   0.084   3.172     1.49723    -3.20176     6.68547
     2  H   1.0   0.080   1.003     0.31332     4.54970   -12.35276
     3  H   1.0   0.076   1.008    -6.74840     8.75132    -3.18721
     4  H   1.0   0.177   1.010    -7.57421     4.83430   -12.04662
     5  C   4.0   0.006   3.243     1.86100    -1.52576    -0.38872
     6  H   1.0   0.074   1.004    11.52374   -14.69451     2.96706
     7  C   4.0   0.086   3.202     0.01984     0.13606     3.71426
     8  N   5.0  -0.106   2.197    -1.74157     4.31443    -7.25315
     9  N   5.0  -0.221   2.173    -6.01349     6.88295     2.79301
    10  C   4.0   0.058   3.417    -8.73545    10.46455    -0.20239
    11  C   4.0  -0.071   3.284    -2.55963     4.88211   -15.39163
    12  N   5.0  -0.210   2.170    -6.17638     4.51002    -7.58574
    13  H   1.0   0.074   1.004     7.24937   -13.44994     4.94938
    14  N   5.0  -0.220   2.125     5.89462    -3.43836    -1.03292
    15  H   1.0   0.080   1.002    -6.54355     5.13439   -16.69951
    16  C   4.0   0.046   3.237    12.83955    -7.73824     1.58454
    17  H   1.0   0.075   1.004     6.31641    -5.83245    -4.01831
    18  H   1.0   0.076   1.004    -8.13017     4.38794    -4.25642
    19  O   6.0  -0.175   2.082    -2.01596     2.44890     7.31929
    20  C   4.0   0.100   3.311    10.49762    -8.31026     2.78565
    21  N   5.0  -0.216   2.112    14.50006    -9.43181     0.96981
    22  C   4.0   0.082   3.206    -1.55524     1.90144     4.87833
    23  C   4.0  -0.067   3.164     2.22988    -7.90964     6.88711
    24  C   4.0   0.111   3.294     3.08365    -5.45847     6.16618
    25  C   4.0   0.105   3.265    -4.06121     4.71940    -3.64755
    26  C   4.0  -0.068   3.202     7.70819   -11.50938     4.48886
    27  H   1.0   0.074   1.010     0.95337    -4.52230    10.27312
    28  C   4.0   0.085   3.261    -5.76423     6.82758     0.23565
    29  C   4.0  -0.066   3.155    11.84575   -12.71181     2.60215
    30  O   6.0  -0.160   2.134    -9.79842    12.13601    -1.85420
    31  C   4.0   0.032   3.254     4.38605    -1.94094     0.26343
    32  C   4.0   0.090   3.352    -2.70571     3.40548     0.61586
    33  C   4.0   0.104   3.436    -3.68950     4.62794   -11.32267
    34  C   4.0   0.189   3.371     6.75312    -7.01126     4.47166
    35  H   1.0   0.079   1.003    -1.46870     4.96752   -17.09578
    36  C   4.0  -0.072   3.260    -9.63118    10.97288     2.22081
    37  C   4.0  -0.005   3.381   -11.31757    13.65818    -0.51703
    38  H   1.0   0.075   1.005     0.41857    -8.12393     7.79871
    39  C   4.0  -0.069   3.306    -1.62176     4.66498   -12.93177
    40  C   4.0  -0.068   3.112     0.52950    -2.94400     9.04612
    41  C   4.0   0.014   3.080    -1.64387     1.30996     9.53631
    42  N   5.0  -0.224   2.232    -1.15991     1.68620    -0.45202
    43  H   1.0   0.073   1.009    -0.88742    -1.22133    12.31761
    44  C   4.0   0.194   3.319    -3.84862     4.48829    -8.63095
    45  O   6.0  -0.176   2.127     1.48495    -1.73174     4.62737
    46  C   4.0   0.038   3.333    -5.15687     4.97206   -15.23025
    47  H   1.0   0.076   1.005    -0.95979    -2.35838    -3.16454
    48  N   5.0  -0.214   2.211     8.92631    -6.45096     3.37316
    49  C   4.0   0.050   3.225    -4.70164     5.37457     4.19916
    50  C   4.0   0.007   3.278    -2.94495     3.58311     3.26639
    51  C   4.0  -0.067   3.135     2.54830    -4.27362    -3.92250
    52  C   4.0   0.009   3.289    -4.16137     5.01212    -0.93485
    53  C   4.0  -0.001   3.252     9.98645   -10.91978     3.30286
    54  C   4.0  -0.069   3.169     3.69555    -9.94223     6.32491
    55  H   1.0   0.074   1.004     1.90352    -5.21640    -5.61211
    56  H   1.0   0.080   1.001   -12.31138    15.10137    -1.53521
    57  C   4.0   0.045   3.255    -6.28239     4.55122    -5.12154
    58  C   4.0  -0.058   3.165    -7.06625     8.65494    -1.17409
    59  H   1.0   0.078   1.006     5.24475    -1.02537     1.87140
    60  N   5.0  -0.218   2.226     5.21564    -5.05388     5.01080
    61  C   4.0   0.017   3.202    14.01288   -11.88279     1.48060
    62  H   1.0   0.075   1.004    15.49216   -13.17876     0.92275
    63  N   5.0  -0.111   2.216    -1.84740     4.49301    -4.84223
    64  C   4.0   0.029   3.216     4.99889    -4.60205    -3.04983
    65  H   1.0   0.076   1.006    -5.02176     5.53520     6.21266
    66  H   1.0   0.078   1.003   -12.32517    13.93597     3.47180
    67  C   4.0   0.003   3.244     6.04901    -9.57052     5.09678
    68  H   1.0   0.076   1.005    13.26342    -5.78880     1.14763
    69  H   1.0   0.081   1.004    -9.10735     9.95508     3.88414
    70  H   1.0   0.074   1.004     3.10614   -11.84575     6.78449
    71  H   1.0   0.072   1.004    -2.39995     2.55661    10.97761
    72  C   4.0  -0.072   3.206     0.96225    -2.69853    -2.57022
    73  C   4.0   0.116   3.313     0.17423     0.21089     0.98209
    74  N   5.0  -0.417   3.295    -5.81639     4.82069   -12.77606
    75  C   4.0  -0.068   3.212   -11.28639    13.02758     1.99102
    76  C   4.0  -0.068   3.057    -0.70581    -0.93088    10.30279
 
  Z AO/shell   Hii/eV     exponent
  1     Sat Feb 20 21:38:01 CET 2016    EN: 2.327 GAM: 0.473  GM3: 0.0000
     1s    -13.751157    1.051071
  6     Sat Feb 20 21:38:01 CET 2016    EN: 2.731 GAM: 0.422  GM3: 0.0000
     2s    -19.378245    2.021003
     2p    -11.993376    1.497917
  7     Sat Feb 20 21:38:01 CET 2016    EN: 3.573 GAM: 0.504  GM3: 0.0000
     2s    -21.576984    2.275442
     2p    -16.125120    2.056788
  8     Sat Feb 20 21:38:01 CET 2016    EN: 3.700 GAM: 0.587  GM3: 0.0000
     2s    -21.648843    2.110798
     2p    -17.239740    2.329048
 
 dipole moment of classical point charges (au)
     X       Y       Z   
  -1.1458  -1.2311   1.2433  total (Debye):    5.316

 
 Nbf   :          235
 T(el) :   300.0
 calculating S/T integrals ...
 cpu time for ints   1.531600000000000E-002
 Nao   :          235
 making H0...
=================================================
                     0   SCC step
=================================================
 making H1...
 cpu time for H      1.314999999999997E-003
 solving ...
 cpu time for diag   6.812499999999999E-002
 
 T,E(Fermi),NFOD :    300.000   -10.753  0.000000
 T,E(Fermi),NFOD :    300.000   -12.195  0.000000
 a/b gap (eV)           :   0.940  1.944
 Koopmans IP (eV)       :  11.224
 Eel (Eh)               :  -198.784658
 Nfod                   :  0.0000
 Nfod/Nel               :  0.0000

          eigenvalues
 #    :         114        115        116        117        118        119        120        121
 occ. :        1.000      1.000      1.000      1.000      1.000      1.000      1.000      1.000
 eps  :       -15.769    -15.513    -15.439    -15.404    -15.184    -15.110    -15.027    -14.656
 #    :         122        123        124        125        126        127        128        129
 occ. :        1.000      1.000      1.000      1.000      1.000      0.000      0.000      0.000
 eps  :       -14.566    -13.890    -13.656    -13.167    -11.224    -10.283    -10.140     -8.876
 #    :         130        131        132        133        134        135        136        137
 occ. :        0.000      0.000      0.000      0.000      0.000      0.000      0.000      0.000
 eps  :        -8.323     -7.659     -7.397     -6.781     -6.539     -6.491     -6.147     -5.876

          eigenvalues
 #    :         113        114        115        116        117        118        119        120
 occ. :        1.000      1.000      1.000      1.000      1.000      1.000      1.000      1.000
 eps  :       -15.906    -15.769    -15.513    -15.439    -15.404    -15.184    -15.110    -15.027
 #    :         121        122        123        124        125        126        127        128
 occ. :        1.000      1.000      1.000      1.000      1.000      0.000      0.000      0.000
 eps  :       -14.656    -14.566    -13.890    -13.656    -13.167    -11.224    -10.283    -10.140
 #    :         129        130        131        132        133        134        135        136
 occ. :        0.000      0.000      0.000      0.000      0.000      0.000      0.000      0.000
 eps  :        -8.876     -8.323     -7.659     -7.397     -6.781     -6.539     -6.491     -6.147
                            1  SCC done.
=================================================
                     1   SCC step
=================================================
 making H1...
 cpu time for H      7.027600000000001E-002
 solving ...
 cpu time for diag   6.541000000000019E-003
 
 T,E(Fermi),NFOD :    300.000   -10.855  0.000000
 T,E(Fermi),NFOD :    300.000   -12.094  0.000000
 a/b gap (eV)           :   1.129  2.122
 Koopmans IP (eV)       :  11.418
 Eel (Eh)               :  -198.792795
 Nfod                   :  0.0000
 Nfod/Nel               :  0.0000

          eigenvalues
 #    :         114        115        116        117        118        119        120        121
 occ. :        1.000      1.000      1.000      1.000      1.000      1.000      1.000      1.000
 eps  :       -15.774    -15.545    -15.441    -15.407    -15.231    -15.181    -15.030    -14.728
 #    :         122        123        124        125        126        127        128        129
 occ. :        1.000      1.000      1.000      1.000      1.000      0.000      0.000      0.000
 eps  :       -14.568    -13.912    -13.697    -13.180    -11.418    -10.289    -10.243     -8.902
 #    :         130        131        132        133        134        135        136        137
 occ. :        0.000      0.000      0.000      0.000      0.000      0.000      0.000      0.000
 eps  :        -8.347     -7.662     -7.401     -6.867     -6.600     -6.525     -6.173     -5.889

          eigenvalues
 #    :         113        114        115        116        117        118        119        120
 occ. :        1.000      1.000      1.000      1.000      1.000      1.000      1.000      1.000
 eps  :       -15.823    -15.763    -15.480    -15.438    -15.400    -15.154    -15.029    -15.015
 #    :         121        122        123        124        125        126        127        128
 occ. :        1.000      1.000      1.000      1.000      1.000      0.000      0.000      0.000
 eps  :       -14.592    -14.556    -13.870    -13.613    -13.155    -11.033    -10.282    -10.031
 #    :         129        130        131        132        133        134        135        136
 occ. :        0.000      0.000      0.000      0.000      0.000      0.000      0.000      0.000
 eps  :        -8.850     -8.298     -7.657     -7.394     -6.693     -6.533     -6.410     -6.121
                            2  SCC done.
 updating charges
=================================================
                     2   SCC step
=================================================
 making H1...
 cpu time for H      7.908999999999999E-003
 solving ...
 cpu time for diag   6.455000000000016E-003
 
 T,E(Fermi),NFOD :    300.000   -10.587  0.000000
 T,E(Fermi),NFOD :    300.000   -11.953  0.000000
 a/b gap (eV)           :   1.337  2.486
 Koopmans IP (eV)       :  11.256
 Eel (Eh)               :  -196.273955
 Nfod                   :  0.0000
 Nfod/Nel               :  0.0000
 writing <aospin>

          eigenvalues
 #    :         114        115        116        117        118        119        120        121
 occ. :        1.000      1.000      1.000      1.000      1.000      1.000      1.000      1.000
 eps  :       -15.072    -14.986    -14.894    -14.788    -14.579    -14.472    -14.292    -14.198
 #    :         122        123        124        125        126        127        128        129
 occ. :        1.000      1.000      1.000      1.000      1.000      0.000      0.000      0.000
 eps  :       -13.916    -13.496    -13.303    -13.219    -11.256     -9.919     -9.205     -8.624
 #    :         130        131        132        133        134        135        136        137
 occ. :        0.000      0.000      0.000      0.000      0.000      0.000      0.000      0.000
 eps  :        -7.928     -7.478     -6.889     -6.714     -6.488     -6.265     -6.032     -5.774

          eigenvalues
 #    :         113        114        115        116        117        118        119        120
 occ. :        1.000      1.000      1.000      1.000      1.000      1.000      1.000      1.000
 eps  :       -15.303    -14.984    -14.935    -14.885    -14.741    -14.498    -14.440    -14.290
 #    :         121        122        123        124        125        126        127        128
 occ. :        1.000      1.000      1.000      1.000      1.000      0.000      0.000      0.000
 eps  :       -14.190    -13.842    -13.315    -13.260    -13.196    -10.710     -9.917     -9.023
 #    :         129        130        131        132        133        134        135        136
 occ. :        0.000      0.000      0.000      0.000      0.000      0.000      0.000      0.000
 eps  :        -8.560     -7.891     -7.471     -6.864     -6.580     -6.334     -6.252     -6.013
                            3  SCC done.
 <S^2>           : 0.75634
 
 
 Mulliken/CM5 charges      n(s)   n(p)   n(d)   
    1 C   0.0921  0.1190   1.146  2.762  0.000
    2 H   0.0592  0.1186   0.941  0.000  0.000
    3 H   0.0525  0.1183   0.947  0.000  0.000
    4 H   0.1640  0.3631   0.836  0.000  0.000
    5 C   0.0173  0.0234   1.167  2.816  0.000
    6 H   0.0379  0.0954   0.962  0.000  0.000
    7 C   0.0706  0.1028   1.166  2.763  0.000
    8 N  -0.1209 -0.2161   1.524  3.597  0.000
    9 N  -0.1959 -0.3959   1.471  3.725  0.000
   10 C   0.0728  0.0918   1.161  2.766  0.000
   11 C  -0.0789 -0.1262   1.128  2.951  0.000
   12 N  -0.2001 -0.3868   1.491  3.709  0.000
   13 H   0.0392  0.0968   0.961  0.000  0.000
   14 N  -0.1638 -0.3659   1.475  3.689  0.000
   15 H   0.0585  0.1236   0.941  0.000  0.000
   16 C   0.0616  0.1015   1.163  2.775  0.000
   17 H   0.0497  0.1168   0.950  0.000  0.000
   18 H   0.0566  0.1258   0.943  0.000  0.000
   19 O  -0.0771 -0.1575   1.394  4.683  0.000
   20 C   0.0486  0.1283   1.189  2.762  0.000
   21 N  -0.1781 -0.3765   1.480  3.698  0.000
   22 C   0.0759  0.1045   1.171  2.753  0.000
   23 C  -0.0230 -0.0712   1.146  2.877  0.000
   24 C   0.0583  0.1386   1.199  2.743  0.000
   25 C   0.0433  0.1298   1.191  2.766  0.000
   26 C  -0.0365 -0.0845   1.166  2.871  0.000
   27 H   0.0542  0.1152   0.946  0.000  0.000
   28 C   0.0412  0.1086   1.175  2.784  0.000
   29 C  -0.0445 -0.0921   1.149  2.895  0.000
   30 O  -0.0750 -0.1499   1.478  4.598  0.000
   31 C   0.0284  0.0604   1.163  2.808  0.000
   32 C   0.0502  0.1269   1.185  2.765  0.000
   33 C   0.0248  0.0987   1.161  2.814  0.000
   34 C   0.0893  0.2407   1.195  2.716  0.000
   35 H   0.0489  0.1060   0.951  0.000  0.000
   36 C  -0.0711 -0.1204   1.145  2.926  0.000
   37 C   0.0153 -0.0116   1.149  2.836  0.000
   38 H   0.0431  0.1015   0.957  0.000  0.000
   39 C  -0.0649 -0.1086   1.140  2.925  0.000
   40 C  -0.0757 -0.1271   1.136  2.940  0.000
   41 C   0.0353  0.0090   1.124  2.841  0.000
   42 N  -0.1751 -0.3652   1.467  3.708  0.000
   43 H   0.0546  0.1128   0.945  0.000  0.000
   44 C   0.1009  0.2603   1.202  2.698  0.000
   45 O  -0.0733 -0.1394   1.383  4.691  0.000
   46 C  -0.0199 -0.0033   1.156  2.864  0.000
   47 H   0.0437  0.1055   0.956  0.000  0.000
   48 N  -0.1605 -0.3397   1.472  3.688  0.000
   49 C   0.0178  0.0541   1.168  2.814  0.000
   50 C  -0.0199 -0.0097   1.183  2.837  0.000
   51 C  -0.0244 -0.0746   1.140  2.884  0.000
   52 C   0.0127  0.0275   1.171  2.816  0.000
   53 C   0.0103  0.0103   1.175  2.814  0.000
   54 C  -0.0227 -0.0737   1.156  2.867  0.000
   55 H   0.0398  0.0967   0.960  0.000  0.000
   56 H   0.0614  0.1256   0.939  0.000  0.000
   57 C   0.0267  0.0671   1.184  2.789  0.000
   58 C  -0.0539 -0.0958   1.139  2.915  0.000
   59 H   0.0556  0.1318   0.944  0.000  0.000
   60 N  -0.1732 -0.3553   1.466  3.707  0.000
   61 C   0.0180  0.0385   1.149  2.833  0.000
   62 H   0.0498  0.1165   0.950  0.000  0.000
   63 N  -0.0902 -0.1881   1.522  3.568  0.000
   64 C   0.0245  0.0507   1.158  2.818  0.000
   65 H   0.0542  0.1283   0.946  0.000  0.000
   66 H   0.0552  0.1121   0.945  0.000  0.000
   67 C   0.0055  0.0086   1.176  2.819  0.000
   68 H   0.0605  0.1314   0.939  0.000  0.000
   69 H   0.0619  0.1262   0.938  0.000  0.000
   70 H   0.0421  0.0991   0.958  0.000  0.000
   71 H   0.0462  0.1137   0.954  0.000  0.000
   72 C  -0.0071 -0.0556   1.153  2.854  0.000
   73 C   0.0620  0.1463   1.200  2.738  0.000
   74 N  -0.0544 -0.4183   1.204  3.851  0.000
   75 C  -0.0506 -0.1034   1.133  2.918  0.000
   76 C  -0.0611 -0.1162   1.127  2.934  0.000
 
 Pa-Pb analysis  n(s)   n(p)   n(d)       HFC (Mhz)
    1 C  -0.002 -0.000 -0.002  0.000      0.00
    2 H  -0.000 -0.000  0.000  0.000      0.00
    3 H  -0.028 -0.028  0.000  0.000      0.00
    4 H  -0.000 -0.000  0.000  0.000      0.00
    5 C  -0.000 -0.000 -0.000  0.000      0.00
    6 H  -0.000 -0.000  0.000  0.000      0.00
    7 C   0.040  0.003  0.037  0.000      0.00
    8 N   0.004  0.001  0.003  0.000      0.00
    9 N   0.058  0.002  0.056  0.000      0.00
   10 C  -0.056 -0.014 -0.042  0.000      0.00
   11 C  -0.000 -0.000 -0.000  0.000      0.00
   12 N   0.007  0.002  0.005  0.000      0.00
   13 H  -0.000 -0.000  0.000  0.000      0.00
   14 N  -0.000 -0.000 -0.000  0.000      0.00
   15 H  -0.000 -0.000  0.000  0.000      0.00
   16 C  -0.000  0.000 -0.000  0.000      0.00
   17 H  -0.000 -0.000  0.000  0.000      0.00
   18 H  -0.001 -0.001  0.000  0.000      0.00
   19 O  -0.000  0.000 -0.000  0.000      0.00
   20 C  -0.000 -0.000 -0.000  0.000      0.00
   21 N  -0.000  0.000 -0.000  0.000      0.00
   22 C  -0.014 -0.003 -0.011  0.000      0.00
   23 C  -0.000 -0.000 -0.000  0.000      0.00
   24 C   0.000  0.000  0.000  0.000      0.00
   25 C  -0.024 -0.005 -0.018  0.000      0.00
   26 C   0.000  0.000 -0.000  0.000      0.00
   27 H  -0.001 -0.001  0.000  0.000      0.00
   28 C  -0.050 -0.012 -0.038  0.000      0.00
   29 C   0.000  0.000  0.000  0.000      0.00
   30 O   0.016 -0.001  0.017  0.000      0.00
   31 C  -0.000  0.000 -0.000  0.000      0.00
   32 C  -0.025 -0.006 -0.018  0.000      0.00
   33 C  -0.000 -0.000  0.000  0.000      0.00
   34 C   0.000  0.000  0.000  0.000      0.00
   35 H  -0.000 -0.000  0.000  0.000      0.00
   36 C   0.250  0.024  0.226  0.000      0.00
   37 C   0.225  0.023  0.202  0.000      0.00
   38 H   0.000  0.000  0.000  0.000      0.00
   39 C   0.006  0.000  0.006  0.000      0.00
   40 C   0.005  0.001  0.005  0.000      0.00
   41 C   0.004  0.000  0.003  0.000      0.00
   42 N   0.031  0.001  0.030  0.000      0.00
   43 H   0.000  0.000  0.000  0.000      0.00
   44 C   0.005 -0.001  0.006  0.000      0.00
   45 O   0.010  0.001  0.009  0.000      0.00
   46 C   0.006  0.000  0.006  0.000      0.00
   47 H  -0.000 -0.000  0.000  0.000      0.00
   48 N  -0.000 -0.000 -0.000  0.000      0.00
   49 C  -0.015 -0.003 -0.012  0.000      0.00
   50 C   0.065  0.006  0.059  0.000      0.00
   51 C  -0.000 -0.000 -0.000  0.000      0.00
   52 C   0.166  0.014  0.152  0.000      0.00
   53 C  -0.000 -0.000 -0.000  0.000      0.00
   54 C   0.000  0.000  0.000  0.000      0.00
   55 H   0.000  0.000  0.000  0.000      0.00
   56 H  -0.022 -0.022  0.000  0.000      0.00
   57 C   0.000 -0.000  0.001  0.000      0.00
   58 C   0.352  0.032  0.320  0.000      0.00
   59 H  -0.000 -0.000  0.000  0.000      0.00
   60 N  -0.000 -0.000 -0.000  0.000      0.00
   61 C  -0.000 -0.000 -0.000  0.000      0.00
   62 H   0.000  0.000  0.000  0.000      0.00
   63 N   0.065  0.005  0.060  0.000      0.00
   64 C   0.000  0.000 -0.000  0.000      0.00
   65 H   0.000  0.000  0.000  0.000      0.00
   66 H  -0.001 -0.001  0.000  0.000      0.00
   67 C  -0.000 -0.000 -0.000  0.000      0.00
   68 H  -0.000 -0.000  0.000  0.000      0.00
   69 H  -0.021 -0.021  0.000  0.000      0.00
   70 H  -0.000 -0.000  0.000  0.000      0.00
   71 H  -0.000 -0.000  0.000  0.000      0.00
   72 C  -0.000  0.000 -0.000  0.000      0.00
   73 C  -0.007 -0.001 -0.006  0.000      0.00
   74 N   0.001 -0.000  0.001  0.000      0.00
   75 C  -0.046 -0.008 -0.038  0.000      0.00
   76 C  -0.001 -0.000 -0.001  0.000      0.00
 
 Loewdin charges    n(s)   n(p)   n(d)  
    1 C   0.0733   1.114  2.813  0.000
    2 H   0.0496   0.950  0.000  0.000
    3 H   0.0435   0.956  0.000  0.000
    4 H   0.1409   0.859  0.000  0.000
    5 C   0.0159   1.125  2.859  0.000
    6 H   0.0305   0.969  0.000  0.000
    7 C   0.0442   1.138  2.818  0.000
    8 N  -0.1142   1.500  3.614  0.000
    9 N  -0.1751   1.436  3.739  0.000
   10 C   0.0614   1.127  2.812  0.000
   11 C  -0.0754   1.076  3.000  0.000
   12 N  -0.1785   1.456  3.723  0.000
   13 H   0.0298   0.970  0.000  0.000
   14 N  -0.1406   1.438  3.703  0.000
   15 H   0.0483   0.952  0.000  0.000
   16 C   0.0592   1.118  2.823  0.000
   17 H   0.0390   0.961  0.000  0.000
   18 H   0.0445   0.956  0.000  0.000
   19 O  -0.0261   1.348  4.679  0.000
   20 C   0.0409   1.154  2.805  0.000
   21 N  -0.1525   1.442  3.710  0.000
   22 C   0.0594   1.139  2.802  0.000
   23 C  -0.0223   1.094  2.928  0.000
   24 C   0.0577   1.162  2.780  0.000
   25 C   0.0341   1.156  2.809  0.000
   26 C  -0.0271   1.112  2.915  0.000
   27 H   0.0472   0.953  0.000  0.000
   28 C   0.0381   1.138  2.824  0.000
   29 C  -0.0409   1.097  2.944  0.000
   30 O  -0.0280   1.434  4.594  0.000
   31 C   0.0270   1.117  2.856  0.000
   32 C   0.0449   1.149  2.806  0.000
   33 C   0.0107   1.129  2.860  0.000
   34 C   0.0747   1.167  2.759  0.000
   35 H   0.0415   0.959  0.000  0.000
   36 C  -0.0675   1.093  2.974  0.000
   37 C   0.0063   1.105  2.889  0.000
   38 H   0.0354   0.965  0.000  0.000
   39 C  -0.0598   1.087  2.972  0.000
   40 C  -0.0750   1.084  2.991  0.000
   41 C   0.0230   1.079  2.898  0.000
   42 N  -0.1592   1.434  3.725  0.000
   43 H   0.0477   0.952  0.000  0.000
   44 C   0.0864   1.173  2.741  0.000
   45 O  -0.0256   1.338  4.687  0.000
   46 C  -0.0225   1.112  2.911  0.000
   47 H   0.0334   0.967  0.000  0.000
   48 N  -0.1439   1.439  3.705  0.000
   49 C   0.0189   1.122  2.859  0.000
   50 C  -0.0251   1.143  2.882  0.000
   51 C  -0.0205   1.087  2.933  0.000
   52 C   0.0071   1.132  2.861  0.000
   53 C   0.0138   1.132  2.854  0.000
   54 C  -0.0111   1.101  2.910  0.000
   55 H   0.0324   0.968  0.000  0.000
   56 H   0.0498   0.950  0.000  0.000
   57 C   0.0285   1.137  2.834  0.000
   58 C  -0.0545   1.089  2.966  0.000
   59 H   0.0433   0.957  0.000  0.000
   60 N  -0.1584   1.434  3.724  0.000
   61 C   0.0166   1.102  2.881  0.000
   62 H   0.0396   0.960  0.000  0.000
   63 N  -0.0795   1.496  3.583  0.000
   64 C   0.0256   1.110  2.864  0.000
   65 H   0.0421   0.958  0.000  0.000
   66 H   0.0467   0.953  0.000  0.000
   67 C   0.0050   1.134  2.861  0.000
   68 H   0.0473   0.953  0.000  0.000
   69 H   0.0519   0.948  0.000  0.000
   70 H   0.0327   0.967  0.000  0.000
   71 H   0.0364   0.964  0.000  0.000
   72 C   0.0031   1.098  2.899  0.000
   73 C   0.0585   1.165  2.776  0.000
   74 N   0.0006   1.146  3.853  0.000
   75 C  -0.0458   1.079  2.966  0.000
   76 C  -0.0596   1.074  2.985  0.000
 
 Pa-Pb analysis  n(s)   n(p)   n(d)       HFC (Mhz)
    1 C  -0.002 -0.000 -0.002  0.000      0.00
    2 H  -0.000 -0.000  0.000  0.000      0.00
    3 H  -0.023 -0.023  0.000  0.000      0.00
    4 H  -0.000 -0.000  0.000  0.000      0.00
    5 C  -0.000 -0.000 -0.000  0.000      0.00
    6 H  -0.000 -0.000  0.000  0.000      0.00
    7 C   0.039  0.003  0.036  0.000      0.00
    8 N   0.004  0.001  0.003  0.000      0.00
    9 N   0.057  0.002  0.056  0.000      0.00
   10 C  -0.049 -0.012 -0.037  0.000      0.00
   11 C  -0.000 -0.000  0.000  0.000      0.00
   12 N   0.006  0.001  0.005  0.000      0.00
   13 H  -0.000 -0.000  0.000  0.000      0.00
   14 N  -0.000 -0.000 -0.000  0.000      0.00
   15 H  -0.000 -0.000  0.000  0.000      0.00
   16 C  -0.000  0.000 -0.000  0.000      0.00
   17 H  -0.000 -0.000  0.000  0.000      0.00
   18 H  -0.000 -0.000  0.000  0.000      0.00
   19 O  -0.000  0.000 -0.000  0.000      0.00
   20 C  -0.000 -0.000 -0.000  0.000      0.00
   21 N  -0.000  0.000 -0.000  0.000      0.00
   22 C  -0.013 -0.003 -0.010  0.000      0.00
   23 C  -0.000 -0.000 -0.000  0.000      0.00
   24 C   0.000  0.000  0.000  0.000      0.00
   25 C  -0.021 -0.005 -0.016  0.000      0.00
   26 C   0.000  0.000 -0.000  0.000      0.00
   27 H  -0.000 -0.000  0.000  0.000      0.00
   28 C  -0.044 -0.010 -0.034  0.000      0.00
   29 C   0.000  0.000  0.000  0.000      0.00
   30 O   0.017 -0.001  0.018  0.000      0.00
   31 C  -0.000  0.000 -0.000  0.000      0.00
   32 C  -0.022 -0.005 -0.016  0.000      0.00
   33 C  -0.000 -0.000  0.000  0.000      0.00
   34 C   0.000  0.000  0.000  0.000      0.00
   35 H  -0.000 -0.000  0.000  0.000      0.00
   36 C   0.241  0.020  0.221  0.000      0.00
   37 C   0.216  0.020  0.197  0.000      0.00
   38 H   0.000  0.000  0.000  0.000      0.00
   39 C   0.006  0.000  0.005  0.000      0.00
   40 C   0.005  0.000  0.004  0.000      0.00
   41 C   0.003  0.000  0.003  0.000      0.00
   42 N   0.031  0.001  0.030  0.000      0.00
   43 H   0.000  0.000  0.000  0.000      0.00
   44 C   0.006 -0.001  0.007  0.000      0.00
   45 O   0.010  0.001  0.009  0.000      0.00
   46 C   0.006  0.000  0.006  0.000      0.00
   47 H  -0.000 -0.000  0.000  0.000      0.00
   48 N  -0.000 -0.000 -0.000  0.000      0.00
   49 C  -0.014 -0.003 -0.011  0.000      0.00
   50 C   0.062  0.005  0.057  0.000      0.00
   51 C  -0.000 -0.000 -0.000  0.000      0.00
   52 C   0.161  0.012  0.149  0.000      0.00
   53 C  -0.000 -0.000 -0.000  0.000      0.00
   54 C   0.000  0.000  0.000  0.000      0.00
   55 H  -0.000 -0.000  0.000  0.000      0.00
   56 H  -0.018 -0.018  0.000  0.000      0.00
   57 C   0.001 -0.000  0.001  0.000      0.00
   58 C   0.339  0.026  0.313  0.000      0.00
   59 H  -0.000 -0.000  0.000  0.000      0.00
   60 N  -0.000 -0.000 -0.000  0.000      0.00
   61 C  -0.000 -0.000 -0.000  0.000      0.00
   62 H   0.000  0.000  0.000  0.000      0.00
   63 N   0.063  0.004  0.059  0.000      0.00
   64 C  -0.000  0.000 -0.000  0.000      0.00
   65 H   0.000  0.000  0.000  0.000      0.00
   66 H  -0.001 -0.001  0.000  0.000      0.00
   67 C  -0.000 -0.000 -0.000  0.000      0.00
   68 H  -0.000 -0.000  0.000  0.000      0.00
   69 H  -0.017 -0.017  0.000  0.000      0.00
   70 H  -0.000 -0.000  0.000  0.000      0.00
   71 H  -0.000 -0.000  0.000  0.000      0.00
   72 C  -0.000 -0.000 -0.000  0.000      0.00
   73 C  -0.006 -0.001 -0.005  0.000      0.00
   74 N   0.001 -0.000  0.001  0.000      0.00
   75 C  -0.040 -0.007 -0.033  0.000      0.00
   76 C  -0.001 -0.000 -0.001  0.000      0.00
 
 Wiberg/Mayer (AO) data. WBOs > 0.1 written file <wbo>
 largest (>0.05) Wiberg bond orders for each atom
           total WBO             WBO to atom ...
     1  C   3.926    C   40 1.626    O   45 1.056    C   24 1.009    C   41 0.101
     2  H   0.996    C   39 0.945
     3  H   0.994    C   58 0.941
     4  H   0.973    N   74 0.947
     5  C   3.953    C   31 1.366    C   72 1.364    C   73 1.003    C   64 0.101
     6  H   0.999    C   29 0.941
     7  C   3.886    C   22 1.382    C   73 1.173    O   45 1.047    O   19 0.059    N   42 0.055
     8  N   3.072    N   63 1.387    C   44 1.359    C   57 0.103    N   12 0.066
     9  N   3.080    C   49 1.581    C   28 1.187    C   32 0.059    C   50 0.051
    10  C   3.899    C   36 1.369    C   58 1.314    O   30 1.051    C   37 0.064
    11  C   3.963    C   46 1.554    C   39 1.328    H   35 0.945    N   74 0.072
    12  N   3.088    C   57 1.514    C   44 1.242    N   63 0.105    N    8 0.066
    13  H   0.997    C   26 0.936
    14  N   3.122    C   31 1.443    C   64 1.417    C   72 0.116
    15  H   0.996    C   46 0.948
    16  C   3.941    N   21 1.601    C   20 1.204    H   68 0.945    C   29 0.103
    17  H   0.997    C   64 0.949
    18  H   0.995    C   57 0.943
    19  O   2.429    C   41 1.075    C   22 1.053    C   76 0.081    C    7 0.059
    20  C   3.941    N   48 1.337    C   16 1.204    C   53 1.160    C   61 0.054
    21  N   3.110    C   16 1.601    C   61 1.255    C   53 0.057    N   48 0.056
    22  C   3.910    C    7 1.382    C   50 1.187    O   19 1.053    N   42 0.087    O   45 0.061
    23  C   3.951    C   54 1.606    C   24 1.200    H   38 0.943    C   26 0.055
    24  C   3.922    N   60 1.513    C   23 1.200    C    1 1.009
    25  C   3.925    N   63 1.388    C   57 1.266    C   52 1.052    C   44 0.062
    26  C   3.960    C   67 1.376    C   53 1.333    H   13 0.936    N   48 0.129    C   23 0.055
    27  H   0.997    C   40 0.939
    28  C   3.936    C   58 1.295    C   52 1.239    N    9 1.187
    29  C   3.962    C   61 1.599    C   53 1.214    H    6 0.941    C   16 0.103
    30  O   2.404    C   37 1.132    C   10 1.051    C   75 0.075    C   36 0.063
    31  C   3.952    N   14 1.443    C    5 1.366    H   59 0.947    C   51 0.101
    32  C   3.933    C   52 1.259    N   42 1.216    C   50 1.211    N    9 0.059
    33  C   3.920    C   39 1.455    C   44 1.131    N   74 1.131    C   46 0.093
    34  C   3.932    N   48 1.380    N   60 1.229    C   67 1.123
    35  H   0.996    C   11 0.945
    36  C   3.780    C   10 1.369    C   75 1.316    H   69 0.942    O   30 0.063
    37  C   3.769    C   75 1.574    O   30 1.132    H   56 0.950    C   10 0.064
    38  H   0.996    C   23 0.943
    39  C   3.959    C   33 1.455    C   11 1.328    H    2 0.945    N   74 0.083
    40  C   3.947    C    1 1.626    C   76 1.170    H   27 0.939    O   45 0.079
    41  C   3.912    C   76 1.705    O   19 1.075    H   71 0.951    C    1 0.101
    42  N   3.107    C   73 1.519    C   32 1.216    C   22 0.087    C    7 0.055
    43  H   0.995    C   76 0.938
    44  C   3.914    N    8 1.359    N   12 1.242    C   33 1.131    C   25 0.062
    45  O   2.408    C    1 1.056    C    7 1.047    C   40 0.079    C   22 0.061
    46  C   3.919    C   11 1.554    N   74 1.234    H   15 0.948    C   33 0.093
    47  H   0.998    C   72 0.945
    48  N   3.112    C   34 1.380    C   20 1.337    C   26 0.129    N   21 0.056
    49  C   3.940    N    9 1.581    C   50 1.234    H   65 0.943    C   52 0.064
    50  C   3.898    C   49 1.234    C   32 1.211    C   22 1.187    N    9 0.051
    51  C   3.971    C   72 1.433    C   64 1.426    H   55 0.946    C   31 0.101
    52  C   3.821    C   32 1.259    C   28 1.239    C   25 1.052    C   49 0.064
    53  C   3.951    C   26 1.333    C   29 1.214    C   20 1.160    N   21 0.057
    54  C   3.957    C   23 1.606    C   67 1.202    H   70 0.938    N   60 0.107
    55  H   0.997    C   51 0.946
    56  H   0.995    C   37 0.950
    57  C   3.936    N   12 1.514    C   25 1.266    H   18 0.943    N    8 0.103
    58  C   3.697    C   10 1.314    C   28 1.295    H    3 0.941
    59  H   0.997    C   31 0.947
    60  N   3.085    C   24 1.513    C   34 1.229    C   54 0.107
    61  C   3.952    C   29 1.599    N   21 1.255    H   62 0.948    C   20 0.054
    62  H   0.996    C   61 0.948
    63  N   3.057    C   25 1.388    N    8 1.387    N   12 0.105
    64  C   3.955    C   51 1.426    N   14 1.417    H   17 0.949    C    5 0.101
    65  H   0.995    C   49 0.943
    66  H   0.996    C   75 0.944
    67  C   3.952    C   26 1.376    C   54 1.202    C   34 1.123
    68  H   0.995    C   16 0.945
    69  H   0.996    C   36 0.942
    70  H   0.996    C   54 0.938
    71  H   0.995    C   41 0.951
    72  C   3.964    C   51 1.433    C    5 1.364    H   47 0.945    N   14 0.116
    73  C   3.931    N   42 1.519    C    7 1.173    C    5 1.003
    74  N   3.560    C   46 1.234    C   33 1.131    H    4 0.947    C   39 0.083    C   11 0.072
    75  C   3.957    C   37 1.574    C   36 1.316    H   66 0.944    O   30 0.075
    76  C   3.958    C   41 1.705    C   40 1.170    H   43 0.938    O   19 0.081
 
 --------------------------------------------
          xTB calculation for sTDA...
 --------------------------------------------
 
 reading parameter file 
 /home/jovyan/cpu-only-1-datavol-1/software/xtb4stda_home/.param_stda2.xtb
 
      method parameters     
 k(s)        :  1.6000
 k(p)        :  2.1800
 k(d)        :  1.9500
 k(f)        :  2.0000
 k(R-V)      :  2.2750
 k(R-R)      :  1.7650
 Tscal       :  0.2580
 Gscal       :  1.0000
 fpol        :  1.0000
 Zcnf        :  0.3430
 Zqf         :  0.0000
 kcn         :  2.7000
 Ryd Hsplit  :  0.7000
 lshift(virt):  3.1000
 lshift(OS)  :  0.2000
 wllscaling  :  2.6000
 
 mowrcut     : 3.000
 
  Z AO/shell   Hii/eV     exponent
  1     Sun Feb 14 09:53:25 CET 2016    EN: 2.327 GAM: 0.473  GM3: 0.0000
     1s    -14.339618    1.220000
     2sp    -3.348946    0.600000
  6     Sun Feb 14 09:53:25 CET 2016    EN: 2.731 GAM: 0.422  GM3: 0.0000
     2s    -22.009312    1.565095
     2p    -13.020408    1.596905
     3sp    -3.914040    0.824500
  7     Sun Feb 14 09:53:25 CET 2016    EN: 3.573 GAM: 0.504  GM3: 0.0000
     2s    -25.722000    2.064844
     2p    -18.684912    1.801692
     3sp    -4.344791    0.921400
  8     Sun Feb 14 09:53:25 CET 2016    EN: 3.700 GAM: 0.587  GM3: 0.0000
     2s    -33.859000    2.418661
     2p    -22.175911    1.973969
     3sp    -4.259392    1.013700
 
 Nbf   :          539
 T(el) :     0.0
 calculating S/T integrals ...
 cpu time for ints   0.255488000000000     
 Nao   :          539
 making H0...
 reading <aospin>
 value    1-   10:   -0.00 -0.00 -0.00 -0.00  0.00  0.00  0.00  0.00 -0.00  0.00
 value   11-   20:    0.00  0.00  0.00 -0.03  0.00  0.00  0.00  0.00 -0.00  0.00
 value   21-   30:    0.00  0.00  0.00 -0.00 -0.00 -0.00 -0.00  0.00  0.00  0.00
 value   31-   40:    0.00 -0.00  0.00  0.00  0.00  0.00  0.00  0.02  0.01  0.00
 value   41-   50:    0.00  0.00  0.00  0.00  0.00  0.00  0.01 -0.00  0.00  0.00
 value   51-   60:    0.00  0.00  0.00  0.03  0.03  0.00  0.00  0.00  0.00  0.00
 value   61-   70:   -0.02 -0.02 -0.01 -0.01  0.00  0.00  0.00  0.00 -0.00 -0.00
 value   71-   80:    0.00 -0.00  0.00  0.00  0.00  0.00  0.00  0.00  0.00  0.00
 value   81-   90:    0.00  0.00  0.00  0.00 -0.00  0.00  0.00  0.00  0.00 -0.00
 value   91-  100:   -0.00 -0.00 -0.00  0.00  0.00  0.00  0.00 -0.00  0.00  0.00
 value  101-  110:    0.00  0.00  0.00 -0.00  0.00 -0.00  0.00  0.00  0.00  0.00
 value  111-  120:   -0.00  0.00  0.00  0.00  0.00 -0.00  0.00  0.00  0.00  0.00
 value  121-  130:    0.00 -0.00 -0.00  0.00  0.00  0.00  0.00  0.00 -0.00 -0.00
 value  131-  140:    0.00 -0.00  0.00  0.00  0.00  0.00  0.00  0.00  0.00 -0.00
 value  141-  150:    0.00  0.00  0.00  0.00 -0.00 -0.01 -0.00 -0.00  0.00  0.00
 value  151-  160:    0.00  0.00 -0.00 -0.00 -0.00 -0.00  0.00  0.00  0.00  0.00
 value  161-  170:    0.00  0.00  0.00  0.00  0.00  0.00  0.00  0.00 -0.01 -0.00
 value  171-  180:   -0.01 -0.01  0.00  0.00  0.00  0.00  0.00  0.00  0.00 -0.00
 value  181-  190:    0.00  0.00  0.00  0.00 -0.00  0.00  0.00  0.00  0.00 -0.01
 value  191-  200:   -0.02 -0.01 -0.01  0.00  0.00  0.00  0.00  0.00  0.00  0.00
 value  201-  210:    0.00  0.00  0.00  0.00  0.00 -0.00  0.01  0.01 -0.00  0.00
 value  211-  220:    0.00  0.00  0.00  0.00  0.00 -0.00 -0.00  0.00  0.00  0.00
 value  221-  230:    0.00 -0.01 -0.01 -0.01 -0.00  0.00  0.00  0.00  0.00 -0.00
 value  231-  240:   -0.00  0.00 -0.00  0.00  0.00  0.00  0.00  0.00  0.00  0.00
 value  241-  250:    0.00  0.00  0.00  0.00  0.00 -0.00  0.00  0.00  0.00  0.00
 value  251-  260:    0.03  0.13  0.09  0.02  0.00  0.00  0.00  0.00  0.03  0.11
 value  261-  270:    0.08  0.01  0.00  0.00  0.00  0.00  0.00  0.00  0.00  0.00
 value  271-  280:    0.00  0.00  0.00  0.01  0.00  0.00  0.00  0.00  0.00  0.00
 value  281-  290:    0.00  0.00  0.00  0.00  0.00  0.00  0.00  0.00  0.00  0.00
 value  291-  300:    0.00  0.00  0.00  0.00  0.00  0.00  0.02  0.02  0.00  0.00
 value  301-  310:    0.00  0.00  0.00  0.00  0.00  0.00  0.00  0.00 -0.00 -0.00
 value  311-  320:    0.01 -0.00  0.00  0.00  0.00  0.00  0.00  0.01  0.00  0.00
 value  321-  330:    0.00  0.00  0.00  0.00  0.00  0.00  0.01  0.00  0.00  0.00
 value  331-  340:    0.00  0.00 -0.00  0.00  0.00  0.00  0.00 -0.00 -0.00 -0.00
 value  341-  350:   -0.00  0.00  0.00  0.00  0.00 -0.00 -0.01 -0.01 -0.00  0.00
 value  351-  360:    0.00  0.00  0.00  0.01  0.03  0.03  0.00  0.00  0.00  0.00
 value  361-  370:    0.00 -0.00 -0.00 -0.00 -0.00  0.00  0.00  0.00  0.00  0.02
 value  371-  380:    0.08  0.07  0.01  0.00  0.00  0.00  0.00 -0.00 -0.00 -0.00
 value  381-  390:   -0.00  0.00  0.00  0.00  0.00  0.00  0.00  0.00 -0.00  0.00
 value  391-  400:    0.00  0.00  0.00 -0.00  0.00  0.00  0.00  0.00 -0.02  0.00
 value  401-  410:    0.00  0.00  0.00 -0.00  0.00  0.00 -0.00  0.00  0.00  0.00
 value  411-  420:    0.00  0.03  0.18  0.13  0.03  0.00  0.00  0.00  0.00 -0.00
 value  421-  430:    0.00  0.00  0.00  0.00 -0.00 -0.00 -0.00 -0.00  0.00  0.00
 value  431-  440:    0.00  0.00 -0.00 -0.00 -0.00 -0.00  0.00  0.00  0.00  0.00
 value  441-  450:    0.00  0.00  0.00  0.00  0.00  0.01  0.01  0.05  0.00  0.00
 value  451-  460:    0.00  0.00  0.00  0.00  0.00 -0.00 -0.00  0.00  0.00  0.00
 value  461-  470:    0.00  0.00  0.00  0.00  0.00  0.00 -0.00  0.00  0.00  0.00
 value  471-  480:    0.00 -0.00 -0.00 -0.00 -0.00  0.00  0.00  0.00  0.00 -0.00
 value  481-  490:    0.00  0.00  0.00  0.00 -0.02  0.00  0.00  0.00  0.00 -0.00
 value  491-  500:    0.00  0.00  0.00  0.00 -0.00  0.00  0.00  0.00  0.00 -0.00
 value  501-  510:    0.00 -0.00 -0.00  0.00  0.00  0.00  0.00 -0.00 -0.00 -0.00
 value  511-  520:   -0.00  0.00  0.00  0.00  0.00 -0.00 -0.00  0.00 -0.00  0.00
 value  521-  530:    0.00  0.00  0.00 -0.01 -0.01 -0.01 -0.01  0.00  0.00  0.00
 value  531-  539:    0.00 -0.00 -0.00 -0.00 -0.00  0.00  0.00  0.00  0.00
=================================================
                     0   SCC step
=================================================
 making H1...
 cpu time for H      5.838000000000010E-003
 solving ...
 cpu time for diag   4.966300000000001E-002
 
 a/b gap (eV)           :   4.582  5.570
 Koopmans IP (eV)       :  13.186
 Eel (Eh)               :  -223.584300

          eigenvalues
 #    :         114        115        116        117        118        119        120        121
 occ. :        1.000      1.000      1.000      1.000      1.000      1.000      1.000      1.000
 eps  :       -16.579    -16.368    -16.276    -16.121    -16.011    -15.980    -15.861    -15.563
 #    :         122        123        124        125        126        127        128        129
 occ. :        1.000      1.000      1.000      1.000      1.000      0.000      0.000      0.000
 eps  :       -15.419    -15.129    -14.812    -14.613    -13.186     -8.604     -7.819     -7.073
 #    :         130        131        132        133        134        135        136        137
 occ. :        0.000      0.000      0.000      0.000      0.000      0.000      0.000      0.000
 eps  :        -7.033     -6.824     -6.456     -6.279     -5.875     -5.855     -5.664     -5.297

          eigenvalues
 #    :         113        114        115        116        117        118        119        120
 occ. :        1.000      1.000      1.000      1.000      1.000      1.000      1.000      1.000
 eps  :       -16.595    -16.571    -16.244    -16.148    -16.072    -15.998    -15.910    -15.857
 #    :         121        122        123        124        125        126        127        128
 occ. :        1.000      1.000      1.000      1.000      1.000      0.000      0.000      0.000
 eps  :       -15.549    -15.371    -15.035    -14.779    -14.597     -9.027     -8.602     -7.732
 #    :         129        130        131        132        133        134        135        136
 occ. :        0.000      0.000      0.000      0.000      0.000      0.000      0.000      0.000
 eps  :        -7.035     -6.958     -6.809     -6.376     -6.247     -5.868     -5.855     -5.613
                            1  SCC done.
 <S^2>           : 0.76117
 writing mo output ...
 molden style : F
 
speedup  0.81
cpu  time for all    0.51 s
wall time for all    0.63 s
