 
        ______________________________________
       |                                      |
       |          ===================         |
       |             xTB for sTDA             |
       |          ===================         |
       |               S. Grimme              |
       |        Universitaet Bonn, MCTC       |
       |         2015-19, Version 1.0         |
       |     Wed Apr  3 09:14:55 CEST 2019    |
       |______________________________________|
 
        This code comes without any warranty
        for non-commercial, academia use only.
        Preliminary test version.
        Cite this work as:
        S. Grimme  &  C. Bannwarth, JCP 145 (2016) 054103
        if GBSA is used additionally:
        P. Shushkov, F. März, C. Bannwarth, S. Grimme, unpublished.
 
        with help from
        P. Shushkov, G. Brandenburg, S. Dohm, J. Pisarek,
        F. März, M. Checinski, S. Ehrlich, S. Spicher, 
        P. Pracht, E. Caldeweyher, S. Ehlert, and C. Bannwarth.
 
        usage        :
        xtb4stda <coord_file> [options]
        where <coord_file> is a valid file of TM)
        (*coord, Bohr) or xmol (*xyz, Angstroem)
        format.

        options:
        -chrg <int>   : molecular charge
        -uhf  <int>   : # of unpaired electrons(=2*S)
        -nox          : skip second, extended part in sTDA-xTB
        -pop          : do population analysis
                      : (default for -nox)
        -mowr <real>  : cut MO write above (def.3 Eh)
        -molden       : write formatted molden file
        -parx <file>  : read parameters for sTDA-xTB
                        calc (def:~/.param_stda2.xtb)
        -parv <file>  : read parameters for vTB part in
                        sTDA-xTB (def: ~/.param_stda1.xtb)
        -xtemp <real> : el. temp for xTB (def. 0 K)
        -etemp <real> : el. temp for GFN (def. 300 K)
        -fod          : calculate the FOD and write
                        molden.input file with
                        appropriate occupations
                        for plotting. Def. T=12500 K
 
        -acc <real>   : xTB accuracy (def. 1.0)
        -gbsa [string1] [string2]
                        use GBSA implicit solvent
                        for solvent [string1] and
                        solvation state [string2]=
                        reference, bar1M (default=1M)
        additional GFN/opt/MD/siman options read from
        $XTB4STDAHOME/.xtb4stdarc or $set in input
 
       spin and charge state information can be on:
       <.CHRG> (charge) and <.UHF> (=nalpha-nbeta)
       -uhf and -chrg override the file info.
       useful machine settings:
       setenv MKL_NUM_THREADS <NCORE_ON_YOUR_MACHINE>
       setenv OMP_STACKSIZE 500m
       limit stacksize unlimited
 
       total energies in Eh, gaps/HL energies in eV
       please read REVISION and HOWTO files carefully
OMP: Warning #182: OMP_STACKSIZE: ignored because KMP_STACKSIZE has been defined
 =============================
  # OMP threads =           1
 =============================
 
 xtb4stdahome directory:
 /home/jovyan/cpu-only-1-datavol-1/software/xtb4stda_home/
 
 
 name of molecule           : energy: -148.721001681223 gnorm: 0.001860783810 xtb: 6.7.1 (edcfbbe)
 comment line               :
 number of atoms            :    91
 number of electrons        :   272
 charge                     :  0
 spin                       : 0.0
 first test random number   :  0.1955
 
 -----------------------------------------
      charge density (VTB) calculation
 -----------------------------------------
 
      method parameters     
 k(s)        :  1.8000
 k(p)        :  2.8350
 k(d)        :  2.0860
 k(f)        :  2.0000
 Tscal       :  0.3300
 Gscal       :  0.3910
 fpol        :  1.0000
 Zcnf        :  0.6500
 Zqf         :  0.0000
 kcn         :  0.3000
 kEN1        : -0.5900
 wllscal     :  2.6000
 
     -------------------------
     ! NO SOLVENT MODEL USED !
     -------------------------
 
 doing EN charges ...
 sum q : -0.5551115D-15
 point charge moment (au)
     X       Y       Z   
   0.0680   0.5039  -0.5578  total (Debye):    1.918
 
            Z      q(EN)   CN      Cart. coordinates
     1  H   1.0   0.074   1.004    -9.46979    -9.58828    -5.70263
     2  C   4.0   0.202   3.410     0.53725    -1.81036    -8.27360
     3  H   1.0   0.076   1.005    -8.35939    -5.69110    -7.90548
     4  N   5.0  -0.404   3.256    -4.53648     0.41442    13.75172
     5  H   1.0   0.075   1.004    -4.17667     5.12059    20.62636
     6  C   4.0   0.093   3.255    -4.42744    -5.85494    -6.88389
     7  H   1.0   0.076   1.005    -5.35907    -1.95246    -3.02451
     8  H   1.0   0.082   0.999     0.92200    -0.13965     9.19012
     9  C   4.0   0.076   3.269    -0.48925     5.52934     6.31282
    10  H   1.0   0.084   1.001    -1.03236    -1.72419     6.99104
    11  N   5.0  -0.313   3.272     8.90949     0.23357   -12.92270
    12  C   4.0  -0.067   3.174     0.53234     6.64258     4.15456
    13  C   4.0  -0.073   3.146    -5.87591     1.50403    21.31120
    14  N   5.0  -0.223   2.230    -1.62138     1.90522     3.93517
    15  C   4.0  -0.063   3.149    -6.25556    -1.36060    17.76720
    16  N   5.0  -0.435   3.056    12.53550     1.25100    -4.38076
    17  C   4.0  -0.067   3.152    -4.74945     3.33234    19.82927
    18  H   1.0   0.075   1.005    -2.10799     7.81950    16.69894
    19  C   4.0   0.112   3.364    -1.53729     3.12221     6.11175
    20  C   4.0  -0.242   4.105    -5.36323     1.04861     7.70744
    21  C   4.0   0.166   3.487     6.61631    -0.90178   -13.33769
    22  C   4.0   0.041   3.298    12.58860     2.17904   -13.63040
    23  C   4.0  -0.068   3.196    -2.61141    -7.19551    -5.52386
    24  C   4.0   0.096   3.454    -3.41587     2.64977    13.06122
    25  H   1.0   0.082   1.003    10.02556     1.10284   -16.71878
    26  C   4.0   0.025   3.359    10.51255     1.19109   -14.75952
    27  C   4.0  -0.001   3.397     0.58185     0.16025    -4.52174
    28  C   4.0  -0.063   3.279     2.00783    -0.32541    -6.74235
    29  H   1.0   0.074   1.004    -6.19055     1.86251    23.29560
    30  C   4.0  -0.066   3.151    -2.21570     6.60932    15.06263
    31  C   4.0  -0.065   3.251     5.53576    -1.84078   -15.48385
    32  C   4.0   0.066   3.286    -1.43714     5.81884    10.63462
    33  C   4.0  -0.066   3.253     3.11748    -2.74464   -14.75706
    34  C   4.0  -0.074   3.143    -5.73135   -10.25857    -4.31443
    35  H   1.0   0.076   1.005    -0.45826     9.22753    12.51925
    36  C   4.0   0.095   3.322    11.97122     1.34284    -6.94796
    37  C   4.0  -0.242   4.107    -1.01989    -0.65158     8.74263
    38  C   4.0  -0.067   3.178     0.44938     5.33489     1.90314
    39  H   1.0   0.074   1.004    -6.83230    -3.15528    16.98372
    40  H   1.0   0.080   1.003     6.34192    -1.89936   -17.33578
    41  C   4.0   0.164   3.450     2.91566    -2.28714   -12.22747
    42  C   4.0  -0.062   3.187     0.98814     1.51102    -2.29828
    43  C   4.0  -0.072   3.147    -3.26960    -9.37323    -4.24773
    44  H   1.0   0.074   1.004    -6.24120   -11.95856    -3.31137
    45  H   1.0   0.076   1.006    -6.46853    -3.76641   -10.91184
    46  H   1.0   0.075   1.005     1.19091     6.16315     0.19445
    47  C   4.0  -0.028   4.142    -2.62332     1.74573     8.37753
    48  H   1.0   0.074   1.005    -1.84494   -10.38480    -3.19553
    49  H   1.0   0.080   1.003     1.73458    -3.60881   -15.95193
    50  N   5.0  -0.216   2.179    -3.12296     0.27382    -0.79765
    51  H   1.0   0.170   1.007    10.98819     1.20546    -3.26847
    52  H   1.0   0.076   1.005     2.74785     2.48404    -1.96229
    53  C   4.0   0.031   3.122    -5.13476    -2.50105   -10.02821
    54  C   4.0   0.094   3.293    -0.93428     1.51235    -0.50966
    55  H   1.0   0.174   1.018    -0.51306    -3.74997   -11.41394
    56  H   1.0   0.084   1.000    -6.18167    -0.27496     9.04593
    57  H   1.0   0.081   1.003     8.24128    -0.60641    -7.09857
    58  H   1.0   0.082   1.002    15.30980     3.19874    -8.71995
    59  C   4.0   0.186   3.706    10.05485     0.65044   -10.61988
    60  C   4.0   0.093   3.429    -5.12267     0.46903    16.27432
    61  C   4.0   0.101   3.293    -0.67784     2.94797     1.86308
    62  H   1.0   0.084   1.000    -1.73458    -1.83417    10.26102
    63  C   4.0   0.047   3.207    -3.55401    -0.99967    -2.88675
    64  H   1.0   0.169   1.007    13.78328     2.58231    -3.82367
    65  O   6.0  -0.155   2.157     5.03140    -1.16917   -11.33212
    66  N   5.0  -0.218   3.210    -3.72068    -3.63527    -8.13584
    67  N   5.0  -0.377   3.126     0.97189    -2.87333   -10.59777
    68  C   4.0   0.102   3.460    -1.77181    -1.08773    -4.79820
    69  H   1.0   0.082   1.000    -6.53373     2.73935     7.66889
    70  H   1.0   0.075   1.002    -3.51338     1.14839    -9.99400
    71  H   1.0   0.075   1.004     1.34737     8.50717     4.29100
    72  C   4.0  -0.138   3.053    -4.83108    -0.14702   -10.84249
    73  N   5.0  -0.241   3.400    -1.75064    -2.27750    -7.10934
    74  O   6.0  -0.156   2.103    -0.41895     6.86821     8.49734
    75  H   1.0   0.074   1.004    -7.49541    -2.19624    21.50659
    76  N   5.0  -0.350   3.471    12.31062     1.84588   -11.07625
    77  H   1.0   0.081   1.002    14.20356     3.07080   -14.45981
    78  C   4.0  -0.073   3.147    -7.53868    -8.93066    -5.65935
    79  C   4.0  -0.068   3.174    -1.30467     7.38996    12.76113
    80  C   4.0  -0.001   3.376    -4.36432     2.82155    17.28362
    81  C   4.0  -0.001   3.386    -3.27584     4.21503    15.22798
    82  C   4.0  -0.070   3.184    -6.90865    -6.73574    -6.92622
    83  C   4.0   0.020   3.272    -2.49954     3.41436    10.70473
    84  H   1.0   0.179   1.010    -4.89552    -1.04974    12.59842
    85  H   1.0   0.075   1.002    -5.93601     0.55634   -12.38961
    86  H   1.0   0.077   1.006    -0.68616    -6.52333    -5.45942
    87  C   4.0  -0.056   3.280     9.76705     0.30198    -8.06308
    88  H   1.0   0.081   1.004     3.86317     0.35489    -7.16414
    89  H   1.0   0.084   1.001    -5.37514     0.19615     5.83831
    90  C   4.0   0.037   3.338    13.50228     2.29828    -8.83126
    91  C   4.0  -0.073   3.151    -6.61895    -0.80824    20.29358
 
  Z AO/shell   Hii/eV     exponent
  1     Sat Feb 20 21:38:01 CET 2016    EN: 2.327 GAM: 0.473  GM3: 0.0000
     1s    -13.751157    1.051071
  6     Sat Feb 20 21:38:01 CET 2016    EN: 2.731 GAM: 0.422  GM3: 0.0000
     2s    -19.378245    2.021003
     2p    -11.993376    1.497917
  7     Sat Feb 20 21:38:01 CET 2016    EN: 3.573 GAM: 0.504  GM3: 0.0000
     2s    -21.576984    2.275442
     2p    -16.125120    2.056788
  8     Sat Feb 20 21:38:01 CET 2016    EN: 3.700 GAM: 0.587  GM3: 0.0000
     2s    -21.648843    2.110798
     2p    -17.239740    2.329048
 
 dipole moment of classical point charges (au)
     X       Y       Z   
   0.0680   0.5039  -0.5578  total (Debye):    1.918

 
 Nbf   :          259
 T(el) :   300.0
 calculating S/T integrals ...
 cpu time for ints   1.859100000000000E-002
 Nao   :          259
 making H0...
 making H1...
 cpu time for H      1.443000000000000E-003
 solving ...
 cpu time for diag   6.437000000000001E-002
 
 gap (eV)           :   3.516
 Koopmans IP (eV)   :  11.788
 Eel (Eh)           :  -213.147402
 T,E(Fermi),NFOD :    300.000   -10.030  0.000000
 T,E(Fermi),NFOD :    300.000   -10.030  0.000000
 Nfod               :  0.0000
 Nfod/Nel           :  0.0000

          eigenvalues
 #    :         124        125        126        127        128        129        130        131
 occ. :        2.000      2.000      2.000      2.000      2.000      2.000      2.000      2.000
 eps  :       -15.716    -15.626    -15.543    -15.485    -14.839    -14.256    -13.990    -13.555
 #    :         132        133        134        135        136        137        138        139
 occ. :        2.000      2.000      2.000      2.000      2.000      0.000      0.000      0.000
 eps  :       -13.372    -13.203    -13.164    -12.905    -11.789     -8.273     -7.637     -7.308
 #    :         140        141        142        143        144        145        146        147
 occ. :        0.000      0.000      0.000      0.000      0.000      0.000      0.000      0.000
 eps  :        -7.207     -6.743     -6.726     -6.247     -5.986     -5.707     -5.440     -5.303
                            1  SCC done.
 making H1...
 cpu time for H      6.616700000000000E-002
 solving ...
 cpu time for diag   4.115999999999981E-003
 
 gap (eV)           :   3.949
 Koopmans IP (eV)   :  11.706
 Eel (Eh)           :  -211.656917
 T,E(Fermi),NFOD :    300.000    -9.732  0.000000
 T,E(Fermi),NFOD :    300.000    -9.732  0.000000
 Nfod               :  0.0000
 Nfod/Nel           :  0.0000

          eigenvalues
 #    :         124        125        126        127        128        129        130        131
 occ. :        2.000      2.000      2.000      2.000      2.000      2.000      2.000      2.000
 eps  :       -15.283    -15.149    -14.770    -14.666    -14.586    -14.078    -13.851    -13.313
 #    :         132        133        134        135        136        137        138        139
 occ. :        2.000      2.000      2.000      2.000      2.000      0.000      0.000      0.000
 eps  :       -13.265    -13.078    -12.981    -12.469    -11.707     -7.758     -7.630     -7.058
 #    :         140        141        142        143        144        145        146        147
 occ. :        0.000      0.000      0.000      0.000      0.000      0.000      0.000      0.000
 eps  :        -6.945     -6.695     -6.521     -6.073     -6.020     -5.660     -5.299     -5.234
                            2  SCC done.
 
 
 Mulliken/CM5 charges    n(s)   n(p)   n(d)   
    1 H   0.0430  0.0996   0.957  0.000  0.000
    2 C   0.0921  0.2251   1.191  2.717  0.000
    3 H   0.0386  0.0993   0.961  0.000  0.000
    4 N  -0.1014 -0.4622   1.191  3.911  0.000
    5 H   0.0404  0.0976   0.960  0.000  0.000
    6 C   0.0552  0.1168   1.173  2.772  0.000
    7 H   0.0527  0.1235   0.947  0.000  0.000
    8 H   0.0338  0.0884   0.966  0.000  0.000
    9 C   0.0816  0.1087   1.160  2.758  0.000
   10 H   0.0406  0.0988   0.959  0.000  0.000
   11 N  -0.0601 -0.2986   1.228  3.832  0.000
   12 C  -0.0292 -0.0775   1.145  2.885  0.000
   13 C  -0.0532 -0.1093   1.131  2.922  0.000
   14 N  -0.1854 -0.3832   1.469  3.716  0.000
   15 C  -0.0497 -0.0989   1.134  2.916  0.000
   16 N  -0.1838 -0.6303   1.245  3.939  0.000
   17 C  -0.0394 -0.0922   1.137  2.902  0.000
   18 H   0.0489  0.1063   0.951  0.000  0.000
   19 C   0.0318  0.1078   1.207  2.761  0.000
   20 C  -0.0948 -0.2389   1.106  2.988  0.000
   21 C   0.0980  0.1886   1.153  2.749  0.000
   22 C  -0.0042  0.0196   1.141  2.863  0.000
   23 C  -0.0420 -0.0877   1.133  2.909  0.000
   24 C   0.0297  0.0935   1.185  2.785  0.000
   25 H   0.0728  0.1397   0.927  0.000  0.000
   26 C  -0.0177  0.0044   1.147  2.871  0.000
   27 C  -0.0118 -0.0079   1.171  2.841  0.000
   28 C  -0.1080 -0.1465   1.121  2.987  0.000
   29 H   0.0390  0.0956   0.961  0.000  0.000
   30 C  -0.0365 -0.0890   1.135  2.901  0.000
   31 C  -0.0886 -0.1348   1.124  2.965  0.000
   32 C   0.0754  0.0960   1.157  2.768  0.000
   33 C  -0.0980 -0.1444   1.123  2.975  0.000
   34 C  -0.0425 -0.0990   1.132  2.910  0.000
   35 H   0.0407  0.1016   0.959  0.000  0.000
   36 C  -0.0180  0.0414   1.171  2.847  0.000
   37 C  -0.0957 -0.2399   1.107  2.988  0.000
   38 C  -0.0362 -0.0833   1.145  2.891  0.000
   39 H   0.0365  0.0948   0.963  0.000  0.000
   40 H   0.0556  0.1147   0.944  0.000  0.000
   41 C   0.0907  0.1766   1.158  2.751  0.000
   42 C  -0.0506 -0.0949   1.147  2.904  0.000
   43 C  -0.0282 -0.0843   1.135  2.893  0.000
   44 H   0.0394  0.0960   0.961  0.000  0.000
   45 H   0.0614  0.1307   0.939  0.000  0.000
   46 H   0.0429  0.1015   0.957  0.000  0.000
   47 C   0.0326  0.0190   1.223  2.744  0.000
   48 H   0.0435  0.1002   0.956  0.000  0.000
   49 H   0.0527  0.1116   0.947  0.000  0.000
   50 N  -0.1912 -0.3810   1.474  3.717  0.000
   51 H   0.1151  0.3054   0.885  0.000  0.000
   52 H   0.0388  0.0977   0.961  0.000  0.000
   53 C   0.0178  0.0319   1.147  2.835  0.000
   54 C   0.0430  0.1191   1.176  2.781  0.000
   55 H   0.1581  0.3651   0.842  0.000  0.000
   56 H   0.0325  0.0891   0.968  0.000  0.000
   57 H   0.0486  0.1106   0.951  0.000  0.000
   58 H   0.0492  0.1160   0.951  0.000  0.000
   59 C   0.0412  0.1753   1.188  2.771  0.000
   60 C   0.0300  0.0915   1.179  2.791  0.000
   61 C   0.0552  0.1339   1.177  2.767  0.000
   62 H   0.0326  0.0894   0.967  0.000  0.000
   63 C   0.0114  0.0472   1.154  2.835  0.000
   64 H   0.1137  0.3036   0.886  0.000  0.000
   65 O  -0.0728 -0.1335   1.475  4.598  0.000
   66 N  -0.0697 -0.2580   1.258  3.812  0.000
   67 N  -0.0923 -0.4325   1.196  3.896  0.000
   68 C   0.0182  0.0935   1.187  2.795  0.000
   69 H   0.0345  0.0891   0.965  0.000  0.000
   70 H   0.0320  0.0942   0.968  0.000  0.000
   71 H   0.0405  0.1003   0.959  0.000  0.000
   72 C  -0.1144 -0.2103   1.097  3.017  0.000
   73 N  -0.0549 -0.2449   1.259  3.796  0.000
   74 O  -0.1197 -0.1861   1.447  4.673  0.000
   75 H   0.0420  0.0986   0.958  0.000  0.000
   76 N  -0.0574 -0.3158   1.239  3.819  0.000
   77 H   0.0733  0.1387   0.927  0.000  0.000
   78 C  -0.0306 -0.0868   1.135  2.895  0.000
   79 C  -0.0583 -0.1086   1.128  2.930  0.000
   80 C  -0.0324 -0.0295   1.163  2.869  0.000
   81 C  -0.0393 -0.0360   1.162  2.877  0.000
   82 C  -0.0460 -0.0952   1.134  2.912  0.000
   83 C  -0.0316 -0.0295   1.187  2.845  0.000
   84 H   0.1494  0.3466   0.851  0.000  0.000
   85 H   0.0494  0.1042   0.951  0.000  0.000
   86 H   0.0390  0.1055   0.961  0.000  0.000
   87 C  -0.1146 -0.1506   1.121  2.994  0.000
   88 H   0.0542  0.1189   0.946  0.000  0.000
   89 H   0.0437  0.1038   0.956  0.000  0.000
   90 C  -0.0900 -0.0669   1.132  2.958  0.000
   91 C  -0.0428 -0.0988   1.134  2.909  0.000
 
 Loewdin charges    n(s)   n(p)   n(d)
    1 H   0.0350   0.965  0.000  0.000
    2 C   0.0795   1.162  2.758  0.000
    3 H   0.0317   0.968  0.000  0.000
    4 N  -0.0585   1.139  3.920  0.000
    5 H   0.0326   0.967  0.000  0.000
    6 C   0.0522   1.136  2.812  0.000
    7 H   0.0416   0.958  0.000  0.000
    8 H   0.0334   0.967  0.000  0.000
    9 C   0.0652   1.127  2.808  0.000
   10 H   0.0392   0.961  0.000  0.000
   11 N  -0.0130   1.183  3.830  0.000
   12 C  -0.0218   1.090  2.932  0.000
   13 C  -0.0473   1.077  2.970  0.000
   14 N  -0.1654   1.435  3.730  0.000
   15 C  -0.0472   1.081  2.966  0.000
   16 N  -0.1487   1.185  3.964  0.000
   17 C  -0.0337   1.084  2.950  0.000
   18 H   0.0404   0.960  0.000  0.000
   19 C   0.0216   1.175  2.803  0.000
   20 C  -0.0997   1.035  3.064  0.000
   21 C   0.0714   1.129  2.800  0.000
   22 C  -0.0115   1.098  2.914  0.000
   23 C  -0.0401   1.081  2.959  0.000
   24 C   0.0237   1.151  2.825  0.000
   25 H   0.0620   0.938  0.000  0.000
   26 C  -0.0233   1.103  2.920  0.000
   27 C  -0.0024   1.126  2.876  0.000
   28 C  -0.1179   1.074  3.044  0.000
   29 H   0.0320   0.968  0.000  0.000
   30 C  -0.0291   1.081  2.949  0.000
   31 C  -0.0903   1.073  3.017  0.000
   32 C   0.0643   1.122  2.813  0.000
   33 C  -0.1001   1.072  3.028  0.000
   34 C  -0.0369   1.078  2.959  0.000
   35 H   0.0330   0.967  0.000  0.000
   36 C  -0.0166   1.134  2.882  0.000
   37 C  -0.1005   1.036  3.064  0.000
   38 C  -0.0333   1.093  2.941  0.000
   39 H   0.0291   0.971  0.000  0.000
   40 H   0.0479   0.952  0.000  0.000
   41 C   0.0673   1.132  2.800  0.000
   42 C  -0.0520   1.096  2.956  0.000
   43 C  -0.0193   1.080  2.939  0.000
   44 H   0.0321   0.968  0.000  0.000
   45 H   0.0515   0.949  0.000  0.000
   46 H   0.0352   0.965  0.000  0.000
   47 C   0.0424   1.182  2.775  0.000
   48 H   0.0354   0.965  0.000  0.000
   49 H   0.0454   0.955  0.000  0.000
   50 N  -0.1715   1.440  3.732  0.000
   51 H   0.1009   0.899  0.000  0.000
   52 H   0.0315   0.968  0.000  0.000
   53 C   0.0209   1.099  2.880  0.000
   54 C   0.0372   1.140  2.822  0.000
   55 H   0.1361   0.864  0.000  0.000
   56 H   0.0342   0.966  0.000  0.000
   57 H   0.0421   0.958  0.000  0.000
   58 H   0.0410   0.959  0.000  0.000
   59 C   0.0230   1.162  2.815  0.000
   60 C   0.0253   1.144  2.831  0.000
   61 C   0.0490   1.142  2.809  0.000
   62 H   0.0339   0.966  0.000  0.000
   63 C   0.0072   1.109  2.884  0.000
   64 H   0.0997   0.900  0.000  0.000
   65 O  -0.0296   1.433  4.596  0.000
   66 N  -0.0391   1.223  3.816  0.000
   67 N  -0.0486   1.143  3.906  0.000
   68 C   0.0056   1.154  2.841  0.000
   69 H   0.0340   0.966  0.000  0.000
   70 H   0.0284   0.972  0.000  0.000
   71 H   0.0313   0.969  0.000  0.000
   72 C  -0.1172   1.034  3.083  0.000
   73 N  -0.0220   1.225  3.797  0.000
   74 O  -0.0768   1.405  4.671  0.000
   75 H   0.0345   0.965  0.000  0.000
   76 N  -0.0049   1.191  3.814  0.000
   77 H   0.0622   0.938  0.000  0.000
   78 C  -0.0217   1.080  2.942  0.000
   79 C  -0.0574   1.076  2.981  0.000
   80 C  -0.0322   1.122  2.910  0.000
   81 C  -0.0405   1.121  2.920  0.000
   82 C  -0.0446   1.082  2.963  0.000
   83 C  -0.0389   1.149  2.889  0.000
   84 H   0.1298   0.870  0.000  0.000
   85 H   0.0462   0.954  0.000  0.000
   86 H   0.0308   0.969  0.000  0.000
   87 C  -0.1240   1.074  3.050  0.000
   88 H   0.0465   0.954  0.000  0.000
   89 H   0.0418   0.958  0.000  0.000
   90 C  -0.1064   1.093  3.013  0.000
   91 C  -0.0347   1.080  2.955  0.000
 
 Wiberg/Mayer (AO) data. WBOs > 0.1 written file <wbo>
 largest (>0.05) Wiberg bond orders for each atom
           total WBO             WBO to atom ...
     1  H   0.997    C   78 0.945
     2  C   3.906    C   28 1.545    N   73 1.090    N   67 1.085
     3  H   0.998    C   82 0.946
     4  N   3.437    C   24 1.098    C   60 1.093    H   84 0.944
     5  H   0.998    C   17 0.945
     6  C   3.931    C   82 1.370    C   23 1.370    N   66 1.003    C   34 0.104
     7  H   0.995    C   63 0.945
     8  H   0.999    C   37 0.978
     9  C   3.924    C   12 1.354    C   19 1.325    O   74 1.030    C   61 0.090
    10  H   0.996    C   37 0.976
    11  N   3.480    C   26 1.054    C   59 1.046    C   21 1.026    C   22 0.070    C   87 0.066    C   31 0.051
    12  C   3.967    C   38 1.455    C    9 1.354    H   71 0.943    N   14 0.107
    13  C   3.970    C   17 1.461    C   91 1.393    H   29 0.945    C   60 0.088
    14  N   3.107    C   19 1.405    C   61 1.370    C   12 0.107
    15  C   3.968    C   91 1.453    C   60 1.366    H   39 0.946    C   17 0.102
    16  N   3.130    C   36 1.042    H   64 0.969    H   51 0.968    C   90 0.069
    17  C   3.960    C   13 1.461    C   80 1.352    H    5 0.945    C   15 0.102
    18  H   0.993    C   30 0.941
    19  C   3.929    N   14 1.405    C    9 1.325    C   47 0.944    C   38 0.093
    20  C   3.979    H   69 0.978    H   89 0.975    H   56 0.973    C   47 0.955
    21  C   3.889    C   31 1.602    O   65 1.070    N   11 1.026    C   41 0.097
    22  C   3.926    C   26 1.793    N   76 1.055    H   77 0.943    N   11 0.070
    23  C   3.973    C   43 1.446    C    6 1.370    H   86 0.948    C   78 0.108
    24  C   3.929    C   83 1.328    C   81 1.259    N    4 1.098    C   79 0.084
    25  H   0.994    C   26 0.942
    26  C   3.924    C   22 1.793    N   11 1.054    H   25 0.942    N   76 0.054
    27  C   3.954    C   42 1.312    C   68 1.216    C   28 1.191    N   50 0.082
    28  C   3.935    C    2 1.545    C   27 1.191    H   88 0.940    N   67 0.068    N   73 0.057
    29  H   0.997    C   13 0.945
    30  C   3.962    C   79 1.482    C   81 1.341    H   18 0.941    C   83 0.095
    31  C   3.946    C   21 1.602    C   33 1.205    H   40 0.945    O   65 0.065    N   11 0.051
    32  C   3.908    C   83 1.368    C   79 1.333    O   74 1.016    C   81 0.080
    33  C   3.943    C   41 1.594    C   31 1.205    H   49 0.946    O   65 0.065    N   67 0.061
    34  C   3.971    C   78 1.427    C   43 1.422    H   44 0.946    C    6 0.104
    35  H   0.995    C   79 0.944
    36  C   3.937    C   90 1.554    C   87 1.213    N   16 1.042    N   76 0.056
    37  C   3.979    H    8 0.978    H   10 0.976    H   62 0.974    C   47 0.953
    38  C   3.966    C   12 1.455    C   61 1.355    H   46 0.944    C   19 0.093
    39  H   0.997    C   15 0.946
    40  H   0.996    C   31 0.945
    41  C   3.893    C   33 1.594    O   65 1.077    N   67 1.046    C   21 0.097
    42  C   3.960    C   54 1.426    C   27 1.312    H   52 0.943    C   63 0.079
    43  C   3.974    C   23 1.446    C   34 1.422    H   48 0.945    C   82 0.107
    44  H   0.998    C   34 0.946
    45  H   0.995    C   53 0.937
    46  H   0.995    C   38 0.944
    47  C   3.920    C   20 0.955    C   37 0.953    C   19 0.944    C   83 0.943
    48  H   0.997    C   43 0.945
    49  H   0.996    C   33 0.946
    50  N   3.104    C   63 1.445    C   54 1.309    C   27 0.082    C   68 0.057
    51  H   0.986    N   16 0.968
    52  H   0.997    C   42 0.943
    53  C   3.946    C   72 1.924    N   66 1.043    H   45 0.937
    54  C   3.945    C   42 1.426    N   50 1.309    C   61 1.010    C   68 0.070
    55  H   0.974    N   67 0.941
    56  H   0.997    C   20 0.973
    57  H   0.997    C   87 0.945
    58  H   0.997    C   90 0.952
    59  C   3.890    C   87 1.525    N   76 1.112    N   11 1.046    C   90 0.097
    60  C   3.931    C   15 1.366    C   80 1.257    N    4 1.093    C   13 0.088
    61  C   3.942    N   14 1.370    C   38 1.355    C   54 1.010    C    9 0.090
    62  H   0.997    C   37 0.974
    63  C   3.958    N   50 1.445    C   68 1.382    H    7 0.945    C   42 0.079
    64  H   0.986    N   16 0.969
    65  O   2.409    C   41 1.077    C   21 1.070    C   33 0.065    C   31 0.065
    66  N   3.301    C   53 1.043    C    6 1.003    N   73 0.947    C   72 0.095
    67  N   3.373    C    2 1.085    C   41 1.046    H   55 0.941    C   28 0.068    C   33 0.061
    68  C   3.912    C   63 1.382    C   27 1.216    N   73 1.051    C   54 0.070    N   50 0.057
    69  H   0.999    C   20 0.978
    70  H   0.999    C   72 0.963
    71  H   0.995    C   12 0.943
    72  C   3.972    C   53 1.924    H   70 0.963    H   85 0.957    N   66 0.095
    73  N   3.411    C    2 1.090    C   68 1.051    N   66 0.947    C   28 0.057
    74  O   2.323    C    9 1.030    C   32 1.016
    75  H   0.997    C   91 0.945
    76  N   3.556    C   59 1.112    C   90 1.105    C   22 1.055    C   87 0.064    C   36 0.056    C   26 0.054
    77  H   0.993    C   22 0.943
    78  C   3.974    C   82 1.440    C   34 1.427    H    1 0.945    C   23 0.108
    79  C   3.963    C   30 1.482    C   32 1.333    H   35 0.944    C   24 0.084
    80  C   3.955    C   17 1.352    C   60 1.257    C   81 1.093    C   91 0.089
    81  C   3.952    C   30 1.341    C   24 1.259    C   80 1.093    C   32 0.080
    82  C   3.971    C   78 1.440    C    6 1.370    H    3 0.946    C   43 0.107
    83  C   3.935    C   32 1.368    C   24 1.328    C   47 0.943    C   30 0.095
    84  H   0.976    N    4 0.944
    85  H   0.996    C   72 0.957
    86  H   0.998    C   23 0.948
    87  C   3.934    C   59 1.525    C   36 1.213    H   57 0.945    N   11 0.066    N   76 0.064
    88  H   0.995    C   28 0.940
    89  H   0.996    C   20 0.975
    90  C   3.881    C   36 1.554    N   76 1.105    H   58 0.952    C   59 0.097    N   16 0.069
    91  C   3.954    C   15 1.453    C   13 1.393    H   75 0.945    C   80 0.089
 
 --------------------------------------------
          xTB calculation for sTDA...
 --------------------------------------------
 
 reading parameter file 
 /home/jovyan/cpu-only-1-datavol-1/software/xtb4stda_home/.param_stda2.xtb
 
      method parameters     
 k(s)        :  1.6000
 k(p)        :  2.1800
 k(d)        :  1.9500
 k(f)        :  2.0000
 k(R-V)      :  2.2750
 k(R-R)      :  1.7650
 Tscal       :  0.2580
 Gscal       :  1.0000
 fpol        :  1.0000
 Zcnf        :  0.3430
 Zqf         :  0.0000
 kcn         :  2.7000
 Ryd Hsplit  :  0.7000
 lshift(virt):  3.1000
 lshift(OS)  :  0.2000
 wllscaling  :  2.6000
 
 mowrcut     : 3.000
 
  Z AO/shell   Hii/eV     exponent
  1     Sun Feb 14 09:53:25 CET 2016    EN: 2.327 GAM: 0.473  GM3: 0.0000
     1s    -14.339618    1.220000
     2sp    -3.348946    0.600000
  6     Sun Feb 14 09:53:25 CET 2016    EN: 2.731 GAM: 0.422  GM3: 0.0000
     2s    -22.009312    1.565095
     2p    -13.020408    1.596905
     3sp    -3.914040    0.824500
  7     Sun Feb 14 09:53:25 CET 2016    EN: 3.573 GAM: 0.504  GM3: 0.0000
     2s    -25.722000    2.064844
     2p    -18.684912    1.801692
     3sp    -4.344791    0.921400
  8     Sun Feb 14 09:53:25 CET 2016    EN: 3.700 GAM: 0.587  GM3: 0.0000
     2s    -33.859000    2.418661
     2p    -22.175911    1.973969
     3sp    -4.259392    1.013700
 
 Nbf   :          623
 T(el) :     0.0
 calculating S/T integrals ...
 cpu time for ints   0.315760000000000     
 Nao   :          623
 making H0...
 making H1...
 cpu time for H      6.398999999999988E-003
 solving ...
 cpu time for diag   3.667899999999996E-002
 
 gap (eV)           :   6.258
 Koopmans IP (eV)   :  12.827
 Eel (Eh)           :  -238.077816

          eigenvalues
 #    :         124        125        126        127        128        129        130        131
 occ. :        2.000      2.000      2.000      2.000      2.000      2.000      2.000      2.000
 eps  :       -16.325    -16.222    -16.100    -16.023    -15.762    -15.364    -14.866    -14.358
 #    :         132        133        134        135        136        137        138        139
 occ. :        2.000      2.000      2.000      2.000      2.000      0.000      0.000      0.000
 eps  :       -14.216    -14.024    -13.934    -13.538    -12.828     -6.569     -6.222     -6.040
 #    :         140        141        142        143        144        145        146        147
 occ. :        0.000      0.000      0.000      0.000      0.000      0.000      0.000      0.000
 eps  :        -5.972     -5.896     -5.884     -5.685     -5.595     -5.237     -4.976     -4.867
                            1  SCC done.
 writing mo output ...
 molden style : F
 
speedup  0.84
cpu  time for all    0.54 s
wall time for all    0.64 s
